Copyright 1986-2022 Xilinx, Inc. All Rights Reserved. Copyright 2022-2025 Advanced Micro Devices, Inc. All Rights Reserved.
---------------------------------------------------------------------------------------------------------------------------------------------
| Tool Version : Vivado v.2025.1 (lin64) Build 6140274 Wed May 21 22:58:25 MDT 2025
| Date         : Mon Sep 22 18:20:03 2025
| Host         : e-ubuntu running 64-bit Ubuntu 24.04.3 LTS
| Command      : report_utilization -file OSDZU3x_BYOTEE_wrapper_utilization_placed.rpt -pb OSDZU3x_BYOTEE_wrapper_utilization_placed.pb
| Design       : OSDZU3x_BYOTEE_wrapper
| Device       : xczu3eg-sfvc784-1-e
| Speed File   : -1
| Design State : Fully Placed
---------------------------------------------------------------------------------------------------------------------------------------------

Utilization Design Information

Table of Contents
-----------------
1. CLB Logic
1.1 Summary of Registers by Type
2. CLB Logic Distribution
3. BLOCKRAM
4. ARITHMETIC
5. I/O
6. CLOCK
7. ADVANCED
8. CONFIGURATION
9. Primitives
10. Black Boxes
11. Instantiated Netlists

1. CLB Logic
------------

+----------------------------+------+-------+------------+-----------+-------+
|          Site Type         | Used | Fixed | Prohibited | Available | Util% |
+----------------------------+------+-------+------------+-----------+-------+
| CLB LUTs                   | 7300 |     0 |          0 |     70560 | 10.35 |
|   LUT as Logic             | 6738 |     0 |          0 |     70560 |  9.55 |
|   LUT as Memory            |  562 |     0 |          0 |     28800 |  1.95 |
|     LUT as Distributed RAM |  208 |     0 |            |           |       |
|     LUT as Shift Register  |  354 |     0 |            |           |       |
| CLB Registers              | 7729 |     0 |          0 |    141120 |  5.48 |
|   Register as Flip Flop    | 7729 |     0 |          0 |    141120 |  5.48 |
|   Register as Latch        |    0 |     0 |          0 |    141120 |  0.00 |
| CARRY8                     |   53 |     0 |          0 |      8820 |  0.60 |
| F7 Muxes                   |   45 |     0 |          0 |     35280 |  0.13 |
| F8 Muxes                   |    2 |     0 |          0 |     17640 |  0.01 |
| F9 Muxes                   |    0 |     0 |          0 |      8820 |  0.00 |
+----------------------------+------+-------+------------+-----------+-------+
* Warning! LUT value is adjusted to account for LUT combining.


1.1 Summary of Registers by Type
--------------------------------

+-------+--------------+-------------+--------------+
| Total | Clock Enable | Synchronous | Asynchronous |
+-------+--------------+-------------+--------------+
| 0     |            _ |           - |            - |
| 0     |            _ |           - |          Set |
| 0     |            _ |           - |        Reset |
| 0     |            _ |         Set |            - |
| 0     |            _ |       Reset |            - |
| 0     |          Yes |           - |            - |
| 133   |          Yes |           - |          Set |
| 289   |          Yes |           - |        Reset |
| 225   |          Yes |         Set |            - |
| 7082  |          Yes |       Reset |            - |
+-------+--------------+-------------+--------------+


2. CLB Logic Distribution
-------------------------

+--------------------------------------------+------+-------+------------+-----------+-------+
|                  Site Type                 | Used | Fixed | Prohibited | Available | Util% |
+--------------------------------------------+------+-------+------------+-----------+-------+
| CLB                                        | 1470 |     0 |          0 |      8820 | 16.67 |
|   CLBL                                     |  957 |     0 |            |           |       |
|   CLBM                                     |  513 |     0 |            |           |       |
| LUT as Logic                               | 6738 |     0 |          0 |     70560 |  9.55 |
|   using O5 output only                     |  268 |       |            |           |       |
|   using O6 output only                     | 4335 |       |            |           |       |
|   using O5 and O6                          | 2135 |       |            |           |       |
| LUT as Memory                              |  562 |     0 |          0 |     28800 |  1.95 |
|   LUT as Distributed RAM                   |  208 |     0 |            |           |       |
|     using O5 output only                   |    0 |       |            |           |       |
|     using O6 output only                   |    0 |       |            |           |       |
|     using O5 and O6                        |  208 |       |            |           |       |
|   LUT as Shift Register                    |  354 |     0 |            |           |       |
|     using O5 output only                   |    0 |       |            |           |       |
|     using O6 output only                   |  323 |       |            |           |       |
|     using O5 and O6                        |   31 |       |            |           |       |
| CLB Registers                              | 7729 |     0 |          0 |    141120 |  5.48 |
|   Register driven from within the CLB      | 4422 |       |            |           |       |
|   Register driven from outside the CLB     | 3307 |       |            |           |       |
|     LUT in front of the register is unused | 2118 |       |            |           |       |
|     LUT in front of the register is used   | 1189 |       |            |           |       |
| Unique Control Sets                        |  514 |       |          0 |     17640 |  2.91 |
+--------------------------------------------+------+-------+------------+-----------+-------+
* * Note: Available Control Sets calculated as Slices * 2, Review the Control Sets Report for more information regarding control sets.


3. BLOCKRAM
-----------

+-------------------+------+-------+------------+-----------+-------+
|     Site Type     | Used | Fixed | Prohibited | Available | Util% |
+-------------------+------+-------+------------+-----------+-------+
| Block RAM Tile    |   64 |     0 |          0 |       216 | 29.63 |
|   RAMB36/FIFO*    |   64 |     0 |          0 |       216 | 29.63 |
|     RAMB36E2 only |   64 |       |            |           |       |
|   RAMB18          |    0 |     0 |          0 |       432 |  0.00 |
+-------------------+------+-------+------------+-----------+-------+
* Note: Each Block RAM Tile only has one FIFO logic available and therefore can accommodate only one FIFO36E2 or one FIFO18E2. However, if a FIFO18E2 occupies a Block RAM Tile, that tile can still accommodate a RAMB18E2


4. ARITHMETIC
-------------

+-----------+------+-------+------------+-----------+-------+
| Site Type | Used | Fixed | Prohibited | Available | Util% |
+-----------+------+-------+------------+-----------+-------+
| DSPs      |    0 |     0 |          0 |       360 |  0.00 |
+-----------+------+-------+------------+-----------+-------+


5. I/O
------

+------------------+------+-------+------------+-----------+-------+
|     Site Type    | Used | Fixed | Prohibited | Available | Util% |
+------------------+------+-------+------------+-----------+-------+
| Bonded IOB       |    8 |     8 |          0 |       252 |  3.17 |
|   HPIOB_M        |    4 |     4 |          0 |        72 |  5.56 |
|     INPUT        |    0 |       |            |           |       |
|     OUTPUT       |    0 |       |            |           |       |
|     BIDIR        |    4 |       |            |           |       |
|   HPIOB_S        |    4 |     4 |          0 |        72 |  5.56 |
|     INPUT        |    0 |       |            |           |       |
|     OUTPUT       |    0 |       |            |           |       |
|     BIDIR        |    4 |       |            |           |       |
|   HDIOB_M        |    0 |     0 |          0 |        48 |  0.00 |
|   HDIOB_S        |    0 |     0 |          0 |        48 |  0.00 |
|   HPIOB_SNGL     |    0 |     0 |          0 |        12 |  0.00 |
| HPIOBDIFFINBUF   |    0 |     0 |          0 |        72 |  0.00 |
| HPIOBDIFFOUTBUF  |    0 |     0 |          0 |        72 |  0.00 |
| HDIOBDIFFINBUF   |    0 |     0 |          0 |        48 |  0.00 |
| BITSLICE_CONTROL |    0 |     0 |          0 |        24 |  0.00 |
| BITSLICE_RX_TX   |    0 |     0 |          0 |       936 |  0.00 |
| BITSLICE_TX      |    0 |     0 |          0 |        24 |  0.00 |
| RIU_OR           |    0 |     0 |          0 |        12 |  0.00 |
+------------------+------+-------+------------+-----------+-------+


6. CLOCK
--------

+------------+------+-------+------------+-----------+-------+
|  Site Type | Used | Fixed | Prohibited | Available | Util% |
+------------+------+-------+------------+-----------+-------+
| BUFGCE     |    3 |     0 |          0 |        88 |  3.41 |
| BUFGCE_DIV |    0 |     0 |          0 |        12 |  0.00 |
| BUFG_PS    |    1 |     0 |          0 |        72 |  1.39 |
| BUFGCTRL*  |    2 |     0 |          0 |        24 |  8.33 |
| PLL        |    0 |     0 |          0 |         6 |  0.00 |
| MMCM       |    0 |     0 |          0 |         3 |  0.00 |
+------------+------+-------+------------+-----------+-------+
* Note: Each used BUFGCTRL counts as two GLOBAL CLOCK BUFFERs. This table does not include global clocking resources, only buffer cell usage. See the Clock Utilization Report (report_clock_utilization) for detailed accounting of global clocking resource availability.


7. ADVANCED
-----------

+-----------+------+-------+------------+-----------+--------+
| Site Type | Used | Fixed | Prohibited | Available |  Util% |
+-----------+------+-------+------------+-----------+--------+
| PS8       |    1 |     0 |          0 |         1 | 100.00 |
| SYSMONE4  |    0 |     0 |          0 |         1 |   0.00 |
+-----------+------+-------+------------+-----------+--------+


8. CONFIGURATION
----------------

+-------------+------+-------+------------+-----------+-------+
|  Site Type  | Used | Fixed | Prohibited | Available | Util% |
+-------------+------+-------+------------+-----------+-------+
| BSCANE2     |    1 |     0 |          0 |         4 | 25.00 |
| DNA_PORTE2  |    0 |     0 |          0 |         1 |  0.00 |
| EFUSE_USR   |    0 |     0 |          0 |         1 |  0.00 |
| FRAME_ECCE4 |    0 |     0 |          0 |         1 |  0.00 |
| ICAPE3      |    0 |     0 |          0 |         2 |  0.00 |
| MASTER_JTAG |    0 |     0 |          0 |         1 |  0.00 |
| STARTUPE3   |    0 |     0 |          0 |         1 |  0.00 |
+-------------+------+-------+------------+-----------+-------+


9. Primitives
-------------

+----------+------+---------------------+
| Ref Name | Used | Functional Category |
+----------+------+---------------------+
| FDRE     | 7082 |            Register |
| LUT3     | 2199 |                 CLB |
| LUT6     | 2086 |                 CLB |
| LUT4     | 1723 |                 CLB |
| LUT5     | 1600 |                 CLB |
| LUT2     | 1023 |                 CLB |
| RAMD32   |  344 |                 CLB |
| FDCE     |  289 |            Register |
| SRLC32E  |  255 |                 CLB |
| LUT1     |  242 |                 CLB |
| FDSE     |  225 |            Register |
| FDPE     |  133 |            Register |
| SRL16E   |  130 |                 CLB |
| RAMS32   |   72 |                 CLB |
| RAMB36E2 |   64 |            BLOCKRAM |
| CARRY8   |   53 |                 CLB |
| MUXF7    |   45 |                 CLB |
| OBUFT    |    8 |                 I/O |
| INBUF    |    8 |                 I/O |
| IBUFCTRL |    8 |              Others |
| BUFGCE   |    3 |               Clock |
| MUXF8    |    2 |                 CLB |
| BUFGCTRL |    2 |               Clock |
| PS8      |    1 |            Advanced |
| BUFG_PS  |    1 |               Clock |
| BSCANE2  |    1 |       Configuration |
+----------+------+---------------------+


10. Black Boxes
---------------

+----------+------+
| Ref Name | Used |
+----------+------+


11. Instantiated Netlists
-------------------------

+----------------------------------------------------+------+
|                      Ref Name                      | Used |
+----------------------------------------------------+------+
| OSDZU3x_BYOTEE_zynq_ultra_ps_e_0_1                 |    1 |
| OSDZU3x_BYOTEE_ultra_ps_0_axi_periph_imp_auto_pc_0 |    1 |
| OSDZU3x_BYOTEE_ultra_ps_0_axi_periph_imp_auto_ds_0 |    1 |
| OSDZU3x_BYOTEE_rst_ps8_0_99M_0                     |    1 |
| OSDZU3x_BYOTEE_microblaze_riscv_0_0                |    1 |
| OSDZU3x_BYOTEE_mdm_1_1                             |    1 |
| OSDZU3x_BYOTEE_lmb_bram_1                          |    1 |
| OSDZU3x_BYOTEE_ilmb_v10_1                          |    1 |
| OSDZU3x_BYOTEE_ilmb_bram_if_cntlr_1                |    1 |
| OSDZU3x_BYOTEE_dlmb_v10_1                          |    1 |
| OSDZU3x_BYOTEE_dlmb_bram_if_cntlr_1                |    1 |
| OSDZU3x_BYOTEE_axi_interconnect_1_imp_xbar_0       |    1 |
| OSDZU3x_BYOTEE_axi_interconnect_0_imp_xbar_1       |    1 |
| OSDZU3x_BYOTEE_axi_interconnect_0_imp_auto_us_2    |    1 |
| OSDZU3x_BYOTEE_axi_interconnect_0_imp_auto_us_1    |    1 |
| OSDZU3x_BYOTEE_axi_interconnect_0_imp_auto_us_0    |    1 |
| OSDZU3x_BYOTEE_axi_interconnect_0_imp_auto_pc_4    |    1 |
| OSDZU3x_BYOTEE_axi_interconnect_0_imp_auto_pc_3    |    1 |
| OSDZU3x_BYOTEE_axi_interconnect_0_imp_auto_pc_2    |    1 |
| OSDZU3x_BYOTEE_axi_interconnect_0_imp_auto_pc_1    |    1 |
| OSDZU3x_BYOTEE_axi_interconnect_0_imp_auto_pc_0    |    1 |
| OSDZU3x_BYOTEE_axi_interconnect_0_imp_auto_ds_2    |    1 |
| OSDZU3x_BYOTEE_axi_interconnect_0_imp_auto_ds_1    |    1 |
| OSDZU3x_BYOTEE_axi_interconnect_0_imp_auto_ds_0    |    1 |
| OSDZU3x_BYOTEE_axi_intc_0_0                        |    1 |
| OSDZU3x_BYOTEE_axi_gpio_2_0                        |    1 |
| OSDZU3x_BYOTEE_axi_gpio_1_0                        |    1 |
| OSDZU3x_BYOTEE_axi_gpio_0_0                        |    1 |
+----------------------------------------------------+------+


