

================================================================
== Vitis HLS Report for 'AXIMMvideo2Bytes'
================================================================
* Date:           Sat Sep  6 13:57:12 2025

* Version:        2025.1 (Build 6135595 on May 21 2025)
* Project:        prj
* Solution:       sol (Vivado IP Flow Target)
* Product family: zynquplus
* Target device:  xczu3eg-sfvc784-1-e


================================================================
== Performance Estimates
================================================================
+ Timing: 
    * Summary: 
    +--------+---------+----------+------------+
    |  Clock |  Target | Estimated| Uncertainty|
    +--------+---------+----------+------------+
    |ap_clk  |  5.00 ns|  3.650 ns|     1.35 ns|
    +--------+---------+----------+------------+

+ Latency: 
    * Summary: 
    +---------+---------+-----------+-----------+------+---------+---------+
    |  Latency (cycles) |   Latency (absolute)  |    Interval    | Pipeline|
    |   min   |   max   |    min    |    max    |  min |   max   |   Type  |
    +---------+---------+-----------+-----------+------+---------+---------+
    |     7169|  6464881|  35.845 us|  32.324 ms|  7169|  6464881|       no|
    +---------+---------+-----------+-----------+------+---------+---------+

    + Detail: 
        * Instance: 
        +-------------------------------------------------------+--------------------------------------------+---------+---------+-----------+-----------+-----+------+------------------------------------------------+
        |                                                       |                                            |  Latency (cycles) |   Latency (absolute)  |  Interval  |                    Pipeline                    |
        |                        Instance                       |                   Module                   |   min   |   max   |    min    |    max    | min |  max |                      Type                      |
        +-------------------------------------------------------+--------------------------------------------+---------+---------+-----------+-----------+-----+------+------------------------------------------------+
        |grp_AXIMMvideo2Bytes_Pipeline_VITIS_LOOP_515_1_fu_140  |AXIMMvideo2Bytes_Pipeline_VITIS_LOOP_515_1  |        2|     2883|  10.000 ns|  14.415 us|    1|  2881|  loop auto-rewind stp (delay=0 clock cycles(s))|
        +-------------------------------------------------------+--------------------------------------------+---------+---------+-----------+-----------+-----+------+------------------------------------------------+

        * Loop: 
        +--------------------------------+---------+---------+------------+-----------+-----------+-----------+----------+
        |                                |  Latency (cycles) |  Iteration |  Initiation Interval  |    Trip   |          |
        |            Loop Name           |   min   |   max   |   Latency  |  achieved |   target  |   Count   | Pipelined|
        +--------------------------------+---------+---------+------------+-----------+-----------+-----------+----------+
        |- loop_AXIMMvideo2Bytes_1plane  |     7168|  6464880|  112 ~ 2993|          -|          -|  64 ~ 2160|        no|
        +--------------------------------+---------+---------+------------+-----------+-----------+-----------+----------+



================================================================
== Utilization Estimates
================================================================
* Summary: 
+-----------------+---------+-----+--------+-------+-----+
|       Name      | BRAM_18K| DSP |   FF   |  LUT  | URAM|
+-----------------+---------+-----+--------+-------+-----+
|DSP              |        -|    -|       -|      -|    -|
|Expression       |        -|    -|       0|    133|    -|
|FIFO             |        -|    -|       -|      -|    -|
|Instance         |        -|    -|      81|     96|    -|
|Memory           |        -|    -|       -|      -|    -|
|Multiplexer      |        -|    -|       0|    736|    -|
|Register         |        -|    -|     261|      -|    -|
+-----------------+---------+-----+--------+-------+-----+
|Total            |        0|    0|     342|    965|    0|
+-----------------+---------+-----+--------+-------+-----+
|Available        |      432|  360|  141120|  70560|    0|
+-----------------+---------+-----+--------+-------+-----+
|Utilization (%)  |        0|    0|      ~0|      1|    0|
+-----------------+---------+-----+--------+-------+-----+

+ Detail: 
    * Instance: 
    +-------------------------------------------------------+--------------------------------------------+---------+----+----+----+-----+
    |                        Instance                       |                   Module                   | BRAM_18K| DSP| FF | LUT| URAM|
    +-------------------------------------------------------+--------------------------------------------+---------+----+----+----+-----+
    |grp_AXIMMvideo2Bytes_Pipeline_VITIS_LOOP_515_1_fu_140  |AXIMMvideo2Bytes_Pipeline_VITIS_LOOP_515_1  |        0|   0|  81|  96|    0|
    +-------------------------------------------------------+--------------------------------------------+---------+----+----+----+-----+
    |Total                                                  |                                            |        0|   0|  81|  96|    0|
    +-------------------------------------------------------+--------------------------------------------+---------+----+----+----+-----+

    * DSP: 
    N/A

    * Memory: 
    N/A

    * FIFO: 
    N/A

    * Expression: 
    +----------------------+----------+----+---+----+------------+------------+
    |     Variable Name    | Operation| DSP| FF| LUT| Bitwidth P0| Bitwidth P1|
    +----------------------+----------+----+---+----+------------+------------+
    |add_ln515_fu_223_p2   |         +|   0|  0|  39|          32|          32|
    |add_ln523_fu_238_p2   |         +|   0|  0|  32|          25|          25|
    |sub_fu_150_p2         |         +|   0|  0|  22|          15|           3|
    |y_7_fu_202_p2         |         +|   0|  0|  19|          12|           1|
    |icmp_ln510_fu_197_p2  |      icmp|   0|  0|  19|          12|          12|
    |ap_block_state1       |        or|   0|  0|   2|           1|           1|
    +----------------------+----------+----+---+----+------------+------------+
    |Total                 |          |   0|  0| 133|          97|          74|
    +----------------------+----------+----+---+----+------------+------------+

    * Multiplexer: 
    +---------------------------+-----+-----------+-----+-----------+
    |            Name           | LUT | Input Size| Bits| Total Bits|
    +---------------------------+-----+-----------+-----+-----------+
    |ap_NS_fsm                  |  559|        112|    1|        112|
    |ap_done                    |    9|          2|    1|          2|
    |m_axi_mm_video_0_ARADDR    |   14|          3|   32|         96|
    |m_axi_mm_video_0_ARBURST   |    9|          2|    2|          4|
    |m_axi_mm_video_0_ARCACHE   |    9|          2|    4|          8|
    |m_axi_mm_video_0_ARID      |    9|          2|    1|          2|
    |m_axi_mm_video_0_ARLEN     |   14|          3|   32|         96|
    |m_axi_mm_video_0_ARLOCK    |    9|          2|    2|          4|
    |m_axi_mm_video_0_ARPROT    |    9|          2|    3|          6|
    |m_axi_mm_video_0_ARQOS     |    9|          2|    4|          8|
    |m_axi_mm_video_0_ARREGION  |    9|          2|    4|          8|
    |m_axi_mm_video_0_ARSIZE    |    9|          2|    3|          6|
    |m_axi_mm_video_0_ARUSER    |    9|          2|    1|          2|
    |m_axi_mm_video_0_ARVALID   |   14|          3|    1|          3|
    |m_axi_mm_video_0_RREADY    |    9|          2|    1|          2|
    |mm_video_blk_n_AR          |    9|          2|    1|          2|
    |offset_fu_106              |    9|          2|   25|         50|
    |real_start                 |    9|          2|    1|          2|
    |y_fu_102                   |    9|          2|   12|         24|
    +---------------------------+-----+-----------+-----+-----------+
    |Total                      |  736|        151|  131|        437|
    +---------------------------+-----+-----------+-----+-----------+

    * Register: 
    +--------------------------------------------------------------------+-----+----+-----+-----------+
    |                                Name                                |  FF | LUT| Bits| Const Bits|
    +--------------------------------------------------------------------+-----+----+-----+-----------+
    |Height_val_read_reg_277                                             |   12|   0|   12|          0|
    |ap_CS_fsm                                                           |  111|   0|  111|          0|
    |ap_done_reg                                                         |    1|   0|    1|          0|
    |div8_cast_reg_297                                                   |   13|   0|   25|         12|
    |div_cast1_reg_292                                                   |   12|   0|   32|         20|
    |div_reg_287                                                         |   12|   0|   12|          0|
    |grp_AXIMMvideo2Bytes_Pipeline_VITIS_LOOP_515_1_fu_140_ap_start_reg  |    1|   0|    1|          0|
    |offset_fu_106                                                       |   25|   0|   25|          0|
    |srcImg_read_reg_282                                                 |   32|   0|   32|          0|
    |start_once_reg                                                      |    1|   0|    1|          0|
    |trunc_ln2_reg_305                                                   |   29|   0|   29|          0|
    |y_fu_102                                                            |   12|   0|   12|          0|
    +--------------------------------------------------------------------+-----+----+-----+-----------+
    |Total                                                               |  261|   0|  293|         32|
    +--------------------------------------------------------------------+-----+----+-----+-----------+



================================================================
== Interface
================================================================
* Summary: 
+---------------------------+-----+-----+------------+-------------------+--------------+
|         RTL Ports         | Dir | Bits|  Protocol  |   Source Object   |    C Type    |
+---------------------------+-----+-----+------------+-------------------+--------------+
|ap_clk                     |   in|    1|  ap_ctrl_hs|   AXIMMvideo2Bytes|  return value|
|ap_rst                     |   in|    1|  ap_ctrl_hs|   AXIMMvideo2Bytes|  return value|
|ap_start                   |   in|    1|  ap_ctrl_hs|   AXIMMvideo2Bytes|  return value|
|start_full_n               |   in|    1|  ap_ctrl_hs|   AXIMMvideo2Bytes|  return value|
|ap_done                    |  out|    1|  ap_ctrl_hs|   AXIMMvideo2Bytes|  return value|
|ap_continue                |   in|    1|  ap_ctrl_hs|   AXIMMvideo2Bytes|  return value|
|ap_idle                    |  out|    1|  ap_ctrl_hs|   AXIMMvideo2Bytes|  return value|
|ap_ready                   |  out|    1|  ap_ctrl_hs|   AXIMMvideo2Bytes|  return value|
|start_out                  |  out|    1|  ap_ctrl_hs|   AXIMMvideo2Bytes|  return value|
|start_write                |  out|    1|  ap_ctrl_hs|   AXIMMvideo2Bytes|  return value|
|m_axi_mm_video_0_AWVALID   |  out|    1|       m_axi|           mm_video|       pointer|
|m_axi_mm_video_0_AWREADY   |   in|    1|       m_axi|           mm_video|       pointer|
|m_axi_mm_video_0_AWADDR    |  out|   32|       m_axi|           mm_video|       pointer|
|m_axi_mm_video_0_AWID      |  out|    1|       m_axi|           mm_video|       pointer|
|m_axi_mm_video_0_AWLEN     |  out|   32|       m_axi|           mm_video|       pointer|
|m_axi_mm_video_0_AWSIZE    |  out|    3|       m_axi|           mm_video|       pointer|
|m_axi_mm_video_0_AWBURST   |  out|    2|       m_axi|           mm_video|       pointer|
|m_axi_mm_video_0_AWLOCK    |  out|    2|       m_axi|           mm_video|       pointer|
|m_axi_mm_video_0_AWCACHE   |  out|    4|       m_axi|           mm_video|       pointer|
|m_axi_mm_video_0_AWPROT    |  out|    3|       m_axi|           mm_video|       pointer|
|m_axi_mm_video_0_AWQOS     |  out|    4|       m_axi|           mm_video|       pointer|
|m_axi_mm_video_0_AWREGION  |  out|    4|       m_axi|           mm_video|       pointer|
|m_axi_mm_video_0_AWUSER    |  out|    1|       m_axi|           mm_video|       pointer|
|m_axi_mm_video_0_WVALID    |  out|    1|       m_axi|           mm_video|       pointer|
|m_axi_mm_video_0_WREADY    |   in|    1|       m_axi|           mm_video|       pointer|
|m_axi_mm_video_0_WDATA     |  out|   64|       m_axi|           mm_video|       pointer|
|m_axi_mm_video_0_WSTRB     |  out|    8|       m_axi|           mm_video|       pointer|
|m_axi_mm_video_0_WLAST     |  out|    1|       m_axi|           mm_video|       pointer|
|m_axi_mm_video_0_WID       |  out|    1|       m_axi|           mm_video|       pointer|
|m_axi_mm_video_0_WUSER     |  out|    1|       m_axi|           mm_video|       pointer|
|m_axi_mm_video_0_ARVALID   |  out|    1|       m_axi|           mm_video|       pointer|
|m_axi_mm_video_0_ARREADY   |   in|    1|       m_axi|           mm_video|       pointer|
|m_axi_mm_video_0_ARADDR    |  out|   32|       m_axi|           mm_video|       pointer|
|m_axi_mm_video_0_ARID      |  out|    1|       m_axi|           mm_video|       pointer|
|m_axi_mm_video_0_ARLEN     |  out|   32|       m_axi|           mm_video|       pointer|
|m_axi_mm_video_0_ARSIZE    |  out|    3|       m_axi|           mm_video|       pointer|
|m_axi_mm_video_0_ARBURST   |  out|    2|       m_axi|           mm_video|       pointer|
|m_axi_mm_video_0_ARLOCK    |  out|    2|       m_axi|           mm_video|       pointer|
|m_axi_mm_video_0_ARCACHE   |  out|    4|       m_axi|           mm_video|       pointer|
|m_axi_mm_video_0_ARPROT    |  out|    3|       m_axi|           mm_video|       pointer|
|m_axi_mm_video_0_ARQOS     |  out|    4|       m_axi|           mm_video|       pointer|
|m_axi_mm_video_0_ARREGION  |  out|    4|       m_axi|           mm_video|       pointer|
|m_axi_mm_video_0_ARUSER    |  out|    1|       m_axi|           mm_video|       pointer|
|m_axi_mm_video_0_RVALID    |   in|    1|       m_axi|           mm_video|       pointer|
|m_axi_mm_video_0_RREADY    |  out|    1|       m_axi|           mm_video|       pointer|
|m_axi_mm_video_0_RDATA     |   in|   64|       m_axi|           mm_video|       pointer|
|m_axi_mm_video_0_RLAST     |   in|    1|       m_axi|           mm_video|       pointer|
|m_axi_mm_video_0_RID       |   in|    1|       m_axi|           mm_video|       pointer|
|m_axi_mm_video_0_RFIFONUM  |   in|    7|       m_axi|           mm_video|       pointer|
|m_axi_mm_video_0_RUSER     |   in|    1|       m_axi|           mm_video|       pointer|
|m_axi_mm_video_0_RRESP     |   in|    2|       m_axi|           mm_video|       pointer|
|m_axi_mm_video_0_BVALID    |   in|    1|       m_axi|           mm_video|       pointer|
|m_axi_mm_video_0_BREADY    |  out|    1|       m_axi|           mm_video|       pointer|
|m_axi_mm_video_0_BRESP     |   in|    2|       m_axi|           mm_video|       pointer|
|m_axi_mm_video_0_BID       |   in|    1|       m_axi|           mm_video|       pointer|
|m_axi_mm_video_0_BUSER     |   in|    1|       m_axi|           mm_video|       pointer|
|srcImg                     |   in|   32|   ap_stable|             srcImg|        scalar|
|bytePlanes_din             |  out|   64|     ap_fifo|         bytePlanes|       pointer|
|bytePlanes_full_n          |   in|    1|     ap_fifo|         bytePlanes|       pointer|
|bytePlanes_write           |  out|    1|     ap_fifo|         bytePlanes|       pointer|
|bytePlanes_num_data_valid  |   in|   11|     ap_fifo|         bytePlanes|       pointer|
|bytePlanes_fifo_cap        |   in|   11|     ap_fifo|         bytePlanes|       pointer|
|Height_val                 |   in|   12|   ap_stable|         Height_val|        scalar|
|WidthInBytes_val           |   in|   15|   ap_stable|   WidthInBytes_val|        scalar|
|StrideInBytes_val          |   in|   16|   ap_stable|  StrideInBytes_val|        scalar|
+---------------------------+-----+-----+------------+-------------------+--------------+

