

================================================================
== Vitis HLS Report for 'Bytes2MultiPixStream_Pipeline_VITIS_LOOP_1734_4'
================================================================
* Date:           Sat Sep  6 13:57:12 2025

* Version:        2025.1 (Build 6135595 on May 21 2025)
* Project:        prj
* Solution:       sol (Vivado IP Flow Target)
* Product family: zynquplus
* Target device:  xczu3eg-sfvc784-1-e


================================================================
== Performance Estimates
================================================================
+ Timing: 
    * Summary: 
    +--------+---------+----------+------------+
    |  Clock |  Target | Estimated| Uncertainty|
    +--------+---------+----------+------------+
    |ap_clk  |  5.00 ns|  3.650 ns|     1.35 ns|
    +--------+---------+----------+------------+

+ Latency: 
    * Summary: 
    +---------+---------+-----------+-----------+-----+------+------------------------------------------------+
    |  Latency (cycles) |   Latency (absolute)  |  Interval  |                    Pipeline                    |
    |   min   |   max   |    min    |    max    | min |  max |                      Type                      |
    +---------+---------+-----------+-----------+-----+------+------------------------------------------------+
    |        2|     5762|  10.000 ns|  28.810 us|    1|  5761|  loop auto-rewind stp (delay=0 clock cycles(s))|
    +---------+---------+-----------+-----------+-----+------+------------------------------------------------+

    + Detail: 
        * Instance: 
        N/A

        * Loop: 
        +---------------------+---------+---------+----------+-----------+-----------+----------+----------+
        |                     |  Latency (cycles) | Iteration|  Initiation Interval  |   Trip   |          |
        |      Loop Name      |   min   |   max   |  Latency |  achieved |   target  |   Count  | Pipelined|
        +---------------------+---------+---------+----------+-----------+-----------+----------+----------+
        |- VITIS_LOOP_1734_4  |        0|     5760|         3|          2|          2|  0 ~ 2880|       yes|
        +---------------------+---------+---------+----------+-----------+-----------+----------+----------+



================================================================
== Utilization Estimates
================================================================
* Summary: 
+-----------------+---------+-----+--------+-------+-----+
|       Name      | BRAM_18K| DSP |   FF   |  LUT  | URAM|
+-----------------+---------+-----+--------+-------+-----+
|DSP              |        -|    -|       -|      -|    -|
|Expression       |        -|    -|       0|     70|    -|
|FIFO             |        -|    -|       -|      -|    -|
|Instance         |        -|    -|       -|      -|    -|
|Memory           |        -|    -|       -|      -|    -|
|Multiplexer      |        -|    -|       0|    100|    -|
|Register         |        -|    -|      51|      -|    -|
+-----------------+---------+-----+--------+-------+-----+
|Total            |        0|    0|      51|    170|    0|
+-----------------+---------+-----+--------+-------+-----+
|Available        |      432|  360|  141120|  70560|    0|
+-----------------+---------+-----+--------+-------+-----+
|Utilization (%)  |        0|    0|      ~0|     ~0|    0|
+-----------------+---------+-----+--------+-------+-----+

+ Detail: 
    * Instance: 
    N/A

    * DSP: 
    N/A

    * Memory: 
    N/A

    * FIFO: 
    N/A

    * Expression: 
    +---------------------------------------+----------+----+---+----+------------+------------+
    |             Variable Name             | Operation| DSP| FF| LUT| Bitwidth P0| Bitwidth P1|
    +---------------------------------------+----------+----+---+----+------------+------------+
    |x_2_fu_141_p2                          |         +|   0|  0|  19|          12|           1|
    |ap_block_pp0_stage0_01001_grp2         |       and|   0|  0|   2|           1|           1|
    |ap_block_pp0_stage1_01001_grp1         |       and|   0|  0|   2|           1|           1|
    |ap_block_state3_pp0_stage0_iter1_grp2  |       and|   0|  0|   2|           1|           1|
    |cmp310_fu_147_p2                       |      icmp|   0|  0|  20|          13|          13|
    |icmp_ln1734_fu_135_p2                  |      icmp|   0|  0|  19|          12|          12|
    |ap_block_state2_pp0_stage1_iter0_grp1  |        or|   0|  0|   2|           1|           1|
    |or_ln1749_fu_153_p2                    |        or|   0|  0|   2|           1|           1|
    |ap_enable_pp0                          |       xor|   0|  0|   2|           1|           2|
    +---------------------------------------+----------+----+---+----+------------+------------+
    |Total                                  |          |   0|  0|  70|          43|          33|
    +---------------------------------------+----------+----+---+----+------------+------------+

    * Multiplexer: 
    +-----------------------------+----+-----------+-----+-----------+
    |             Name            | LUT| Input Size| Bits| Total Bits|
    +-----------------------------+----+-----------+-----+-----------+
    |ap_NS_fsm                    |  14|          3|    1|          3|
    |ap_done_int                  |   9|          2|    1|          2|
    |ap_enable_reg_pp0_iter0      |   9|          2|    1|          2|
    |ap_enable_reg_pp0_iter0_reg  |   9|          2|    1|          2|
    |ap_enable_reg_pp0_iter1      |   9|          2|    1|          2|
    |ap_sig_allocacmp_x_1         |   9|          2|   12|         24|
    |bytePlanes_blk_n             |   9|          2|    1|          2|
    |img_blk_n                    |   9|          2|    1|          2|
    |img_din                      |  14|          3|   32|         96|
    |x_fu_88                      |   9|          2|   12|         24|
    +-----------------------------+----+-----------+-----+-----------+
    |Total                        | 100|         22|   63|        159|
    +-----------------------------+----+-----------+-----+-----------+

    * Register: 
    +-----------------------------+----+----+-----+-----------+
    |             Name            | FF | LUT| Bits| Const Bits|
    +-----------------------------+----+----+-----+-----------+
    |ap_CS_fsm                    |   2|   0|    2|          0|
    |ap_done_reg                  |   1|   0|    1|          0|
    |ap_enable_reg_pp0_iter0_reg  |   1|   0|    1|          0|
    |ap_enable_reg_pp0_iter1      |   1|   0|    1|          0|
    |icmp_ln1734_reg_263          |   1|   0|    1|          0|
    |or_ln1749_reg_267            |   1|   0|    1|          0|
    |tmp_3_reg_271                |   8|   0|    8|          0|
    |tmp_4_reg_276                |   8|   0|    8|          0|
    |tmp_5_reg_281                |   8|   0|    8|          0|
    |tmp_6_reg_286                |   8|   0|    8|          0|
    |x_fu_88                      |  12|   0|   12|          0|
    +-----------------------------+----+----+-----+-----------+
    |Total                        |  51|   0|   51|          0|
    +-----------------------------+----+----+-----+-----------+



================================================================
== Interface
================================================================
* Summary: 
+---------------------------+-----+-----+------------+-------------------------------------------------+--------------+
|         RTL Ports         | Dir | Bits|  Protocol  |                  Source Object                  |    C Type    |
+---------------------------+-----+-----+------------+-------------------------------------------------+--------------+
|ap_clk                     |   in|    1|  ap_ctrl_hs|  Bytes2MultiPixStream_Pipeline_VITIS_LOOP_1734_4|  return value|
|ap_rst                     |   in|    1|  ap_ctrl_hs|  Bytes2MultiPixStream_Pipeline_VITIS_LOOP_1734_4|  return value|
|ap_start                   |   in|    1|  ap_ctrl_hs|  Bytes2MultiPixStream_Pipeline_VITIS_LOOP_1734_4|  return value|
|ap_done                    |  out|    1|  ap_ctrl_hs|  Bytes2MultiPixStream_Pipeline_VITIS_LOOP_1734_4|  return value|
|ap_idle                    |  out|    1|  ap_ctrl_hs|  Bytes2MultiPixStream_Pipeline_VITIS_LOOP_1734_4|  return value|
|ap_ready                   |  out|    1|  ap_ctrl_hs|  Bytes2MultiPixStream_Pipeline_VITIS_LOOP_1734_4|  return value|
|img_din                    |  out|   32|     ap_fifo|                                              img|       pointer|
|img_full_n                 |   in|    1|     ap_fifo|                                              img|       pointer|
|img_write                  |  out|    1|     ap_fifo|                                              img|       pointer|
|img_num_data_valid         |   in|   32|     ap_fifo|                                              img|       pointer|
|img_fifo_cap               |   in|   32|     ap_fifo|                                              img|       pointer|
|bytePlanes_dout            |   in|   64|     ap_fifo|                                       bytePlanes|       pointer|
|bytePlanes_empty_n         |   in|    1|     ap_fifo|                                       bytePlanes|       pointer|
|bytePlanes_read            |  out|    1|     ap_fifo|                                       bytePlanes|       pointer|
|bytePlanes_num_data_valid  |   in|   11|     ap_fifo|                                       bytePlanes|       pointer|
|bytePlanes_fifo_cap        |   in|   11|     ap_fifo|                                       bytePlanes|       pointer|
|loopWidth_1                |   in|   12|   ap_stable|                                      loopWidth_1|        scalar|
|sext_ln1727                |   in|   13|   ap_stable|                                      sext_ln1727|        scalar|
|rev4                       |   in|    1|   ap_stable|                                             rev4|        scalar|
+---------------------------+-----+-----+------------+-------------------------------------------------+--------------+

