

================================================================
== Vitis HLS Report for 'Bytes2MultiPixStream'
================================================================
* Date:           Sat Sep  6 13:57:13 2025

* Version:        2025.1 (Build 6135595 on May 21 2025)
* Project:        prj
* Solution:       sol (Vivado IP Flow Target)
* Product family: zynquplus
* Target device:  xczu3eg-sfvc784-1-e


================================================================
== Performance Estimates
================================================================
+ Timing: 
    * Summary: 
    +--------+---------+----------+------------+
    |  Clock |  Target | Estimated| Uncertainty|
    +--------+---------+----------+------------+
    |ap_clk  |  5.00 ns|  3.650 ns|     1.35 ns|
    +--------+---------+----------+------------+

+ Latency: 
    * Summary: 
    +---------+----------+----------+-----------+-----+----------+---------+
    |  Latency (cycles)  |  Latency (absolute)  |    Interval    | Pipeline|
    |   min   |    max   |    min   |    max    | min |    max   |   Type  |
    +---------+----------+----------+-----------+-----+----------+---------+
    |        1|  12450241|  5.000 ns|  62.251 ms|    1|  12450241|       no|
    +---------+----------+----------+-----------+-----+----------+---------+

    + Detail: 
        * Instance: 
        +------------------------------------------------------------+-------------------------------------------------+---------+---------+-----------+-----------+-----+------+------------------------------------------------+
        |                                                            |                                                 |  Latency (cycles) |   Latency (absolute)  |  Interval  |                    Pipeline                    |
        |                          Instance                          |                      Module                     |   min   |   max   |    min    |    max    | min |  max |                      Type                      |
        +------------------------------------------------------------+-------------------------------------------------+---------+---------+-----------+-----------+-----+------+------------------------------------------------+
        |grp_Bytes2MultiPixStream_Pipeline_VITIS_LOOP_1734_4_fu_168  |Bytes2MultiPixStream_Pipeline_VITIS_LOOP_1734_4  |        2|     5762|  10.000 ns|  28.810 us|    1|  5761|  loop auto-rewind stp (delay=0 clock cycles(s))|
        |grp_Bytes2MultiPixStream_Pipeline_VITIS_LOOP_1696_1_fu_179  |Bytes2MultiPixStream_Pipeline_VITIS_LOOP_1696_1  |        2|     5762|  10.000 ns|  28.810 us|    1|  5761|  loop auto-rewind stp (delay=0 clock cycles(s))|
        +------------------------------------------------------------+-------------------------------------------------+---------+---------+-----------+-----------+-----+------+------------------------------------------------+

        * Loop: 
        +--------------------+---------+----------+----------+-----------+-----------+-----------+----------+
        |                    |  Latency (cycles)  | Iteration|  Initiation Interval  |    Trip   |          |
        |      Loop Name     |   min   |    max   |  Latency |  achieved |   target  |   Count   | Pipelined|
        +--------------------+---------+----------+----------+-----------+-----------+-----------+----------+
        |- loop_RGBA8_YUVA8  |      256|  12450240|  4 ~ 5764|          -|          -|  64 ~ 2160|        no|
        |- loop_BGRA8        |      256|  12450240|  4 ~ 5764|          -|          -|  64 ~ 2160|        no|
        +--------------------+---------+----------+----------+-----------+-----------+-----------+----------+



================================================================
== Utilization Estimates
================================================================
* Summary: 
+-----------------+---------+-----+--------+-------+-----+
|       Name      | BRAM_18K| DSP |   FF   |  LUT  | URAM|
+-----------------+---------+-----+--------+-------+-----+
|DSP              |        -|    -|       -|      -|    -|
|Expression       |        -|    -|       0|    142|    -|
|FIFO             |        -|    -|       -|      -|    -|
|Instance         |        -|    -|     102|    340|    -|
|Memory           |        -|    -|       -|      -|    -|
|Multiplexer      |        -|    -|       0|     99|    -|
|Register         |        -|    -|      90|      -|    -|
+-----------------+---------+-----+--------+-------+-----+
|Total            |        0|    0|     192|    581|    0|
+-----------------+---------+-----+--------+-------+-----+
|Available        |      432|  360|  141120|  70560|    0|
+-----------------+---------+-----+--------+-------+-----+
|Utilization (%)  |        0|    0|      ~0|     ~0|    0|
+-----------------+---------+-----+--------+-------+-----+

+ Detail: 
    * Instance: 
    +------------------------------------------------------------+-------------------------------------------------+---------+----+----+-----+-----+
    |                          Instance                          |                      Module                     | BRAM_18K| DSP| FF | LUT | URAM|
    +------------------------------------------------------------+-------------------------------------------------+---------+----+----+-----+-----+
    |grp_Bytes2MultiPixStream_Pipeline_VITIS_LOOP_1696_1_fu_179  |Bytes2MultiPixStream_Pipeline_VITIS_LOOP_1696_1  |        0|   0|  51|  170|    0|
    |grp_Bytes2MultiPixStream_Pipeline_VITIS_LOOP_1734_4_fu_168  |Bytes2MultiPixStream_Pipeline_VITIS_LOOP_1734_4  |        0|   0|  51|  170|    0|
    +------------------------------------------------------------+-------------------------------------------------+---------+----+----+-----+-----+
    |Total                                                       |                                                 |        0|   0| 102|  340|    0|
    +------------------------------------------------------------+-------------------------------------------------+---------+----+----+-----+-----+

    * DSP: 
    N/A

    * Memory: 
    N/A

    * FIFO: 
    N/A

    * Expression: 
    +-----------------------+----------+----+---+----+------------+------------+
    |     Variable Name     | Operation| DSP| FF| LUT| Bitwidth P0| Bitwidth P1|
    +-----------------------+----------+----+---+----+------------+------------+
    |grp_fu_190_p2          |         +|   0|  0|  22|          15|           3|
    |sub185_fu_313_p2       |         +|   0|  0|  20|          13|           2|
    |sub309_fu_298_p2       |         +|   0|  0|  20|          13|           2|
    |y_3_fu_351_p2          |         +|   0|  0|  19|          12|           1|
    |y_5_fu_332_p2          |         +|   0|  0|  19|          12|           1|
    |icmp_ln1689_fu_346_p2  |      icmp|   0|  0|  19|          12|          12|
    |icmp_ln1727_fu_327_p2  |      icmp|   0|  0|  19|          12|          12|
    |ap_block_state1        |        or|   0|  0|   2|           1|           1|
    |grp_fu_214_p2          |       xor|   0|  0|   2|           1|           2|
    +-----------------------+----------+----+---+----+------------+------------+
    |Total                  |          |   0|  0| 142|          91|          36|
    +-----------------------+----------+----+---+----+------------+------------+

    * Multiplexer: 
    +-----------------+----+-----------+-----+-----------+
    |       Name      | LUT| Input Size| Bits| Total Bits|
    +-----------------+----+-----------+-----+-----------+
    |ap_NS_fsm        |  26|          5|    1|          5|
    |ap_done          |   9|          2|    1|          2|
    |bytePlanes_read  |  14|          3|    1|          3|
    |img_din          |   9|          2|   32|         64|
    |img_write        |  14|          3|    1|          3|
    |real_start       |   9|          2|    1|          2|
    |y_1_fu_142       |   9|          2|   12|         24|
    |y_fu_146         |   9|          2|   12|         24|
    +-----------------+----+-----------+-----+-----------+
    |Total            |  99|         21|   61|        127|
    +-----------------+----+-----------+-----+-----------+

    * Register: 
    +-------------------------------------------------------------------------+----+----+-----+-----------+
    |                                   Name                                  | FF | LUT| Bits| Const Bits|
    +-------------------------------------------------------------------------+----+----+-----+-----------+
    |Height_val_read_reg_366                                                  |  12|   0|   12|          0|
    |VideoFormat_val_read_reg_362                                             |   6|   0|    6|          0|
    |ap_CS_fsm                                                                |   4|   0|    4|          0|
    |ap_done_reg                                                              |   1|   0|    1|          0|
    |grp_Bytes2MultiPixStream_Pipeline_VITIS_LOOP_1696_1_fu_179_ap_start_reg  |   1|   0|    1|          0|
    |grp_Bytes2MultiPixStream_Pipeline_VITIS_LOOP_1734_4_fu_168_ap_start_reg  |   1|   0|    1|          0|
    |reg_220                                                                  |  12|   0|   12|          0|
    |start_once_reg                                                           |   1|   0|    1|          0|
    |sub185_reg_401                                                           |  13|   0|   13|          0|
    |sub309_reg_384                                                           |  13|   0|   13|          0|
    |xor_ln1686_reg_396                                                       |   1|   0|    1|          0|
    |xor_ln1724_reg_379                                                       |   1|   0|    1|          0|
    |y_1_fu_142                                                               |  12|   0|   12|          0|
    |y_fu_146                                                                 |  12|   0|   12|          0|
    +-------------------------------------------------------------------------+----+----+-----+-----------+
    |Total                                                                    |  90|   0|   90|          0|
    +-------------------------------------------------------------------------+----+----+-----+-----------+



================================================================
== Interface
================================================================
* Summary: 
+---------------------------+-----+-----+------------+----------------------+--------------+
|         RTL Ports         | Dir | Bits|  Protocol  |     Source Object    |    C Type    |
+---------------------------+-----+-----+------------+----------------------+--------------+
|ap_clk                     |   in|    1|  ap_ctrl_hs|  Bytes2MultiPixStream|  return value|
|ap_rst                     |   in|    1|  ap_ctrl_hs|  Bytes2MultiPixStream|  return value|
|ap_start                   |   in|    1|  ap_ctrl_hs|  Bytes2MultiPixStream|  return value|
|start_full_n               |   in|    1|  ap_ctrl_hs|  Bytes2MultiPixStream|  return value|
|ap_done                    |  out|    1|  ap_ctrl_hs|  Bytes2MultiPixStream|  return value|
|ap_continue                |   in|    1|  ap_ctrl_hs|  Bytes2MultiPixStream|  return value|
|ap_idle                    |  out|    1|  ap_ctrl_hs|  Bytes2MultiPixStream|  return value|
|ap_ready                   |  out|    1|  ap_ctrl_hs|  Bytes2MultiPixStream|  return value|
|start_out                  |  out|    1|  ap_ctrl_hs|  Bytes2MultiPixStream|  return value|
|start_write                |  out|    1|  ap_ctrl_hs|  Bytes2MultiPixStream|  return value|
|bytePlanes_dout            |   in|   64|     ap_fifo|            bytePlanes|       pointer|
|bytePlanes_empty_n         |   in|    1|     ap_fifo|            bytePlanes|       pointer|
|bytePlanes_read            |  out|    1|     ap_fifo|            bytePlanes|       pointer|
|bytePlanes_num_data_valid  |   in|   11|     ap_fifo|            bytePlanes|       pointer|
|bytePlanes_fifo_cap        |   in|   11|     ap_fifo|            bytePlanes|       pointer|
|img_din                    |  out|   32|     ap_fifo|                   img|       pointer|
|img_full_n                 |   in|    1|     ap_fifo|                   img|       pointer|
|img_write                  |  out|    1|     ap_fifo|                   img|       pointer|
|img_num_data_valid         |   in|   32|     ap_fifo|                   img|       pointer|
|img_fifo_cap               |   in|   32|     ap_fifo|                   img|       pointer|
|Height_val                 |   in|   12|   ap_stable|            Height_val|        scalar|
|WidthInBytes_val           |   in|   15|   ap_stable|      WidthInBytes_val|        scalar|
|VideoFormat_val            |   in|    6|   ap_stable|       VideoFormat_val|        scalar|
+---------------------------+-----+-----+------------+----------------------+--------------+

