

================================================================
== Vitis HLS Report for 'MultiPixStream2AXIvideo_Pipeline_VITIS_LOOP_460_2'
================================================================
* Date:           Sat Sep  6 13:57:13 2025

* Version:        2025.1 (Build 6135595 on May 21 2025)
* Project:        prj
* Solution:       sol (Vivado IP Flow Target)
* Product family: zynquplus
* Target device:  xczu3eg-sfvc784-1-e


================================================================
== Performance Estimates
================================================================
+ Timing: 
    * Summary: 
    +--------+---------+----------+------------+
    |  Clock |  Target | Estimated| Uncertainty|
    +--------+---------+----------+------------+
    |ap_clk  |  5.00 ns|  2.935 ns|     1.35 ns|
    +--------+---------+----------+------------+

+ Latency: 
    * Summary: 
    +---------+---------+-----------+-----------+-----+------+------------------------------------------------+
    |  Latency (cycles) |   Latency (absolute)  |  Interval  |                    Pipeline                    |
    |   min   |   max   |    min    |    max    | min |  max |                      Type                      |
    +---------+---------+-----------+-----------+-----+------+------------------------------------------------+
    |        3|     3843|  15.000 ns|  19.215 us|    1|  3841|  loop auto-rewind stp (delay=0 clock cycles(s))|
    +---------+---------+-----------+-----------+-----+------+------------------------------------------------+

    + Detail: 
        * Instance: 
        N/A

        * Loop: 
        +--------------------+---------+---------+----------+-----------+-----------+----------+----------+
        |                    |  Latency (cycles) | Iteration|  Initiation Interval  |   Trip   |          |
        |      Loop Name     |   min   |   max   |  Latency |  achieved |   target  |   Count  | Pipelined|
        +--------------------+---------+---------+----------+-----------+-----------+----------+----------+
        |- VITIS_LOOP_460_2  |        1|     3841|         2|          1|          1|  0 ~ 3840|       yes|
        +--------------------+---------+---------+----------+-----------+-----------+----------+----------+



================================================================
== Utilization Estimates
================================================================
* Summary: 
+-----------------+---------+-----+--------+-------+-----+
|       Name      | BRAM_18K| DSP |   FF   |  LUT  | URAM|
+-----------------+---------+-----+--------+-------+-----+
|DSP              |        -|    -|       -|      -|    -|
|Expression       |        -|    -|       0|     90|    -|
|FIFO             |        -|    -|       -|      -|    -|
|Instance         |        -|    -|       -|      -|    -|
|Memory           |        -|    -|       -|      -|    -|
|Multiplexer      |        -|    -|       0|     63|    -|
|Register         |        -|    -|      20|      -|    -|
+-----------------+---------+-----+--------+-------+-----+
|Total            |        0|    0|      20|    153|    0|
+-----------------+---------+-----+--------+-------+-----+
|Available        |      432|  360|  141120|  70560|    0|
+-----------------+---------+-----+--------+-------+-----+
|Utilization (%)  |        0|    0|      ~0|     ~0|    0|
+-----------------+---------+-----+--------+-------+-----+

+ Detail: 
    * Instance: 
    N/A

    * DSP: 
    N/A

    * Memory: 
    N/A

    * FIFO: 
    N/A

    * Expression: 
    +---------------------------------------+----------+----+---+----+------------+------------+
    |             Variable Name             | Operation| DSP| FF| LUT| Bitwidth P0| Bitwidth P1|
    +---------------------------------------+----------+----+---+----+------------+------------+
    |j_2_fu_183_p2                          |         +|   0|  0|  19|          12|           1|
    |ap_block_pp0_stage0_01001_grp1         |       and|   0|  0|   2|           1|           1|
    |ap_condition_233                       |       and|   0|  0|   2|           1|           1|
    |axi_last_fu_193_p2                     |      icmp|   0|  0|  20|          13|          13|
    |icmp_ln460_fu_177_p2                   |      icmp|   0|  0|  19|          12|          12|
    |ap_block_state2_pp0_stage0_iter1_grp1  |        or|   0|  0|   2|           1|           1|
    |select_ln485_1_fu_245_p3               |    select|   0|  0|   8|           1|           8|
    |select_ln485_2_fu_252_p3               |    select|   0|  0|   8|           1|           8|
    |select_ln485_fu_238_p3                 |    select|   0|  0|   8|           1|           8|
    |ap_enable_pp0                          |       xor|   0|  0|   2|           1|           2|
    +---------------------------------------+----------+----+---+----+------------+------------+
    |Total                                  |          |   0|  0|  90|          44|          55|
    +---------------------------------------+----------+----+---+----+------------+------------+

    * Multiplexer: 
    +----------------------------------+----+-----------+-----+-----------+
    |               Name               | LUT| Input Size| Bits| Total Bits|
    +----------------------------------+----+-----------+-----+-----------+
    |ap_done_int                       |   9|          2|    1|          2|
    |ap_loop_exit_ready_pp0_iter1_reg  |   9|          2|    1|          2|
    |ap_sig_allocacmp_j_1              |   9|          2|   12|         24|
    |img_blk_n                         |   9|          2|    1|          2|
    |j_fu_94                           |   9|          2|   12|         24|
    |m_axis_video_TDATA_blk_n          |   9|          2|    1|          2|
    |sof_2_reg_157                     |   9|          2|    1|          2|
    +----------------------------------+----+-----------+-----+-----------+
    |Total                             |  63|         14|   29|         58|
    +----------------------------------+----+-----------+-----+-----------+

    * Register: 
    +----------------------------------+----+----+-----+-----------+
    |               Name               | FF | LUT| Bits| Const Bits|
    +----------------------------------+----+----+-----+-----------+
    |ap_CS_fsm                         |   1|   0|    1|          0|
    |ap_done_reg                       |   1|   0|    1|          0|
    |ap_enable_reg_pp0_iter1           |   1|   0|    1|          0|
    |ap_loop_exit_ready_pp0_iter1_reg  |   1|   0|    1|          0|
    |axi_last_reg_295                  |   1|   0|    1|          0|
    |icmp_ln460_reg_291                |   1|   0|    1|          0|
    |j_fu_94                           |  12|   0|   12|          0|
    |sof_2_reg_157                     |   1|   0|    1|          0|
    |thr_or17_read_reg_279             |   1|   0|    1|          0|
    +----------------------------------+----+----+-----+-----------+
    |Total                             |  20|   0|   20|          0|
    +----------------------------------+----+----+-----+-----------+



================================================================
== Interface
================================================================
* Summary: 
+---------------------+-----+-----+------------+---------------------------------------------------+--------------+
|      RTL Ports      | Dir | Bits|  Protocol  |                   Source Object                   |    C Type    |
+---------------------+-----+-----+------------+---------------------------------------------------+--------------+
|ap_clk               |   in|    1|  ap_ctrl_hs|  MultiPixStream2AXIvideo_Pipeline_VITIS_LOOP_460_2|  return value|
|ap_rst               |   in|    1|  ap_ctrl_hs|  MultiPixStream2AXIvideo_Pipeline_VITIS_LOOP_460_2|  return value|
|ap_start             |   in|    1|  ap_ctrl_hs|  MultiPixStream2AXIvideo_Pipeline_VITIS_LOOP_460_2|  return value|
|ap_done              |  out|    1|  ap_ctrl_hs|  MultiPixStream2AXIvideo_Pipeline_VITIS_LOOP_460_2|  return value|
|ap_idle              |  out|    1|  ap_ctrl_hs|  MultiPixStream2AXIvideo_Pipeline_VITIS_LOOP_460_2|  return value|
|ap_ready             |  out|    1|  ap_ctrl_hs|  MultiPixStream2AXIvideo_Pipeline_VITIS_LOOP_460_2|  return value|
|img_dout             |   in|   32|     ap_fifo|                                                img|       pointer|
|img_empty_n          |   in|    1|     ap_fifo|                                                img|       pointer|
|img_read             |  out|    1|     ap_fifo|                                                img|       pointer|
|img_num_data_valid   |   in|    3|     ap_fifo|                                                img|       pointer|
|img_fifo_cap         |   in|    3|     ap_fifo|                                                img|       pointer|
|m_axis_video_TREADY  |   in|    1|        axis|                              m_axis_video_V_data_V|       pointer|
|m_axis_video_TDATA   |  out|   32|        axis|                              m_axis_video_V_data_V|       pointer|
|sof                  |   in|    1|     ap_none|                                                sof|        scalar|
|cols                 |   in|   12|     ap_none|                                               cols|        scalar|
|sub                  |   in|   13|     ap_none|                                                sub|        scalar|
|thr_or17             |   in|    1|   ap_stable|                                           thr_or17|        scalar|
|m_axis_video_TVALID  |  out|    1|        axis|                              m_axis_video_V_dest_V|       pointer|
|m_axis_video_TDEST   |  out|    1|        axis|                              m_axis_video_V_dest_V|       pointer|
|m_axis_video_TKEEP   |  out|    4|        axis|                              m_axis_video_V_keep_V|       pointer|
|m_axis_video_TSTRB   |  out|    4|        axis|                              m_axis_video_V_strb_V|       pointer|
|m_axis_video_TUSER   |  out|    1|        axis|                              m_axis_video_V_user_V|       pointer|
|m_axis_video_TLAST   |  out|    1|        axis|                              m_axis_video_V_last_V|       pointer|
|m_axis_video_TID     |  out|    1|        axis|                                m_axis_video_V_id_V|       pointer|
+---------------------+-----+-----+------------+---------------------------------------------------+--------------+

