

================================================================
== Vitis HLS Report for 'AXIvideo2MultiPixStream_1'
================================================================
* Date:           Sat Sep  6 13:59:16 2025

* Version:        2025.1 (Build 6135595 on May 21 2025)
* Project:        prj
* Solution:       sol (Vivado IP Flow Target)
* Product family: zynquplus
* Target device:  xczu3eg-sfvc784-1-e


================================================================
== Performance Estimates
================================================================
+ Timing: 
    * Summary: 
    +--------+---------+----------+------------+
    |  Clock |  Target | Estimated| Uncertainty|
    +--------+---------+----------+------------+
    |ap_clk  |  5.00 ns|  2.412 ns|     1.35 ns|
    +--------+---------+----------+------------+

+ Latency: 
    * Summary: 
    +---------+---------+-----------+-----------+-----+---------+---------+
    |  Latency (cycles) |   Latency (absolute)  |    Interval   | Pipeline|
    |   min   |   max   |    min    |    max    | min |   max   |   Type  |
    +---------+---------+-----------+-----------+-----+---------+---------+
    |        2|  8316006|  10.000 ns|  41.580 ms|    2|  8316006|       no|
    +---------+---------+-----------+-----------+-----+---------+---------+

    + Detail: 
        * Instance: 
        +-------------------------------------------------------------------+--------------------------------------------------------+---------+---------+-----------+-----------+-----+------+------------------------------------------------+
        |                                                                   |                                                        |  Latency (cycles) |   Latency (absolute)  |  Interval  |                    Pipeline                    |
        |                              Instance                             |                         Module                         |   min   |   max   |    min    |    max    | min |  max |                      Type                      |
        +-------------------------------------------------------------------+--------------------------------------------------------+---------+---------+-----------+-----------+-----+------+------------------------------------------------+
        |grp_AXIvideo2MultiPixStream_1_Pipeline_loop_wait_for_start_fu_142  |AXIvideo2MultiPixStream_1_Pipeline_loop_wait_for_start  |        2|        2|  10.000 ns|  10.000 ns|    1|     1|  loop auto-rewind stp (delay=0 clock cycles(s))|
        |grp_AXIvideo2MultiPixStream_1_Pipeline_loop_width_fu_162           |AXIvideo2MultiPixStream_1_Pipeline_loop_width           |        3|     3843|  15.000 ns|  19.215 us|    1|  3841|  loop auto-rewind stp (delay=0 clock cycles(s))|
        |grp_AXIvideo2MultiPixStream_1_Pipeline_loop_wait_for_eol_fu_190    |AXIvideo2MultiPixStream_1_Pipeline_loop_wait_for_eol    |        2|        2|  10.000 ns|  10.000 ns|    1|     1|  loop auto-rewind stp (delay=0 clock cycles(s))|
        |grp_reg_unsigned_short_1_fu_213                                    |reg_unsigned_short_1                                    |        1|        1|   5.000 ns|   5.000 ns|    1|     1|                                             yes|
        |grp_reg_unsigned_short_1_fu_219                                    |reg_unsigned_short_1                                    |        1|        1|   5.000 ns|   5.000 ns|    1|     1|                                             yes|
        +-------------------------------------------------------------------+--------------------------------------------------------+---------+---------+-----------+-----------+-----+------+------------------------------------------------+

        * Loop: 
        +---------------+---------+---------+-----------+-----------+-----------+----------+----------+
        |               |  Latency (cycles) | Iteration |  Initiation Interval  |   Trip   |          |
        |   Loop Name   |   min   |   max   |  Latency  |  achieved |   target  |   Count  | Pipelined|
        +---------------+---------+---------+-----------+-----------+-----------+----------+----------+
        |- loop_height  |        0|  8316000|  10 ~ 3850|          -|          -|  0 ~ 2160|        no|
        +---------------+---------+---------+-----------+-----------+-----------+----------+----------+

============================================================
+ Verbose Summary: Synthesis Manager
============================================================
InlineROM: 1
ExposeGlobal: 0
============================================================
+ Verbose Summary: CDFG Model
============================================================
IsTopModel: 0
ResetActiveHigh: 1
IsCombinational: 2
IsDatapathOnly: 0
HasWiredReturn: 1
HasMFsm: 0
HasVarLatency: 1
IsPipeline: 0
IsRtlPipelined: 0
IsInstanceOverlapped: 0
IsDontTouch: 0
HasImplIP: 0
IsGatedGlobalClock: 0


============================================================
+ Verbose Summary: Schedule
============================================================
* Number of FSM states : 9
* Pipeline : 0
* Dataflow Pipeline: 0

* FSM state transitions: 
1 --> 2 
2 --> 3 5 
3 --> 4 
4 --> 5 
5 --> 6 
6 --> 7 
7 --> 8 
8 --> 9 
9 --> 5 

* FSM state operations: 

State 1 <SV = 0> <Delay = 0.00>
ST_1 : Operation 10 [1/1] (0.00ns)   --->   "%WidthIn_read = read i12 @_ssdm_op_Read.ap_auto.i12, i12 %WidthIn"   --->   Operation 10 'read' 'WidthIn_read' <Predicate = true> <Delay = 0.00>
ST_1 : Operation 11 [1/1] (0.00ns)   --->   "%Height_read = read i12 @_ssdm_op_Read.ap_auto.i12, i12 %Height"   --->   Operation 11 'read' 'Height_read' <Predicate = true> <Delay = 0.00>
ST_1 : Operation 12 [1/1] (0.00ns)   --->   "%axi_last_4_loc = alloca i32 1"   --->   Operation 12 'alloca' 'axi_last_4_loc' <Predicate = true> <Delay = 0.00>
ST_1 : Operation 13 [1/1] (0.00ns)   --->   "%axi_data_11_loc = alloca i32 1"   --->   Operation 13 'alloca' 'axi_data_11_loc' <Predicate = true> <Delay = 0.00>
ST_1 : Operation 14 [1/1] (0.00ns)   --->   "%eol_loc = alloca i32 1"   --->   Operation 14 'alloca' 'eol_loc' <Predicate = true> <Delay = 0.00>
ST_1 : Operation 15 [1/1] (0.00ns)   --->   "%axi_last_loc = alloca i32 1"   --->   Operation 15 'alloca' 'axi_last_loc' <Predicate = true> <Delay = 0.00>
ST_1 : Operation 16 [2/2] (0.00ns)   --->   "%rows = call i12 @reg<unsigned short>1, i12 %Height_read" [/home/e/Documents/research/byotee/OSDZU3_Ref_Design/OSDZU3_Ref_Design.runs/design_1_v_mix_0_0_synth_1/prj/sol/.autopilot/db/v_mix.cpp:3366]   --->   Operation 16 'call' 'rows' <Predicate = true> <Delay = 0.00> <CoreType = "Generic">   --->   Generic Core
ST_1 : Operation 17 [2/2] (0.00ns)   --->   "%cols = call i12 @reg<unsigned short>1, i12 %WidthIn_read" [/home/e/Documents/research/byotee/OSDZU3_Ref_Design/OSDZU3_Ref_Design.runs/design_1_v_mix_0_0_synth_1/prj/sol/.autopilot/db/v_mix.cpp:3367]   --->   Operation 17 'call' 'cols' <Predicate = true> <Delay = 0.00> <CoreType = "Generic">   --->   Generic Core

State 2 <SV = 1> <Delay = 0.62>
ST_2 : Operation 18 [1/1] (0.00ns)   --->   "%layerEnableFlag_read = read i1 @_ssdm_op_Read.ap_auto.i1, i1 %layerEnableFlag"   --->   Operation 18 'read' 'layerEnableFlag_read' <Predicate = true> <Delay = 0.00>
ST_2 : Operation 19 [1/1] (0.00ns)   --->   "%specstablecontent_ln0 = specstablecontent void @_ssdm_op_SpecStableContent, i1 %layerEnableFlag, i1 1, void @p_str"   --->   Operation 19 'specstablecontent' 'specstablecontent_ln0' <Predicate = true> <Delay = 0.00>
ST_2 : Operation 20 [1/1] (0.00ns)   --->   "%specaxissidechannel_ln0 = specaxissidechannel void @_ssdm_op_SpecAXISSideChannel, i24 %s_axis_video_V_data_V, i3 %s_axis_video_V_keep_V, i3 %s_axis_video_V_strb_V, i1 %s_axis_video_V_user_V, i1 %s_axis_video_V_last_V, i1 %s_axis_video_V_id_V, i1 %s_axis_video_V_dest_V, void @empty_49"   --->   Operation 20 'specaxissidechannel' 'specaxissidechannel_ln0' <Predicate = true> <Delay = 0.00>
ST_2 : Operation 21 [1/1] (0.00ns)   --->   "%specstablecontent_ln0 = specstablecontent void @_ssdm_op_SpecStableContent, i12 %Height, i1 1, void "   --->   Operation 21 'specstablecontent' 'specstablecontent_ln0' <Predicate = true> <Delay = 0.00>
ST_2 : Operation 22 [1/1] (0.00ns)   --->   "%specstablecontent_ln0 = specstablecontent void @_ssdm_op_SpecStableContent, i12 %WidthIn, i1 1, void "   --->   Operation 22 'specstablecontent' 'specstablecontent_ln0' <Predicate = true> <Delay = 0.00>
ST_2 : Operation 23 [1/1] (0.00ns)   --->   "%specinterface_ln0 = specinterface void @_ssdm_op_SpecInterface, i24 %srcLayer0, void @empty_42, i32 0, i32 0, void @empty_0, i32 0, i32 0, void @empty_0, void @empty_0, void @empty_0, i32 0, i32 0, i32 0, i32 0, void @empty_0, void @empty_0, i32 4294967295, i32 0, i32 0"   --->   Operation 23 'specinterface' 'specinterface_ln0' <Predicate = true> <Delay = 0.00>
ST_2 : Operation 24 [1/1] (0.00ns)   --->   "%specinterface_ln0 = specinterface void @_ssdm_op_SpecInterface, i24 %s_axis_video_V_data_V, i3 %s_axis_video_V_keep_V, i3 %s_axis_video_V_strb_V, i1 %s_axis_video_V_user_V, i1 %s_axis_video_V_last_V, i1 %s_axis_video_V_id_V, i1 %s_axis_video_V_dest_V, void @empty_10, i32 0, i32 0, void @empty_2, i32 0, i32 0, void @empty_0, void @empty_0, void @empty_0, i32 0, i32 0, i32 0, i32 0, void @empty_0, void @empty_0, i32 4294967295, i32 0, i32 0"   --->   Operation 24 'specinterface' 'specinterface_ln0' <Predicate = true> <Delay = 0.00>
ST_2 : Operation 25 [1/2] (0.00ns)   --->   "%rows = call i12 @reg<unsigned short>1, i12 %Height_read" [/home/e/Documents/research/byotee/OSDZU3_Ref_Design/OSDZU3_Ref_Design.runs/design_1_v_mix_0_0_synth_1/prj/sol/.autopilot/db/v_mix.cpp:3366]   --->   Operation 25 'call' 'rows' <Predicate = true> <Delay = 0.00> <CoreType = "Generic">   --->   Generic Core
ST_2 : Operation 26 [1/2] (0.00ns)   --->   "%cols = call i12 @reg<unsigned short>1, i12 %WidthIn_read" [/home/e/Documents/research/byotee/OSDZU3_Ref_Design/OSDZU3_Ref_Design.runs/design_1_v_mix_0_0_synth_1/prj/sol/.autopilot/db/v_mix.cpp:3367]   --->   Operation 26 'call' 'cols' <Predicate = true> <Delay = 0.00> <CoreType = "Generic">   --->   Generic Core
ST_2 : Operation 27 [1/1] (0.00ns)   --->   "%br_ln3376 = br i1 %layerEnableFlag_read, void %if.end73, void %while.cond.preheader" [/home/e/Documents/research/byotee/OSDZU3_Ref_Design/OSDZU3_Ref_Design.runs/design_1_v_mix_0_0_synth_1/prj/sol/.autopilot/db/v_mix.cpp:3376]   --->   Operation 27 'br' 'br_ln3376' <Predicate = true> <Delay = 0.00>
ST_2 : Operation 28 [1/1] (0.00ns)   --->   "%axi_data = alloca i32 1" [/home/e/Documents/research/byotee/OSDZU3_Ref_Design/OSDZU3_Ref_Design.runs/design_1_v_mix_0_0_synth_1/prj/sol/.autopilot/db/v_mix.cpp:3362]   --->   Operation 28 'alloca' 'axi_data' <Predicate = (layerEnableFlag_read)> <Delay = 0.00>
ST_2 : Operation 29 [1/1] (0.00ns)   --->   "%i = alloca i32 1" [/home/e/Documents/research/byotee/OSDZU3_Ref_Design/OSDZU3_Ref_Design.runs/design_1_v_mix_0_0_synth_1/prj/sol/.autopilot/db/v_mix.cpp:3387]   --->   Operation 29 'alloca' 'i' <Predicate = (layerEnableFlag_read)> <Delay = 0.00>
ST_2 : Operation 30 [2/2] (0.62ns)   --->   "%call_ln0 = call void @AXIvideo2MultiPixStream.1_Pipeline_loop_wait_for_start, i24 %s_axis_video_V_data_V, i3 %s_axis_video_V_keep_V, i3 %s_axis_video_V_strb_V, i1 %s_axis_video_V_user_V, i1 %s_axis_video_V_last_V, i1 %s_axis_video_V_id_V, i1 %s_axis_video_V_dest_V, i24 %axi_data, i1 %axi_last_loc"   --->   Operation 30 'call' 'call_ln0' <Predicate = (layerEnableFlag_read)> <Delay = 0.62> <CoreType = "Generic">   --->   Generic Core
ST_2 : Operation 31 [1/1] (0.48ns)   --->   "%store_ln3387 = store i12 0, i12 %i" [/home/e/Documents/research/byotee/OSDZU3_Ref_Design/OSDZU3_Ref_Design.runs/design_1_v_mix_0_0_synth_1/prj/sol/.autopilot/db/v_mix.cpp:3387]   --->   Operation 31 'store' 'store_ln3387' <Predicate = (layerEnableFlag_read)> <Delay = 0.48>

State 3 <SV = 2> <Delay = 0.97>
ST_3 : Operation 32 [1/2] (0.97ns)   --->   "%call_ln0 = call void @AXIvideo2MultiPixStream.1_Pipeline_loop_wait_for_start, i24 %s_axis_video_V_data_V, i3 %s_axis_video_V_keep_V, i3 %s_axis_video_V_strb_V, i1 %s_axis_video_V_user_V, i1 %s_axis_video_V_last_V, i1 %s_axis_video_V_id_V, i1 %s_axis_video_V_dest_V, i24 %axi_data, i1 %axi_last_loc"   --->   Operation 32 'call' 'call_ln0' <Predicate = true> <Delay = 0.97> <CoreType = "Generic">   --->   Generic Core

State 4 <SV = 3> <Delay = 1.29>
ST_4 : Operation 33 [1/1] (0.00ns)   --->   "%fence_ln3362 = fence void @_ssdm_op_Fence, i24 %s_axis_video_V_data_V, i3 %s_axis_video_V_keep_V, i3 %s_axis_video_V_strb_V, i1 %s_axis_video_V_user_V, i1 %s_axis_video_V_last_V, i1 %s_axis_video_V_id_V, i1 %s_axis_video_V_dest_V, i32 4294967295, i24 %s_axis_video_V_data_V, i3 %s_axis_video_V_keep_V, i3 %s_axis_video_V_strb_V, i1 %s_axis_video_V_user_V, i1 %s_axis_video_V_last_V, i1 %s_axis_video_V_id_V, i1 %s_axis_video_V_dest_V, i24 %srcLayer0, i32 0" [/home/e/Documents/research/byotee/OSDZU3_Ref_Design/OSDZU3_Ref_Design.runs/design_1_v_mix_0_0_synth_1/prj/sol/.autopilot/db/v_mix.cpp:3362]   --->   Operation 33 'fence' 'fence_ln3362' <Predicate = true> <Delay = 0.00>
ST_4 : Operation 34 [1/1] (0.00ns)   --->   "%axi_last_loc_load = load i1 %axi_last_loc"   --->   Operation 34 'load' 'axi_last_loc_load' <Predicate = true> <Delay = 0.00>
ST_4 : Operation 35 [1/1] (0.96ns)   --->   "%cmp10403 = icmp_ne  i12 %cols, i12 0" [/home/e/Documents/research/byotee/OSDZU3_Ref_Design/OSDZU3_Ref_Design.runs/design_1_v_mix_0_0_synth_1/prj/sol/.autopilot/db/v_mix.cpp:3367]   --->   Operation 35 'icmp' 'cmp10403' <Predicate = true> <Delay = 0.96> <CoreInst = "Cmp">   --->   Core 9 'Cmp' <Latency = 0> <II = 1> <Delay = 0.96> <FuncUnit> <Opcode : 'seteq' 'setne' 'setle' 'setge' 'setlt' 'setgt'> <InPorts = 2> <OutPorts = 1>
ST_4 : Operation 36 [1/1] (0.33ns)   --->   "%xor_ln3436 = xor i1 %cmp10403, i1 1" [/home/e/Documents/research/byotee/OSDZU3_Ref_Design/OSDZU3_Ref_Design.runs/design_1_v_mix_0_0_synth_1/prj/sol/.autopilot/db/v_mix.cpp:3436]   --->   Operation 36 'xor' 'xor_ln3436' <Predicate = true> <Delay = 0.33> <CoreInst = "LogicGate">   --->   Core 74 'LogicGate' <Latency = 0> <II = 1> <Delay = 0.33> <FuncUnit> <Opcode : 'and' 'or' 'xor'> <InPorts = 2> <OutPorts = 1>
ST_4 : Operation 37 [1/1] (0.48ns)   --->   "%br_ln3387 = br void %loop_width" [/home/e/Documents/research/byotee/OSDZU3_Ref_Design/OSDZU3_Ref_Design.runs/design_1_v_mix_0_0_synth_1/prj/sol/.autopilot/db/v_mix.cpp:3387]   --->   Operation 37 'br' 'br_ln3387' <Predicate = true> <Delay = 0.48>

State 5 <SV = 4> <Delay = 2.41>
ST_5 : Operation 38 [1/1] (0.00ns)   --->   "%sof = phi i1 1, void %while.cond.preheader, i1 %and_ln3436, void %for.body12.lr.ph" [/home/e/Documents/research/byotee/OSDZU3_Ref_Design/OSDZU3_Ref_Design.runs/design_1_v_mix_0_0_synth_1/prj/sol/.autopilot/db/v_mix.cpp:3436]   --->   Operation 38 'phi' 'sof' <Predicate = (layerEnableFlag_read)> <Delay = 0.00>
ST_5 : Operation 39 [1/1] (0.00ns)   --->   "%axi_last_12 = phi i1 %axi_last_loc_load, void %while.cond.preheader, i1 %axi_last_4_loc_load, void %for.body12.lr.ph"   --->   Operation 39 'phi' 'axi_last_12' <Predicate = (layerEnableFlag_read)> <Delay = 0.00>
ST_5 : Operation 40 [1/1] (0.00ns)   --->   "%i_5 = load i12 %i" [/home/e/Documents/research/byotee/OSDZU3_Ref_Design/OSDZU3_Ref_Design.runs/design_1_v_mix_0_0_synth_1/prj/sol/.autopilot/db/v_mix.cpp:3387]   --->   Operation 40 'load' 'i_5' <Predicate = (layerEnableFlag_read)> <Delay = 0.00>
ST_5 : Operation 41 [1/1] (0.96ns)   --->   "%icmp_ln3387 = icmp_eq  i12 %i_5, i12 %rows" [/home/e/Documents/research/byotee/OSDZU3_Ref_Design/OSDZU3_Ref_Design.runs/design_1_v_mix_0_0_synth_1/prj/sol/.autopilot/db/v_mix.cpp:3387]   --->   Operation 41 'icmp' 'icmp_ln3387' <Predicate = (layerEnableFlag_read)> <Delay = 0.96> <CoreInst = "Cmp">   --->   Core 9 'Cmp' <Latency = 0> <II = 1> <Delay = 0.96> <FuncUnit> <Opcode : 'seteq' 'setne' 'setle' 'setge' 'setlt' 'setgt'> <InPorts = 2> <OutPorts = 1>
ST_5 : Operation 42 [1/1] (0.00ns)   --->   "%speclooptripcount_ln0 = speclooptripcount void @_ssdm_op_SpecLoopTripCount, i64 0, i64 2160, i64 0"   --->   Operation 42 'speclooptripcount' 'speclooptripcount_ln0' <Predicate = (layerEnableFlag_read)> <Delay = 0.00>
ST_5 : Operation 43 [1/1] (0.96ns)   --->   "%i_6 = add i12 %i_5, i12 1" [/home/e/Documents/research/byotee/OSDZU3_Ref_Design/OSDZU3_Ref_Design.runs/design_1_v_mix_0_0_synth_1/prj/sol/.autopilot/db/v_mix.cpp:3387]   --->   Operation 43 'add' 'i_6' <Predicate = (layerEnableFlag_read)> <Delay = 0.96> <CoreInst = "Adder">   --->   Core 1 'Adder' <Latency = 0> <II = 1> <Delay = 0.96> <FuncUnit> <Opcode : 'add' 'sub'> <InPorts = 2> <OutPorts = 1>
ST_5 : Operation 44 [1/1] (0.00ns)   --->   "%br_ln3387 = br i1 %icmp_ln3387, void %for.body12.lr.ph, void %if.end73.loopexit" [/home/e/Documents/research/byotee/OSDZU3_Ref_Design/OSDZU3_Ref_Design.runs/design_1_v_mix_0_0_synth_1/prj/sol/.autopilot/db/v_mix.cpp:3387]   --->   Operation 44 'br' 'br_ln3387' <Predicate = (layerEnableFlag_read)> <Delay = 0.00>
ST_5 : Operation 45 [1/1] (0.00ns)   --->   "%axi_data_load = load i24 %axi_data"   --->   Operation 45 'load' 'axi_data_load' <Predicate = (layerEnableFlag_read & !icmp_ln3387)> <Delay = 0.00>
ST_5 : Operation 46 [2/2] (1.45ns)   --->   "%call_ln3436 = call void @AXIvideo2MultiPixStream.1_Pipeline_loop_width, i1 %sof, i1 %axi_last_12, i24 %axi_data_load, i12 %cols, i24 %srcLayer0, i24 %s_axis_video_V_data_V, i3 %s_axis_video_V_keep_V, i3 %s_axis_video_V_strb_V, i1 %s_axis_video_V_user_V, i1 %s_axis_video_V_last_V, i1 %s_axis_video_V_id_V, i1 %s_axis_video_V_dest_V, i1 %eol_loc, i24 %axi_data_11_loc" [/home/e/Documents/research/byotee/OSDZU3_Ref_Design/OSDZU3_Ref_Design.runs/design_1_v_mix_0_0_synth_1/prj/sol/.autopilot/db/v_mix.cpp:3436]   --->   Operation 46 'call' 'call_ln3436' <Predicate = (layerEnableFlag_read & !icmp_ln3387)> <Delay = 1.45> <CoreType = "Generic">   --->   Generic Core
ST_5 : Operation 47 [1/1] (0.33ns)   --->   "%and_ln3436 = and i1 %sof, i1 %xor_ln3436" [/home/e/Documents/research/byotee/OSDZU3_Ref_Design/OSDZU3_Ref_Design.runs/design_1_v_mix_0_0_synth_1/prj/sol/.autopilot/db/v_mix.cpp:3436]   --->   Operation 47 'and' 'and_ln3436' <Predicate = (layerEnableFlag_read & !icmp_ln3387)> <Delay = 0.33> <CoreInst = "LogicGate">   --->   Core 74 'LogicGate' <Latency = 0> <II = 1> <Delay = 0.33> <FuncUnit> <Opcode : 'and' 'or' 'xor'> <InPorts = 2> <OutPorts = 1>
ST_5 : Operation 48 [1/1] (0.48ns)   --->   "%store_ln3387 = store i12 %i_6, i12 %i" [/home/e/Documents/research/byotee/OSDZU3_Ref_Design/OSDZU3_Ref_Design.runs/design_1_v_mix_0_0_synth_1/prj/sol/.autopilot/db/v_mix.cpp:3387]   --->   Operation 48 'store' 'store_ln3387' <Predicate = (layerEnableFlag_read & !icmp_ln3387)> <Delay = 0.48>
ST_5 : Operation 49 [1/1] (0.00ns)   --->   "%br_ln0 = br void %if.end73"   --->   Operation 49 'br' 'br_ln0' <Predicate = (layerEnableFlag_read & icmp_ln3387)> <Delay = 0.00>
ST_5 : Operation 50 [1/1] (0.00ns)   --->   "%ret_ln0 = ret"   --->   Operation 50 'ret' 'ret_ln0' <Predicate = (icmp_ln3387) | (!layerEnableFlag_read)> <Delay = 0.00>

State 6 <SV = 5> <Delay = 0.00>
ST_6 : Operation 51 [1/2] (0.00ns)   --->   "%call_ln3436 = call void @AXIvideo2MultiPixStream.1_Pipeline_loop_width, i1 %sof, i1 %axi_last_12, i24 %axi_data_load, i12 %cols, i24 %srcLayer0, i24 %s_axis_video_V_data_V, i3 %s_axis_video_V_keep_V, i3 %s_axis_video_V_strb_V, i1 %s_axis_video_V_user_V, i1 %s_axis_video_V_last_V, i1 %s_axis_video_V_id_V, i1 %s_axis_video_V_dest_V, i1 %eol_loc, i24 %axi_data_11_loc" [/home/e/Documents/research/byotee/OSDZU3_Ref_Design/OSDZU3_Ref_Design.runs/design_1_v_mix_0_0_synth_1/prj/sol/.autopilot/db/v_mix.cpp:3436]   --->   Operation 51 'call' 'call_ln3436' <Predicate = true> <Delay = 0.00> <CoreType = "Generic">   --->   Generic Core

State 7 <SV = 6> <Delay = 0.88>
ST_7 : Operation 52 [1/1] (0.00ns)   --->   "%fence_ln3436 = fence void @_ssdm_op_Fence, i24 %s_axis_video_V_data_V, i3 %s_axis_video_V_keep_V, i3 %s_axis_video_V_strb_V, i1 %s_axis_video_V_user_V, i1 %s_axis_video_V_last_V, i1 %s_axis_video_V_id_V, i1 %s_axis_video_V_dest_V, i24 %srcLayer0, i32 4294967295, i24 %s_axis_video_V_data_V, i3 %s_axis_video_V_keep_V, i3 %s_axis_video_V_strb_V, i1 %s_axis_video_V_user_V, i1 %s_axis_video_V_last_V, i1 %s_axis_video_V_id_V, i1 %s_axis_video_V_dest_V, i32 0" [/home/e/Documents/research/byotee/OSDZU3_Ref_Design/OSDZU3_Ref_Design.runs/design_1_v_mix_0_0_synth_1/prj/sol/.autopilot/db/v_mix.cpp:3436]   --->   Operation 52 'fence' 'fence_ln3436' <Predicate = true> <Delay = 0.00>
ST_7 : Operation 53 [1/1] (0.00ns)   --->   "%eol_loc_load = load i1 %eol_loc"   --->   Operation 53 'load' 'eol_loc_load' <Predicate = true> <Delay = 0.00>
ST_7 : Operation 54 [1/1] (0.00ns)   --->   "%axi_data_11_loc_load = load i24 %axi_data_11_loc"   --->   Operation 54 'load' 'axi_data_11_loc_load' <Predicate = true> <Delay = 0.00>
ST_7 : Operation 55 [1/1] (0.26ns)   --->   "%select_ln3436 = select i1 %cmp10403, i1 %eol_loc_load, i1 %axi_last_12" [/home/e/Documents/research/byotee/OSDZU3_Ref_Design/OSDZU3_Ref_Design.runs/design_1_v_mix_0_0_synth_1/prj/sol/.autopilot/db/v_mix.cpp:3436]   --->   Operation 55 'select' 'select_ln3436' <Predicate = true> <Delay = 0.26> <CoreInst = "Sel">   --->   Core 73 'Sel' <Latency = 0> <II = 1> <Delay = 0.26> <FuncUnit> <Opcode : 'select'> <InPorts = 3> <OutPorts = 1>
ST_7 : Operation 56 [1/1] (0.00ns)   --->   "%fence_ln3436 = fence void @_ssdm_op_Fence, i24 %s_axis_video_V_data_V, i3 %s_axis_video_V_keep_V, i3 %s_axis_video_V_strb_V, i1 %s_axis_video_V_user_V, i1 %s_axis_video_V_last_V, i1 %s_axis_video_V_id_V, i1 %s_axis_video_V_dest_V, i24 %srcLayer0, i32 4294967295, i24 %s_axis_video_V_data_V, i3 %s_axis_video_V_keep_V, i3 %s_axis_video_V_strb_V, i1 %s_axis_video_V_user_V, i1 %s_axis_video_V_last_V, i1 %s_axis_video_V_id_V, i1 %s_axis_video_V_dest_V, i32 0" [/home/e/Documents/research/byotee/OSDZU3_Ref_Design/OSDZU3_Ref_Design.runs/design_1_v_mix_0_0_synth_1/prj/sol/.autopilot/db/v_mix.cpp:3436]   --->   Operation 56 'fence' 'fence_ln3436' <Predicate = true> <Delay = 0.00>
ST_7 : Operation 57 [2/2] (0.62ns)   --->   "%call_ln3436 = call void @AXIvideo2MultiPixStream.1_Pipeline_loop_wait_for_eol, i24 %axi_data_11_loc_load, i1 %select_ln3436, i1 %eol_loc_load, i24 %s_axis_video_V_data_V, i3 %s_axis_video_V_keep_V, i3 %s_axis_video_V_strb_V, i1 %s_axis_video_V_user_V, i1 %s_axis_video_V_last_V, i1 %s_axis_video_V_id_V, i1 %s_axis_video_V_dest_V, i24 %axi_data, i1 %axi_last_4_loc" [/home/e/Documents/research/byotee/OSDZU3_Ref_Design/OSDZU3_Ref_Design.runs/design_1_v_mix_0_0_synth_1/prj/sol/.autopilot/db/v_mix.cpp:3436]   --->   Operation 57 'call' 'call_ln3436' <Predicate = true> <Delay = 0.62> <CoreType = "Generic">   --->   Generic Core

State 8 <SV = 7> <Delay = 0.97>
ST_8 : Operation 58 [1/2] (0.97ns)   --->   "%call_ln3436 = call void @AXIvideo2MultiPixStream.1_Pipeline_loop_wait_for_eol, i24 %axi_data_11_loc_load, i1 %select_ln3436, i1 %eol_loc_load, i24 %s_axis_video_V_data_V, i3 %s_axis_video_V_keep_V, i3 %s_axis_video_V_strb_V, i1 %s_axis_video_V_user_V, i1 %s_axis_video_V_last_V, i1 %s_axis_video_V_id_V, i1 %s_axis_video_V_dest_V, i24 %axi_data, i1 %axi_last_4_loc" [/home/e/Documents/research/byotee/OSDZU3_Ref_Design/OSDZU3_Ref_Design.runs/design_1_v_mix_0_0_synth_1/prj/sol/.autopilot/db/v_mix.cpp:3436]   --->   Operation 58 'call' 'call_ln3436' <Predicate = true> <Delay = 0.97> <CoreType = "Generic">   --->   Generic Core

State 9 <SV = 8> <Delay = 0.00>
ST_9 : Operation 59 [1/1] (0.00ns)   --->   "%specloopname_ln3387 = specloopname void @_ssdm_op_SpecLoopName, void @empty_35" [/home/e/Documents/research/byotee/OSDZU3_Ref_Design/OSDZU3_Ref_Design.runs/design_1_v_mix_0_0_synth_1/prj/sol/.autopilot/db/v_mix.cpp:3387]   --->   Operation 59 'specloopname' 'specloopname_ln3387' <Predicate = true> <Delay = 0.00>
ST_9 : Operation 60 [1/1] (0.00ns)   --->   "%axi_last_4_loc_load = load i1 %axi_last_4_loc"   --->   Operation 60 'load' 'axi_last_4_loc_load' <Predicate = true> <Delay = 0.00>
ST_9 : Operation 61 [1/1] (0.00ns)   --->   "%br_ln3387 = br void %loop_width" [/home/e/Documents/research/byotee/OSDZU3_Ref_Design/OSDZU3_Ref_Design.runs/design_1_v_mix_0_0_synth_1/prj/sol/.autopilot/db/v_mix.cpp:3387]   --->   Operation 61 'br' 'br_ln3387' <Predicate = true> <Delay = 0.00>


============================================================
+ Verbose Summary: Binding
============================================================
STG Binding: 
---------------- STG Properties BEGIN ----------------
- Is combinational: 0
- Is one-state seq: 0
- Is datapath-only: 0
- Is pipelined: 0
- Is top level: 0
Port [ Return ] is wired: 1; IO mode=ap_ctrl_hs:ce=0
Port [ s_axis_video_V_data_V]:  wired=1; compound=1; hidden=0; nouse=0; global=0; static=0; extern=0; dir=0; type=0; pingpong=0; private_global=0; IO mode=axis:ce=0
Port [ s_axis_video_V_keep_V]:  wired=1; compound=1; hidden=0; nouse=0; global=0; static=0; extern=0; dir=0; type=0; pingpong=0; private_global=0; IO mode=axis:ce=0
Port [ s_axis_video_V_strb_V]:  wired=1; compound=1; hidden=0; nouse=0; global=0; static=0; extern=0; dir=0; type=0; pingpong=0; private_global=0; IO mode=axis:ce=0
Port [ s_axis_video_V_user_V]:  wired=1; compound=1; hidden=0; nouse=0; global=0; static=0; extern=0; dir=0; type=0; pingpong=0; private_global=0; IO mode=axis:ce=0
Port [ s_axis_video_V_last_V]:  wired=1; compound=1; hidden=0; nouse=0; global=0; static=0; extern=0; dir=0; type=0; pingpong=0; private_global=0; IO mode=axis:ce=0
Port [ s_axis_video_V_id_V]:  wired=1; compound=1; hidden=0; nouse=0; global=0; static=0; extern=0; dir=0; type=0; pingpong=0; private_global=0; IO mode=axis:ce=0
Port [ s_axis_video_V_dest_V]:  wired=1; compound=1; hidden=0; nouse=0; global=0; static=0; extern=0; dir=0; type=0; pingpong=0; private_global=0; IO mode=axis:ce=0
Port [ srcLayer0]:  wired=1; compound=1; hidden=0; nouse=0; global=0; static=0; extern=0; dir=1; type=3; pingpong=0; private_global=0; IO mode=ap_fifo:ce=0
Port [ Height]:  wired=1; compound=0; hidden=0; nouse=0; global=0; static=0; extern=0; dir=0; type=0; pingpong=0; private_global=0; IO mode=ap_stable:ce=0
Port [ WidthIn]:  wired=1; compound=0; hidden=0; nouse=0; global=0; static=0; extern=0; dir=0; type=0; pingpong=0; private_global=0; IO mode=ap_stable:ce=0
Port [ layerEnableFlag]:  wired=1; compound=0; hidden=0; nouse=0; global=0; static=0; extern=0; dir=0; type=0; pingpong=0; private_global=0; IO mode=ap_stable:ce=0
---------------- STG Properties END ------------------

---------------- Datapath Model BEGIN ----------------

<LifeTime>
<method=bitvector/>
WidthIn_read            (read               ) [ 0010000000]
Height_read             (read               ) [ 0010000000]
axi_last_4_loc          (alloca             ) [ 0011111111]
axi_data_11_loc         (alloca             ) [ 0011111111]
eol_loc                 (alloca             ) [ 0011111111]
axi_last_loc            (alloca             ) [ 0011100000]
layerEnableFlag_read    (read               ) [ 0011111111]
specstablecontent_ln0   (specstablecontent  ) [ 0000000000]
specaxissidechannel_ln0 (specaxissidechannel) [ 0000000000]
specstablecontent_ln0   (specstablecontent  ) [ 0000000000]
specstablecontent_ln0   (specstablecontent  ) [ 0000000000]
specinterface_ln0       (specinterface      ) [ 0000000000]
specinterface_ln0       (specinterface      ) [ 0000000000]
rows                    (call               ) [ 0001111111]
cols                    (call               ) [ 0001111111]
br_ln3376               (br                 ) [ 0000000000]
axi_data                (alloca             ) [ 0011111111]
i                       (alloca             ) [ 0011111111]
store_ln3387            (store              ) [ 0000000000]
call_ln0                (call               ) [ 0000000000]
fence_ln3362            (fence              ) [ 0000000000]
axi_last_loc_load       (load               ) [ 0000111111]
cmp10403                (icmp               ) [ 0000011111]
xor_ln3436              (xor                ) [ 0000011111]
br_ln3387               (br                 ) [ 0000111111]
sof                     (phi                ) [ 0000011000]
axi_last_12             (phi                ) [ 0000011100]
i_5                     (load               ) [ 0000000000]
icmp_ln3387             (icmp               ) [ 0000011111]
speclooptripcount_ln0   (speclooptripcount  ) [ 0000000000]
i_6                     (add                ) [ 0000000000]
br_ln3387               (br                 ) [ 0000000000]
axi_data_load           (load               ) [ 0000001000]
and_ln3436              (and                ) [ 0000111111]
store_ln3387            (store              ) [ 0000000000]
br_ln0                  (br                 ) [ 0000000000]
ret_ln0                 (ret                ) [ 0000000000]
call_ln3436             (call               ) [ 0000000000]
fence_ln3436            (fence              ) [ 0000000000]
eol_loc_load            (load               ) [ 0000000010]
axi_data_11_loc_load    (load               ) [ 0000000010]
select_ln3436           (select             ) [ 0000000010]
fence_ln3436            (fence              ) [ 0000000000]
call_ln3436             (call               ) [ 0000000000]
specloopname_ln3387     (specloopname       ) [ 0000000000]
axi_last_4_loc_load     (load               ) [ 0000111111]
br_ln3387               (br                 ) [ 0000111111]
</LifeTime>

<model>

<comp_list>
<comp id="0" class="1000" name="s_axis_video_V_data_V">
<pin_list>
<pin id="1" dir="1" index="0" bw="1" slack="0"/>
</pin_list>
<bind>
<StgValue><ssdm name="s_axis_video_V_data_V"/></StgValue>
</bind>
</comp>

<comp id="2" class="1000" name="s_axis_video_V_keep_V">
<pin_list>
<pin id="3" dir="1" index="0" bw="1" slack="0"/>
</pin_list>
<bind>
<StgValue><ssdm name="s_axis_video_V_keep_V"/></StgValue>
</bind>
</comp>

<comp id="4" class="1000" name="s_axis_video_V_strb_V">
<pin_list>
<pin id="5" dir="1" index="0" bw="1" slack="0"/>
</pin_list>
<bind>
<StgValue><ssdm name="s_axis_video_V_strb_V"/></StgValue>
</bind>
</comp>

<comp id="6" class="1000" name="s_axis_video_V_user_V">
<pin_list>
<pin id="7" dir="1" index="0" bw="1" slack="0"/>
</pin_list>
<bind>
<StgValue><ssdm name="s_axis_video_V_user_V"/></StgValue>
</bind>
</comp>

<comp id="8" class="1000" name="s_axis_video_V_last_V">
<pin_list>
<pin id="9" dir="1" index="0" bw="1" slack="0"/>
</pin_list>
<bind>
<StgValue><ssdm name="s_axis_video_V_last_V"/></StgValue>
</bind>
</comp>

<comp id="10" class="1000" name="s_axis_video_V_id_V">
<pin_list>
<pin id="11" dir="1" index="0" bw="1" slack="0"/>
</pin_list>
<bind>
<StgValue><ssdm name="s_axis_video_V_id_V"/></StgValue>
</bind>
</comp>

<comp id="12" class="1000" name="s_axis_video_V_dest_V">
<pin_list>
<pin id="13" dir="1" index="0" bw="1" slack="0"/>
</pin_list>
<bind>
<StgValue><ssdm name="s_axis_video_V_dest_V"/></StgValue>
</bind>
</comp>

<comp id="14" class="1000" name="srcLayer0">
<pin_list>
<pin id="15" dir="1" index="0" bw="1" slack="0"/>
</pin_list>
<bind>
<StgValue><ssdm name="srcLayer0"/></StgValue>
</bind>
</comp>

<comp id="16" class="1000" name="Height">
<pin_list>
<pin id="17" dir="1" index="0" bw="1" slack="0"/>
</pin_list>
<bind>
<StgValue><ssdm name="Height"/></StgValue>
</bind>
</comp>

<comp id="18" class="1000" name="WidthIn">
<pin_list>
<pin id="19" dir="1" index="0" bw="1" slack="0"/>
</pin_list>
<bind>
<StgValue><ssdm name="WidthIn"/></StgValue>
</bind>
</comp>

<comp id="20" class="1000" name="layerEnableFlag">
<pin_list>
<pin id="21" dir="1" index="0" bw="1" slack="0"/>
</pin_list>
<bind>
<StgValue><ssdm name="layerEnableFlag"/></StgValue>
</bind>
</comp>

<comp id="22" class="1001" name="const_22">
<pin_list>
<pin id="23" dir="1" index="0" bw="1" slack="0"/>
</pin_list>
<bind>
<StgValue><ssdm name="_ssdm_op_Read.ap_auto.i12"/></StgValue>
</bind>
</comp>

<comp id="24" class="1001" name="const_24">
<pin_list>
<pin id="25" dir="1" index="0" bw="1" slack="0"/>
</pin_list>
<bind>
<StgValue><ssdm name=""/></StgValue>
</bind>
</comp>

<comp id="26" class="1001" name="const_26">
<pin_list>
<pin id="27" dir="1" index="0" bw="1" slack="0"/>
</pin_list>
<bind>
<StgValue><ssdm name="reg<unsigned short>1"/></StgValue>
</bind>
</comp>

<comp id="28" class="1001" name="const_28">
<pin_list>
<pin id="29" dir="1" index="0" bw="1" slack="0"/>
</pin_list>
<bind>
<StgValue><ssdm name="_ssdm_op_Read.ap_auto.i1"/></StgValue>
</bind>
</comp>

<comp id="30" class="1001" name="const_30">
<pin_list>
<pin id="31" dir="1" index="0" bw="1" slack="2147483647"/>
</pin_list>
<bind>
<StgValue><ssdm name="_ssdm_op_SpecStableContent"/></StgValue>
</bind>
</comp>

<comp id="32" class="1001" name="const_32">
<pin_list>
<pin id="33" dir="1" index="0" bw="1" slack="0"/>
</pin_list>
<bind>
<StgValue><ssdm name=""/></StgValue>
</bind>
</comp>

<comp id="34" class="1001" name="const_34">
<pin_list>
<pin id="35" dir="1" index="0" bw="1" slack="2147483647"/>
</pin_list>
<bind>
<StgValue><ssdm name="p_str"/></StgValue>
</bind>
</comp>

<comp id="36" class="1001" name="const_36">
<pin_list>
<pin id="37" dir="1" index="0" bw="1" slack="2147483647"/>
</pin_list>
<bind>
<StgValue><ssdm name="_ssdm_op_SpecAXISSideChannel"/></StgValue>
</bind>
</comp>

<comp id="38" class="1001" name="const_38">
<pin_list>
<pin id="39" dir="1" index="0" bw="1" slack="2147483647"/>
</pin_list>
<bind>
<StgValue><ssdm name="empty_49"/></StgValue>
</bind>
</comp>

<comp id="40" class="1001" name="const_40">
<pin_list>
<pin id="41" dir="1" index="0" bw="1" slack="2147483647"/>
</pin_list>
<bind>
<StgValue><ssdm name=""/></StgValue>
</bind>
</comp>

<comp id="42" class="1001" name="const_42">
<pin_list>
<pin id="43" dir="1" index="0" bw="1" slack="2147483647"/>
</pin_list>
<bind>
<StgValue><ssdm name="_ssdm_op_SpecInterface"/></StgValue>
</bind>
</comp>

<comp id="44" class="1001" name="const_44">
<pin_list>
<pin id="45" dir="1" index="0" bw="1" slack="2147483647"/>
</pin_list>
<bind>
<StgValue><ssdm name="empty_42"/></StgValue>
</bind>
</comp>

<comp id="46" class="1001" name="const_46">
<pin_list>
<pin id="47" dir="1" index="0" bw="1" slack="0"/>
</pin_list>
<bind>
<StgValue><ssdm name=""/></StgValue>
</bind>
</comp>

<comp id="48" class="1001" name="const_48">
<pin_list>
<pin id="49" dir="1" index="0" bw="1" slack="2147483647"/>
</pin_list>
<bind>
<StgValue><ssdm name="empty_0"/></StgValue>
</bind>
</comp>

<comp id="50" class="1001" name="const_50">
<pin_list>
<pin id="51" dir="1" index="0" bw="1" slack="0"/>
</pin_list>
<bind>
<StgValue><ssdm name=""/></StgValue>
</bind>
</comp>

<comp id="52" class="1001" name="const_52">
<pin_list>
<pin id="53" dir="1" index="0" bw="1" slack="2147483647"/>
</pin_list>
<bind>
<StgValue><ssdm name="empty_10"/></StgValue>
</bind>
</comp>

<comp id="54" class="1001" name="const_54">
<pin_list>
<pin id="55" dir="1" index="0" bw="1" slack="2147483647"/>
</pin_list>
<bind>
<StgValue><ssdm name="empty_2"/></StgValue>
</bind>
</comp>

<comp id="56" class="1001" name="const_56">
<pin_list>
<pin id="57" dir="1" index="0" bw="1" slack="0"/>
</pin_list>
<bind>
<StgValue><ssdm name="AXIvideo2MultiPixStream.1_Pipeline_loop_wait_for_start"/></StgValue>
</bind>
</comp>

<comp id="58" class="1001" name="const_58">
<pin_list>
<pin id="59" dir="1" index="0" bw="1" slack="0"/>
</pin_list>
<bind>
<StgValue><ssdm name=""/></StgValue>
</bind>
</comp>

<comp id="60" class="1001" name="const_60">
<pin_list>
<pin id="61" dir="1" index="0" bw="1" slack="0"/>
</pin_list>
<bind>
<StgValue><ssdm name="_ssdm_op_Fence"/></StgValue>
</bind>
</comp>

<comp id="62" class="1001" name="const_62">
<pin_list>
<pin id="63" dir="1" index="0" bw="1" slack="2147483647"/>
</pin_list>
<bind>
<StgValue><ssdm name="_ssdm_op_SpecLoopTripCount"/></StgValue>
</bind>
</comp>

<comp id="64" class="1001" name="const_64">
<pin_list>
<pin id="65" dir="1" index="0" bw="1" slack="2147483647"/>
</pin_list>
<bind>
<StgValue><ssdm name=""/></StgValue>
</bind>
</comp>

<comp id="66" class="1001" name="const_66">
<pin_list>
<pin id="67" dir="1" index="0" bw="1" slack="2147483647"/>
</pin_list>
<bind>
<StgValue><ssdm name=""/></StgValue>
</bind>
</comp>

<comp id="68" class="1001" name="const_68">
<pin_list>
<pin id="69" dir="1" index="0" bw="1" slack="0"/>
</pin_list>
<bind>
<StgValue><ssdm name=""/></StgValue>
</bind>
</comp>

<comp id="70" class="1001" name="const_70">
<pin_list>
<pin id="71" dir="1" index="0" bw="1" slack="0"/>
</pin_list>
<bind>
<StgValue><ssdm name="AXIvideo2MultiPixStream.1_Pipeline_loop_width"/></StgValue>
</bind>
</comp>

<comp id="72" class="1001" name="const_72">
<pin_list>
<pin id="73" dir="1" index="0" bw="1" slack="0"/>
</pin_list>
<bind>
<StgValue><ssdm name="AXIvideo2MultiPixStream.1_Pipeline_loop_wait_for_eol"/></StgValue>
</bind>
</comp>

<comp id="74" class="1001" name="const_74">
<pin_list>
<pin id="75" dir="1" index="0" bw="1" slack="2147483647"/>
</pin_list>
<bind>
<StgValue><ssdm name="_ssdm_op_SpecLoopName"/></StgValue>
</bind>
</comp>

<comp id="76" class="1001" name="const_76">
<pin_list>
<pin id="77" dir="1" index="0" bw="1" slack="2147483647"/>
</pin_list>
<bind>
<StgValue><ssdm name="empty_35"/></StgValue>
</bind>
</comp>

<comp id="78" class="1004" name="axi_last_4_loc_fu_78">
<pin_list>
<pin id="79" dir="0" index="0" bw="1" slack="0"/>
<pin id="80" dir="1" index="1" bw="1" slack="6"/>
</pin_list>
<bind>
<opcode="alloca(26) " fcode="alloca"/>
<opset="axi_last_4_loc/1 "/>
</bind>
</comp>

<comp id="82" class="1004" name="axi_data_11_loc_fu_82">
<pin_list>
<pin id="83" dir="0" index="0" bw="1" slack="0"/>
<pin id="84" dir="1" index="1" bw="24" slack="4"/>
</pin_list>
<bind>
<opcode="alloca(26) " fcode="alloca"/>
<opset="axi_data_11_loc/1 "/>
</bind>
</comp>

<comp id="86" class="1004" name="eol_loc_fu_86">
<pin_list>
<pin id="87" dir="0" index="0" bw="1" slack="0"/>
<pin id="88" dir="1" index="1" bw="1" slack="4"/>
</pin_list>
<bind>
<opcode="alloca(26) " fcode="alloca"/>
<opset="eol_loc/1 "/>
</bind>
</comp>

<comp id="90" class="1004" name="axi_last_loc_fu_90">
<pin_list>
<pin id="91" dir="0" index="0" bw="1" slack="0"/>
<pin id="92" dir="1" index="1" bw="1" slack="1"/>
</pin_list>
<bind>
<opcode="alloca(26) " fcode="alloca"/>
<opset="axi_last_loc/1 "/>
</bind>
</comp>

<comp id="94" class="1004" name="axi_data_fu_94">
<pin_list>
<pin id="95" dir="0" index="0" bw="1" slack="0"/>
<pin id="96" dir="1" index="1" bw="24" slack="0"/>
</pin_list>
<bind>
<opcode="alloca(26) " fcode="alloca"/>
<opset="axi_data/2 "/>
</bind>
</comp>

<comp id="98" class="1004" name="i_fu_98">
<pin_list>
<pin id="99" dir="0" index="0" bw="1" slack="0"/>
<pin id="100" dir="1" index="1" bw="12" slack="0"/>
</pin_list>
<bind>
<opcode="alloca(26) " fcode="alloca"/>
<opset="i/2 "/>
</bind>
</comp>

<comp id="102" class="1004" name="WidthIn_read_read_fu_102">
<pin_list>
<pin id="103" dir="0" index="0" bw="12" slack="0"/>
<pin id="104" dir="0" index="1" bw="12" slack="0"/>
<pin id="105" dir="1" index="2" bw="12" slack="0"/>
</pin_list>
<bind>
<opcode="read(1150) " fcode="read"/>
<opset="WidthIn_read/1 "/>
</bind>
</comp>

<comp id="108" class="1004" name="Height_read_read_fu_108">
<pin_list>
<pin id="109" dir="0" index="0" bw="12" slack="0"/>
<pin id="110" dir="0" index="1" bw="12" slack="0"/>
<pin id="111" dir="1" index="2" bw="12" slack="0"/>
</pin_list>
<bind>
<opcode="read(1150) " fcode="read"/>
<opset="Height_read/1 "/>
</bind>
</comp>

<comp id="114" class="1004" name="layerEnableFlag_read_read_fu_114">
<pin_list>
<pin id="115" dir="0" index="0" bw="1" slack="0"/>
<pin id="116" dir="0" index="1" bw="1" slack="0"/>
<pin id="117" dir="1" index="2" bw="1" slack="3"/>
</pin_list>
<bind>
<opcode="read(1150) " fcode="read"/>
<opset="layerEnableFlag_read/2 "/>
</bind>
</comp>

<comp id="120" class="1005" name="sof_reg_120">
<pin_list>
<pin id="121" dir="0" index="0" bw="1" slack="1"/>
<pin id="122" dir="1" index="1" bw="1" slack="1"/>
</pin_list>
<bind>
<opset="sof (phireg) "/>
</bind>
</comp>

<comp id="124" class="1004" name="sof_phi_fu_124">
<pin_list>
<pin id="125" dir="0" index="0" bw="1" slack="1"/>
<pin id="126" dir="0" index="1" bw="0" slack="2147483647"/>
<pin id="127" dir="0" index="2" bw="1" slack="0"/>
<pin id="128" dir="0" index="3" bw="0" slack="2147483647"/>
<pin id="129" dir="1" index="4" bw="1" slack="0"/>
</pin_list>
<bind>
<opcode="phi(47) " fcode="phi"/>
<opset="sof/5 "/>
</bind>
</comp>

<comp id="132" class="1005" name="axi_last_12_reg_132">
<pin_list>
<pin id="133" dir="0" index="0" bw="1" slack="1"/>
<pin id="134" dir="1" index="1" bw="1" slack="2"/>
</pin_list>
<bind>
<opset="axi_last_12 (phireg) "/>
</bind>
</comp>

<comp id="135" class="1004" name="axi_last_12_phi_fu_135">
<pin_list>
<pin id="136" dir="0" index="0" bw="1" slack="2147483647"/>
<pin id="137" dir="0" index="1" bw="0" slack="2147483647"/>
<pin id="138" dir="0" index="2" bw="1" slack="2147483647"/>
<pin id="139" dir="0" index="3" bw="0" slack="2147483647"/>
<pin id="140" dir="1" index="4" bw="1" slack="0"/>
</pin_list>
<bind>
<opcode="phi(47) " fcode="phi"/>
<opset="axi_last_12/5 "/>
</bind>
</comp>

<comp id="142" class="1004" name="grp_AXIvideo2MultiPixStream_1_Pipeline_loop_wait_for_start_fu_142">
<pin_list>
<pin id="143" dir="0" index="0" bw="0" slack="0"/>
<pin id="144" dir="0" index="1" bw="24" slack="0"/>
<pin id="145" dir="0" index="2" bw="3" slack="0"/>
<pin id="146" dir="0" index="3" bw="3" slack="0"/>
<pin id="147" dir="0" index="4" bw="1" slack="0"/>
<pin id="148" dir="0" index="5" bw="1" slack="0"/>
<pin id="149" dir="0" index="6" bw="1" slack="0"/>
<pin id="150" dir="0" index="7" bw="1" slack="0"/>
<pin id="151" dir="0" index="8" bw="24" slack="0"/>
<pin id="152" dir="0" index="9" bw="1" slack="1"/>
<pin id="153" dir="1" index="10" bw="0" slack="2147483647"/>
</pin_list>
<bind>
<opcode="call(48) " fcode="call"/>
<opset="call_ln0/2 "/>
</bind>
</comp>

<comp id="162" class="1004" name="grp_AXIvideo2MultiPixStream_1_Pipeline_loop_width_fu_162">
<pin_list>
<pin id="163" dir="0" index="0" bw="0" slack="0"/>
<pin id="164" dir="0" index="1" bw="1" slack="0"/>
<pin id="165" dir="0" index="2" bw="1" slack="0"/>
<pin id="166" dir="0" index="3" bw="24" slack="0"/>
<pin id="167" dir="0" index="4" bw="12" slack="3"/>
<pin id="168" dir="0" index="5" bw="24" slack="0"/>
<pin id="169" dir="0" index="6" bw="24" slack="0"/>
<pin id="170" dir="0" index="7" bw="3" slack="0"/>
<pin id="171" dir="0" index="8" bw="3" slack="0"/>
<pin id="172" dir="0" index="9" bw="1" slack="0"/>
<pin id="173" dir="0" index="10" bw="1" slack="0"/>
<pin id="174" dir="0" index="11" bw="1" slack="0"/>
<pin id="175" dir="0" index="12" bw="1" slack="0"/>
<pin id="176" dir="0" index="13" bw="1" slack="4"/>
<pin id="177" dir="0" index="14" bw="24" slack="4"/>
<pin id="178" dir="1" index="15" bw="0" slack="2147483647"/>
</pin_list>
<bind>
<opcode="call(48) " fcode="call"/>
<opset="call_ln3436/5 "/>
</bind>
</comp>

<comp id="190" class="1004" name="grp_AXIvideo2MultiPixStream_1_Pipeline_loop_wait_for_eol_fu_190">
<pin_list>
<pin id="191" dir="0" index="0" bw="0" slack="0"/>
<pin id="192" dir="0" index="1" bw="24" slack="0"/>
<pin id="193" dir="0" index="2" bw="1" slack="0"/>
<pin id="194" dir="0" index="3" bw="1" slack="0"/>
<pin id="195" dir="0" index="4" bw="24" slack="0"/>
<pin id="196" dir="0" index="5" bw="3" slack="0"/>
<pin id="197" dir="0" index="6" bw="3" slack="0"/>
<pin id="198" dir="0" index="7" bw="1" slack="0"/>
<pin id="199" dir="0" index="8" bw="1" slack="0"/>
<pin id="200" dir="0" index="9" bw="1" slack="0"/>
<pin id="201" dir="0" index="10" bw="1" slack="0"/>
<pin id="202" dir="0" index="11" bw="24" slack="5"/>
<pin id="203" dir="0" index="12" bw="1" slack="6"/>
<pin id="204" dir="1" index="13" bw="0" slack="2147483647"/>
</pin_list>
<bind>
<opcode="call(48) " fcode="call"/>
<opset="call_ln3436/7 "/>
</bind>
</comp>

<comp id="213" class="1004" name="grp_reg_unsigned_short_1_fu_213">
<pin_list>
<pin id="214" dir="0" index="0" bw="12" slack="0"/>
<pin id="215" dir="0" index="1" bw="12" slack="0"/>
<pin id="216" dir="1" index="2" bw="12" slack="3"/>
</pin_list>
<bind>
<opcode="call(48) " fcode="call"/>
<opset="rows/1 "/>
</bind>
</comp>

<comp id="219" class="1004" name="grp_reg_unsigned_short_1_fu_219">
<pin_list>
<pin id="220" dir="0" index="0" bw="12" slack="0"/>
<pin id="221" dir="0" index="1" bw="12" slack="0"/>
<pin id="222" dir="1" index="2" bw="12" slack="2"/>
</pin_list>
<bind>
<opcode="call(48) " fcode="call"/>
<opset="cols/1 "/>
</bind>
</comp>

<comp id="225" class="1004" name="store_ln3387_store_fu_225">
<pin_list>
<pin id="226" dir="0" index="0" bw="1" slack="0"/>
<pin id="227" dir="0" index="1" bw="12" slack="0"/>
<pin id="228" dir="1" index="2" bw="0" slack="2147483647"/>
</pin_list>
<bind>
<opcode="store(28) " fcode="store"/>
<opset="store_ln3387/2 "/>
</bind>
</comp>

<comp id="230" class="1004" name="fence_ln3362_fu_230">
<pin_list>
<pin id="231" dir="0" index="0" bw="0" slack="0"/>
<pin id="232" dir="0" index="1" bw="24" slack="0"/>
<pin id="233" dir="0" index="2" bw="3" slack="0"/>
<pin id="234" dir="0" index="3" bw="3" slack="0"/>
<pin id="235" dir="0" index="4" bw="1" slack="0"/>
<pin id="236" dir="0" index="5" bw="1" slack="0"/>
<pin id="237" dir="0" index="6" bw="1" slack="0"/>
<pin id="238" dir="0" index="7" bw="1" slack="0"/>
<pin id="239" dir="0" index="8" bw="1" slack="0"/>
<pin id="240" dir="0" index="9" bw="24" slack="0"/>
<pin id="241" dir="0" index="10" bw="3" slack="0"/>
<pin id="242" dir="0" index="11" bw="3" slack="0"/>
<pin id="243" dir="0" index="12" bw="1" slack="0"/>
<pin id="244" dir="0" index="13" bw="1" slack="0"/>
<pin id="245" dir="0" index="14" bw="1" slack="0"/>
<pin id="246" dir="0" index="15" bw="1" slack="0"/>
<pin id="247" dir="0" index="16" bw="24" slack="0"/>
<pin id="248" dir="0" index="17" bw="1" slack="0"/>
<pin id="249" dir="1" index="18" bw="0" slack="2147483647"/>
</pin_list>
<bind>
<opcode="fence(30) " fcode="fence"/>
<opset="fence_ln3362/4 "/>
</bind>
</comp>

<comp id="268" class="1004" name="axi_last_loc_load_load_fu_268">
<pin_list>
<pin id="269" dir="0" index="0" bw="1" slack="3"/>
<pin id="270" dir="1" index="1" bw="1" slack="2147483647"/>
</pin_list>
<bind>
<opcode="load(27) " fcode="load"/>
<opset="axi_last_loc_load/4 "/>
</bind>
</comp>

<comp id="271" class="1004" name="cmp10403_fu_271">
<pin_list>
<pin id="272" dir="0" index="0" bw="12" slack="2"/>
<pin id="273" dir="0" index="1" bw="1" slack="0"/>
<pin id="274" dir="1" index="2" bw="1" slack="0"/>
</pin_list>
<bind>
<opcode="icmp(45) " fcode="icmp"/>
<opset="cmp10403/4 "/>
</bind>
</comp>

<comp id="276" class="1004" name="xor_ln3436_fu_276">
<pin_list>
<pin id="277" dir="0" index="0" bw="1" slack="0"/>
<pin id="278" dir="0" index="1" bw="1" slack="0"/>
<pin id="279" dir="1" index="2" bw="1" slack="1"/>
</pin_list>
<bind>
<opcode="xor(25) " fcode="xor"/>
<opset="xor_ln3436/4 "/>
</bind>
</comp>

<comp id="282" class="1004" name="i_5_load_fu_282">
<pin_list>
<pin id="283" dir="0" index="0" bw="12" slack="3"/>
<pin id="284" dir="1" index="1" bw="12" slack="0"/>
</pin_list>
<bind>
<opcode="load(27) " fcode="load"/>
<opset="i_5/5 "/>
</bind>
</comp>

<comp id="285" class="1004" name="icmp_ln3387_fu_285">
<pin_list>
<pin id="286" dir="0" index="0" bw="12" slack="0"/>
<pin id="287" dir="0" index="1" bw="12" slack="3"/>
<pin id="288" dir="1" index="2" bw="1" slack="2147483647"/>
</pin_list>
<bind>
<opcode="icmp(45) " fcode="icmp"/>
<opset="icmp_ln3387/5 "/>
</bind>
</comp>

<comp id="290" class="1004" name="i_6_fu_290">
<pin_list>
<pin id="291" dir="0" index="0" bw="12" slack="0"/>
<pin id="292" dir="0" index="1" bw="1" slack="0"/>
<pin id="293" dir="1" index="2" bw="12" slack="0"/>
</pin_list>
<bind>
<opcode="add(8) " fcode="add"/>
<opset="i_6/5 "/>
</bind>
</comp>

<comp id="296" class="1004" name="axi_data_load_load_fu_296">
<pin_list>
<pin id="297" dir="0" index="0" bw="24" slack="3"/>
<pin id="298" dir="1" index="1" bw="24" slack="0"/>
</pin_list>
<bind>
<opcode="load(27) " fcode="load"/>
<opset="axi_data_load/5 "/>
</bind>
</comp>

<comp id="300" class="1004" name="and_ln3436_fu_300">
<pin_list>
<pin id="301" dir="0" index="0" bw="1" slack="0"/>
<pin id="302" dir="0" index="1" bw="1" slack="1"/>
<pin id="303" dir="1" index="2" bw="1" slack="0"/>
</pin_list>
<bind>
<opcode="and(23) " fcode="and"/>
<opset="and_ln3436/5 "/>
</bind>
</comp>

<comp id="305" class="1004" name="store_ln3387_store_fu_305">
<pin_list>
<pin id="306" dir="0" index="0" bw="12" slack="0"/>
<pin id="307" dir="0" index="1" bw="12" slack="3"/>
<pin id="308" dir="1" index="2" bw="0" slack="2147483647"/>
</pin_list>
<bind>
<opcode="store(28) " fcode="store"/>
<opset="store_ln3387/5 "/>
</bind>
</comp>

<comp id="310" class="1004" name="fence_ln3436_fu_310">
<pin_list>
<pin id="311" dir="0" index="0" bw="0" slack="0"/>
<pin id="312" dir="0" index="1" bw="24" slack="0"/>
<pin id="313" dir="0" index="2" bw="3" slack="0"/>
<pin id="314" dir="0" index="3" bw="3" slack="0"/>
<pin id="315" dir="0" index="4" bw="1" slack="0"/>
<pin id="316" dir="0" index="5" bw="1" slack="0"/>
<pin id="317" dir="0" index="6" bw="1" slack="0"/>
<pin id="318" dir="0" index="7" bw="1" slack="0"/>
<pin id="319" dir="0" index="8" bw="24" slack="0"/>
<pin id="320" dir="0" index="9" bw="1" slack="0"/>
<pin id="321" dir="0" index="10" bw="24" slack="0"/>
<pin id="322" dir="0" index="11" bw="3" slack="0"/>
<pin id="323" dir="0" index="12" bw="3" slack="0"/>
<pin id="324" dir="0" index="13" bw="1" slack="0"/>
<pin id="325" dir="0" index="14" bw="1" slack="0"/>
<pin id="326" dir="0" index="15" bw="1" slack="0"/>
<pin id="327" dir="0" index="16" bw="1" slack="0"/>
<pin id="328" dir="0" index="17" bw="1" slack="0"/>
<pin id="329" dir="1" index="18" bw="0" slack="2147483647"/>
</pin_list>
<bind>
<opcode="fence(30) " fcode="fence"/>
<opset="fence_ln3436/7 "/>
</bind>
</comp>

<comp id="348" class="1004" name="eol_loc_load_load_fu_348">
<pin_list>
<pin id="349" dir="0" index="0" bw="1" slack="6"/>
<pin id="350" dir="1" index="1" bw="1" slack="0"/>
</pin_list>
<bind>
<opcode="load(27) " fcode="load"/>
<opset="eol_loc_load/7 "/>
</bind>
</comp>

<comp id="352" class="1004" name="axi_data_11_loc_load_load_fu_352">
<pin_list>
<pin id="353" dir="0" index="0" bw="24" slack="6"/>
<pin id="354" dir="1" index="1" bw="24" slack="0"/>
</pin_list>
<bind>
<opcode="load(27) " fcode="load"/>
<opset="axi_data_11_loc_load/7 "/>
</bind>
</comp>

<comp id="356" class="1004" name="select_ln3436_fu_356">
<pin_list>
<pin id="357" dir="0" index="0" bw="1" slack="3"/>
<pin id="358" dir="0" index="1" bw="1" slack="0"/>
<pin id="359" dir="0" index="2" bw="1" slack="2"/>
<pin id="360" dir="1" index="3" bw="1" slack="0"/>
</pin_list>
<bind>
<opcode="select(49) " fcode="select"/>
<opset="select_ln3436/7 "/>
</bind>
</comp>

<comp id="364" class="1004" name="fence_ln3436_fu_364">
<pin_list>
<pin id="365" dir="0" index="0" bw="0" slack="0"/>
<pin id="366" dir="0" index="1" bw="24" slack="0"/>
<pin id="367" dir="0" index="2" bw="3" slack="0"/>
<pin id="368" dir="0" index="3" bw="3" slack="0"/>
<pin id="369" dir="0" index="4" bw="1" slack="0"/>
<pin id="370" dir="0" index="5" bw="1" slack="0"/>
<pin id="371" dir="0" index="6" bw="1" slack="0"/>
<pin id="372" dir="0" index="7" bw="1" slack="0"/>
<pin id="373" dir="0" index="8" bw="24" slack="0"/>
<pin id="374" dir="0" index="9" bw="1" slack="0"/>
<pin id="375" dir="0" index="10" bw="24" slack="0"/>
<pin id="376" dir="0" index="11" bw="3" slack="0"/>
<pin id="377" dir="0" index="12" bw="3" slack="0"/>
<pin id="378" dir="0" index="13" bw="1" slack="0"/>
<pin id="379" dir="0" index="14" bw="1" slack="0"/>
<pin id="380" dir="0" index="15" bw="1" slack="0"/>
<pin id="381" dir="0" index="16" bw="1" slack="0"/>
<pin id="382" dir="0" index="17" bw="1" slack="0"/>
<pin id="383" dir="1" index="18" bw="0" slack="2147483647"/>
</pin_list>
<bind>
<opcode="fence(30) " fcode="fence"/>
<opset="fence_ln3436/7 "/>
</bind>
</comp>

<comp id="402" class="1004" name="axi_last_4_loc_load_load_fu_402">
<pin_list>
<pin id="403" dir="0" index="0" bw="1" slack="8"/>
<pin id="404" dir="1" index="1" bw="1" slack="2147483647"/>
</pin_list>
<bind>
<opcode="load(27) " fcode="load"/>
<opset="axi_last_4_loc_load/9 "/>
</bind>
</comp>

<comp id="405" class="1005" name="WidthIn_read_reg_405">
<pin_list>
<pin id="406" dir="0" index="0" bw="12" slack="1"/>
<pin id="407" dir="1" index="1" bw="12" slack="1"/>
</pin_list>
<bind>
<opset="WidthIn_read "/>
</bind>
</comp>

<comp id="410" class="1005" name="Height_read_reg_410">
<pin_list>
<pin id="411" dir="0" index="0" bw="12" slack="1"/>
<pin id="412" dir="1" index="1" bw="12" slack="1"/>
</pin_list>
<bind>
<opset="Height_read "/>
</bind>
</comp>

<comp id="415" class="1005" name="axi_last_4_loc_reg_415">
<pin_list>
<pin id="416" dir="0" index="0" bw="1" slack="6"/>
<pin id="417" dir="1" index="1" bw="1" slack="6"/>
</pin_list>
<bind>
<opset="axi_last_4_loc "/>
</bind>
</comp>

<comp id="421" class="1005" name="axi_data_11_loc_reg_421">
<pin_list>
<pin id="422" dir="0" index="0" bw="24" slack="4"/>
<pin id="423" dir="1" index="1" bw="24" slack="4"/>
</pin_list>
<bind>
<opset="axi_data_11_loc "/>
</bind>
</comp>

<comp id="427" class="1005" name="eol_loc_reg_427">
<pin_list>
<pin id="428" dir="0" index="0" bw="1" slack="4"/>
<pin id="429" dir="1" index="1" bw="1" slack="4"/>
</pin_list>
<bind>
<opset="eol_loc "/>
</bind>
</comp>

<comp id="433" class="1005" name="axi_last_loc_reg_433">
<pin_list>
<pin id="434" dir="0" index="0" bw="1" slack="1"/>
<pin id="435" dir="1" index="1" bw="1" slack="1"/>
</pin_list>
<bind>
<opset="axi_last_loc "/>
</bind>
</comp>

<comp id="439" class="1005" name="layerEnableFlag_read_reg_439">
<pin_list>
<pin id="440" dir="0" index="0" bw="1" slack="3"/>
<pin id="441" dir="1" index="1" bw="1" slack="2147483647"/>
</pin_list>
<bind>
<opset="layerEnableFlag_read "/>
</bind>
</comp>

<comp id="443" class="1005" name="rows_reg_443">
<pin_list>
<pin id="444" dir="0" index="0" bw="12" slack="3"/>
<pin id="445" dir="1" index="1" bw="12" slack="3"/>
</pin_list>
<bind>
<opset="rows "/>
</bind>
</comp>

<comp id="448" class="1005" name="cols_reg_448">
<pin_list>
<pin id="449" dir="0" index="0" bw="12" slack="2"/>
<pin id="450" dir="1" index="1" bw="12" slack="2"/>
</pin_list>
<bind>
<opset="cols "/>
</bind>
</comp>

<comp id="454" class="1005" name="axi_data_reg_454">
<pin_list>
<pin id="455" dir="0" index="0" bw="24" slack="0"/>
<pin id="456" dir="1" index="1" bw="24" slack="0"/>
</pin_list>
<bind>
<opset="axi_data "/>
</bind>
</comp>

<comp id="461" class="1005" name="i_reg_461">
<pin_list>
<pin id="462" dir="0" index="0" bw="12" slack="0"/>
<pin id="463" dir="1" index="1" bw="12" slack="0"/>
</pin_list>
<bind>
<opset="i "/>
</bind>
</comp>

<comp id="471" class="1005" name="cmp10403_reg_471">
<pin_list>
<pin id="472" dir="0" index="0" bw="1" slack="3"/>
<pin id="473" dir="1" index="1" bw="1" slack="3"/>
</pin_list>
<bind>
<opset="cmp10403 "/>
</bind>
</comp>

<comp id="476" class="1005" name="xor_ln3436_reg_476">
<pin_list>
<pin id="477" dir="0" index="0" bw="1" slack="1"/>
<pin id="478" dir="1" index="1" bw="1" slack="1"/>
</pin_list>
<bind>
<opset="xor_ln3436 "/>
</bind>
</comp>

<comp id="487" class="1005" name="and_ln3436_reg_487">
<pin_list>
<pin id="488" dir="0" index="0" bw="1" slack="0"/>
<pin id="489" dir="1" index="1" bw="1" slack="0"/>
</pin_list>
<bind>
<opset="and_ln3436 "/>
</bind>
</comp>

<comp id="498" class="1005" name="select_ln3436_reg_498">
<pin_list>
<pin id="499" dir="0" index="0" bw="1" slack="1"/>
<pin id="500" dir="1" index="1" bw="1" slack="1"/>
</pin_list>
<bind>
<opset="select_ln3436 "/>
</bind>
</comp>

</comp_list>

<net_list>
<net id="81"><net_src comp="24" pin="0"/><net_sink comp="78" pin=0"/></net>

<net id="85"><net_src comp="24" pin="0"/><net_sink comp="82" pin=0"/></net>

<net id="89"><net_src comp="24" pin="0"/><net_sink comp="86" pin=0"/></net>

<net id="93"><net_src comp="24" pin="0"/><net_sink comp="90" pin=0"/></net>

<net id="97"><net_src comp="24" pin="0"/><net_sink comp="94" pin=0"/></net>

<net id="101"><net_src comp="24" pin="0"/><net_sink comp="98" pin=0"/></net>

<net id="106"><net_src comp="22" pin="0"/><net_sink comp="102" pin=0"/></net>

<net id="107"><net_src comp="18" pin="0"/><net_sink comp="102" pin=1"/></net>

<net id="112"><net_src comp="22" pin="0"/><net_sink comp="108" pin=0"/></net>

<net id="113"><net_src comp="16" pin="0"/><net_sink comp="108" pin=1"/></net>

<net id="118"><net_src comp="28" pin="0"/><net_sink comp="114" pin=0"/></net>

<net id="119"><net_src comp="20" pin="0"/><net_sink comp="114" pin=1"/></net>

<net id="123"><net_src comp="32" pin="0"/><net_sink comp="120" pin=0"/></net>

<net id="130"><net_src comp="120" pin="1"/><net_sink comp="124" pin=0"/></net>

<net id="131"><net_src comp="124" pin="4"/><net_sink comp="120" pin=0"/></net>

<net id="141"><net_src comp="135" pin="4"/><net_sink comp="132" pin=0"/></net>

<net id="154"><net_src comp="56" pin="0"/><net_sink comp="142" pin=0"/></net>

<net id="155"><net_src comp="0" pin="0"/><net_sink comp="142" pin=1"/></net>

<net id="156"><net_src comp="2" pin="0"/><net_sink comp="142" pin=2"/></net>

<net id="157"><net_src comp="4" pin="0"/><net_sink comp="142" pin=3"/></net>

<net id="158"><net_src comp="6" pin="0"/><net_sink comp="142" pin=4"/></net>

<net id="159"><net_src comp="8" pin="0"/><net_sink comp="142" pin=5"/></net>

<net id="160"><net_src comp="10" pin="0"/><net_sink comp="142" pin=6"/></net>

<net id="161"><net_src comp="12" pin="0"/><net_sink comp="142" pin=7"/></net>

<net id="179"><net_src comp="70" pin="0"/><net_sink comp="162" pin=0"/></net>

<net id="180"><net_src comp="124" pin="4"/><net_sink comp="162" pin=1"/></net>

<net id="181"><net_src comp="135" pin="4"/><net_sink comp="162" pin=2"/></net>

<net id="182"><net_src comp="14" pin="0"/><net_sink comp="162" pin=5"/></net>

<net id="183"><net_src comp="0" pin="0"/><net_sink comp="162" pin=6"/></net>

<net id="184"><net_src comp="2" pin="0"/><net_sink comp="162" pin=7"/></net>

<net id="185"><net_src comp="4" pin="0"/><net_sink comp="162" pin=8"/></net>

<net id="186"><net_src comp="6" pin="0"/><net_sink comp="162" pin=9"/></net>

<net id="187"><net_src comp="8" pin="0"/><net_sink comp="162" pin=10"/></net>

<net id="188"><net_src comp="10" pin="0"/><net_sink comp="162" pin=11"/></net>

<net id="189"><net_src comp="12" pin="0"/><net_sink comp="162" pin=12"/></net>

<net id="205"><net_src comp="72" pin="0"/><net_sink comp="190" pin=0"/></net>

<net id="206"><net_src comp="0" pin="0"/><net_sink comp="190" pin=4"/></net>

<net id="207"><net_src comp="2" pin="0"/><net_sink comp="190" pin=5"/></net>

<net id="208"><net_src comp="4" pin="0"/><net_sink comp="190" pin=6"/></net>

<net id="209"><net_src comp="6" pin="0"/><net_sink comp="190" pin=7"/></net>

<net id="210"><net_src comp="8" pin="0"/><net_sink comp="190" pin=8"/></net>

<net id="211"><net_src comp="10" pin="0"/><net_sink comp="190" pin=9"/></net>

<net id="212"><net_src comp="12" pin="0"/><net_sink comp="190" pin=10"/></net>

<net id="217"><net_src comp="26" pin="0"/><net_sink comp="213" pin=0"/></net>

<net id="218"><net_src comp="108" pin="2"/><net_sink comp="213" pin=1"/></net>

<net id="223"><net_src comp="26" pin="0"/><net_sink comp="219" pin=0"/></net>

<net id="224"><net_src comp="102" pin="2"/><net_sink comp="219" pin=1"/></net>

<net id="229"><net_src comp="58" pin="0"/><net_sink comp="225" pin=0"/></net>

<net id="250"><net_src comp="60" pin="0"/><net_sink comp="230" pin=0"/></net>

<net id="251"><net_src comp="0" pin="0"/><net_sink comp="230" pin=1"/></net>

<net id="252"><net_src comp="2" pin="0"/><net_sink comp="230" pin=2"/></net>

<net id="253"><net_src comp="4" pin="0"/><net_sink comp="230" pin=3"/></net>

<net id="254"><net_src comp="6" pin="0"/><net_sink comp="230" pin=4"/></net>

<net id="255"><net_src comp="8" pin="0"/><net_sink comp="230" pin=5"/></net>

<net id="256"><net_src comp="10" pin="0"/><net_sink comp="230" pin=6"/></net>

<net id="257"><net_src comp="12" pin="0"/><net_sink comp="230" pin=7"/></net>

<net id="258"><net_src comp="50" pin="0"/><net_sink comp="230" pin=8"/></net>

<net id="259"><net_src comp="0" pin="0"/><net_sink comp="230" pin=9"/></net>

<net id="260"><net_src comp="2" pin="0"/><net_sink comp="230" pin=10"/></net>

<net id="261"><net_src comp="4" pin="0"/><net_sink comp="230" pin=11"/></net>

<net id="262"><net_src comp="6" pin="0"/><net_sink comp="230" pin=12"/></net>

<net id="263"><net_src comp="8" pin="0"/><net_sink comp="230" pin=13"/></net>

<net id="264"><net_src comp="10" pin="0"/><net_sink comp="230" pin=14"/></net>

<net id="265"><net_src comp="12" pin="0"/><net_sink comp="230" pin=15"/></net>

<net id="266"><net_src comp="14" pin="0"/><net_sink comp="230" pin=16"/></net>

<net id="267"><net_src comp="46" pin="0"/><net_sink comp="230" pin=17"/></net>

<net id="275"><net_src comp="58" pin="0"/><net_sink comp="271" pin=1"/></net>

<net id="280"><net_src comp="271" pin="2"/><net_sink comp="276" pin=0"/></net>

<net id="281"><net_src comp="32" pin="0"/><net_sink comp="276" pin=1"/></net>

<net id="289"><net_src comp="282" pin="1"/><net_sink comp="285" pin=0"/></net>

<net id="294"><net_src comp="282" pin="1"/><net_sink comp="290" pin=0"/></net>

<net id="295"><net_src comp="68" pin="0"/><net_sink comp="290" pin=1"/></net>

<net id="299"><net_src comp="296" pin="1"/><net_sink comp="162" pin=3"/></net>

<net id="304"><net_src comp="124" pin="4"/><net_sink comp="300" pin=0"/></net>

<net id="309"><net_src comp="290" pin="2"/><net_sink comp="305" pin=0"/></net>

<net id="330"><net_src comp="60" pin="0"/><net_sink comp="310" pin=0"/></net>

<net id="331"><net_src comp="0" pin="0"/><net_sink comp="310" pin=1"/></net>

<net id="332"><net_src comp="2" pin="0"/><net_sink comp="310" pin=2"/></net>

<net id="333"><net_src comp="4" pin="0"/><net_sink comp="310" pin=3"/></net>

<net id="334"><net_src comp="6" pin="0"/><net_sink comp="310" pin=4"/></net>

<net id="335"><net_src comp="8" pin="0"/><net_sink comp="310" pin=5"/></net>

<net id="336"><net_src comp="10" pin="0"/><net_sink comp="310" pin=6"/></net>

<net id="337"><net_src comp="12" pin="0"/><net_sink comp="310" pin=7"/></net>

<net id="338"><net_src comp="14" pin="0"/><net_sink comp="310" pin=8"/></net>

<net id="339"><net_src comp="50" pin="0"/><net_sink comp="310" pin=9"/></net>

<net id="340"><net_src comp="0" pin="0"/><net_sink comp="310" pin=10"/></net>

<net id="341"><net_src comp="2" pin="0"/><net_sink comp="310" pin=11"/></net>

<net id="342"><net_src comp="4" pin="0"/><net_sink comp="310" pin=12"/></net>

<net id="343"><net_src comp="6" pin="0"/><net_sink comp="310" pin=13"/></net>

<net id="344"><net_src comp="8" pin="0"/><net_sink comp="310" pin=14"/></net>

<net id="345"><net_src comp="10" pin="0"/><net_sink comp="310" pin=15"/></net>

<net id="346"><net_src comp="12" pin="0"/><net_sink comp="310" pin=16"/></net>

<net id="347"><net_src comp="46" pin="0"/><net_sink comp="310" pin=17"/></net>

<net id="351"><net_src comp="348" pin="1"/><net_sink comp="190" pin=3"/></net>

<net id="355"><net_src comp="352" pin="1"/><net_sink comp="190" pin=1"/></net>

<net id="361"><net_src comp="348" pin="1"/><net_sink comp="356" pin=1"/></net>

<net id="362"><net_src comp="132" pin="1"/><net_sink comp="356" pin=2"/></net>

<net id="363"><net_src comp="356" pin="3"/><net_sink comp="190" pin=2"/></net>

<net id="384"><net_src comp="60" pin="0"/><net_sink comp="364" pin=0"/></net>

<net id="385"><net_src comp="0" pin="0"/><net_sink comp="364" pin=1"/></net>

<net id="386"><net_src comp="2" pin="0"/><net_sink comp="364" pin=2"/></net>

<net id="387"><net_src comp="4" pin="0"/><net_sink comp="364" pin=3"/></net>

<net id="388"><net_src comp="6" pin="0"/><net_sink comp="364" pin=4"/></net>

<net id="389"><net_src comp="8" pin="0"/><net_sink comp="364" pin=5"/></net>

<net id="390"><net_src comp="10" pin="0"/><net_sink comp="364" pin=6"/></net>

<net id="391"><net_src comp="12" pin="0"/><net_sink comp="364" pin=7"/></net>

<net id="392"><net_src comp="14" pin="0"/><net_sink comp="364" pin=8"/></net>

<net id="393"><net_src comp="50" pin="0"/><net_sink comp="364" pin=9"/></net>

<net id="394"><net_src comp="0" pin="0"/><net_sink comp="364" pin=10"/></net>

<net id="395"><net_src comp="2" pin="0"/><net_sink comp="364" pin=11"/></net>

<net id="396"><net_src comp="4" pin="0"/><net_sink comp="364" pin=12"/></net>

<net id="397"><net_src comp="6" pin="0"/><net_sink comp="364" pin=13"/></net>

<net id="398"><net_src comp="8" pin="0"/><net_sink comp="364" pin=14"/></net>

<net id="399"><net_src comp="10" pin="0"/><net_sink comp="364" pin=15"/></net>

<net id="400"><net_src comp="12" pin="0"/><net_sink comp="364" pin=16"/></net>

<net id="401"><net_src comp="46" pin="0"/><net_sink comp="364" pin=17"/></net>

<net id="408"><net_src comp="102" pin="2"/><net_sink comp="405" pin=0"/></net>

<net id="409"><net_src comp="405" pin="1"/><net_sink comp="219" pin=1"/></net>

<net id="413"><net_src comp="108" pin="2"/><net_sink comp="410" pin=0"/></net>

<net id="414"><net_src comp="410" pin="1"/><net_sink comp="213" pin=1"/></net>

<net id="418"><net_src comp="78" pin="1"/><net_sink comp="415" pin=0"/></net>

<net id="419"><net_src comp="415" pin="1"/><net_sink comp="190" pin=12"/></net>

<net id="420"><net_src comp="415" pin="1"/><net_sink comp="402" pin=0"/></net>

<net id="424"><net_src comp="82" pin="1"/><net_sink comp="421" pin=0"/></net>

<net id="425"><net_src comp="421" pin="1"/><net_sink comp="162" pin=14"/></net>

<net id="426"><net_src comp="421" pin="1"/><net_sink comp="352" pin=0"/></net>

<net id="430"><net_src comp="86" pin="1"/><net_sink comp="427" pin=0"/></net>

<net id="431"><net_src comp="427" pin="1"/><net_sink comp="162" pin=13"/></net>

<net id="432"><net_src comp="427" pin="1"/><net_sink comp="348" pin=0"/></net>

<net id="436"><net_src comp="90" pin="1"/><net_sink comp="433" pin=0"/></net>

<net id="437"><net_src comp="433" pin="1"/><net_sink comp="142" pin=9"/></net>

<net id="438"><net_src comp="433" pin="1"/><net_sink comp="268" pin=0"/></net>

<net id="442"><net_src comp="114" pin="2"/><net_sink comp="439" pin=0"/></net>

<net id="446"><net_src comp="213" pin="2"/><net_sink comp="443" pin=0"/></net>

<net id="447"><net_src comp="443" pin="1"/><net_sink comp="285" pin=1"/></net>

<net id="451"><net_src comp="219" pin="2"/><net_sink comp="448" pin=0"/></net>

<net id="452"><net_src comp="448" pin="1"/><net_sink comp="271" pin=0"/></net>

<net id="453"><net_src comp="448" pin="1"/><net_sink comp="162" pin=4"/></net>

<net id="457"><net_src comp="94" pin="1"/><net_sink comp="454" pin=0"/></net>

<net id="458"><net_src comp="454" pin="1"/><net_sink comp="142" pin=8"/></net>

<net id="459"><net_src comp="454" pin="1"/><net_sink comp="296" pin=0"/></net>

<net id="460"><net_src comp="454" pin="1"/><net_sink comp="190" pin=11"/></net>

<net id="464"><net_src comp="98" pin="1"/><net_sink comp="461" pin=0"/></net>

<net id="465"><net_src comp="461" pin="1"/><net_sink comp="225" pin=1"/></net>

<net id="466"><net_src comp="461" pin="1"/><net_sink comp="282" pin=0"/></net>

<net id="467"><net_src comp="461" pin="1"/><net_sink comp="305" pin=1"/></net>

<net id="474"><net_src comp="271" pin="2"/><net_sink comp="471" pin=0"/></net>

<net id="475"><net_src comp="471" pin="1"/><net_sink comp="356" pin=0"/></net>

<net id="479"><net_src comp="276" pin="2"/><net_sink comp="476" pin=0"/></net>

<net id="480"><net_src comp="476" pin="1"/><net_sink comp="300" pin=1"/></net>

<net id="490"><net_src comp="300" pin="2"/><net_sink comp="487" pin=0"/></net>

<net id="491"><net_src comp="487" pin="1"/><net_sink comp="124" pin=2"/></net>

<net id="501"><net_src comp="356" pin="3"/><net_sink comp="498" pin=0"/></net>

<net id="502"><net_src comp="498" pin="1"/><net_sink comp="190" pin=2"/></net>

</net_list>

</model> 
---------------- Datapath Model END ------------------

* FSMD analyzer results:
  - Output states:
	Port: srcLayer0 | {5 6 }
 - Input state : 
	Port: AXIvideo2MultiPixStream.1 : s_axis_video_V_data_V | {2 3 5 6 7 8 }
	Port: AXIvideo2MultiPixStream.1 : s_axis_video_V_keep_V | {2 3 5 6 7 8 }
	Port: AXIvideo2MultiPixStream.1 : s_axis_video_V_strb_V | {2 3 5 6 7 8 }
	Port: AXIvideo2MultiPixStream.1 : s_axis_video_V_user_V | {2 3 5 6 7 8 }
	Port: AXIvideo2MultiPixStream.1 : s_axis_video_V_last_V | {2 3 5 6 7 8 }
	Port: AXIvideo2MultiPixStream.1 : s_axis_video_V_id_V | {2 3 5 6 7 8 }
	Port: AXIvideo2MultiPixStream.1 : s_axis_video_V_dest_V | {2 3 5 6 7 8 }
	Port: AXIvideo2MultiPixStream.1 : Height | {1 }
	Port: AXIvideo2MultiPixStream.1 : WidthIn | {1 }
	Port: AXIvideo2MultiPixStream.1 : layerEnableFlag | {2 }
  - Chain level:
	State 1
	State 2
		call_ln0 : 1
		store_ln3387 : 1
	State 3
	State 4
		xor_ln3436 : 1
	State 5
		icmp_ln3387 : 1
		i_6 : 1
		br_ln3387 : 2
		call_ln3436 : 1
		and_ln3436 : 1
		store_ln3387 : 2
	State 6
	State 7
		select_ln3436 : 1
		call_ln3436 : 2
	State 8
	State 9


============================================================
+ Verbose Summary: Datapath Resource usage 
============================================================

* Functional unit list:
|----------|-------------------------------------------------------------------|---------|---------|
| Operation|                          Functional Unit                          |    FF   |   LUT   |
|----------|-------------------------------------------------------------------|---------|---------|
|          | grp_AXIvideo2MultiPixStream_1_Pipeline_loop_wait_for_start_fu_142 |    3    |    0    |
|          |      grp_AXIvideo2MultiPixStream_1_Pipeline_loop_width_fu_162     |    42   |    40   |
|   call   |  grp_AXIvideo2MultiPixStream_1_Pipeline_loop_wait_for_eol_fu_190  |    3    |    0    |
|          |                  grp_reg_unsigned_short_1_fu_213                  |    0    |    0    |
|          |                  grp_reg_unsigned_short_1_fu_219                  |    0    |    0    |
|----------|-------------------------------------------------------------------|---------|---------|
|   icmp   |                          cmp10403_fu_271                          |    0    |    19   |
|          |                         icmp_ln3387_fu_285                        |    0    |    19   |
|----------|-------------------------------------------------------------------|---------|---------|
|    add   |                             i_6_fu_290                            |    0    |    19   |
|----------|-------------------------------------------------------------------|---------|---------|
|    xor   |                         xor_ln3436_fu_276                         |    0    |    2    |
|----------|-------------------------------------------------------------------|---------|---------|
|    and   |                         and_ln3436_fu_300                         |    0    |    2    |
|----------|-------------------------------------------------------------------|---------|---------|
|  select  |                        select_ln3436_fu_356                       |    0    |    2    |
|----------|-------------------------------------------------------------------|---------|---------|
|          |                      WidthIn_read_read_fu_102                     |    0    |    0    |
|   read   |                      Height_read_read_fu_108                      |    0    |    0    |
|          |                  layerEnableFlag_read_read_fu_114                 |    0    |    0    |
|----------|-------------------------------------------------------------------|---------|---------|
|          |                        fence_ln3362_fu_230                        |    0    |    0    |
|   fence  |                        fence_ln3436_fu_310                        |    0    |    0    |
|          |                        fence_ln3436_fu_364                        |    0    |    0    |
|----------|-------------------------------------------------------------------|---------|---------|
|   Total  |                                                                   |    48   |   103   |
|----------|-------------------------------------------------------------------|---------|---------|

Memories:
N/A

* Register list:
+----------------------------+--------+
|                            |   FF   |
+----------------------------+--------+
|     Height_read_reg_410    |   12   |
|    WidthIn_read_reg_405    |   12   |
|     and_ln3436_reg_487     |    1   |
|   axi_data_11_loc_reg_421  |   24   |
|      axi_data_reg_454      |   24   |
|     axi_last_12_reg_132    |    1   |
|   axi_last_4_loc_reg_415   |    1   |
|    axi_last_loc_reg_433    |    1   |
|      cmp10403_reg_471      |    1   |
|        cols_reg_448        |   12   |
|       eol_loc_reg_427      |    1   |
|          i_reg_461         |   12   |
|layerEnableFlag_read_reg_439|    1   |
|        rows_reg_443        |   12   |
|    select_ln3436_reg_498   |    1   |
|         sof_reg_120        |    1   |
|     xor_ln3436_reg_476     |    1   |
+----------------------------+--------+
|            Total           |   118  |
+----------------------------+--------+

* Multiplexer (MUX) list: 
|-----------------------------------------------------------------|------|------|------|--------||---------||---------||---------|
|                               Comp                              |  Pin | Size |  BW  | S x BW ||  Delay  ||    FF   ||   LUT   |
|-----------------------------------------------------------------|------|------|------|--------||---------||---------||---------|
|                           sof_reg_120                           |  p0  |   2  |   1  |    2   ||    0    ||    9    |
| grp_AXIvideo2MultiPixStream_1_Pipeline_loop_wait_for_eol_fu_190 |  p2  |   2  |   1  |    2   ||    0    ||    9    |
|                 grp_reg_unsigned_short_1_fu_213                 |  p1  |   2  |  12  |   24   ||    0    ||    9    |
|                 grp_reg_unsigned_short_1_fu_219                 |  p1  |   2  |  12  |   24   ||    0    ||    9    |
|-----------------------------------------------------------------|------|------|------|--------||---------||---------||---------|
|                              Total                              |      |      |      |   52   ||  1.956  ||    0    ||    36   |
|-----------------------------------------------------------------|------|------|------|--------||---------||---------||---------|



* Summary:
+-----------+--------+--------+--------+
|           |  Delay |   FF   |   LUT  |
+-----------+--------+--------+--------+
|  Function |    -   |   48   |   103  |
|   Memory  |    -   |    -   |    -   |
|Multiplexer|    1   |    0   |   36   |
|  Register |    -   |   118  |    -   |
+-----------+--------+--------+--------+
|   Total   |    1   |   166  |   139  |
+-----------+--------+--------+--------+
