

================================================================
== Vitis HLS Report for 'AXIvideo2MultiPixStream'
================================================================
* Date:           Sat Sep  6 13:59:17 2025

* Version:        2025.1 (Build 6135595 on May 21 2025)
* Project:        prj
* Solution:       sol (Vivado IP Flow Target)
* Product family: zynquplus
* Target device:  xczu3eg-sfvc784-1-e


================================================================
== Performance Estimates
================================================================
+ Timing: 
    * Summary: 
    +--------+---------+----------+------------+
    |  Clock |  Target | Estimated| Uncertainty|
    +--------+---------+----------+------------+
    |ap_clk  |  5.00 ns|  2.412 ns|     1.35 ns|
    +--------+---------+----------+------------+

+ Latency: 
    * Summary: 
    +---------+---------+-----------+-----------+-----+---------+---------+
    |  Latency (cycles) |   Latency (absolute)  |    Interval   | Pipeline|
    |   min   |   max   |    min    |    max    | min |   max   |   Type  |
    +---------+---------+-----------+-----------+-----+---------+---------+
    |        2|  8316006|  10.000 ns|  41.580 ms|    2|  8316006|       no|
    +---------+---------+-----------+-----------+-----+---------+---------+

    + Detail: 
        * Instance: 
        N/A

        * Loop: 
        +---------------+---------+---------+-----------+-----------+-----------+----------+----------+
        |               |  Latency (cycles) | Iteration |  Initiation Interval  |   Trip   |          |
        |   Loop Name   |   min   |   max   |  Latency  |  achieved |   target  |   Count  | Pipelined|
        +---------------+---------+---------+-----------+-----------+-----------+----------+----------+
        |- loop_height  |        0|  8316000|  10 ~ 3850|          -|          -|  0 ~ 2160|        no|
        +---------------+---------+---------+-----------+-----------+-----------+----------+----------+

============================================================
+ Verbose Summary: Synthesis Manager
============================================================
InlineROM: 1
ExposeGlobal: 0
============================================================
+ Verbose Summary: CDFG Model
============================================================
IsTopModel: 0
ResetActiveHigh: 1
IsCombinational: 2
IsDatapathOnly: 0
HasWiredReturn: 1
HasMFsm: 0
HasVarLatency: 1
IsPipeline: 0
IsRtlPipelined: 0
IsInstanceOverlapped: 0
IsDontTouch: 0
HasImplIP: 0
IsGatedGlobalClock: 0


============================================================
+ Verbose Summary: Schedule
============================================================
* Number of FSM states : 9
* Pipeline : 0
* Dataflow Pipeline: 0

* FSM state transitions: 
1 --> 2 
2 --> 3 5 
3 --> 4 
4 --> 5 
5 --> 6 
6 --> 7 
7 --> 8 
8 --> 9 
9 --> 5 

* FSM state operations: 

State 1 <SV = 0> <Delay = 1.82>
ST_1 : Operation 10 [1/1] (1.82ns)   --->   "%HwReg_layerWidth_2_val_read = read i12 @_ssdm_op_Read.ap_auto.i12, i12 %HwReg_layerWidth_2_val"   --->   Operation 10 'read' 'HwReg_layerWidth_2_val_read' <Predicate = true> <Delay = 1.82> <CoreInst = "FIFO_SRL">   --->   Core 80 'FIFO_SRL' <Latency = 0> <II = 1> <Delay = 2.16> <Storage> <Opcode : 'read' 'write' 'nbread' 'nbwrite'> <Ports = 0> <Width = 12> <Depth = 2> <FIFO>
ST_1 : Operation 11 [1/1] (1.82ns)   --->   "%HwReg_layerHeight_2_val_read = read i12 @_ssdm_op_Read.ap_auto.i12, i12 %HwReg_layerHeight_2_val"   --->   Operation 11 'read' 'HwReg_layerHeight_2_val_read' <Predicate = true> <Delay = 1.82> <CoreInst = "FIFO_SRL">   --->   Core 80 'FIFO_SRL' <Latency = 0> <II = 1> <Delay = 2.16> <Storage> <Opcode : 'read' 'write' 'nbread' 'nbwrite'> <Ports = 0> <Width = 12> <Depth = 2> <FIFO>
ST_1 : Operation 12 [1/1] (0.00ns)   --->   "%axi_last_23_i_loc = alloca i32 1"   --->   Operation 12 'alloca' 'axi_last_23_i_loc' <Predicate = true> <Delay = 0.00>
ST_1 : Operation 13 [1/1] (0.00ns)   --->   "%axi_data_18_i_loc = alloca i32 1"   --->   Operation 13 'alloca' 'axi_data_18_i_loc' <Predicate = true> <Delay = 0.00>
ST_1 : Operation 14 [1/1] (0.00ns)   --->   "%eol_i_loc = alloca i32 1"   --->   Operation 14 'alloca' 'eol_i_loc' <Predicate = true> <Delay = 0.00>
ST_1 : Operation 15 [1/1] (0.00ns)   --->   "%axi_last_i_loc = alloca i32 1"   --->   Operation 15 'alloca' 'axi_last_i_loc' <Predicate = true> <Delay = 0.00>
ST_1 : Operation 16 [2/2] (0.00ns)   --->   "%rows = call i12 @reg<unsigned short>, i12 %HwReg_layerHeight_2_val_read" [/home/e/Documents/research/byotee/OSDZU3_Ref_Design/OSDZU3_Ref_Design.runs/design_1_v_mix_0_0_synth_1/prj/sol/.autopilot/db/v_mix.cpp:3366->/home/e/Documents/research/byotee/OSDZU3_Ref_Design/OSDZU3_Ref_Design.runs/design_1_v_mix_0_0_synth_1/prj/sol/.autopilot/db/v_mix.cpp:787->/home/e/Documents/research/byotee/OSDZU3_Ref_Design/OSDZU3_Ref_Design.runs/design_1_v_mix_0_0_synth_1/prj/sol/.autopilot/db/v_mix.cpp:787]   --->   Operation 16 'call' 'rows' <Predicate = true> <Delay = 0.00> <CoreType = "Generic">   --->   Generic Core
ST_1 : Operation 17 [2/2] (0.00ns)   --->   "%cols = call i12 @reg<unsigned short>, i12 %HwReg_layerWidth_2_val_read" [/home/e/Documents/research/byotee/OSDZU3_Ref_Design/OSDZU3_Ref_Design.runs/design_1_v_mix_0_0_synth_1/prj/sol/.autopilot/db/v_mix.cpp:3367->/home/e/Documents/research/byotee/OSDZU3_Ref_Design/OSDZU3_Ref_Design.runs/design_1_v_mix_0_0_synth_1/prj/sol/.autopilot/db/v_mix.cpp:787->/home/e/Documents/research/byotee/OSDZU3_Ref_Design/OSDZU3_Ref_Design.runs/design_1_v_mix_0_0_synth_1/prj/sol/.autopilot/db/v_mix.cpp:787]   --->   Operation 17 'call' 'cols' <Predicate = true> <Delay = 0.00> <CoreType = "Generic">   --->   Generic Core

State 2 <SV = 1> <Delay = 0.62>
ST_2 : Operation 18 [1/1] (0.00ns)   --->   "%HwReg_layerEnableFlag_2_val_read = read i1 @_ssdm_op_Read.ap_auto.i1, i1 %HwReg_layerEnableFlag_2_val"   --->   Operation 18 'read' 'HwReg_layerEnableFlag_2_val_read' <Predicate = true> <Delay = 0.00>
ST_2 : Operation 19 [1/1] (0.00ns)   --->   "%specstablecontent_ln0 = specstablecontent void @_ssdm_op_SpecStableContent, i12 %HwReg_layerHeight_2_val, i1 1, void @p_str"   --->   Operation 19 'specstablecontent' 'specstablecontent_ln0' <Predicate = true> <Delay = 0.00>
ST_2 : Operation 20 [1/1] (0.00ns)   --->   "%specstablecontent_ln0 = specstablecontent void @_ssdm_op_SpecStableContent, i12 %HwReg_layerWidth_2_val, i1 1, void @p_str"   --->   Operation 20 'specstablecontent' 'specstablecontent_ln0' <Predicate = true> <Delay = 0.00>
ST_2 : Operation 21 [1/1] (0.00ns)   --->   "%specstablecontent_ln0 = specstablecontent void @_ssdm_op_SpecStableContent, i1 %HwReg_layerEnableFlag_2_val, i1 1, void @p_str"   --->   Operation 21 'specstablecontent' 'specstablecontent_ln0' <Predicate = true> <Delay = 0.00>
ST_2 : Operation 22 [1/1] (0.00ns)   --->   "%specaxissidechannel_ln0 = specaxissidechannel void @_ssdm_op_SpecAXISSideChannel, i24 %s_axis_video2_V_data_V, i3 %s_axis_video2_V_keep_V, i3 %s_axis_video2_V_strb_V, i1 %s_axis_video2_V_user_V, i1 %s_axis_video2_V_last_V, i1 %s_axis_video2_V_id_V, i1 %s_axis_video2_V_dest_V, void @empty_61"   --->   Operation 22 'specaxissidechannel' 'specaxissidechannel_ln0' <Predicate = true> <Delay = 0.00>
ST_2 : Operation 23 [1/1] (0.00ns)   --->   "%specinterface_ln0 = specinterface void @_ssdm_op_SpecInterface, i24 %srcLayer2, void @empty_42, i32 0, i32 0, void @empty_0, i32 0, i32 0, void @empty_0, void @empty_0, void @empty_0, i32 0, i32 0, i32 0, i32 0, void @empty_0, void @empty_0, i32 4294967295, i32 0, i32 0"   --->   Operation 23 'specinterface' 'specinterface_ln0' <Predicate = true> <Delay = 0.00>
ST_2 : Operation 24 [1/1] (0.00ns)   --->   "%specinterface_ln0 = specinterface void @_ssdm_op_SpecInterface, i24 %s_axis_video2_V_data_V, i3 %s_axis_video2_V_keep_V, i3 %s_axis_video2_V_strb_V, i1 %s_axis_video2_V_user_V, i1 %s_axis_video2_V_last_V, i1 %s_axis_video2_V_id_V, i1 %s_axis_video2_V_dest_V, void @empty_10, i32 0, i32 0, void @empty_2, i32 0, i32 0, void @empty_0, void @empty_0, void @empty_0, i32 0, i32 0, i32 0, i32 0, void @empty_0, void @empty_0, i32 4294967295, i32 0, i32 0"   --->   Operation 24 'specinterface' 'specinterface_ln0' <Predicate = true> <Delay = 0.00>
ST_2 : Operation 25 [1/2] (0.00ns)   --->   "%rows = call i12 @reg<unsigned short>, i12 %HwReg_layerHeight_2_val_read" [/home/e/Documents/research/byotee/OSDZU3_Ref_Design/OSDZU3_Ref_Design.runs/design_1_v_mix_0_0_synth_1/prj/sol/.autopilot/db/v_mix.cpp:3366->/home/e/Documents/research/byotee/OSDZU3_Ref_Design/OSDZU3_Ref_Design.runs/design_1_v_mix_0_0_synth_1/prj/sol/.autopilot/db/v_mix.cpp:787->/home/e/Documents/research/byotee/OSDZU3_Ref_Design/OSDZU3_Ref_Design.runs/design_1_v_mix_0_0_synth_1/prj/sol/.autopilot/db/v_mix.cpp:787]   --->   Operation 25 'call' 'rows' <Predicate = true> <Delay = 0.00> <CoreType = "Generic">   --->   Generic Core
ST_2 : Operation 26 [1/2] (0.00ns)   --->   "%cols = call i12 @reg<unsigned short>, i12 %HwReg_layerWidth_2_val_read" [/home/e/Documents/research/byotee/OSDZU3_Ref_Design/OSDZU3_Ref_Design.runs/design_1_v_mix_0_0_synth_1/prj/sol/.autopilot/db/v_mix.cpp:3367->/home/e/Documents/research/byotee/OSDZU3_Ref_Design/OSDZU3_Ref_Design.runs/design_1_v_mix_0_0_synth_1/prj/sol/.autopilot/db/v_mix.cpp:787->/home/e/Documents/research/byotee/OSDZU3_Ref_Design/OSDZU3_Ref_Design.runs/design_1_v_mix_0_0_synth_1/prj/sol/.autopilot/db/v_mix.cpp:787]   --->   Operation 26 'call' 'cols' <Predicate = true> <Delay = 0.00> <CoreType = "Generic">   --->   Generic Core
ST_2 : Operation 27 [1/1] (0.00ns)   --->   "%br_ln3376 = br i1 %HwReg_layerEnableFlag_2_val_read, void %AXIvideo2MultiPixStream.exit, void %while.cond.i.preheader.i" [/home/e/Documents/research/byotee/OSDZU3_Ref_Design/OSDZU3_Ref_Design.runs/design_1_v_mix_0_0_synth_1/prj/sol/.autopilot/db/v_mix.cpp:3376->/home/e/Documents/research/byotee/OSDZU3_Ref_Design/OSDZU3_Ref_Design.runs/design_1_v_mix_0_0_synth_1/prj/sol/.autopilot/db/v_mix.cpp:787->/home/e/Documents/research/byotee/OSDZU3_Ref_Design/OSDZU3_Ref_Design.runs/design_1_v_mix_0_0_synth_1/prj/sol/.autopilot/db/v_mix.cpp:787]   --->   Operation 27 'br' 'br_ln3376' <Predicate = true> <Delay = 0.00>
ST_2 : Operation 28 [1/1] (0.00ns)   --->   "%axi_data = alloca i32 1" [/home/e/Documents/research/byotee/OSDZU3_Ref_Design/OSDZU3_Ref_Design.runs/design_1_v_mix_0_0_synth_1/prj/sol/.autopilot/db/v_mix.cpp:3362->/home/e/Documents/research/byotee/OSDZU3_Ref_Design/OSDZU3_Ref_Design.runs/design_1_v_mix_0_0_synth_1/prj/sol/.autopilot/db/v_mix.cpp:787->/home/e/Documents/research/byotee/OSDZU3_Ref_Design/OSDZU3_Ref_Design.runs/design_1_v_mix_0_0_synth_1/prj/sol/.autopilot/db/v_mix.cpp:787]   --->   Operation 28 'alloca' 'axi_data' <Predicate = (HwReg_layerEnableFlag_2_val_read)> <Delay = 0.00>
ST_2 : Operation 29 [1/1] (0.00ns)   --->   "%i = alloca i32 1" [/home/e/Documents/research/byotee/OSDZU3_Ref_Design/OSDZU3_Ref_Design.runs/design_1_v_mix_0_0_synth_1/prj/sol/.autopilot/db/v_mix.cpp:3387->/home/e/Documents/research/byotee/OSDZU3_Ref_Design/OSDZU3_Ref_Design.runs/design_1_v_mix_0_0_synth_1/prj/sol/.autopilot/db/v_mix.cpp:787->/home/e/Documents/research/byotee/OSDZU3_Ref_Design/OSDZU3_Ref_Design.runs/design_1_v_mix_0_0_synth_1/prj/sol/.autopilot/db/v_mix.cpp:787]   --->   Operation 29 'alloca' 'i' <Predicate = (HwReg_layerEnableFlag_2_val_read)> <Delay = 0.00>
ST_2 : Operation 30 [2/2] (0.62ns)   --->   "%call_ln0 = call void @AXIvideo2MultiPixStream_Pipeline_loop_wait_for_start, i24 %s_axis_video2_V_data_V, i3 %s_axis_video2_V_keep_V, i3 %s_axis_video2_V_strb_V, i1 %s_axis_video2_V_user_V, i1 %s_axis_video2_V_last_V, i1 %s_axis_video2_V_id_V, i1 %s_axis_video2_V_dest_V, i24 %axi_data, i1 %axi_last_i_loc"   --->   Operation 30 'call' 'call_ln0' <Predicate = (HwReg_layerEnableFlag_2_val_read)> <Delay = 0.62> <CoreType = "Generic">   --->   Generic Core
ST_2 : Operation 31 [1/1] (0.48ns)   --->   "%store_ln3387 = store i12 0, i12 %i" [/home/e/Documents/research/byotee/OSDZU3_Ref_Design/OSDZU3_Ref_Design.runs/design_1_v_mix_0_0_synth_1/prj/sol/.autopilot/db/v_mix.cpp:3387->/home/e/Documents/research/byotee/OSDZU3_Ref_Design/OSDZU3_Ref_Design.runs/design_1_v_mix_0_0_synth_1/prj/sol/.autopilot/db/v_mix.cpp:787->/home/e/Documents/research/byotee/OSDZU3_Ref_Design/OSDZU3_Ref_Design.runs/design_1_v_mix_0_0_synth_1/prj/sol/.autopilot/db/v_mix.cpp:787]   --->   Operation 31 'store' 'store_ln3387' <Predicate = (HwReg_layerEnableFlag_2_val_read)> <Delay = 0.48>

State 3 <SV = 2> <Delay = 0.97>
ST_3 : Operation 32 [1/2] (0.97ns)   --->   "%call_ln0 = call void @AXIvideo2MultiPixStream_Pipeline_loop_wait_for_start, i24 %s_axis_video2_V_data_V, i3 %s_axis_video2_V_keep_V, i3 %s_axis_video2_V_strb_V, i1 %s_axis_video2_V_user_V, i1 %s_axis_video2_V_last_V, i1 %s_axis_video2_V_id_V, i1 %s_axis_video2_V_dest_V, i24 %axi_data, i1 %axi_last_i_loc"   --->   Operation 32 'call' 'call_ln0' <Predicate = true> <Delay = 0.97> <CoreType = "Generic">   --->   Generic Core

State 4 <SV = 3> <Delay = 1.29>
ST_4 : Operation 33 [1/1] (0.00ns)   --->   "%fence_ln3362 = fence void @_ssdm_op_Fence, i24 %s_axis_video2_V_data_V, i3 %s_axis_video2_V_keep_V, i3 %s_axis_video2_V_strb_V, i1 %s_axis_video2_V_user_V, i1 %s_axis_video2_V_last_V, i1 %s_axis_video2_V_id_V, i1 %s_axis_video2_V_dest_V, i32 4294967295, i24 %s_axis_video2_V_data_V, i3 %s_axis_video2_V_keep_V, i3 %s_axis_video2_V_strb_V, i1 %s_axis_video2_V_user_V, i1 %s_axis_video2_V_last_V, i1 %s_axis_video2_V_id_V, i1 %s_axis_video2_V_dest_V, i24 %srcLayer2, i32 0" [/home/e/Documents/research/byotee/OSDZU3_Ref_Design/OSDZU3_Ref_Design.runs/design_1_v_mix_0_0_synth_1/prj/sol/.autopilot/db/v_mix.cpp:3362->/home/e/Documents/research/byotee/OSDZU3_Ref_Design/OSDZU3_Ref_Design.runs/design_1_v_mix_0_0_synth_1/prj/sol/.autopilot/db/v_mix.cpp:787->/home/e/Documents/research/byotee/OSDZU3_Ref_Design/OSDZU3_Ref_Design.runs/design_1_v_mix_0_0_synth_1/prj/sol/.autopilot/db/v_mix.cpp:787]   --->   Operation 33 'fence' 'fence_ln3362' <Predicate = true> <Delay = 0.00>
ST_4 : Operation 34 [1/1] (0.00ns)   --->   "%axi_last_i_loc_load = load i1 %axi_last_i_loc"   --->   Operation 34 'load' 'axi_last_i_loc_load' <Predicate = true> <Delay = 0.00>
ST_4 : Operation 35 [1/1] (0.96ns)   --->   "%cmp10403_i_i = icmp_ne  i12 %cols, i12 0" [/home/e/Documents/research/byotee/OSDZU3_Ref_Design/OSDZU3_Ref_Design.runs/design_1_v_mix_0_0_synth_1/prj/sol/.autopilot/db/v_mix.cpp:3367->/home/e/Documents/research/byotee/OSDZU3_Ref_Design/OSDZU3_Ref_Design.runs/design_1_v_mix_0_0_synth_1/prj/sol/.autopilot/db/v_mix.cpp:787->/home/e/Documents/research/byotee/OSDZU3_Ref_Design/OSDZU3_Ref_Design.runs/design_1_v_mix_0_0_synth_1/prj/sol/.autopilot/db/v_mix.cpp:787]   --->   Operation 35 'icmp' 'cmp10403_i_i' <Predicate = true> <Delay = 0.96> <CoreInst = "Cmp">   --->   Core 9 'Cmp' <Latency = 0> <II = 1> <Delay = 0.96> <FuncUnit> <Opcode : 'seteq' 'setne' 'setle' 'setge' 'setlt' 'setgt'> <InPorts = 2> <OutPorts = 1>
ST_4 : Operation 36 [1/1] (0.33ns)   --->   "%xor_ln3436 = xor i1 %cmp10403_i_i, i1 1" [/home/e/Documents/research/byotee/OSDZU3_Ref_Design/OSDZU3_Ref_Design.runs/design_1_v_mix_0_0_synth_1/prj/sol/.autopilot/db/v_mix.cpp:3436->/home/e/Documents/research/byotee/OSDZU3_Ref_Design/OSDZU3_Ref_Design.runs/design_1_v_mix_0_0_synth_1/prj/sol/.autopilot/db/v_mix.cpp:787->/home/e/Documents/research/byotee/OSDZU3_Ref_Design/OSDZU3_Ref_Design.runs/design_1_v_mix_0_0_synth_1/prj/sol/.autopilot/db/v_mix.cpp:787]   --->   Operation 36 'xor' 'xor_ln3436' <Predicate = true> <Delay = 0.33> <CoreInst = "LogicGate">   --->   Core 74 'LogicGate' <Latency = 0> <II = 1> <Delay = 0.33> <FuncUnit> <Opcode : 'and' 'or' 'xor'> <InPorts = 2> <OutPorts = 1>
ST_4 : Operation 37 [1/1] (0.48ns)   --->   "%br_ln3387 = br void %loop_width.i.i" [/home/e/Documents/research/byotee/OSDZU3_Ref_Design/OSDZU3_Ref_Design.runs/design_1_v_mix_0_0_synth_1/prj/sol/.autopilot/db/v_mix.cpp:3387->/home/e/Documents/research/byotee/OSDZU3_Ref_Design/OSDZU3_Ref_Design.runs/design_1_v_mix_0_0_synth_1/prj/sol/.autopilot/db/v_mix.cpp:787->/home/e/Documents/research/byotee/OSDZU3_Ref_Design/OSDZU3_Ref_Design.runs/design_1_v_mix_0_0_synth_1/prj/sol/.autopilot/db/v_mix.cpp:787]   --->   Operation 37 'br' 'br_ln3387' <Predicate = true> <Delay = 0.48>

State 5 <SV = 4> <Delay = 2.41>
ST_5 : Operation 38 [1/1] (0.00ns)   --->   "%sof = phi i1 1, void %while.cond.i.preheader.i, i1 %and_ln3436, void %for.body12.lr.ph.i.i" [/home/e/Documents/research/byotee/OSDZU3_Ref_Design/OSDZU3_Ref_Design.runs/design_1_v_mix_0_0_synth_1/prj/sol/.autopilot/db/v_mix.cpp:3436->/home/e/Documents/research/byotee/OSDZU3_Ref_Design/OSDZU3_Ref_Design.runs/design_1_v_mix_0_0_synth_1/prj/sol/.autopilot/db/v_mix.cpp:787->/home/e/Documents/research/byotee/OSDZU3_Ref_Design/OSDZU3_Ref_Design.runs/design_1_v_mix_0_0_synth_1/prj/sol/.autopilot/db/v_mix.cpp:787]   --->   Operation 38 'phi' 'sof' <Predicate = (HwReg_layerEnableFlag_2_val_read)> <Delay = 0.00>
ST_5 : Operation 39 [1/1] (0.00ns)   --->   "%axi_last = phi i1 %axi_last_i_loc_load, void %while.cond.i.preheader.i, i1 %axi_last_23_i_loc_load, void %for.body12.lr.ph.i.i"   --->   Operation 39 'phi' 'axi_last' <Predicate = (HwReg_layerEnableFlag_2_val_read)> <Delay = 0.00>
ST_5 : Operation 40 [1/1] (0.00ns)   --->   "%i_7 = load i12 %i" [/home/e/Documents/research/byotee/OSDZU3_Ref_Design/OSDZU3_Ref_Design.runs/design_1_v_mix_0_0_synth_1/prj/sol/.autopilot/db/v_mix.cpp:3387->/home/e/Documents/research/byotee/OSDZU3_Ref_Design/OSDZU3_Ref_Design.runs/design_1_v_mix_0_0_synth_1/prj/sol/.autopilot/db/v_mix.cpp:787->/home/e/Documents/research/byotee/OSDZU3_Ref_Design/OSDZU3_Ref_Design.runs/design_1_v_mix_0_0_synth_1/prj/sol/.autopilot/db/v_mix.cpp:787]   --->   Operation 40 'load' 'i_7' <Predicate = (HwReg_layerEnableFlag_2_val_read)> <Delay = 0.00>
ST_5 : Operation 41 [1/1] (0.96ns)   --->   "%icmp_ln3387 = icmp_eq  i12 %i_7, i12 %rows" [/home/e/Documents/research/byotee/OSDZU3_Ref_Design/OSDZU3_Ref_Design.runs/design_1_v_mix_0_0_synth_1/prj/sol/.autopilot/db/v_mix.cpp:3387->/home/e/Documents/research/byotee/OSDZU3_Ref_Design/OSDZU3_Ref_Design.runs/design_1_v_mix_0_0_synth_1/prj/sol/.autopilot/db/v_mix.cpp:787->/home/e/Documents/research/byotee/OSDZU3_Ref_Design/OSDZU3_Ref_Design.runs/design_1_v_mix_0_0_synth_1/prj/sol/.autopilot/db/v_mix.cpp:787]   --->   Operation 41 'icmp' 'icmp_ln3387' <Predicate = (HwReg_layerEnableFlag_2_val_read)> <Delay = 0.96> <CoreInst = "Cmp">   --->   Core 9 'Cmp' <Latency = 0> <II = 1> <Delay = 0.96> <FuncUnit> <Opcode : 'seteq' 'setne' 'setle' 'setge' 'setlt' 'setgt'> <InPorts = 2> <OutPorts = 1>
ST_5 : Operation 42 [1/1] (0.00ns)   --->   "%speclooptripcount_ln0 = speclooptripcount void @_ssdm_op_SpecLoopTripCount, i64 0, i64 2160, i64 0"   --->   Operation 42 'speclooptripcount' 'speclooptripcount_ln0' <Predicate = (HwReg_layerEnableFlag_2_val_read)> <Delay = 0.00>
ST_5 : Operation 43 [1/1] (0.96ns)   --->   "%i_8 = add i12 %i_7, i12 1" [/home/e/Documents/research/byotee/OSDZU3_Ref_Design/OSDZU3_Ref_Design.runs/design_1_v_mix_0_0_synth_1/prj/sol/.autopilot/db/v_mix.cpp:3387->/home/e/Documents/research/byotee/OSDZU3_Ref_Design/OSDZU3_Ref_Design.runs/design_1_v_mix_0_0_synth_1/prj/sol/.autopilot/db/v_mix.cpp:787->/home/e/Documents/research/byotee/OSDZU3_Ref_Design/OSDZU3_Ref_Design.runs/design_1_v_mix_0_0_synth_1/prj/sol/.autopilot/db/v_mix.cpp:787]   --->   Operation 43 'add' 'i_8' <Predicate = (HwReg_layerEnableFlag_2_val_read)> <Delay = 0.96> <CoreInst = "Adder">   --->   Core 1 'Adder' <Latency = 0> <II = 1> <Delay = 0.96> <FuncUnit> <Opcode : 'add' 'sub'> <InPorts = 2> <OutPorts = 1>
ST_5 : Operation 44 [1/1] (0.00ns)   --->   "%br_ln3387 = br i1 %icmp_ln3387, void %for.body12.lr.ph.i.i, void %AXIvideo2MultiPixStream.exit.loopexit" [/home/e/Documents/research/byotee/OSDZU3_Ref_Design/OSDZU3_Ref_Design.runs/design_1_v_mix_0_0_synth_1/prj/sol/.autopilot/db/v_mix.cpp:3387->/home/e/Documents/research/byotee/OSDZU3_Ref_Design/OSDZU3_Ref_Design.runs/design_1_v_mix_0_0_synth_1/prj/sol/.autopilot/db/v_mix.cpp:787->/home/e/Documents/research/byotee/OSDZU3_Ref_Design/OSDZU3_Ref_Design.runs/design_1_v_mix_0_0_synth_1/prj/sol/.autopilot/db/v_mix.cpp:787]   --->   Operation 44 'br' 'br_ln3387' <Predicate = (HwReg_layerEnableFlag_2_val_read)> <Delay = 0.00>
ST_5 : Operation 45 [1/1] (0.00ns)   --->   "%axi_data_load = load i24 %axi_data"   --->   Operation 45 'load' 'axi_data_load' <Predicate = (HwReg_layerEnableFlag_2_val_read & !icmp_ln3387)> <Delay = 0.00>
ST_5 : Operation 46 [2/2] (1.45ns)   --->   "%call_ln3436 = call void @AXIvideo2MultiPixStream_Pipeline_loop_width, i1 %sof, i1 %axi_last, i24 %axi_data_load, i12 %cols, i24 %srcLayer2, i24 %s_axis_video2_V_data_V, i3 %s_axis_video2_V_keep_V, i3 %s_axis_video2_V_strb_V, i1 %s_axis_video2_V_user_V, i1 %s_axis_video2_V_last_V, i1 %s_axis_video2_V_id_V, i1 %s_axis_video2_V_dest_V, i1 %eol_i_loc, i24 %axi_data_18_i_loc" [/home/e/Documents/research/byotee/OSDZU3_Ref_Design/OSDZU3_Ref_Design.runs/design_1_v_mix_0_0_synth_1/prj/sol/.autopilot/db/v_mix.cpp:3436->/home/e/Documents/research/byotee/OSDZU3_Ref_Design/OSDZU3_Ref_Design.runs/design_1_v_mix_0_0_synth_1/prj/sol/.autopilot/db/v_mix.cpp:787->/home/e/Documents/research/byotee/OSDZU3_Ref_Design/OSDZU3_Ref_Design.runs/design_1_v_mix_0_0_synth_1/prj/sol/.autopilot/db/v_mix.cpp:787]   --->   Operation 46 'call' 'call_ln3436' <Predicate = (HwReg_layerEnableFlag_2_val_read & !icmp_ln3387)> <Delay = 1.45> <CoreType = "Generic">   --->   Generic Core
ST_5 : Operation 47 [1/1] (0.33ns)   --->   "%and_ln3436 = and i1 %sof, i1 %xor_ln3436" [/home/e/Documents/research/byotee/OSDZU3_Ref_Design/OSDZU3_Ref_Design.runs/design_1_v_mix_0_0_synth_1/prj/sol/.autopilot/db/v_mix.cpp:3436->/home/e/Documents/research/byotee/OSDZU3_Ref_Design/OSDZU3_Ref_Design.runs/design_1_v_mix_0_0_synth_1/prj/sol/.autopilot/db/v_mix.cpp:787->/home/e/Documents/research/byotee/OSDZU3_Ref_Design/OSDZU3_Ref_Design.runs/design_1_v_mix_0_0_synth_1/prj/sol/.autopilot/db/v_mix.cpp:787]   --->   Operation 47 'and' 'and_ln3436' <Predicate = (HwReg_layerEnableFlag_2_val_read & !icmp_ln3387)> <Delay = 0.33> <CoreInst = "LogicGate">   --->   Core 74 'LogicGate' <Latency = 0> <II = 1> <Delay = 0.33> <FuncUnit> <Opcode : 'and' 'or' 'xor'> <InPorts = 2> <OutPorts = 1>
ST_5 : Operation 48 [1/1] (0.48ns)   --->   "%store_ln3387 = store i12 %i_8, i12 %i" [/home/e/Documents/research/byotee/OSDZU3_Ref_Design/OSDZU3_Ref_Design.runs/design_1_v_mix_0_0_synth_1/prj/sol/.autopilot/db/v_mix.cpp:3387->/home/e/Documents/research/byotee/OSDZU3_Ref_Design/OSDZU3_Ref_Design.runs/design_1_v_mix_0_0_synth_1/prj/sol/.autopilot/db/v_mix.cpp:787->/home/e/Documents/research/byotee/OSDZU3_Ref_Design/OSDZU3_Ref_Design.runs/design_1_v_mix_0_0_synth_1/prj/sol/.autopilot/db/v_mix.cpp:787]   --->   Operation 48 'store' 'store_ln3387' <Predicate = (HwReg_layerEnableFlag_2_val_read & !icmp_ln3387)> <Delay = 0.48>
ST_5 : Operation 49 [1/1] (0.00ns)   --->   "%br_ln0 = br void %AXIvideo2MultiPixStream.exit"   --->   Operation 49 'br' 'br_ln0' <Predicate = (HwReg_layerEnableFlag_2_val_read & icmp_ln3387)> <Delay = 0.00>
ST_5 : Operation 50 [1/1] (0.00ns)   --->   "%ret_ln787 = ret" [/home/e/Documents/research/byotee/OSDZU3_Ref_Design/OSDZU3_Ref_Design.runs/design_1_v_mix_0_0_synth_1/prj/sol/.autopilot/db/v_mix.cpp:787]   --->   Operation 50 'ret' 'ret_ln787' <Predicate = (icmp_ln3387) | (!HwReg_layerEnableFlag_2_val_read)> <Delay = 0.00>

State 6 <SV = 5> <Delay = 0.00>
ST_6 : Operation 51 [1/2] (0.00ns)   --->   "%call_ln3436 = call void @AXIvideo2MultiPixStream_Pipeline_loop_width, i1 %sof, i1 %axi_last, i24 %axi_data_load, i12 %cols, i24 %srcLayer2, i24 %s_axis_video2_V_data_V, i3 %s_axis_video2_V_keep_V, i3 %s_axis_video2_V_strb_V, i1 %s_axis_video2_V_user_V, i1 %s_axis_video2_V_last_V, i1 %s_axis_video2_V_id_V, i1 %s_axis_video2_V_dest_V, i1 %eol_i_loc, i24 %axi_data_18_i_loc" [/home/e/Documents/research/byotee/OSDZU3_Ref_Design/OSDZU3_Ref_Design.runs/design_1_v_mix_0_0_synth_1/prj/sol/.autopilot/db/v_mix.cpp:3436->/home/e/Documents/research/byotee/OSDZU3_Ref_Design/OSDZU3_Ref_Design.runs/design_1_v_mix_0_0_synth_1/prj/sol/.autopilot/db/v_mix.cpp:787->/home/e/Documents/research/byotee/OSDZU3_Ref_Design/OSDZU3_Ref_Design.runs/design_1_v_mix_0_0_synth_1/prj/sol/.autopilot/db/v_mix.cpp:787]   --->   Operation 51 'call' 'call_ln3436' <Predicate = true> <Delay = 0.00> <CoreType = "Generic">   --->   Generic Core

State 7 <SV = 6> <Delay = 0.88>
ST_7 : Operation 52 [1/1] (0.00ns)   --->   "%fence_ln3436 = fence void @_ssdm_op_Fence, i24 %s_axis_video2_V_data_V, i3 %s_axis_video2_V_keep_V, i3 %s_axis_video2_V_strb_V, i1 %s_axis_video2_V_user_V, i1 %s_axis_video2_V_last_V, i1 %s_axis_video2_V_id_V, i1 %s_axis_video2_V_dest_V, i24 %srcLayer2, i32 4294967295, i24 %s_axis_video2_V_data_V, i3 %s_axis_video2_V_keep_V, i3 %s_axis_video2_V_strb_V, i1 %s_axis_video2_V_user_V, i1 %s_axis_video2_V_last_V, i1 %s_axis_video2_V_id_V, i1 %s_axis_video2_V_dest_V, i32 0" [/home/e/Documents/research/byotee/OSDZU3_Ref_Design/OSDZU3_Ref_Design.runs/design_1_v_mix_0_0_synth_1/prj/sol/.autopilot/db/v_mix.cpp:3436->/home/e/Documents/research/byotee/OSDZU3_Ref_Design/OSDZU3_Ref_Design.runs/design_1_v_mix_0_0_synth_1/prj/sol/.autopilot/db/v_mix.cpp:787->/home/e/Documents/research/byotee/OSDZU3_Ref_Design/OSDZU3_Ref_Design.runs/design_1_v_mix_0_0_synth_1/prj/sol/.autopilot/db/v_mix.cpp:787]   --->   Operation 52 'fence' 'fence_ln3436' <Predicate = true> <Delay = 0.00>
ST_7 : Operation 53 [1/1] (0.00ns)   --->   "%eol_i_loc_load = load i1 %eol_i_loc"   --->   Operation 53 'load' 'eol_i_loc_load' <Predicate = true> <Delay = 0.00>
ST_7 : Operation 54 [1/1] (0.00ns)   --->   "%axi_data_18_i_loc_load = load i24 %axi_data_18_i_loc"   --->   Operation 54 'load' 'axi_data_18_i_loc_load' <Predicate = true> <Delay = 0.00>
ST_7 : Operation 55 [1/1] (0.26ns)   --->   "%select_ln3436 = select i1 %cmp10403_i_i, i1 %eol_i_loc_load, i1 %axi_last" [/home/e/Documents/research/byotee/OSDZU3_Ref_Design/OSDZU3_Ref_Design.runs/design_1_v_mix_0_0_synth_1/prj/sol/.autopilot/db/v_mix.cpp:3436->/home/e/Documents/research/byotee/OSDZU3_Ref_Design/OSDZU3_Ref_Design.runs/design_1_v_mix_0_0_synth_1/prj/sol/.autopilot/db/v_mix.cpp:787->/home/e/Documents/research/byotee/OSDZU3_Ref_Design/OSDZU3_Ref_Design.runs/design_1_v_mix_0_0_synth_1/prj/sol/.autopilot/db/v_mix.cpp:787]   --->   Operation 55 'select' 'select_ln3436' <Predicate = true> <Delay = 0.26> <CoreInst = "Sel">   --->   Core 73 'Sel' <Latency = 0> <II = 1> <Delay = 0.26> <FuncUnit> <Opcode : 'select'> <InPorts = 3> <OutPorts = 1>
ST_7 : Operation 56 [1/1] (0.00ns)   --->   "%fence_ln3436 = fence void @_ssdm_op_Fence, i24 %s_axis_video2_V_data_V, i3 %s_axis_video2_V_keep_V, i3 %s_axis_video2_V_strb_V, i1 %s_axis_video2_V_user_V, i1 %s_axis_video2_V_last_V, i1 %s_axis_video2_V_id_V, i1 %s_axis_video2_V_dest_V, i24 %srcLayer2, i32 4294967295, i24 %s_axis_video2_V_data_V, i3 %s_axis_video2_V_keep_V, i3 %s_axis_video2_V_strb_V, i1 %s_axis_video2_V_user_V, i1 %s_axis_video2_V_last_V, i1 %s_axis_video2_V_id_V, i1 %s_axis_video2_V_dest_V, i32 0" [/home/e/Documents/research/byotee/OSDZU3_Ref_Design/OSDZU3_Ref_Design.runs/design_1_v_mix_0_0_synth_1/prj/sol/.autopilot/db/v_mix.cpp:3436->/home/e/Documents/research/byotee/OSDZU3_Ref_Design/OSDZU3_Ref_Design.runs/design_1_v_mix_0_0_synth_1/prj/sol/.autopilot/db/v_mix.cpp:787->/home/e/Documents/research/byotee/OSDZU3_Ref_Design/OSDZU3_Ref_Design.runs/design_1_v_mix_0_0_synth_1/prj/sol/.autopilot/db/v_mix.cpp:787]   --->   Operation 56 'fence' 'fence_ln3436' <Predicate = true> <Delay = 0.00>
ST_7 : Operation 57 [2/2] (0.62ns)   --->   "%call_ln3436 = call void @AXIvideo2MultiPixStream_Pipeline_loop_wait_for_eol, i24 %axi_data_18_i_loc_load, i1 %select_ln3436, i1 %eol_i_loc_load, i24 %s_axis_video2_V_data_V, i3 %s_axis_video2_V_keep_V, i3 %s_axis_video2_V_strb_V, i1 %s_axis_video2_V_user_V, i1 %s_axis_video2_V_last_V, i1 %s_axis_video2_V_id_V, i1 %s_axis_video2_V_dest_V, i24 %axi_data, i1 %axi_last_23_i_loc" [/home/e/Documents/research/byotee/OSDZU3_Ref_Design/OSDZU3_Ref_Design.runs/design_1_v_mix_0_0_synth_1/prj/sol/.autopilot/db/v_mix.cpp:3436->/home/e/Documents/research/byotee/OSDZU3_Ref_Design/OSDZU3_Ref_Design.runs/design_1_v_mix_0_0_synth_1/prj/sol/.autopilot/db/v_mix.cpp:787->/home/e/Documents/research/byotee/OSDZU3_Ref_Design/OSDZU3_Ref_Design.runs/design_1_v_mix_0_0_synth_1/prj/sol/.autopilot/db/v_mix.cpp:787]   --->   Operation 57 'call' 'call_ln3436' <Predicate = true> <Delay = 0.62> <CoreType = "Generic">   --->   Generic Core

State 8 <SV = 7> <Delay = 0.97>
ST_8 : Operation 58 [1/2] (0.97ns)   --->   "%call_ln3436 = call void @AXIvideo2MultiPixStream_Pipeline_loop_wait_for_eol, i24 %axi_data_18_i_loc_load, i1 %select_ln3436, i1 %eol_i_loc_load, i24 %s_axis_video2_V_data_V, i3 %s_axis_video2_V_keep_V, i3 %s_axis_video2_V_strb_V, i1 %s_axis_video2_V_user_V, i1 %s_axis_video2_V_last_V, i1 %s_axis_video2_V_id_V, i1 %s_axis_video2_V_dest_V, i24 %axi_data, i1 %axi_last_23_i_loc" [/home/e/Documents/research/byotee/OSDZU3_Ref_Design/OSDZU3_Ref_Design.runs/design_1_v_mix_0_0_synth_1/prj/sol/.autopilot/db/v_mix.cpp:3436->/home/e/Documents/research/byotee/OSDZU3_Ref_Design/OSDZU3_Ref_Design.runs/design_1_v_mix_0_0_synth_1/prj/sol/.autopilot/db/v_mix.cpp:787->/home/e/Documents/research/byotee/OSDZU3_Ref_Design/OSDZU3_Ref_Design.runs/design_1_v_mix_0_0_synth_1/prj/sol/.autopilot/db/v_mix.cpp:787]   --->   Operation 58 'call' 'call_ln3436' <Predicate = true> <Delay = 0.97> <CoreType = "Generic">   --->   Generic Core

State 9 <SV = 8> <Delay = 0.00>
ST_9 : Operation 59 [1/1] (0.00ns)   --->   "%specloopname_ln3387 = specloopname void @_ssdm_op_SpecLoopName, void @empty_35" [/home/e/Documents/research/byotee/OSDZU3_Ref_Design/OSDZU3_Ref_Design.runs/design_1_v_mix_0_0_synth_1/prj/sol/.autopilot/db/v_mix.cpp:3387->/home/e/Documents/research/byotee/OSDZU3_Ref_Design/OSDZU3_Ref_Design.runs/design_1_v_mix_0_0_synth_1/prj/sol/.autopilot/db/v_mix.cpp:787->/home/e/Documents/research/byotee/OSDZU3_Ref_Design/OSDZU3_Ref_Design.runs/design_1_v_mix_0_0_synth_1/prj/sol/.autopilot/db/v_mix.cpp:787]   --->   Operation 59 'specloopname' 'specloopname_ln3387' <Predicate = true> <Delay = 0.00>
ST_9 : Operation 60 [1/1] (0.00ns)   --->   "%axi_last_23_i_loc_load = load i1 %axi_last_23_i_loc"   --->   Operation 60 'load' 'axi_last_23_i_loc_load' <Predicate = true> <Delay = 0.00>
ST_9 : Operation 61 [1/1] (0.00ns)   --->   "%br_ln3387 = br void %loop_width.i.i" [/home/e/Documents/research/byotee/OSDZU3_Ref_Design/OSDZU3_Ref_Design.runs/design_1_v_mix_0_0_synth_1/prj/sol/.autopilot/db/v_mix.cpp:3387->/home/e/Documents/research/byotee/OSDZU3_Ref_Design/OSDZU3_Ref_Design.runs/design_1_v_mix_0_0_synth_1/prj/sol/.autopilot/db/v_mix.cpp:787->/home/e/Documents/research/byotee/OSDZU3_Ref_Design/OSDZU3_Ref_Design.runs/design_1_v_mix_0_0_synth_1/prj/sol/.autopilot/db/v_mix.cpp:787]   --->   Operation 61 'br' 'br_ln3387' <Predicate = true> <Delay = 0.00>


============================================================
+ Verbose Summary: Timing violations
============================================================
Target clock period: 5.000ns, clock uncertainty: 1.350ns.

 <State 1>: 1.825ns
The critical path consists of the following:
	wire read operation ('HwReg_layerWidth_2_val_read') on port 'HwReg_layerWidth_2_val' [13]  (1.825 ns)

 <State 2>: 0.624ns
The critical path consists of the following:
	wire read operation ('HwReg_layerEnableFlag_2_val_read') on port 'HwReg_layerEnableFlag_2_val' [12]  (0.000 ns)
	'call' operation 0 bit ('call_ln0') to 'AXIvideo2MultiPixStream_Pipeline_loop_wait_for_start' [31]  (0.624 ns)

 <State 3>: 0.978ns
The critical path consists of the following:
	'call' operation 0 bit ('call_ln0') to 'AXIvideo2MultiPixStream_Pipeline_loop_wait_for_start' [31]  (0.978 ns)

 <State 4>: 1.292ns
The critical path consists of the following:
	'icmp' operation 1 bit ('cmp10403_i_i', /home/e/Documents/research/byotee/OSDZU3_Ref_Design/OSDZU3_Ref_Design.runs/design_1_v_mix_0_0_synth_1/prj/sol/.autopilot/db/v_mix.cpp:3367->/home/e/Documents/research/byotee/OSDZU3_Ref_Design/OSDZU3_Ref_Design.runs/design_1_v_mix_0_0_synth_1/prj/sol/.autopilot/db/v_mix.cpp:787->/home/e/Documents/research/byotee/OSDZU3_Ref_Design/OSDZU3_Ref_Design.runs/design_1_v_mix_0_0_synth_1/prj/sol/.autopilot/db/v_mix.cpp:787) [34]  (0.962 ns)
	'xor' operation 1 bit ('xor_ln3436', /home/e/Documents/research/byotee/OSDZU3_Ref_Design/OSDZU3_Ref_Design.runs/design_1_v_mix_0_0_synth_1/prj/sol/.autopilot/db/v_mix.cpp:3436->/home/e/Documents/research/byotee/OSDZU3_Ref_Design/OSDZU3_Ref_Design.runs/design_1_v_mix_0_0_synth_1/prj/sol/.autopilot/db/v_mix.cpp:787->/home/e/Documents/research/byotee/OSDZU3_Ref_Design/OSDZU3_Ref_Design.runs/design_1_v_mix_0_0_synth_1/prj/sol/.autopilot/db/v_mix.cpp:787) [35]  (0.331 ns)

 <State 5>: 2.412ns
The critical path consists of the following:
	'load' operation 12 bit ('i', /home/e/Documents/research/byotee/OSDZU3_Ref_Design/OSDZU3_Ref_Design.runs/design_1_v_mix_0_0_synth_1/prj/sol/.autopilot/db/v_mix.cpp:3387->/home/e/Documents/research/byotee/OSDZU3_Ref_Design/OSDZU3_Ref_Design.runs/design_1_v_mix_0_0_synth_1/prj/sol/.autopilot/db/v_mix.cpp:787->/home/e/Documents/research/byotee/OSDZU3_Ref_Design/OSDZU3_Ref_Design.runs/design_1_v_mix_0_0_synth_1/prj/sol/.autopilot/db/v_mix.cpp:787) on local variable 'i', /home/e/Documents/research/byotee/OSDZU3_Ref_Design/OSDZU3_Ref_Design.runs/design_1_v_mix_0_0_synth_1/prj/sol/.autopilot/db/v_mix.cpp:3387->/home/e/Documents/research/byotee/OSDZU3_Ref_Design/OSDZU3_Ref_Design.runs/design_1_v_mix_0_0_synth_1/prj/sol/.autopilot/db/v_mix.cpp:787->/home/e/Documents/research/byotee/OSDZU3_Ref_Design/OSDZU3_Ref_Design.runs/design_1_v_mix_0_0_synth_1/prj/sol/.autopilot/db/v_mix.cpp:787 [41]  (0.000 ns)
	'icmp' operation 1 bit ('icmp_ln3387', /home/e/Documents/research/byotee/OSDZU3_Ref_Design/OSDZU3_Ref_Design.runs/design_1_v_mix_0_0_synth_1/prj/sol/.autopilot/db/v_mix.cpp:3387->/home/e/Documents/research/byotee/OSDZU3_Ref_Design/OSDZU3_Ref_Design.runs/design_1_v_mix_0_0_synth_1/prj/sol/.autopilot/db/v_mix.cpp:787->/home/e/Documents/research/byotee/OSDZU3_Ref_Design/OSDZU3_Ref_Design.runs/design_1_v_mix_0_0_synth_1/prj/sol/.autopilot/db/v_mix.cpp:787) [42]  (0.962 ns)
	'call' operation 0 bit ('call_ln3436', /home/e/Documents/research/byotee/OSDZU3_Ref_Design/OSDZU3_Ref_Design.runs/design_1_v_mix_0_0_synth_1/prj/sol/.autopilot/db/v_mix.cpp:3436->/home/e/Documents/research/byotee/OSDZU3_Ref_Design/OSDZU3_Ref_Design.runs/design_1_v_mix_0_0_synth_1/prj/sol/.autopilot/db/v_mix.cpp:787->/home/e/Documents/research/byotee/OSDZU3_Ref_Design/OSDZU3_Ref_Design.runs/design_1_v_mix_0_0_synth_1/prj/sol/.autopilot/db/v_mix.cpp:787) to 'AXIvideo2MultiPixStream_Pipeline_loop_width' [49]  (1.450 ns)

 <State 6>: 0.000ns
The critical path consists of the following:

 <State 7>: 0.888ns
The critical path consists of the following:
	'load' operation 1 bit ('eol_i_loc_load') on local variable 'eol_i_loc' [51]  (0.000 ns)
	'select' operation 1 bit ('select_ln3436', /home/e/Documents/research/byotee/OSDZU3_Ref_Design/OSDZU3_Ref_Design.runs/design_1_v_mix_0_0_synth_1/prj/sol/.autopilot/db/v_mix.cpp:3436->/home/e/Documents/research/byotee/OSDZU3_Ref_Design/OSDZU3_Ref_Design.runs/design_1_v_mix_0_0_synth_1/prj/sol/.autopilot/db/v_mix.cpp:787->/home/e/Documents/research/byotee/OSDZU3_Ref_Design/OSDZU3_Ref_Design.runs/design_1_v_mix_0_0_synth_1/prj/sol/.autopilot/db/v_mix.cpp:787) [53]  (0.264 ns)
	'call' operation 0 bit ('call_ln3436', /home/e/Documents/research/byotee/OSDZU3_Ref_Design/OSDZU3_Ref_Design.runs/design_1_v_mix_0_0_synth_1/prj/sol/.autopilot/db/v_mix.cpp:3436->/home/e/Documents/research/byotee/OSDZU3_Ref_Design/OSDZU3_Ref_Design.runs/design_1_v_mix_0_0_synth_1/prj/sol/.autopilot/db/v_mix.cpp:787->/home/e/Documents/research/byotee/OSDZU3_Ref_Design/OSDZU3_Ref_Design.runs/design_1_v_mix_0_0_synth_1/prj/sol/.autopilot/db/v_mix.cpp:787) to 'AXIvideo2MultiPixStream_Pipeline_loop_wait_for_eol' [55]  (0.624 ns)

 <State 8>: 0.978ns
The critical path consists of the following:
	'call' operation 0 bit ('call_ln3436', /home/e/Documents/research/byotee/OSDZU3_Ref_Design/OSDZU3_Ref_Design.runs/design_1_v_mix_0_0_synth_1/prj/sol/.autopilot/db/v_mix.cpp:3436->/home/e/Documents/research/byotee/OSDZU3_Ref_Design/OSDZU3_Ref_Design.runs/design_1_v_mix_0_0_synth_1/prj/sol/.autopilot/db/v_mix.cpp:787->/home/e/Documents/research/byotee/OSDZU3_Ref_Design/OSDZU3_Ref_Design.runs/design_1_v_mix_0_0_synth_1/prj/sol/.autopilot/db/v_mix.cpp:787) to 'AXIvideo2MultiPixStream_Pipeline_loop_wait_for_eol' [55]  (0.978 ns)

 <State 9>: 0.000ns
The critical path consists of the following:


============================================================
+ Verbose Summary: Binding
============================================================
N/A
* FSMD analyzer results:
  - Output states:
 - Input state : 
  - Chain level:
	State 1
	State 2
	State 3
	State 4
	State 5
	State 6
	State 7
	State 8
	State 9


============================================================
+ Verbose Summary: Datapath Resource usage 
============================================================
N/A
