

================================================================
== Vitis HLS Report for 'AXIvideo2MultiPixStream_1_Pipeline_loop_width'
================================================================
* Date:           Sat Sep  6 13:59:16 2025

* Version:        2025.1 (Build 6135595 on May 21 2025)
* Project:        prj
* Solution:       sol (Vivado IP Flow Target)
* Product family: zynquplus
* Target device:  xczu3eg-sfvc784-1-e


================================================================
== Performance Estimates
================================================================
+ Timing: 
    * Summary: 
    +--------+---------+----------+------------+
    |  Clock |  Target | Estimated| Uncertainty|
    +--------+---------+----------+------------+
    |ap_clk  |  5.00 ns|  1.939 ns|     1.35 ns|
    +--------+---------+----------+------------+

+ Latency: 
    * Summary: 
    +---------+---------+-----------+-----------+-----+------+------------------------------------------------+
    |  Latency (cycles) |   Latency (absolute)  |  Interval  |                    Pipeline                    |
    |   min   |   max   |    min    |    max    | min |  max |                      Type                      |
    +---------+---------+-----------+-----------+-----+------+------------------------------------------------+
    |        3|     3843|  15.000 ns|  19.215 us|    1|  3841|  loop auto-rewind stp (delay=0 clock cycles(s))|
    +---------+---------+-----------+-----------+-----+------+------------------------------------------------+

    + Detail: 
        * Instance: 
        N/A

        * Loop: 
        +--------------+---------+---------+----------+-----------+-----------+----------+----------+
        |              |  Latency (cycles) | Iteration|  Initiation Interval  |   Trip   |          |
        |   Loop Name  |   min   |   max   |  Latency |  achieved |   target  |   Count  | Pipelined|
        +--------------+---------+---------+----------+-----------+-----------+----------+----------+
        |- loop_width  |        1|     3841|         3|          1|          1|  0 ~ 3840|       yes|
        +--------------+---------+---------+----------+-----------+-----------+----------+----------+

============================================================
+ Verbose Summary: Synthesis Manager
============================================================
InlineROM: 1
ExposeGlobal: 0
============================================================
+ Verbose Summary: CDFG Model
============================================================
IsTopModel: 0
ResetActiveHigh: 1
IsCombinational: 0
IsDatapathOnly: 0
HasWiredReturn: 1
HasMFsm: 2
HasVarLatency: 1
IsPipeline: 0
IsRtlPipelined: 0
IsInstanceOverlapped: 0
IsDontTouch: 0
HasImplIP: 0
IsGatedGlobalClock: 0

+ Individual pipeline summary: 
  * Pipeline-0: initiation interval (II) = 1, depth = 3


============================================================
+ Verbose Summary: Schedule
============================================================
* Number of FSM states : 3
* Pipeline : 1
  Pipeline-0 : II = 1, D = 3, States = { 1 2 3 }
* Dataflow Pipeline: 0

* FSM state transitions: 
1 --> 2 
2 --> 3 
3 --> 

* FSM state operations: 

State 1 <SV = 0> <Delay = 1.93>
ST_1 : Operation 6 [1/1] (0.00ns)   --->   "%j = alloca i32 1" [/home/e/Documents/research/byotee/OSDZU3_Ref_Design/OSDZU3_Ref_Design.runs/design_1_v_mix_0_0_synth_1/prj/sol/.autopilot/db/v_mix.cpp:3391]   --->   Operation 6 'alloca' 'j' <Predicate = true> <Delay = 0.00>
ST_1 : Operation 7 [1/1] (0.00ns)   --->   "%axi_data = alloca i32 1" [/home/e/Documents/research/byotee/OSDZU3_Ref_Design/OSDZU3_Ref_Design.runs/design_1_v_mix_0_0_synth_1/prj/sol/.autopilot/db/v_mix.cpp:3362]   --->   Operation 7 'alloca' 'axi_data' <Predicate = true> <Delay = 0.00>
ST_1 : Operation 8 [1/1] (0.00ns)   --->   "%axi_last_13 = alloca i32 1" [/home/e/Documents/research/byotee/OSDZU3_Ref_Design/OSDZU3_Ref_Design.runs/design_1_v_mix_0_0_synth_1/prj/sol/.autopilot/db/v_mix.cpp:3362]   --->   Operation 8 'alloca' 'axi_last_13' <Predicate = true> <Delay = 0.00>
ST_1 : Operation 9 [1/1] (0.00ns)   --->   "%specaxissidechannel_ln0 = specaxissidechannel void @_ssdm_op_SpecAXISSideChannel, i24 %s_axis_video_V_data_V, i3 %s_axis_video_V_keep_V, i3 %s_axis_video_V_strb_V, i1 %s_axis_video_V_user_V, i1 %s_axis_video_V_last_V, i1 %s_axis_video_V_id_V, i1 %s_axis_video_V_dest_V, void @empty_49"   --->   Operation 9 'specaxissidechannel' 'specaxissidechannel_ln0' <Predicate = true> <Delay = 0.00>
ST_1 : Operation 10 [1/1] (0.00ns)   --->   "%specinterface_ln0 = specinterface void @_ssdm_op_SpecInterface, i1 %s_axis_video_V_dest_V, void @empty_10, i32 0, i32 0, void @empty_2, i32 0, i32 0, void @empty_0, void @empty_0, void @empty_0, i32 0, i32 0, i32 0, i32 0, void @empty_0, void @empty_0, i32 4294967295, i32 0, i32 0"   --->   Operation 10 'specinterface' 'specinterface_ln0' <Predicate = true> <Delay = 0.00>
ST_1 : Operation 11 [1/1] (0.00ns)   --->   "%specinterface_ln0 = specinterface void @_ssdm_op_SpecInterface, i1 %s_axis_video_V_id_V, void @empty_10, i32 0, i32 0, void @empty_2, i32 0, i32 0, void @empty_0, void @empty_0, void @empty_0, i32 0, i32 0, i32 0, i32 0, void @empty_0, void @empty_0, i32 4294967295, i32 0, i32 0"   --->   Operation 11 'specinterface' 'specinterface_ln0' <Predicate = true> <Delay = 0.00>
ST_1 : Operation 12 [1/1] (0.00ns)   --->   "%specinterface_ln0 = specinterface void @_ssdm_op_SpecInterface, i1 %s_axis_video_V_last_V, void @empty_10, i32 0, i32 0, void @empty_2, i32 0, i32 0, void @empty_0, void @empty_0, void @empty_0, i32 0, i32 0, i32 0, i32 0, void @empty_0, void @empty_0, i32 4294967295, i32 0, i32 0"   --->   Operation 12 'specinterface' 'specinterface_ln0' <Predicate = true> <Delay = 0.00>
ST_1 : Operation 13 [1/1] (0.00ns)   --->   "%specinterface_ln0 = specinterface void @_ssdm_op_SpecInterface, i1 %s_axis_video_V_user_V, void @empty_10, i32 0, i32 0, void @empty_2, i32 0, i32 0, void @empty_0, void @empty_0, void @empty_0, i32 0, i32 0, i32 0, i32 0, void @empty_0, void @empty_0, i32 4294967295, i32 0, i32 0"   --->   Operation 13 'specinterface' 'specinterface_ln0' <Predicate = true> <Delay = 0.00>
ST_1 : Operation 14 [1/1] (0.00ns)   --->   "%specinterface_ln0 = specinterface void @_ssdm_op_SpecInterface, i3 %s_axis_video_V_strb_V, void @empty_10, i32 0, i32 0, void @empty_2, i32 0, i32 0, void @empty_0, void @empty_0, void @empty_0, i32 0, i32 0, i32 0, i32 0, void @empty_0, void @empty_0, i32 4294967295, i32 0, i32 0"   --->   Operation 14 'specinterface' 'specinterface_ln0' <Predicate = true> <Delay = 0.00>
ST_1 : Operation 15 [1/1] (0.00ns)   --->   "%specinterface_ln0 = specinterface void @_ssdm_op_SpecInterface, i3 %s_axis_video_V_keep_V, void @empty_10, i32 0, i32 0, void @empty_2, i32 0, i32 0, void @empty_0, void @empty_0, void @empty_0, i32 0, i32 0, i32 0, i32 0, void @empty_0, void @empty_0, i32 4294967295, i32 0, i32 0"   --->   Operation 15 'specinterface' 'specinterface_ln0' <Predicate = true> <Delay = 0.00>
ST_1 : Operation 16 [1/1] (0.00ns)   --->   "%specinterface_ln0 = specinterface void @_ssdm_op_SpecInterface, i24 %s_axis_video_V_data_V, void @empty_10, i32 0, i32 0, void @empty_2, i32 0, i32 0, void @empty_0, void @empty_0, void @empty_0, i32 0, i32 0, i32 0, i32 0, void @empty_0, void @empty_0, i32 4294967295, i32 0, i32 0"   --->   Operation 16 'specinterface' 'specinterface_ln0' <Predicate = true> <Delay = 0.00>
ST_1 : Operation 17 [1/1] (0.00ns)   --->   "%specinterface_ln0 = specinterface void @_ssdm_op_SpecInterface, i24 %srcLayer0, void @empty_42, i32 0, i32 0, void @empty_0, i32 0, i32 0, void @empty_0, void @empty_0, void @empty_0, i32 0, i32 0, i32 0, i32 0, void @empty_0, void @empty_0, i32 4294967295, i32 0, i32 0"   --->   Operation 17 'specinterface' 'specinterface_ln0' <Predicate = true> <Delay = 0.00>
ST_1 : Operation 18 [1/1] (0.00ns)   --->   "%cols_read = read i12 @_ssdm_op_Read.ap_auto.i12, i12 %cols"   --->   Operation 18 'read' 'cols_read' <Predicate = true> <Delay = 0.00>
ST_1 : Operation 19 [1/1] (0.00ns)   --->   "%axi_data_10_read = read i24 @_ssdm_op_Read.ap_auto.i24, i24 %axi_data_10"   --->   Operation 19 'read' 'axi_data_10_read' <Predicate = true> <Delay = 0.00>
ST_1 : Operation 20 [1/1] (0.00ns)   --->   "%axi_last_12_read = read i1 @_ssdm_op_Read.ap_auto.i1, i1 %axi_last_12"   --->   Operation 20 'read' 'axi_last_12_read' <Predicate = true> <Delay = 0.00>
ST_1 : Operation 21 [1/1] (0.00ns)   --->   "%sof_7_read = read i1 @_ssdm_op_Read.ap_auto.i1, i1 %sof_7"   --->   Operation 21 'read' 'sof_7_read' <Predicate = true> <Delay = 0.00>
ST_1 : Operation 22 [1/1] (0.48ns)   --->   "%store_ln3362 = store i1 %axi_last_12_read, i1 %axi_last_13" [/home/e/Documents/research/byotee/OSDZU3_Ref_Design/OSDZU3_Ref_Design.runs/design_1_v_mix_0_0_synth_1/prj/sol/.autopilot/db/v_mix.cpp:3362]   --->   Operation 22 'store' 'store_ln3362' <Predicate = true> <Delay = 0.48>
ST_1 : Operation 23 [1/1] (0.48ns)   --->   "%store_ln3362 = store i24 %axi_data_10_read, i24 %axi_data" [/home/e/Documents/research/byotee/OSDZU3_Ref_Design/OSDZU3_Ref_Design.runs/design_1_v_mix_0_0_synth_1/prj/sol/.autopilot/db/v_mix.cpp:3362]   --->   Operation 23 'store' 'store_ln3362' <Predicate = true> <Delay = 0.48>
ST_1 : Operation 24 [1/1] (0.48ns)   --->   "%store_ln3391 = store i12 0, i12 %j" [/home/e/Documents/research/byotee/OSDZU3_Ref_Design/OSDZU3_Ref_Design.runs/design_1_v_mix_0_0_synth_1/prj/sol/.autopilot/db/v_mix.cpp:3391]   --->   Operation 24 'store' 'store_ln3391' <Predicate = true> <Delay = 0.48>
ST_1 : Operation 25 [1/1] (0.48ns)   --->   "%br_ln3391 = br void %for.body12" [/home/e/Documents/research/byotee/OSDZU3_Ref_Design/OSDZU3_Ref_Design.runs/design_1_v_mix_0_0_synth_1/prj/sol/.autopilot/db/v_mix.cpp:3391]   --->   Operation 25 'br' 'br_ln3391' <Predicate = true> <Delay = 0.48>
ST_1 : Operation 26 [1/1] (0.00ns)   --->   "%j_7 = load i12 %j" [/home/e/Documents/research/byotee/OSDZU3_Ref_Design/OSDZU3_Ref_Design.runs/design_1_v_mix_0_0_synth_1/prj/sol/.autopilot/db/v_mix.cpp:3391]   --->   Operation 26 'load' 'j_7' <Predicate = true> <Delay = 0.00>
ST_1 : Operation 27 [1/1] (0.96ns)   --->   "%icmp_ln3391 = icmp_eq  i12 %j_7, i12 %cols_read" [/home/e/Documents/research/byotee/OSDZU3_Ref_Design/OSDZU3_Ref_Design.runs/design_1_v_mix_0_0_synth_1/prj/sol/.autopilot/db/v_mix.cpp:3391]   --->   Operation 27 'icmp' 'icmp_ln3391' <Predicate = true> <Delay = 0.96> <CoreInst = "Cmp">   --->   Core 9 'Cmp' <Latency = 0> <II = 1> <Delay = 0.96> <FuncUnit> <Opcode : 'seteq' 'setne' 'setle' 'setge' 'setlt' 'setgt'> <InPorts = 2> <OutPorts = 1>
ST_1 : Operation 28 [1/1] (0.96ns)   --->   "%j_8 = add i12 %j_7, i12 1" [/home/e/Documents/research/byotee/OSDZU3_Ref_Design/OSDZU3_Ref_Design.runs/design_1_v_mix_0_0_synth_1/prj/sol/.autopilot/db/v_mix.cpp:3391]   --->   Operation 28 'add' 'j_8' <Predicate = true> <Delay = 0.96> <CoreInst = "Adder">   --->   Core 1 'Adder' <Latency = 0> <II = 1> <Delay = 0.96> <FuncUnit> <Opcode : 'add' 'sub'> <InPorts = 2> <OutPorts = 1>
ST_1 : Operation 29 [1/1] (0.00ns)   --->   "%br_ln3391 = br i1 %icmp_ln3391, void %for.body12.split, void %loop_wait_for_eol.exitStub" [/home/e/Documents/research/byotee/OSDZU3_Ref_Design/OSDZU3_Ref_Design.runs/design_1_v_mix_0_0_synth_1/prj/sol/.autopilot/db/v_mix.cpp:3391]   --->   Operation 29 'br' 'br_ln3391' <Predicate = true> <Delay = 0.00>
ST_1 : Operation 30 [1/1] (0.48ns)   --->   "%store_ln3391 = store i12 %j_8, i12 %j" [/home/e/Documents/research/byotee/OSDZU3_Ref_Design/OSDZU3_Ref_Design.runs/design_1_v_mix_0_0_synth_1/prj/sol/.autopilot/db/v_mix.cpp:3391]   --->   Operation 30 'store' 'store_ln3391' <Predicate = (!icmp_ln3391)> <Delay = 0.48>
ST_1 : Operation 31 [1/1] (0.00ns)   --->   "%br_ln3391 = br void %for.body12" [/home/e/Documents/research/byotee/OSDZU3_Ref_Design/OSDZU3_Ref_Design.runs/design_1_v_mix_0_0_synth_1/prj/sol/.autopilot/db/v_mix.cpp:3391]   --->   Operation 31 'br' 'br_ln3391' <Predicate = (!icmp_ln3391)> <Delay = 0.00>

State 2 <SV = 1> <Delay = 0.95>
ST_2 : Operation 32 [1/1] (0.00ns)   --->   "%eol = phi i1 0, void %newFuncRoot, i1 %axi_last, void %if.end"   --->   Operation 32 'phi' 'eol' <Predicate = true> <Delay = 0.00>
ST_2 : Operation 33 [1/1] (0.00ns)   --->   "%sof = phi i1 %sof_7_read, void %newFuncRoot, i1 0, void %if.end"   --->   Operation 33 'phi' 'sof' <Predicate = true> <Delay = 0.00>
ST_2 : Operation 34 [1/1] (0.00ns)   --->   "%speclooptripcount_ln0 = speclooptripcount void @_ssdm_op_SpecLoopTripCount, i64 0, i64 3840, i64 0"   --->   Operation 34 'speclooptripcount' 'speclooptripcount_ln0' <Predicate = true> <Delay = 0.00>
ST_2 : Operation 35 [1/1] (0.00ns)   --->   "%specpipeline_ln3394 = specpipeline void @_ssdm_op_SpecPipeline, i32 1, i32 0, i32 0, i32 0, void @empty_0" [/home/e/Documents/research/byotee/OSDZU3_Ref_Design/OSDZU3_Ref_Design.runs/design_1_v_mix_0_0_synth_1/prj/sol/.autopilot/db/v_mix.cpp:3394]   --->   Operation 35 'specpipeline' 'specpipeline_ln3394' <Predicate = (!icmp_ln3391)> <Delay = 0.00>
ST_2 : Operation 36 [1/1] (0.00ns)   --->   "%specloopname_ln3391 = specloopname void @_ssdm_op_SpecLoopName, void @empty_60" [/home/e/Documents/research/byotee/OSDZU3_Ref_Design/OSDZU3_Ref_Design.runs/design_1_v_mix_0_0_synth_1/prj/sol/.autopilot/db/v_mix.cpp:3391]   --->   Operation 36 'specloopname' 'specloopname_ln3391' <Predicate = (!icmp_ln3391)> <Delay = 0.00>
ST_2 : Operation 37 [1/1] (0.33ns)   --->   "%or_ln3395 = or i1 %sof, i1 %eol" [/home/e/Documents/research/byotee/OSDZU3_Ref_Design/OSDZU3_Ref_Design.runs/design_1_v_mix_0_0_synth_1/prj/sol/.autopilot/db/v_mix.cpp:3395]   --->   Operation 37 'or' 'or_ln3395' <Predicate = (!icmp_ln3391)> <Delay = 0.33> <CoreInst = "LogicGate">   --->   Core 74 'LogicGate' <Latency = 0> <II = 1> <Delay = 0.33> <FuncUnit> <Opcode : 'and' 'or' 'xor'> <InPorts = 2> <OutPorts = 1>
ST_2 : Operation 38 [1/1] (0.00ns)   --->   "%br_ln3395 = br i1 %or_ln3395, void %if.else, void %if.end" [/home/e/Documents/research/byotee/OSDZU3_Ref_Design/OSDZU3_Ref_Design.runs/design_1_v_mix_0_0_synth_1/prj/sol/.autopilot/db/v_mix.cpp:3395]   --->   Operation 38 'br' 'br_ln3395' <Predicate = (!icmp_ln3391)> <Delay = 0.00>
ST_2 : Operation 39 [1/1] (0.13ns)   --->   "%empty = read i34 @_ssdm_op_Read.axis.volatile.i24P0A.i3P0A.i3P0A.i1P0A.i1P0A.i1P0A.i1P0A, i24 %s_axis_video_V_data_V, i3 %s_axis_video_V_keep_V, i3 %s_axis_video_V_strb_V, i1 %s_axis_video_V_user_V, i1 %s_axis_video_V_last_V, i1 %s_axis_video_V_id_V, i1 %s_axis_video_V_dest_V" [/home/e/Documents/research/byotee/OSDZU3_Ref_Design/OSDZU3_Ref_Design.runs/design_1_v_mix_0_0_synth_1/prj/sol/.autopilot/db/v_mix.cpp:3402]   --->   Operation 39 'read' 'empty' <Predicate = (!icmp_ln3391 & !or_ln3395)> <Delay = 0.13> <CoreInst = "regslice">   --->   Core 147 'regslice' <Latency = 0> <II = 1> <Delay = 0.84> <Adapter> <Opcode : 'read' 'write'>
ST_2 : Operation 40 [1/1] (0.00ns)   --->   "%axi_data_7 = extractvalue i34 %empty" [/home/e/Documents/research/byotee/OSDZU3_Ref_Design/OSDZU3_Ref_Design.runs/design_1_v_mix_0_0_synth_1/prj/sol/.autopilot/db/v_mix.cpp:3402]   --->   Operation 40 'extractvalue' 'axi_data_7' <Predicate = (!icmp_ln3391 & !or_ln3395)> <Delay = 0.00>
ST_2 : Operation 41 [1/1] (0.00ns)   --->   "%axi_last_15 = extractvalue i34 %empty" [/home/e/Documents/research/byotee/OSDZU3_Ref_Design/OSDZU3_Ref_Design.runs/design_1_v_mix_0_0_synth_1/prj/sol/.autopilot/db/v_mix.cpp:3402]   --->   Operation 41 'extractvalue' 'axi_last_15' <Predicate = (!icmp_ln3391 & !or_ln3395)> <Delay = 0.00>
ST_2 : Operation 42 [1/1] (0.48ns)   --->   "%store_ln3362 = store i1 %axi_last_15, i1 %axi_last_13" [/home/e/Documents/research/byotee/OSDZU3_Ref_Design/OSDZU3_Ref_Design.runs/design_1_v_mix_0_0_synth_1/prj/sol/.autopilot/db/v_mix.cpp:3362]   --->   Operation 42 'store' 'store_ln3362' <Predicate = (!icmp_ln3391 & !or_ln3395)> <Delay = 0.48>
ST_2 : Operation 43 [1/1] (0.48ns)   --->   "%store_ln3362 = store i24 %axi_data_7, i24 %axi_data" [/home/e/Documents/research/byotee/OSDZU3_Ref_Design/OSDZU3_Ref_Design.runs/design_1_v_mix_0_0_synth_1/prj/sol/.autopilot/db/v_mix.cpp:3362]   --->   Operation 43 'store' 'store_ln3362' <Predicate = (!icmp_ln3391 & !or_ln3395)> <Delay = 0.48>
ST_2 : Operation 44 [1/1] (0.00ns)   --->   "%br_ln0 = br void %if.end"   --->   Operation 44 'br' 'br_ln0' <Predicate = (!icmp_ln3391 & !or_ln3395)> <Delay = 0.00>
ST_2 : Operation 51 [1/1] (0.00ns)   --->   "%axi_data_load = load i24 %axi_data"   --->   Operation 51 'load' 'axi_data_load' <Predicate = (icmp_ln3391)> <Delay = 0.00>
ST_2 : Operation 52 [1/1] (0.00ns)   --->   "%write_ln0 = write void @_ssdm_op_Write.ap_auto.i1P0A, i1 %eol_out, i1 %eol"   --->   Operation 52 'write' 'write_ln0' <Predicate = (icmp_ln3391)> <Delay = 0.00>
ST_2 : Operation 53 [1/1] (0.00ns)   --->   "%write_ln0 = write void @_ssdm_op_Write.ap_auto.i24P0A, i24 %axi_data_11_out, i24 %axi_data_load"   --->   Operation 53 'write' 'write_ln0' <Predicate = (icmp_ln3391)> <Delay = 0.00>
ST_2 : Operation 54 [1/1] (0.48ns)   --->   "%ret_ln0 = ret"   --->   Operation 54 'ret' 'ret_ln0' <Predicate = (icmp_ln3391)> <Delay = 0.48>

State 3 <SV = 2> <Delay = 1.82>
ST_3 : Operation 45 [1/1] (0.00ns)   --->   "%axi_data_9 = load i24 %axi_data" [/home/e/Documents/research/byotee/OSDZU3_Ref_Design/OSDZU3_Ref_Design.runs/design_1_v_mix_0_0_synth_1/prj/sol/.autopilot/db/v_mix.cpp:3433]   --->   Operation 45 'load' 'axi_data_9' <Predicate = (!icmp_ln3391)> <Delay = 0.00>
ST_3 : Operation 46 [1/1] (0.00ns)   --->   "%axi_last = load i1 %axi_last_13"   --->   Operation 46 'load' 'axi_last' <Predicate = (!icmp_ln3391)> <Delay = 0.00>
ST_3 : Operation 47 [1/1] (0.00ns)   --->   "%tmp_2 = partselect i8 @_ssdm_op_PartSelect.i8.i24.i32, i24 %axi_data_9, i32 16" [/home/e/Documents/research/byotee/OSDZU3_Ref_Design/OSDZU3_Ref_Design.gen/sources_1/bd/design_1/ip/design_1_v_mix_0_0/src/hls/hls_axi_io.h:63->/home/e/Documents/research/byotee/OSDZU3_Ref_Design/OSDZU3_Ref_Design.gen/sources_1/bd/design_1/ip/design_1_v_mix_0_0/src/hls/hls_axi_io.h:85->/home/e/Documents/research/byotee/OSDZU3_Ref_Design/OSDZU3_Ref_Design.runs/design_1_v_mix_0_0_synth_1/prj/sol/.autopilot/db/v_mix.cpp:3417]   --->   Operation 47 'partselect' 'tmp_2' <Predicate = (!icmp_ln3391)> <Delay = 0.00>
ST_3 : Operation 48 [1/1] (0.00ns)   --->   "%trunc_ln3433 = trunc i24 %axi_data_9" [/home/e/Documents/research/byotee/OSDZU3_Ref_Design/OSDZU3_Ref_Design.runs/design_1_v_mix_0_0_synth_1/prj/sol/.autopilot/db/v_mix.cpp:3433]   --->   Operation 48 'trunc' 'trunc_ln3433' <Predicate = (!icmp_ln3391)> <Delay = 0.00>
ST_3 : Operation 49 [1/1] (0.00ns)   --->   "%or_ln3433_6 = bitconcatenate i24 @_ssdm_op_BitConcatenate.i24.i16.i8, i16 %trunc_ln3433, i8 %tmp_2" [/home/e/Documents/research/byotee/OSDZU3_Ref_Design/OSDZU3_Ref_Design.runs/design_1_v_mix_0_0_synth_1/prj/sol/.autopilot/db/v_mix.cpp:3433]   --->   Operation 49 'bitconcatenate' 'or_ln3433_6' <Predicate = (!icmp_ln3391)> <Delay = 0.00>
ST_3 : Operation 50 [1/1] ( I:1.82ns O:1.82ns )   --->   "%write_ln3433 = write void @_ssdm_op_Write.ap_fifo.volatile.i24P0A, i24 %srcLayer0, i24 %or_ln3433_6" [/home/e/Documents/research/byotee/OSDZU3_Ref_Design/OSDZU3_Ref_Design.runs/design_1_v_mix_0_0_synth_1/prj/sol/.autopilot/db/v_mix.cpp:3433]   --->   Operation 50 'write' 'write_ln3433' <Predicate = (!icmp_ln3391)> <Delay = 1.82> <CoreInst = "FIFO_SRL">   --->   Core 80 'FIFO_SRL' <Latency = 0> <II = 1> <Delay = 2.16> <Storage> <Opcode : 'read' 'write' 'nbread' 'nbwrite'> <Ports = 0> <Width = 24> <Depth = 2> <FIFO>


============================================================
+ Verbose Summary: Binding
============================================================
STG Binding: 
---------------- STG Properties BEGIN ----------------
- Is combinational: 0
- Is one-state seq: 0
- Is datapath-only: 0
- Is pipelined: 0
- Is top level: 0
Port [ Return ] is wired: 1; IO mode=ap_ctrl_hs:ce=0
Port [ sof_7]:  wired=1; compound=0; hidden=0; nouse=0; global=0; static=0; extern=0; dir=0; type=0; pingpong=0; private_global=0; IO mode=ap_none:ce=0
Port [ axi_last_12]:  wired=1; compound=0; hidden=0; nouse=0; global=0; static=0; extern=0; dir=0; type=0; pingpong=0; private_global=0; IO mode=ap_none:ce=0
Port [ axi_data_10]:  wired=1; compound=0; hidden=0; nouse=0; global=0; static=0; extern=0; dir=0; type=0; pingpong=0; private_global=0; IO mode=ap_none:ce=0
Port [ cols]:  wired=1; compound=0; hidden=0; nouse=0; global=0; static=0; extern=0; dir=0; type=0; pingpong=0; private_global=0; IO mode=ap_none:ce=0
Port [ srcLayer0]:  wired=1; compound=1; hidden=0; nouse=0; global=0; static=0; extern=0; dir=1; type=3; pingpong=0; private_global=0; IO mode=ap_fifo:ce=0
Port [ s_axis_video_V_data_V]:  wired=1; compound=1; hidden=0; nouse=0; global=0; static=0; extern=0; dir=0; type=0; pingpong=0; private_global=0; IO mode=axis:ce=0
Port [ s_axis_video_V_keep_V]:  wired=1; compound=1; hidden=0; nouse=0; global=0; static=0; extern=0; dir=0; type=0; pingpong=0; private_global=0; IO mode=axis:ce=0
Port [ s_axis_video_V_strb_V]:  wired=1; compound=1; hidden=0; nouse=0; global=0; static=0; extern=0; dir=0; type=0; pingpong=0; private_global=0; IO mode=axis:ce=0
Port [ s_axis_video_V_user_V]:  wired=1; compound=1; hidden=0; nouse=0; global=0; static=0; extern=0; dir=0; type=0; pingpong=0; private_global=0; IO mode=axis:ce=0
Port [ s_axis_video_V_last_V]:  wired=1; compound=1; hidden=0; nouse=0; global=0; static=0; extern=0; dir=0; type=0; pingpong=0; private_global=0; IO mode=axis:ce=0
Port [ s_axis_video_V_id_V]:  wired=1; compound=1; hidden=0; nouse=0; global=0; static=0; extern=0; dir=0; type=0; pingpong=0; private_global=0; IO mode=axis:ce=0
Port [ s_axis_video_V_dest_V]:  wired=1; compound=1; hidden=0; nouse=0; global=0; static=0; extern=0; dir=0; type=0; pingpong=0; private_global=0; IO mode=axis:ce=0
Port [ eol_out]:  wired=1; compound=0; hidden=0; nouse=0; global=0; static=0; extern=0; dir=1; type=0; pingpong=0; private_global=0; IO mode=ap_vld:ce=0
Port [ axi_data_11_out]:  wired=1; compound=0; hidden=0; nouse=0; global=0; static=0; extern=0; dir=1; type=0; pingpong=0; private_global=0; IO mode=ap_vld:ce=0
---------------- STG Properties END ------------------

---------------- Datapath Model BEGIN ----------------

<LifeTime>
<method=bitvector/>
j                       (alloca             ) [ 0100]
axi_data                (alloca             ) [ 0111]
axi_last_13             (alloca             ) [ 0111]
specaxissidechannel_ln0 (specaxissidechannel) [ 0000]
specinterface_ln0       (specinterface      ) [ 0000]
specinterface_ln0       (specinterface      ) [ 0000]
specinterface_ln0       (specinterface      ) [ 0000]
specinterface_ln0       (specinterface      ) [ 0000]
specinterface_ln0       (specinterface      ) [ 0000]
specinterface_ln0       (specinterface      ) [ 0000]
specinterface_ln0       (specinterface      ) [ 0000]
specinterface_ln0       (specinterface      ) [ 0000]
cols_read               (read               ) [ 0000]
axi_data_10_read        (read               ) [ 0000]
axi_last_12_read        (read               ) [ 0000]
sof_7_read              (read               ) [ 0110]
store_ln3362            (store              ) [ 0000]
store_ln3362            (store              ) [ 0000]
store_ln3391            (store              ) [ 0000]
br_ln3391               (br                 ) [ 0110]
j_7                     (load               ) [ 0000]
icmp_ln3391             (icmp               ) [ 0111]
j_8                     (add                ) [ 0000]
br_ln3391               (br                 ) [ 0000]
store_ln3391            (store              ) [ 0000]
br_ln3391               (br                 ) [ 0110]
eol                     (phi                ) [ 0110]
sof                     (phi                ) [ 0110]
speclooptripcount_ln0   (speclooptripcount  ) [ 0000]
specpipeline_ln3394     (specpipeline       ) [ 0000]
specloopname_ln3391     (specloopname       ) [ 0000]
or_ln3395               (or                 ) [ 0110]
br_ln3395               (br                 ) [ 0000]
empty                   (read               ) [ 0000]
axi_data_7              (extractvalue       ) [ 0000]
axi_last_15             (extractvalue       ) [ 0000]
store_ln3362            (store              ) [ 0000]
store_ln3362            (store              ) [ 0000]
br_ln0                  (br                 ) [ 0000]
axi_data_9              (load               ) [ 0000]
axi_last                (load               ) [ 0110]
tmp_2                   (partselect         ) [ 0000]
trunc_ln3433            (trunc              ) [ 0000]
or_ln3433_6             (bitconcatenate     ) [ 0000]
write_ln3433            (write              ) [ 0000]
axi_data_load           (load               ) [ 0000]
write_ln0               (write              ) [ 0000]
write_ln0               (write              ) [ 0000]
ret_ln0                 (ret                ) [ 0000]
</LifeTime>

<model>

<comp_list>
<comp id="0" class="1000" name="sof_7">
<pin_list>
<pin id="1" dir="1" index="0" bw="1" slack="0"/>
</pin_list>
<bind>
<StgValue><ssdm name="sof_7"/></StgValue>
</bind>
</comp>

<comp id="2" class="1000" name="axi_last_12">
<pin_list>
<pin id="3" dir="1" index="0" bw="1" slack="0"/>
</pin_list>
<bind>
<StgValue><ssdm name="axi_last_12"/></StgValue>
</bind>
</comp>

<comp id="4" class="1000" name="axi_data_10">
<pin_list>
<pin id="5" dir="1" index="0" bw="1" slack="0"/>
</pin_list>
<bind>
<StgValue><ssdm name="axi_data_10"/></StgValue>
</bind>
</comp>

<comp id="6" class="1000" name="cols">
<pin_list>
<pin id="7" dir="1" index="0" bw="1" slack="0"/>
</pin_list>
<bind>
<StgValue><ssdm name="cols"/></StgValue>
</bind>
</comp>

<comp id="8" class="1000" name="srcLayer0">
<pin_list>
<pin id="9" dir="1" index="0" bw="1" slack="0"/>
</pin_list>
<bind>
<StgValue><ssdm name="srcLayer0"/></StgValue>
</bind>
</comp>

<comp id="10" class="1000" name="s_axis_video_V_data_V">
<pin_list>
<pin id="11" dir="1" index="0" bw="1" slack="0"/>
</pin_list>
<bind>
<StgValue><ssdm name="s_axis_video_V_data_V"/></StgValue>
</bind>
</comp>

<comp id="12" class="1000" name="s_axis_video_V_keep_V">
<pin_list>
<pin id="13" dir="1" index="0" bw="1" slack="0"/>
</pin_list>
<bind>
<StgValue><ssdm name="s_axis_video_V_keep_V"/></StgValue>
</bind>
</comp>

<comp id="14" class="1000" name="s_axis_video_V_strb_V">
<pin_list>
<pin id="15" dir="1" index="0" bw="1" slack="0"/>
</pin_list>
<bind>
<StgValue><ssdm name="s_axis_video_V_strb_V"/></StgValue>
</bind>
</comp>

<comp id="16" class="1000" name="s_axis_video_V_user_V">
<pin_list>
<pin id="17" dir="1" index="0" bw="1" slack="0"/>
</pin_list>
<bind>
<StgValue><ssdm name="s_axis_video_V_user_V"/></StgValue>
</bind>
</comp>

<comp id="18" class="1000" name="s_axis_video_V_last_V">
<pin_list>
<pin id="19" dir="1" index="0" bw="1" slack="0"/>
</pin_list>
<bind>
<StgValue><ssdm name="s_axis_video_V_last_V"/></StgValue>
</bind>
</comp>

<comp id="20" class="1000" name="s_axis_video_V_id_V">
<pin_list>
<pin id="21" dir="1" index="0" bw="1" slack="0"/>
</pin_list>
<bind>
<StgValue><ssdm name="s_axis_video_V_id_V"/></StgValue>
</bind>
</comp>

<comp id="22" class="1000" name="s_axis_video_V_dest_V">
<pin_list>
<pin id="23" dir="1" index="0" bw="1" slack="0"/>
</pin_list>
<bind>
<StgValue><ssdm name="s_axis_video_V_dest_V"/></StgValue>
</bind>
</comp>

<comp id="24" class="1000" name="eol_out">
<pin_list>
<pin id="25" dir="1" index="0" bw="1" slack="0"/>
</pin_list>
<bind>
<StgValue><ssdm name="eol_out"/></StgValue>
</bind>
</comp>

<comp id="26" class="1000" name="axi_data_11_out">
<pin_list>
<pin id="27" dir="1" index="0" bw="1" slack="0"/>
</pin_list>
<bind>
<StgValue><ssdm name="axi_data_11_out"/></StgValue>
</bind>
</comp>

<comp id="28" class="1001" name="const_28">
<pin_list>
<pin id="29" dir="1" index="0" bw="1" slack="0"/>
</pin_list>
<bind>
<StgValue><ssdm name=""/></StgValue>
</bind>
</comp>

<comp id="30" class="1001" name="const_30">
<pin_list>
<pin id="31" dir="1" index="0" bw="1" slack="2147483647"/>
</pin_list>
<bind>
<StgValue><ssdm name="_ssdm_op_SpecAXISSideChannel"/></StgValue>
</bind>
</comp>

<comp id="32" class="1001" name="const_32">
<pin_list>
<pin id="33" dir="1" index="0" bw="1" slack="2147483647"/>
</pin_list>
<bind>
<StgValue><ssdm name="empty_49"/></StgValue>
</bind>
</comp>

<comp id="34" class="1001" name="const_34">
<pin_list>
<pin id="35" dir="1" index="0" bw="1" slack="2147483647"/>
</pin_list>
<bind>
<StgValue><ssdm name="_ssdm_op_SpecInterface"/></StgValue>
</bind>
</comp>

<comp id="36" class="1001" name="const_36">
<pin_list>
<pin id="37" dir="1" index="0" bw="1" slack="2147483647"/>
</pin_list>
<bind>
<StgValue><ssdm name="empty_10"/></StgValue>
</bind>
</comp>

<comp id="38" class="1001" name="const_38">
<pin_list>
<pin id="39" dir="1" index="0" bw="1" slack="2147483647"/>
</pin_list>
<bind>
<StgValue><ssdm name=""/></StgValue>
</bind>
</comp>

<comp id="40" class="1001" name="const_40">
<pin_list>
<pin id="41" dir="1" index="0" bw="1" slack="2147483647"/>
</pin_list>
<bind>
<StgValue><ssdm name="empty_2"/></StgValue>
</bind>
</comp>

<comp id="42" class="1001" name="const_42">
<pin_list>
<pin id="43" dir="1" index="0" bw="1" slack="2147483647"/>
</pin_list>
<bind>
<StgValue><ssdm name="empty_0"/></StgValue>
</bind>
</comp>

<comp id="44" class="1001" name="const_44">
<pin_list>
<pin id="45" dir="1" index="0" bw="1" slack="2147483647"/>
</pin_list>
<bind>
<StgValue><ssdm name=""/></StgValue>
</bind>
</comp>

<comp id="46" class="1001" name="const_46">
<pin_list>
<pin id="47" dir="1" index="0" bw="1" slack="2147483647"/>
</pin_list>
<bind>
<StgValue><ssdm name="empty_42"/></StgValue>
</bind>
</comp>

<comp id="48" class="1001" name="const_48">
<pin_list>
<pin id="49" dir="1" index="0" bw="1" slack="0"/>
</pin_list>
<bind>
<StgValue><ssdm name="_ssdm_op_Read.ap_auto.i12"/></StgValue>
</bind>
</comp>

<comp id="50" class="1001" name="const_50">
<pin_list>
<pin id="51" dir="1" index="0" bw="1" slack="0"/>
</pin_list>
<bind>
<StgValue><ssdm name="_ssdm_op_Read.ap_auto.i24"/></StgValue>
</bind>
</comp>

<comp id="52" class="1001" name="const_52">
<pin_list>
<pin id="53" dir="1" index="0" bw="1" slack="0"/>
</pin_list>
<bind>
<StgValue><ssdm name="_ssdm_op_Read.ap_auto.i1"/></StgValue>
</bind>
</comp>

<comp id="54" class="1001" name="const_54">
<pin_list>
<pin id="55" dir="1" index="0" bw="1" slack="0"/>
</pin_list>
<bind>
<StgValue><ssdm name=""/></StgValue>
</bind>
</comp>

<comp id="56" class="1001" name="const_56">
<pin_list>
<pin id="57" dir="1" index="0" bw="1" slack="0"/>
</pin_list>
<bind>
<StgValue><ssdm name=""/></StgValue>
</bind>
</comp>

<comp id="58" class="1001" name="const_58">
<pin_list>
<pin id="59" dir="1" index="0" bw="1" slack="1"/>
</pin_list>
<bind>
<StgValue><ssdm name=""/></StgValue>
</bind>
</comp>

<comp id="60" class="1001" name="const_60">
<pin_list>
<pin id="61" dir="1" index="0" bw="1" slack="2147483647"/>
</pin_list>
<bind>
<StgValue><ssdm name="_ssdm_op_SpecLoopTripCount"/></StgValue>
</bind>
</comp>

<comp id="62" class="1001" name="const_62">
<pin_list>
<pin id="63" dir="1" index="0" bw="1" slack="2147483647"/>
</pin_list>
<bind>
<StgValue><ssdm name=""/></StgValue>
</bind>
</comp>

<comp id="64" class="1001" name="const_64">
<pin_list>
<pin id="65" dir="1" index="0" bw="1" slack="2147483647"/>
</pin_list>
<bind>
<StgValue><ssdm name=""/></StgValue>
</bind>
</comp>

<comp id="66" class="1001" name="const_66">
<pin_list>
<pin id="67" dir="1" index="0" bw="1" slack="2147483647"/>
</pin_list>
<bind>
<StgValue><ssdm name="_ssdm_op_SpecPipeline"/></StgValue>
</bind>
</comp>

<comp id="68" class="1001" name="const_68">
<pin_list>
<pin id="69" dir="1" index="0" bw="1" slack="2147483647"/>
</pin_list>
<bind>
<StgValue><ssdm name="_ssdm_op_SpecLoopName"/></StgValue>
</bind>
</comp>

<comp id="70" class="1001" name="const_70">
<pin_list>
<pin id="71" dir="1" index="0" bw="1" slack="2147483647"/>
</pin_list>
<bind>
<StgValue><ssdm name="empty_60"/></StgValue>
</bind>
</comp>

<comp id="72" class="1001" name="const_72">
<pin_list>
<pin id="73" dir="1" index="0" bw="1" slack="0"/>
</pin_list>
<bind>
<StgValue><ssdm name="_ssdm_op_Read.axis.volatile.i24P0A.i3P0A.i3P0A.i1P0A.i1P0A.i1P0A.i1P0A"/></StgValue>
</bind>
</comp>

<comp id="74" class="1001" name="const_74">
<pin_list>
<pin id="75" dir="1" index="0" bw="1" slack="0"/>
</pin_list>
<bind>
<StgValue><ssdm name="_ssdm_op_PartSelect.i8.i24.i32"/></StgValue>
</bind>
</comp>

<comp id="76" class="1001" name="const_76">
<pin_list>
<pin id="77" dir="1" index="0" bw="1" slack="0"/>
</pin_list>
<bind>
<StgValue><ssdm name=""/></StgValue>
</bind>
</comp>

<comp id="78" class="1001" name="const_78">
<pin_list>
<pin id="79" dir="1" index="0" bw="1" slack="0"/>
</pin_list>
<bind>
<StgValue><ssdm name="_ssdm_op_BitConcatenate.i24.i16.i8"/></StgValue>
</bind>
</comp>

<comp id="80" class="1001" name="const_80">
<pin_list>
<pin id="81" dir="1" index="0" bw="1" slack="0"/>
</pin_list>
<bind>
<StgValue><ssdm name="_ssdm_op_Write.ap_fifo.volatile.i24P0A"/></StgValue>
</bind>
</comp>

<comp id="82" class="1001" name="const_82">
<pin_list>
<pin id="83" dir="1" index="0" bw="1" slack="0"/>
</pin_list>
<bind>
<StgValue><ssdm name="_ssdm_op_Write.ap_auto.i1P0A"/></StgValue>
</bind>
</comp>

<comp id="84" class="1001" name="const_84">
<pin_list>
<pin id="85" dir="1" index="0" bw="1" slack="0"/>
</pin_list>
<bind>
<StgValue><ssdm name="_ssdm_op_Write.ap_auto.i24P0A"/></StgValue>
</bind>
</comp>

<comp id="86" class="1004" name="j_fu_86">
<pin_list>
<pin id="87" dir="0" index="0" bw="1" slack="0"/>
<pin id="88" dir="1" index="1" bw="12" slack="0"/>
</pin_list>
<bind>
<opcode="alloca(26) " fcode="alloca"/>
<opset="j/1 "/>
</bind>
</comp>

<comp id="90" class="1004" name="axi_data_fu_90">
<pin_list>
<pin id="91" dir="0" index="0" bw="1" slack="0"/>
<pin id="92" dir="1" index="1" bw="24" slack="0"/>
</pin_list>
<bind>
<opcode="alloca(26) " fcode="alloca"/>
<opset="axi_data/1 "/>
</bind>
</comp>

<comp id="94" class="1004" name="axi_last_13_fu_94">
<pin_list>
<pin id="95" dir="0" index="0" bw="1" slack="0"/>
<pin id="96" dir="1" index="1" bw="1" slack="0"/>
</pin_list>
<bind>
<opcode="alloca(26) " fcode="alloca"/>
<opset="axi_last_13/1 "/>
</bind>
</comp>

<comp id="98" class="1004" name="cols_read_read_fu_98">
<pin_list>
<pin id="99" dir="0" index="0" bw="12" slack="0"/>
<pin id="100" dir="0" index="1" bw="12" slack="0"/>
<pin id="101" dir="1" index="2" bw="12" slack="0"/>
</pin_list>
<bind>
<opcode="read(1150) " fcode="read"/>
<opset="cols_read/1 "/>
</bind>
</comp>

<comp id="104" class="1004" name="axi_data_10_read_read_fu_104">
<pin_list>
<pin id="105" dir="0" index="0" bw="24" slack="0"/>
<pin id="106" dir="0" index="1" bw="24" slack="0"/>
<pin id="107" dir="1" index="2" bw="24" slack="0"/>
</pin_list>
<bind>
<opcode="read(1150) " fcode="read"/>
<opset="axi_data_10_read/1 "/>
</bind>
</comp>

<comp id="110" class="1004" name="axi_last_12_read_read_fu_110">
<pin_list>
<pin id="111" dir="0" index="0" bw="1" slack="0"/>
<pin id="112" dir="0" index="1" bw="1" slack="0"/>
<pin id="113" dir="1" index="2" bw="1" slack="0"/>
</pin_list>
<bind>
<opcode="read(1150) " fcode="read"/>
<opset="axi_last_12_read/1 "/>
</bind>
</comp>

<comp id="116" class="1004" name="sof_7_read_read_fu_116">
<pin_list>
<pin id="117" dir="0" index="0" bw="1" slack="0"/>
<pin id="118" dir="0" index="1" bw="1" slack="0"/>
<pin id="119" dir="1" index="2" bw="1" slack="1"/>
</pin_list>
<bind>
<opcode="read(1150) " fcode="read"/>
<opset="sof_7_read/1 "/>
</bind>
</comp>

<comp id="122" class="1004" name="empty_read_fu_122">
<pin_list>
<pin id="123" dir="0" index="0" bw="34" slack="0"/>
<pin id="124" dir="0" index="1" bw="24" slack="0"/>
<pin id="125" dir="0" index="2" bw="3" slack="0"/>
<pin id="126" dir="0" index="3" bw="3" slack="0"/>
<pin id="127" dir="0" index="4" bw="1" slack="0"/>
<pin id="128" dir="0" index="5" bw="1" slack="0"/>
<pin id="129" dir="0" index="6" bw="1" slack="0"/>
<pin id="130" dir="0" index="7" bw="1" slack="0"/>
<pin id="131" dir="1" index="8" bw="34" slack="0"/>
</pin_list>
<bind>
<opcode="read(1150) " fcode="read"/>
<opset="empty/2 "/>
</bind>
</comp>

<comp id="140" class="1004" name="write_ln3433_write_fu_140">
<pin_list>
<pin id="141" dir="0" index="0" bw="0" slack="0"/>
<pin id="142" dir="0" index="1" bw="24" slack="0"/>
<pin id="143" dir="0" index="2" bw="24" slack="0"/>
<pin id="144" dir="1" index="3" bw="0" slack="2147483647"/>
</pin_list>
<bind>
<opcode="write(1151) " fcode="write"/>
<opset="write_ln3433/3 "/>
</bind>
</comp>

<comp id="147" class="1004" name="write_ln0_write_fu_147">
<pin_list>
<pin id="148" dir="0" index="0" bw="0" slack="0"/>
<pin id="149" dir="0" index="1" bw="1" slack="0"/>
<pin id="150" dir="0" index="2" bw="1" slack="0"/>
<pin id="151" dir="1" index="3" bw="0" slack="2147483647"/>
</pin_list>
<bind>
<opcode="write(1151) " fcode="write"/>
<opset="write_ln0/2 "/>
</bind>
</comp>

<comp id="154" class="1004" name="write_ln0_write_fu_154">
<pin_list>
<pin id="155" dir="0" index="0" bw="0" slack="0"/>
<pin id="156" dir="0" index="1" bw="24" slack="0"/>
<pin id="157" dir="0" index="2" bw="24" slack="0"/>
<pin id="158" dir="1" index="3" bw="0" slack="2147483647"/>
</pin_list>
<bind>
<opcode="write(1151) " fcode="write"/>
<opset="write_ln0/2 "/>
</bind>
</comp>

<comp id="161" class="1005" name="eol_reg_161">
<pin_list>
<pin id="162" dir="0" index="0" bw="1" slack="1"/>
<pin id="163" dir="1" index="1" bw="1" slack="1"/>
</pin_list>
<bind>
<opset="eol (phireg) "/>
</bind>
</comp>

<comp id="165" class="1004" name="eol_phi_fu_165">
<pin_list>
<pin id="166" dir="0" index="0" bw="1" slack="1"/>
<pin id="167" dir="0" index="1" bw="0" slack="2147483647"/>
<pin id="168" dir="0" index="2" bw="1" slack="1"/>
<pin id="169" dir="0" index="3" bw="0" slack="2147483647"/>
<pin id="170" dir="1" index="4" bw="1" slack="0"/>
</pin_list>
<bind>
<opcode="phi(47) " fcode="phi"/>
<opset="eol/2 "/>
</bind>
</comp>

<comp id="173" class="1005" name="sof_reg_173">
<pin_list>
<pin id="174" dir="0" index="0" bw="1" slack="1"/>
<pin id="175" dir="1" index="1" bw="1" slack="1"/>
</pin_list>
<bind>
<opset="sof (phireg) "/>
</bind>
</comp>

<comp id="177" class="1004" name="sof_phi_fu_177">
<pin_list>
<pin id="178" dir="0" index="0" bw="1" slack="1"/>
<pin id="179" dir="0" index="1" bw="0" slack="2147483647"/>
<pin id="180" dir="0" index="2" bw="1" slack="1"/>
<pin id="181" dir="0" index="3" bw="0" slack="2147483647"/>
<pin id="182" dir="1" index="4" bw="1" slack="0"/>
</pin_list>
<bind>
<opcode="phi(47) " fcode="phi"/>
<opset="sof/2 "/>
</bind>
</comp>

<comp id="184" class="1004" name="store_ln3362_store_fu_184">
<pin_list>
<pin id="185" dir="0" index="0" bw="1" slack="0"/>
<pin id="186" dir="0" index="1" bw="1" slack="0"/>
<pin id="187" dir="1" index="2" bw="0" slack="2147483647"/>
</pin_list>
<bind>
<opcode="store(28) " fcode="store"/>
<opset="store_ln3362/1 "/>
</bind>
</comp>

<comp id="189" class="1004" name="store_ln3362_store_fu_189">
<pin_list>
<pin id="190" dir="0" index="0" bw="24" slack="0"/>
<pin id="191" dir="0" index="1" bw="24" slack="0"/>
<pin id="192" dir="1" index="2" bw="0" slack="2147483647"/>
</pin_list>
<bind>
<opcode="store(28) " fcode="store"/>
<opset="store_ln3362/1 "/>
</bind>
</comp>

<comp id="194" class="1004" name="store_ln3391_store_fu_194">
<pin_list>
<pin id="195" dir="0" index="0" bw="1" slack="0"/>
<pin id="196" dir="0" index="1" bw="12" slack="0"/>
<pin id="197" dir="1" index="2" bw="0" slack="2147483647"/>
</pin_list>
<bind>
<opcode="store(28) " fcode="store"/>
<opset="store_ln3391/1 "/>
</bind>
</comp>

<comp id="199" class="1004" name="j_7_load_fu_199">
<pin_list>
<pin id="200" dir="0" index="0" bw="12" slack="0"/>
<pin id="201" dir="1" index="1" bw="12" slack="0"/>
</pin_list>
<bind>
<opcode="load(27) " fcode="load"/>
<opset="j_7/1 "/>
</bind>
</comp>

<comp id="202" class="1004" name="icmp_ln3391_fu_202">
<pin_list>
<pin id="203" dir="0" index="0" bw="12" slack="0"/>
<pin id="204" dir="0" index="1" bw="12" slack="0"/>
<pin id="205" dir="1" index="2" bw="1" slack="1"/>
</pin_list>
<bind>
<opcode="icmp(45) " fcode="icmp"/>
<opset="icmp_ln3391/1 "/>
</bind>
</comp>

<comp id="208" class="1004" name="j_8_fu_208">
<pin_list>
<pin id="209" dir="0" index="0" bw="12" slack="0"/>
<pin id="210" dir="0" index="1" bw="1" slack="0"/>
<pin id="211" dir="1" index="2" bw="12" slack="0"/>
</pin_list>
<bind>
<opcode="add(8) " fcode="add"/>
<opset="j_8/1 "/>
</bind>
</comp>

<comp id="214" class="1004" name="store_ln3391_store_fu_214">
<pin_list>
<pin id="215" dir="0" index="0" bw="12" slack="0"/>
<pin id="216" dir="0" index="1" bw="12" slack="0"/>
<pin id="217" dir="1" index="2" bw="0" slack="2147483647"/>
</pin_list>
<bind>
<opcode="store(28) " fcode="store"/>
<opset="store_ln3391/1 "/>
</bind>
</comp>

<comp id="219" class="1004" name="or_ln3395_fu_219">
<pin_list>
<pin id="220" dir="0" index="0" bw="1" slack="0"/>
<pin id="221" dir="0" index="1" bw="1" slack="0"/>
<pin id="222" dir="1" index="2" bw="1" slack="2147483647"/>
</pin_list>
<bind>
<opcode="or(24) " fcode="or"/>
<opset="or_ln3395/2 "/>
</bind>
</comp>

<comp id="225" class="1004" name="axi_data_7_fu_225">
<pin_list>
<pin id="226" dir="0" index="0" bw="34" slack="0"/>
<pin id="227" dir="1" index="1" bw="24" slack="0"/>
</pin_list>
<bind>
<opcode="extractvalue(56) " fcode="extractvalue"/>
<opset="axi_data_7/2 "/>
</bind>
</comp>

<comp id="229" class="1004" name="axi_last_15_fu_229">
<pin_list>
<pin id="230" dir="0" index="0" bw="34" slack="0"/>
<pin id="231" dir="1" index="1" bw="1" slack="0"/>
</pin_list>
<bind>
<opcode="extractvalue(56) " fcode="extractvalue"/>
<opset="axi_last_15/2 "/>
</bind>
</comp>

<comp id="233" class="1004" name="store_ln3362_store_fu_233">
<pin_list>
<pin id="234" dir="0" index="0" bw="1" slack="0"/>
<pin id="235" dir="0" index="1" bw="1" slack="1"/>
<pin id="236" dir="1" index="2" bw="0" slack="2147483647"/>
</pin_list>
<bind>
<opcode="store(28) " fcode="store"/>
<opset="store_ln3362/2 "/>
</bind>
</comp>

<comp id="238" class="1004" name="store_ln3362_store_fu_238">
<pin_list>
<pin id="239" dir="0" index="0" bw="24" slack="0"/>
<pin id="240" dir="0" index="1" bw="24" slack="1"/>
<pin id="241" dir="1" index="2" bw="0" slack="2147483647"/>
</pin_list>
<bind>
<opcode="store(28) " fcode="store"/>
<opset="store_ln3362/2 "/>
</bind>
</comp>

<comp id="243" class="1004" name="axi_data_9_load_fu_243">
<pin_list>
<pin id="244" dir="0" index="0" bw="24" slack="2"/>
<pin id="245" dir="1" index="1" bw="24" slack="0"/>
</pin_list>
<bind>
<opcode="load(27) " fcode="load"/>
<opset="axi_data_9/3 "/>
</bind>
</comp>

<comp id="246" class="1004" name="axi_last_load_fu_246">
<pin_list>
<pin id="247" dir="0" index="0" bw="1" slack="2"/>
<pin id="248" dir="1" index="1" bw="1" slack="1"/>
</pin_list>
<bind>
<opcode="load(27) " fcode="load"/>
<opset="axi_last/3 "/>
</bind>
</comp>

<comp id="249" class="1004" name="tmp_2_fu_249">
<pin_list>
<pin id="250" dir="0" index="0" bw="8" slack="0"/>
<pin id="251" dir="0" index="1" bw="24" slack="0"/>
<pin id="252" dir="0" index="2" bw="6" slack="0"/>
<pin id="253" dir="1" index="3" bw="8" slack="0"/>
</pin_list>
<bind>
<opcode="partselect(1002) " fcode="partselect"/>
<opset="tmp_2/3 "/>
</bind>
</comp>

<comp id="257" class="1004" name="trunc_ln3433_fu_257">
<pin_list>
<pin id="258" dir="0" index="0" bw="24" slack="0"/>
<pin id="259" dir="1" index="1" bw="16" slack="0"/>
</pin_list>
<bind>
<opcode="trunc(33) " fcode="trunc"/>
<opset="trunc_ln3433/3 "/>
</bind>
</comp>

<comp id="261" class="1004" name="or_ln3433_6_fu_261">
<pin_list>
<pin id="262" dir="0" index="0" bw="24" slack="0"/>
<pin id="263" dir="0" index="1" bw="16" slack="0"/>
<pin id="264" dir="0" index="2" bw="8" slack="0"/>
<pin id="265" dir="1" index="3" bw="24" slack="0"/>
</pin_list>
<bind>
<opcode="bitconcatenate(1004) " fcode="bitconcatenate"/>
<opset="or_ln3433_6/3 "/>
</bind>
</comp>

<comp id="270" class="1004" name="axi_data_load_load_fu_270">
<pin_list>
<pin id="271" dir="0" index="0" bw="24" slack="1"/>
<pin id="272" dir="1" index="1" bw="24" slack="0"/>
</pin_list>
<bind>
<opcode="load(27) " fcode="load"/>
<opset="axi_data_load/2 "/>
</bind>
</comp>

<comp id="274" class="1005" name="j_reg_274">
<pin_list>
<pin id="275" dir="0" index="0" bw="12" slack="0"/>
<pin id="276" dir="1" index="1" bw="12" slack="0"/>
</pin_list>
<bind>
<opset="j "/>
</bind>
</comp>

<comp id="281" class="1005" name="axi_data_reg_281">
<pin_list>
<pin id="282" dir="0" index="0" bw="24" slack="0"/>
<pin id="283" dir="1" index="1" bw="24" slack="0"/>
</pin_list>
<bind>
<opset="axi_data "/>
</bind>
</comp>

<comp id="289" class="1005" name="axi_last_13_reg_289">
<pin_list>
<pin id="290" dir="0" index="0" bw="1" slack="0"/>
<pin id="291" dir="1" index="1" bw="1" slack="0"/>
</pin_list>
<bind>
<opset="axi_last_13 "/>
</bind>
</comp>

<comp id="296" class="1005" name="sof_7_read_reg_296">
<pin_list>
<pin id="297" dir="0" index="0" bw="1" slack="1"/>
<pin id="298" dir="1" index="1" bw="1" slack="1"/>
</pin_list>
<bind>
<opset="sof_7_read "/>
</bind>
</comp>

<comp id="301" class="1005" name="icmp_ln3391_reg_301">
<pin_list>
<pin id="302" dir="0" index="0" bw="1" slack="1"/>
<pin id="303" dir="1" index="1" bw="1" slack="2147483647"/>
</pin_list>
<bind>
<opset="icmp_ln3391 "/>
</bind>
</comp>

<comp id="308" class="1005" name="axi_last_reg_308">
<pin_list>
<pin id="309" dir="0" index="0" bw="1" slack="1"/>
<pin id="310" dir="1" index="1" bw="1" slack="1"/>
</pin_list>
<bind>
<opset="axi_last "/>
</bind>
</comp>

</comp_list>

<net_list>
<net id="89"><net_src comp="28" pin="0"/><net_sink comp="86" pin=0"/></net>

<net id="93"><net_src comp="28" pin="0"/><net_sink comp="90" pin=0"/></net>

<net id="97"><net_src comp="28" pin="0"/><net_sink comp="94" pin=0"/></net>

<net id="102"><net_src comp="48" pin="0"/><net_sink comp="98" pin=0"/></net>

<net id="103"><net_src comp="6" pin="0"/><net_sink comp="98" pin=1"/></net>

<net id="108"><net_src comp="50" pin="0"/><net_sink comp="104" pin=0"/></net>

<net id="109"><net_src comp="4" pin="0"/><net_sink comp="104" pin=1"/></net>

<net id="114"><net_src comp="52" pin="0"/><net_sink comp="110" pin=0"/></net>

<net id="115"><net_src comp="2" pin="0"/><net_sink comp="110" pin=1"/></net>

<net id="120"><net_src comp="52" pin="0"/><net_sink comp="116" pin=0"/></net>

<net id="121"><net_src comp="0" pin="0"/><net_sink comp="116" pin=1"/></net>

<net id="132"><net_src comp="72" pin="0"/><net_sink comp="122" pin=0"/></net>

<net id="133"><net_src comp="10" pin="0"/><net_sink comp="122" pin=1"/></net>

<net id="134"><net_src comp="12" pin="0"/><net_sink comp="122" pin=2"/></net>

<net id="135"><net_src comp="14" pin="0"/><net_sink comp="122" pin=3"/></net>

<net id="136"><net_src comp="16" pin="0"/><net_sink comp="122" pin=4"/></net>

<net id="137"><net_src comp="18" pin="0"/><net_sink comp="122" pin=5"/></net>

<net id="138"><net_src comp="20" pin="0"/><net_sink comp="122" pin=6"/></net>

<net id="139"><net_src comp="22" pin="0"/><net_sink comp="122" pin=7"/></net>

<net id="145"><net_src comp="80" pin="0"/><net_sink comp="140" pin=0"/></net>

<net id="146"><net_src comp="8" pin="0"/><net_sink comp="140" pin=1"/></net>

<net id="152"><net_src comp="82" pin="0"/><net_sink comp="147" pin=0"/></net>

<net id="153"><net_src comp="24" pin="0"/><net_sink comp="147" pin=1"/></net>

<net id="159"><net_src comp="84" pin="0"/><net_sink comp="154" pin=0"/></net>

<net id="160"><net_src comp="26" pin="0"/><net_sink comp="154" pin=1"/></net>

<net id="164"><net_src comp="58" pin="0"/><net_sink comp="161" pin=0"/></net>

<net id="171"><net_src comp="161" pin="1"/><net_sink comp="165" pin=0"/></net>

<net id="172"><net_src comp="165" pin="4"/><net_sink comp="147" pin=2"/></net>

<net id="176"><net_src comp="58" pin="0"/><net_sink comp="173" pin=0"/></net>

<net id="183"><net_src comp="173" pin="1"/><net_sink comp="177" pin=2"/></net>

<net id="188"><net_src comp="110" pin="2"/><net_sink comp="184" pin=0"/></net>

<net id="193"><net_src comp="104" pin="2"/><net_sink comp="189" pin=0"/></net>

<net id="198"><net_src comp="54" pin="0"/><net_sink comp="194" pin=0"/></net>

<net id="206"><net_src comp="199" pin="1"/><net_sink comp="202" pin=0"/></net>

<net id="207"><net_src comp="98" pin="2"/><net_sink comp="202" pin=1"/></net>

<net id="212"><net_src comp="199" pin="1"/><net_sink comp="208" pin=0"/></net>

<net id="213"><net_src comp="56" pin="0"/><net_sink comp="208" pin=1"/></net>

<net id="218"><net_src comp="208" pin="2"/><net_sink comp="214" pin=0"/></net>

<net id="223"><net_src comp="177" pin="4"/><net_sink comp="219" pin=0"/></net>

<net id="224"><net_src comp="165" pin="4"/><net_sink comp="219" pin=1"/></net>

<net id="228"><net_src comp="122" pin="8"/><net_sink comp="225" pin=0"/></net>

<net id="232"><net_src comp="122" pin="8"/><net_sink comp="229" pin=0"/></net>

<net id="237"><net_src comp="229" pin="1"/><net_sink comp="233" pin=0"/></net>

<net id="242"><net_src comp="225" pin="1"/><net_sink comp="238" pin=0"/></net>

<net id="254"><net_src comp="74" pin="0"/><net_sink comp="249" pin=0"/></net>

<net id="255"><net_src comp="243" pin="1"/><net_sink comp="249" pin=1"/></net>

<net id="256"><net_src comp="76" pin="0"/><net_sink comp="249" pin=2"/></net>

<net id="260"><net_src comp="243" pin="1"/><net_sink comp="257" pin=0"/></net>

<net id="266"><net_src comp="78" pin="0"/><net_sink comp="261" pin=0"/></net>

<net id="267"><net_src comp="257" pin="1"/><net_sink comp="261" pin=1"/></net>

<net id="268"><net_src comp="249" pin="3"/><net_sink comp="261" pin=2"/></net>

<net id="269"><net_src comp="261" pin="3"/><net_sink comp="140" pin=2"/></net>

<net id="273"><net_src comp="270" pin="1"/><net_sink comp="154" pin=2"/></net>

<net id="277"><net_src comp="86" pin="1"/><net_sink comp="274" pin=0"/></net>

<net id="278"><net_src comp="274" pin="1"/><net_sink comp="194" pin=1"/></net>

<net id="279"><net_src comp="274" pin="1"/><net_sink comp="199" pin=0"/></net>

<net id="280"><net_src comp="274" pin="1"/><net_sink comp="214" pin=1"/></net>

<net id="284"><net_src comp="90" pin="1"/><net_sink comp="281" pin=0"/></net>

<net id="285"><net_src comp="281" pin="1"/><net_sink comp="189" pin=1"/></net>

<net id="286"><net_src comp="281" pin="1"/><net_sink comp="238" pin=1"/></net>

<net id="287"><net_src comp="281" pin="1"/><net_sink comp="243" pin=0"/></net>

<net id="288"><net_src comp="281" pin="1"/><net_sink comp="270" pin=0"/></net>

<net id="292"><net_src comp="94" pin="1"/><net_sink comp="289" pin=0"/></net>

<net id="293"><net_src comp="289" pin="1"/><net_sink comp="184" pin=1"/></net>

<net id="294"><net_src comp="289" pin="1"/><net_sink comp="233" pin=1"/></net>

<net id="295"><net_src comp="289" pin="1"/><net_sink comp="246" pin=0"/></net>

<net id="299"><net_src comp="116" pin="2"/><net_sink comp="296" pin=0"/></net>

<net id="300"><net_src comp="296" pin="1"/><net_sink comp="177" pin=0"/></net>

<net id="304"><net_src comp="202" pin="2"/><net_sink comp="301" pin=0"/></net>

<net id="311"><net_src comp="246" pin="1"/><net_sink comp="308" pin=0"/></net>

<net id="312"><net_src comp="308" pin="1"/><net_sink comp="165" pin=2"/></net>

</net_list>

</model> 
---------------- Datapath Model END ------------------

* FSMD analyzer results:
  - Output states:
	Port: srcLayer0 | {3 }
	Port: eol_out | {2 }
	Port: axi_data_11_out | {2 }
 - Input state : 
	Port: AXIvideo2MultiPixStream.1_Pipeline_loop_width : sof_7 | {1 }
	Port: AXIvideo2MultiPixStream.1_Pipeline_loop_width : axi_last_12 | {1 }
	Port: AXIvideo2MultiPixStream.1_Pipeline_loop_width : axi_data_10 | {1 }
	Port: AXIvideo2MultiPixStream.1_Pipeline_loop_width : cols | {1 }
	Port: AXIvideo2MultiPixStream.1_Pipeline_loop_width : s_axis_video_V_data_V | {2 }
	Port: AXIvideo2MultiPixStream.1_Pipeline_loop_width : s_axis_video_V_keep_V | {2 }
	Port: AXIvideo2MultiPixStream.1_Pipeline_loop_width : s_axis_video_V_strb_V | {2 }
	Port: AXIvideo2MultiPixStream.1_Pipeline_loop_width : s_axis_video_V_user_V | {2 }
	Port: AXIvideo2MultiPixStream.1_Pipeline_loop_width : s_axis_video_V_last_V | {2 }
	Port: AXIvideo2MultiPixStream.1_Pipeline_loop_width : s_axis_video_V_id_V | {2 }
	Port: AXIvideo2MultiPixStream.1_Pipeline_loop_width : s_axis_video_V_dest_V | {2 }
  - Chain level:
	State 1
		store_ln3391 : 1
		j_7 : 1
		icmp_ln3391 : 2
		j_8 : 2
		br_ln3391 : 3
		store_ln3391 : 3
	State 2
		or_ln3395 : 1
		br_ln3395 : 1
		store_ln3362 : 1
		store_ln3362 : 1
		write_ln0 : 1
		write_ln0 : 1
	State 3
		tmp_2 : 1
		trunc_ln3433 : 1
		or_ln3433_6 : 2
		write_ln3433 : 3


============================================================
+ Verbose Summary: Datapath Resource usage 
============================================================

* Functional unit list:
|----------|------------------------------|---------|---------|
| Operation|        Functional Unit       |    FF   |   LUT   |
|----------|------------------------------|---------|---------|
|   icmp   |      icmp_ln3391_fu_202      |    0    |    19   |
|----------|------------------------------|---------|---------|
|    add   |          j_8_fu_208          |    0    |    19   |
|----------|------------------------------|---------|---------|
|    or    |       or_ln3395_fu_219       |    0    |    2    |
|----------|------------------------------|---------|---------|
|          |     cols_read_read_fu_98     |    0    |    0    |
|          | axi_data_10_read_read_fu_104 |    0    |    0    |
|   read   | axi_last_12_read_read_fu_110 |    0    |    0    |
|          |    sof_7_read_read_fu_116    |    0    |    0    |
|          |       empty_read_fu_122      |    0    |    0    |
|----------|------------------------------|---------|---------|
|          |   write_ln3433_write_fu_140  |    0    |    0    |
|   write  |    write_ln0_write_fu_147    |    0    |    0    |
|          |    write_ln0_write_fu_154    |    0    |    0    |
|----------|------------------------------|---------|---------|
|extractvalue|       axi_data_7_fu_225      |    0    |    0    |
|          |      axi_last_15_fu_229      |    0    |    0    |
|----------|------------------------------|---------|---------|
|partselect|         tmp_2_fu_249         |    0    |    0    |
|----------|------------------------------|---------|---------|
|   trunc  |      trunc_ln3433_fu_257     |    0    |    0    |
|----------|------------------------------|---------|---------|
|bitconcatenate|      or_ln3433_6_fu_261      |    0    |    0    |
|----------|------------------------------|---------|---------|
|   Total  |                              |    0    |    40   |
|----------|------------------------------|---------|---------|

Memories:
N/A

* Register list:
+-------------------+--------+
|                   |   FF   |
+-------------------+--------+
|  axi_data_reg_281 |   24   |
|axi_last_13_reg_289|    1   |
|  axi_last_reg_308 |    1   |
|    eol_reg_161    |    1   |
|icmp_ln3391_reg_301|    1   |
|     j_reg_274     |   12   |
| sof_7_read_reg_296|    1   |
|    sof_reg_173    |    1   |
+-------------------+--------+
|       Total       |   42   |
+-------------------+--------+

* Multiplexer (MUX) list: 
|--------|------|------|------|--------|
|  Comp  |  Pin | Size |  BW  | S x BW |
|--------|------|------|------|--------|
|  Total |      |      |      |    0   |
|--------|------|------|------|--------|



* Summary:
+-----------+--------+--------+
|           |   FF   |   LUT  |
+-----------+--------+--------+
|  Function |    0   |   40   |
|   Memory  |    -   |    -   |
|Multiplexer|    -   |    -   |
|  Register |   42   |    -   |
+-----------+--------+--------+
|   Total   |   42   |   40   |
+-----------+--------+--------+
