

================================================================
== Vitis HLS Report for 'AXIvideo2MultiPixStream_1_Pipeline_loop_width'
================================================================
* Date:           Sat Sep  6 13:59:16 2025

* Version:        2025.1 (Build 6135595 on May 21 2025)
* Project:        prj
* Solution:       sol (Vivado IP Flow Target)
* Product family: zynquplus
* Target device:  xczu3eg-sfvc784-1-e


================================================================
== Performance Estimates
================================================================
+ Timing: 
    * Summary: 
    +--------+---------+----------+------------+
    |  Clock |  Target | Estimated| Uncertainty|
    +--------+---------+----------+------------+
    |ap_clk  |  5.00 ns|  1.939 ns|     1.35 ns|
    +--------+---------+----------+------------+

+ Latency: 
    * Summary: 
    +---------+---------+-----------+-----------+-----+------+------------------------------------------------+
    |  Latency (cycles) |   Latency (absolute)  |  Interval  |                    Pipeline                    |
    |   min   |   max   |    min    |    max    | min |  max |                      Type                      |
    +---------+---------+-----------+-----------+-----+------+------------------------------------------------+
    |        3|     3843|  15.000 ns|  19.215 us|    1|  3841|  loop auto-rewind stp (delay=0 clock cycles(s))|
    +---------+---------+-----------+-----------+-----+------+------------------------------------------------+

    + Detail: 
        * Instance: 
        N/A

        * Loop: 
        +--------------+---------+---------+----------+-----------+-----------+----------+----------+
        |              |  Latency (cycles) | Iteration|  Initiation Interval  |   Trip   |          |
        |   Loop Name  |   min   |   max   |  Latency |  achieved |   target  |   Count  | Pipelined|
        +--------------+---------+---------+----------+-----------+-----------+----------+----------+
        |- loop_width  |        1|     3841|         3|          1|          1|  0 ~ 3840|       yes|
        +--------------+---------+---------+----------+-----------+-----------+----------+----------+

============================================================
+ Verbose Summary: Synthesis Manager
============================================================
InlineROM: 1
ExposeGlobal: 0
============================================================
+ Verbose Summary: CDFG Model
============================================================
IsTopModel: 0
ResetActiveHigh: 1
IsCombinational: 0
IsDatapathOnly: 0
HasWiredReturn: 1
HasMFsm: 2
HasVarLatency: 1
IsPipeline: 0
IsRtlPipelined: 0
IsInstanceOverlapped: 0
IsDontTouch: 0
HasImplIP: 0
IsGatedGlobalClock: 0

+ Individual pipeline summary: 
  * Pipeline-0: initiation interval (II) = 1, depth = 3


============================================================
+ Verbose Summary: Schedule
============================================================
* Number of FSM states : 3
* Pipeline : 1
  Pipeline-0 : II = 1, D = 3, States = { 1 2 3 }
* Dataflow Pipeline: 0

* FSM state transitions: 
1 --> 2 
2 --> 3 
3 --> 

* FSM state operations: 

State 1 <SV = 0> <Delay = 1.93>
ST_1 : Operation 6 [1/1] (0.00ns)   --->   "%j = alloca i32 1" [/home/e/Documents/research/byotee/OSDZU3_Ref_Design/OSDZU3_Ref_Design.runs/design_1_v_mix_0_0_synth_1/prj/sol/.autopilot/db/v_mix.cpp:3391]   --->   Operation 6 'alloca' 'j' <Predicate = true> <Delay = 0.00>
ST_1 : Operation 7 [1/1] (0.00ns)   --->   "%axi_data = alloca i32 1" [/home/e/Documents/research/byotee/OSDZU3_Ref_Design/OSDZU3_Ref_Design.runs/design_1_v_mix_0_0_synth_1/prj/sol/.autopilot/db/v_mix.cpp:3362]   --->   Operation 7 'alloca' 'axi_data' <Predicate = true> <Delay = 0.00>
ST_1 : Operation 8 [1/1] (0.00ns)   --->   "%axi_last_13 = alloca i32 1" [/home/e/Documents/research/byotee/OSDZU3_Ref_Design/OSDZU3_Ref_Design.runs/design_1_v_mix_0_0_synth_1/prj/sol/.autopilot/db/v_mix.cpp:3362]   --->   Operation 8 'alloca' 'axi_last_13' <Predicate = true> <Delay = 0.00>
ST_1 : Operation 9 [1/1] (0.00ns)   --->   "%specaxissidechannel_ln0 = specaxissidechannel void @_ssdm_op_SpecAXISSideChannel, i24 %s_axis_video_V_data_V, i3 %s_axis_video_V_keep_V, i3 %s_axis_video_V_strb_V, i1 %s_axis_video_V_user_V, i1 %s_axis_video_V_last_V, i1 %s_axis_video_V_id_V, i1 %s_axis_video_V_dest_V, void @empty_49"   --->   Operation 9 'specaxissidechannel' 'specaxissidechannel_ln0' <Predicate = true> <Delay = 0.00>
ST_1 : Operation 10 [1/1] (0.00ns)   --->   "%specinterface_ln0 = specinterface void @_ssdm_op_SpecInterface, i1 %s_axis_video_V_dest_V, void @empty_10, i32 0, i32 0, void @empty_2, i32 0, i32 0, void @empty_0, void @empty_0, void @empty_0, i32 0, i32 0, i32 0, i32 0, void @empty_0, void @empty_0, i32 4294967295, i32 0, i32 0"   --->   Operation 10 'specinterface' 'specinterface_ln0' <Predicate = true> <Delay = 0.00>
ST_1 : Operation 11 [1/1] (0.00ns)   --->   "%specinterface_ln0 = specinterface void @_ssdm_op_SpecInterface, i1 %s_axis_video_V_id_V, void @empty_10, i32 0, i32 0, void @empty_2, i32 0, i32 0, void @empty_0, void @empty_0, void @empty_0, i32 0, i32 0, i32 0, i32 0, void @empty_0, void @empty_0, i32 4294967295, i32 0, i32 0"   --->   Operation 11 'specinterface' 'specinterface_ln0' <Predicate = true> <Delay = 0.00>
ST_1 : Operation 12 [1/1] (0.00ns)   --->   "%specinterface_ln0 = specinterface void @_ssdm_op_SpecInterface, i1 %s_axis_video_V_last_V, void @empty_10, i32 0, i32 0, void @empty_2, i32 0, i32 0, void @empty_0, void @empty_0, void @empty_0, i32 0, i32 0, i32 0, i32 0, void @empty_0, void @empty_0, i32 4294967295, i32 0, i32 0"   --->   Operation 12 'specinterface' 'specinterface_ln0' <Predicate = true> <Delay = 0.00>
ST_1 : Operation 13 [1/1] (0.00ns)   --->   "%specinterface_ln0 = specinterface void @_ssdm_op_SpecInterface, i1 %s_axis_video_V_user_V, void @empty_10, i32 0, i32 0, void @empty_2, i32 0, i32 0, void @empty_0, void @empty_0, void @empty_0, i32 0, i32 0, i32 0, i32 0, void @empty_0, void @empty_0, i32 4294967295, i32 0, i32 0"   --->   Operation 13 'specinterface' 'specinterface_ln0' <Predicate = true> <Delay = 0.00>
ST_1 : Operation 14 [1/1] (0.00ns)   --->   "%specinterface_ln0 = specinterface void @_ssdm_op_SpecInterface, i3 %s_axis_video_V_strb_V, void @empty_10, i32 0, i32 0, void @empty_2, i32 0, i32 0, void @empty_0, void @empty_0, void @empty_0, i32 0, i32 0, i32 0, i32 0, void @empty_0, void @empty_0, i32 4294967295, i32 0, i32 0"   --->   Operation 14 'specinterface' 'specinterface_ln0' <Predicate = true> <Delay = 0.00>
ST_1 : Operation 15 [1/1] (0.00ns)   --->   "%specinterface_ln0 = specinterface void @_ssdm_op_SpecInterface, i3 %s_axis_video_V_keep_V, void @empty_10, i32 0, i32 0, void @empty_2, i32 0, i32 0, void @empty_0, void @empty_0, void @empty_0, i32 0, i32 0, i32 0, i32 0, void @empty_0, void @empty_0, i32 4294967295, i32 0, i32 0"   --->   Operation 15 'specinterface' 'specinterface_ln0' <Predicate = true> <Delay = 0.00>
ST_1 : Operation 16 [1/1] (0.00ns)   --->   "%specinterface_ln0 = specinterface void @_ssdm_op_SpecInterface, i24 %s_axis_video_V_data_V, void @empty_10, i32 0, i32 0, void @empty_2, i32 0, i32 0, void @empty_0, void @empty_0, void @empty_0, i32 0, i32 0, i32 0, i32 0, void @empty_0, void @empty_0, i32 4294967295, i32 0, i32 0"   --->   Operation 16 'specinterface' 'specinterface_ln0' <Predicate = true> <Delay = 0.00>
ST_1 : Operation 17 [1/1] (0.00ns)   --->   "%specinterface_ln0 = specinterface void @_ssdm_op_SpecInterface, i24 %srcLayer0, void @empty_42, i32 0, i32 0, void @empty_0, i32 0, i32 0, void @empty_0, void @empty_0, void @empty_0, i32 0, i32 0, i32 0, i32 0, void @empty_0, void @empty_0, i32 4294967295, i32 0, i32 0"   --->   Operation 17 'specinterface' 'specinterface_ln0' <Predicate = true> <Delay = 0.00>
ST_1 : Operation 18 [1/1] (0.00ns)   --->   "%cols_read = read i12 @_ssdm_op_Read.ap_auto.i12, i12 %cols"   --->   Operation 18 'read' 'cols_read' <Predicate = true> <Delay = 0.00>
ST_1 : Operation 19 [1/1] (0.00ns)   --->   "%axi_data_10_read = read i24 @_ssdm_op_Read.ap_auto.i24, i24 %axi_data_10"   --->   Operation 19 'read' 'axi_data_10_read' <Predicate = true> <Delay = 0.00>
ST_1 : Operation 20 [1/1] (0.00ns)   --->   "%axi_last_12_read = read i1 @_ssdm_op_Read.ap_auto.i1, i1 %axi_last_12"   --->   Operation 20 'read' 'axi_last_12_read' <Predicate = true> <Delay = 0.00>
ST_1 : Operation 21 [1/1] (0.00ns)   --->   "%sof_7_read = read i1 @_ssdm_op_Read.ap_auto.i1, i1 %sof_7"   --->   Operation 21 'read' 'sof_7_read' <Predicate = true> <Delay = 0.00>
ST_1 : Operation 22 [1/1] (0.48ns)   --->   "%store_ln3362 = store i1 %axi_last_12_read, i1 %axi_last_13" [/home/e/Documents/research/byotee/OSDZU3_Ref_Design/OSDZU3_Ref_Design.runs/design_1_v_mix_0_0_synth_1/prj/sol/.autopilot/db/v_mix.cpp:3362]   --->   Operation 22 'store' 'store_ln3362' <Predicate = true> <Delay = 0.48>
ST_1 : Operation 23 [1/1] (0.48ns)   --->   "%store_ln3362 = store i24 %axi_data_10_read, i24 %axi_data" [/home/e/Documents/research/byotee/OSDZU3_Ref_Design/OSDZU3_Ref_Design.runs/design_1_v_mix_0_0_synth_1/prj/sol/.autopilot/db/v_mix.cpp:3362]   --->   Operation 23 'store' 'store_ln3362' <Predicate = true> <Delay = 0.48>
ST_1 : Operation 24 [1/1] (0.48ns)   --->   "%store_ln3391 = store i12 0, i12 %j" [/home/e/Documents/research/byotee/OSDZU3_Ref_Design/OSDZU3_Ref_Design.runs/design_1_v_mix_0_0_synth_1/prj/sol/.autopilot/db/v_mix.cpp:3391]   --->   Operation 24 'store' 'store_ln3391' <Predicate = true> <Delay = 0.48>
ST_1 : Operation 25 [1/1] (0.48ns)   --->   "%br_ln3391 = br void %for.body12" [/home/e/Documents/research/byotee/OSDZU3_Ref_Design/OSDZU3_Ref_Design.runs/design_1_v_mix_0_0_synth_1/prj/sol/.autopilot/db/v_mix.cpp:3391]   --->   Operation 25 'br' 'br_ln3391' <Predicate = true> <Delay = 0.48>
ST_1 : Operation 26 [1/1] (0.00ns)   --->   "%j_7 = load i12 %j" [/home/e/Documents/research/byotee/OSDZU3_Ref_Design/OSDZU3_Ref_Design.runs/design_1_v_mix_0_0_synth_1/prj/sol/.autopilot/db/v_mix.cpp:3391]   --->   Operation 26 'load' 'j_7' <Predicate = true> <Delay = 0.00>
ST_1 : Operation 27 [1/1] (0.96ns)   --->   "%icmp_ln3391 = icmp_eq  i12 %j_7, i12 %cols_read" [/home/e/Documents/research/byotee/OSDZU3_Ref_Design/OSDZU3_Ref_Design.runs/design_1_v_mix_0_0_synth_1/prj/sol/.autopilot/db/v_mix.cpp:3391]   --->   Operation 27 'icmp' 'icmp_ln3391' <Predicate = true> <Delay = 0.96> <CoreInst = "Cmp">   --->   Core 9 'Cmp' <Latency = 0> <II = 1> <Delay = 0.96> <FuncUnit> <Opcode : 'seteq' 'setne' 'setle' 'setge' 'setlt' 'setgt'> <InPorts = 2> <OutPorts = 1>
ST_1 : Operation 28 [1/1] (0.96ns)   --->   "%j_8 = add i12 %j_7, i12 1" [/home/e/Documents/research/byotee/OSDZU3_Ref_Design/OSDZU3_Ref_Design.runs/design_1_v_mix_0_0_synth_1/prj/sol/.autopilot/db/v_mix.cpp:3391]   --->   Operation 28 'add' 'j_8' <Predicate = true> <Delay = 0.96> <CoreInst = "Adder">   --->   Core 1 'Adder' <Latency = 0> <II = 1> <Delay = 0.96> <FuncUnit> <Opcode : 'add' 'sub'> <InPorts = 2> <OutPorts = 1>
ST_1 : Operation 29 [1/1] (0.00ns)   --->   "%br_ln3391 = br i1 %icmp_ln3391, void %for.body12.split, void %loop_wait_for_eol.exitStub" [/home/e/Documents/research/byotee/OSDZU3_Ref_Design/OSDZU3_Ref_Design.runs/design_1_v_mix_0_0_synth_1/prj/sol/.autopilot/db/v_mix.cpp:3391]   --->   Operation 29 'br' 'br_ln3391' <Predicate = true> <Delay = 0.00>
ST_1 : Operation 30 [1/1] (0.48ns)   --->   "%store_ln3391 = store i12 %j_8, i12 %j" [/home/e/Documents/research/byotee/OSDZU3_Ref_Design/OSDZU3_Ref_Design.runs/design_1_v_mix_0_0_synth_1/prj/sol/.autopilot/db/v_mix.cpp:3391]   --->   Operation 30 'store' 'store_ln3391' <Predicate = (!icmp_ln3391)> <Delay = 0.48>
ST_1 : Operation 31 [1/1] (0.00ns)   --->   "%br_ln3391 = br void %for.body12" [/home/e/Documents/research/byotee/OSDZU3_Ref_Design/OSDZU3_Ref_Design.runs/design_1_v_mix_0_0_synth_1/prj/sol/.autopilot/db/v_mix.cpp:3391]   --->   Operation 31 'br' 'br_ln3391' <Predicate = (!icmp_ln3391)> <Delay = 0.00>

State 2 <SV = 1> <Delay = 0.95>
ST_2 : Operation 32 [1/1] (0.00ns)   --->   "%eol = phi i1 0, void %newFuncRoot, i1 %axi_last, void %if.end"   --->   Operation 32 'phi' 'eol' <Predicate = true> <Delay = 0.00>
ST_2 : Operation 33 [1/1] (0.00ns)   --->   "%sof = phi i1 %sof_7_read, void %newFuncRoot, i1 0, void %if.end"   --->   Operation 33 'phi' 'sof' <Predicate = true> <Delay = 0.00>
ST_2 : Operation 34 [1/1] (0.00ns)   --->   "%speclooptripcount_ln0 = speclooptripcount void @_ssdm_op_SpecLoopTripCount, i64 0, i64 3840, i64 0"   --->   Operation 34 'speclooptripcount' 'speclooptripcount_ln0' <Predicate = true> <Delay = 0.00>
ST_2 : Operation 35 [1/1] (0.00ns)   --->   "%specpipeline_ln3394 = specpipeline void @_ssdm_op_SpecPipeline, i32 1, i32 0, i32 0, i32 0, void @empty_0" [/home/e/Documents/research/byotee/OSDZU3_Ref_Design/OSDZU3_Ref_Design.runs/design_1_v_mix_0_0_synth_1/prj/sol/.autopilot/db/v_mix.cpp:3394]   --->   Operation 35 'specpipeline' 'specpipeline_ln3394' <Predicate = (!icmp_ln3391)> <Delay = 0.00>
ST_2 : Operation 36 [1/1] (0.00ns)   --->   "%specloopname_ln3391 = specloopname void @_ssdm_op_SpecLoopName, void @empty_60" [/home/e/Documents/research/byotee/OSDZU3_Ref_Design/OSDZU3_Ref_Design.runs/design_1_v_mix_0_0_synth_1/prj/sol/.autopilot/db/v_mix.cpp:3391]   --->   Operation 36 'specloopname' 'specloopname_ln3391' <Predicate = (!icmp_ln3391)> <Delay = 0.00>
ST_2 : Operation 37 [1/1] (0.33ns)   --->   "%or_ln3395 = or i1 %sof, i1 %eol" [/home/e/Documents/research/byotee/OSDZU3_Ref_Design/OSDZU3_Ref_Design.runs/design_1_v_mix_0_0_synth_1/prj/sol/.autopilot/db/v_mix.cpp:3395]   --->   Operation 37 'or' 'or_ln3395' <Predicate = (!icmp_ln3391)> <Delay = 0.33> <CoreInst = "LogicGate">   --->   Core 74 'LogicGate' <Latency = 0> <II = 1> <Delay = 0.33> <FuncUnit> <Opcode : 'and' 'or' 'xor'> <InPorts = 2> <OutPorts = 1>
ST_2 : Operation 38 [1/1] (0.00ns)   --->   "%br_ln3395 = br i1 %or_ln3395, void %if.else, void %if.end" [/home/e/Documents/research/byotee/OSDZU3_Ref_Design/OSDZU3_Ref_Design.runs/design_1_v_mix_0_0_synth_1/prj/sol/.autopilot/db/v_mix.cpp:3395]   --->   Operation 38 'br' 'br_ln3395' <Predicate = (!icmp_ln3391)> <Delay = 0.00>
ST_2 : Operation 39 [1/1] (0.13ns)   --->   "%empty = read i34 @_ssdm_op_Read.axis.volatile.i24P0A.i3P0A.i3P0A.i1P0A.i1P0A.i1P0A.i1P0A, i24 %s_axis_video_V_data_V, i3 %s_axis_video_V_keep_V, i3 %s_axis_video_V_strb_V, i1 %s_axis_video_V_user_V, i1 %s_axis_video_V_last_V, i1 %s_axis_video_V_id_V, i1 %s_axis_video_V_dest_V" [/home/e/Documents/research/byotee/OSDZU3_Ref_Design/OSDZU3_Ref_Design.runs/design_1_v_mix_0_0_synth_1/prj/sol/.autopilot/db/v_mix.cpp:3402]   --->   Operation 39 'read' 'empty' <Predicate = (!icmp_ln3391 & !or_ln3395)> <Delay = 0.13> <CoreInst = "regslice">   --->   Core 147 'regslice' <Latency = 0> <II = 1> <Delay = 0.84> <Adapter> <Opcode : 'read' 'write'>
ST_2 : Operation 40 [1/1] (0.00ns)   --->   "%axi_data_7 = extractvalue i34 %empty" [/home/e/Documents/research/byotee/OSDZU3_Ref_Design/OSDZU3_Ref_Design.runs/design_1_v_mix_0_0_synth_1/prj/sol/.autopilot/db/v_mix.cpp:3402]   --->   Operation 40 'extractvalue' 'axi_data_7' <Predicate = (!icmp_ln3391 & !or_ln3395)> <Delay = 0.00>
ST_2 : Operation 41 [1/1] (0.00ns)   --->   "%axi_last_15 = extractvalue i34 %empty" [/home/e/Documents/research/byotee/OSDZU3_Ref_Design/OSDZU3_Ref_Design.runs/design_1_v_mix_0_0_synth_1/prj/sol/.autopilot/db/v_mix.cpp:3402]   --->   Operation 41 'extractvalue' 'axi_last_15' <Predicate = (!icmp_ln3391 & !or_ln3395)> <Delay = 0.00>
ST_2 : Operation 42 [1/1] (0.48ns)   --->   "%store_ln3362 = store i1 %axi_last_15, i1 %axi_last_13" [/home/e/Documents/research/byotee/OSDZU3_Ref_Design/OSDZU3_Ref_Design.runs/design_1_v_mix_0_0_synth_1/prj/sol/.autopilot/db/v_mix.cpp:3362]   --->   Operation 42 'store' 'store_ln3362' <Predicate = (!icmp_ln3391 & !or_ln3395)> <Delay = 0.48>
ST_2 : Operation 43 [1/1] (0.48ns)   --->   "%store_ln3362 = store i24 %axi_data_7, i24 %axi_data" [/home/e/Documents/research/byotee/OSDZU3_Ref_Design/OSDZU3_Ref_Design.runs/design_1_v_mix_0_0_synth_1/prj/sol/.autopilot/db/v_mix.cpp:3362]   --->   Operation 43 'store' 'store_ln3362' <Predicate = (!icmp_ln3391 & !or_ln3395)> <Delay = 0.48>
ST_2 : Operation 44 [1/1] (0.00ns)   --->   "%br_ln0 = br void %if.end"   --->   Operation 44 'br' 'br_ln0' <Predicate = (!icmp_ln3391 & !or_ln3395)> <Delay = 0.00>
ST_2 : Operation 51 [1/1] (0.00ns)   --->   "%axi_data_load = load i24 %axi_data"   --->   Operation 51 'load' 'axi_data_load' <Predicate = (icmp_ln3391)> <Delay = 0.00>
ST_2 : Operation 52 [1/1] (0.00ns)   --->   "%write_ln0 = write void @_ssdm_op_Write.ap_auto.i1P0A, i1 %eol_out, i1 %eol"   --->   Operation 52 'write' 'write_ln0' <Predicate = (icmp_ln3391)> <Delay = 0.00>
ST_2 : Operation 53 [1/1] (0.00ns)   --->   "%write_ln0 = write void @_ssdm_op_Write.ap_auto.i24P0A, i24 %axi_data_11_out, i24 %axi_data_load"   --->   Operation 53 'write' 'write_ln0' <Predicate = (icmp_ln3391)> <Delay = 0.00>
ST_2 : Operation 54 [1/1] (0.48ns)   --->   "%ret_ln0 = ret"   --->   Operation 54 'ret' 'ret_ln0' <Predicate = (icmp_ln3391)> <Delay = 0.48>

State 3 <SV = 2> <Delay = 1.82>
ST_3 : Operation 45 [1/1] (0.00ns)   --->   "%axi_data_9 = load i24 %axi_data" [/home/e/Documents/research/byotee/OSDZU3_Ref_Design/OSDZU3_Ref_Design.runs/design_1_v_mix_0_0_synth_1/prj/sol/.autopilot/db/v_mix.cpp:3433]   --->   Operation 45 'load' 'axi_data_9' <Predicate = (!icmp_ln3391)> <Delay = 0.00>
ST_3 : Operation 46 [1/1] (0.00ns)   --->   "%axi_last = load i1 %axi_last_13"   --->   Operation 46 'load' 'axi_last' <Predicate = (!icmp_ln3391)> <Delay = 0.00>
ST_3 : Operation 47 [1/1] (0.00ns)   --->   "%tmp_2 = partselect i8 @_ssdm_op_PartSelect.i8.i24.i32, i24 %axi_data_9, i32 16" [/home/e/Documents/research/byotee/OSDZU3_Ref_Design/OSDZU3_Ref_Design.gen/sources_1/bd/design_1/ip/design_1_v_mix_0_0/src/hls/hls_axi_io.h:63->/home/e/Documents/research/byotee/OSDZU3_Ref_Design/OSDZU3_Ref_Design.gen/sources_1/bd/design_1/ip/design_1_v_mix_0_0/src/hls/hls_axi_io.h:85->/home/e/Documents/research/byotee/OSDZU3_Ref_Design/OSDZU3_Ref_Design.runs/design_1_v_mix_0_0_synth_1/prj/sol/.autopilot/db/v_mix.cpp:3417]   --->   Operation 47 'partselect' 'tmp_2' <Predicate = (!icmp_ln3391)> <Delay = 0.00>
ST_3 : Operation 48 [1/1] (0.00ns)   --->   "%trunc_ln3433 = trunc i24 %axi_data_9" [/home/e/Documents/research/byotee/OSDZU3_Ref_Design/OSDZU3_Ref_Design.runs/design_1_v_mix_0_0_synth_1/prj/sol/.autopilot/db/v_mix.cpp:3433]   --->   Operation 48 'trunc' 'trunc_ln3433' <Predicate = (!icmp_ln3391)> <Delay = 0.00>
ST_3 : Operation 49 [1/1] (0.00ns)   --->   "%or_ln3433_6 = bitconcatenate i24 @_ssdm_op_BitConcatenate.i24.i16.i8, i16 %trunc_ln3433, i8 %tmp_2" [/home/e/Documents/research/byotee/OSDZU3_Ref_Design/OSDZU3_Ref_Design.runs/design_1_v_mix_0_0_synth_1/prj/sol/.autopilot/db/v_mix.cpp:3433]   --->   Operation 49 'bitconcatenate' 'or_ln3433_6' <Predicate = (!icmp_ln3391)> <Delay = 0.00>
ST_3 : Operation 50 [1/1] ( I:1.82ns O:1.82ns )   --->   "%write_ln3433 = write void @_ssdm_op_Write.ap_fifo.volatile.i24P0A, i24 %srcLayer0, i24 %or_ln3433_6" [/home/e/Documents/research/byotee/OSDZU3_Ref_Design/OSDZU3_Ref_Design.runs/design_1_v_mix_0_0_synth_1/prj/sol/.autopilot/db/v_mix.cpp:3433]   --->   Operation 50 'write' 'write_ln3433' <Predicate = (!icmp_ln3391)> <Delay = 1.82> <CoreInst = "FIFO_SRL">   --->   Core 80 'FIFO_SRL' <Latency = 0> <II = 1> <Delay = 2.16> <Storage> <Opcode : 'read' 'write' 'nbread' 'nbwrite'> <Ports = 0> <Width = 24> <Depth = 2> <FIFO>


============================================================
+ Verbose Summary: Timing violations
============================================================
Target clock period: 5.000ns, clock uncertainty: 1.350ns.

 <State 1>: 1.939ns
The critical path consists of the following:
	'store' operation 0 bit ('store_ln3391', /home/e/Documents/research/byotee/OSDZU3_Ref_Design/OSDZU3_Ref_Design.runs/design_1_v_mix_0_0_synth_1/prj/sol/.autopilot/db/v_mix.cpp:3391) of constant 0 on local variable 'j', /home/e/Documents/research/byotee/OSDZU3_Ref_Design/OSDZU3_Ref_Design.runs/design_1_v_mix_0_0_synth_1/prj/sol/.autopilot/db/v_mix.cpp:3391 [33]  (0.489 ns)
	'load' operation 12 bit ('j', /home/e/Documents/research/byotee/OSDZU3_Ref_Design/OSDZU3_Ref_Design.runs/design_1_v_mix_0_0_synth_1/prj/sol/.autopilot/db/v_mix.cpp:3391) on local variable 'j', /home/e/Documents/research/byotee/OSDZU3_Ref_Design/OSDZU3_Ref_Design.runs/design_1_v_mix_0_0_synth_1/prj/sol/.autopilot/db/v_mix.cpp:3391 [38]  (0.000 ns)
	'icmp' operation 1 bit ('icmp_ln3391', /home/e/Documents/research/byotee/OSDZU3_Ref_Design/OSDZU3_Ref_Design.runs/design_1_v_mix_0_0_synth_1/prj/sol/.autopilot/db/v_mix.cpp:3391) [39]  (0.962 ns)
	'store' operation 0 bit ('store_ln3391', /home/e/Documents/research/byotee/OSDZU3_Ref_Design/OSDZU3_Ref_Design.runs/design_1_v_mix_0_0_synth_1/prj/sol/.autopilot/db/v_mix.cpp:3391) of variable 'j', /home/e/Documents/research/byotee/OSDZU3_Ref_Design/OSDZU3_Ref_Design.runs/design_1_v_mix_0_0_synth_1/prj/sol/.autopilot/db/v_mix.cpp:3391 on local variable 'j', /home/e/Documents/research/byotee/OSDZU3_Ref_Design/OSDZU3_Ref_Design.runs/design_1_v_mix_0_0_synth_1/prj/sol/.autopilot/db/v_mix.cpp:3391 [62]  (0.489 ns)

 <State 2>: 0.955ns
The critical path consists of the following:
	'phi' operation 1 bit ('axi.last') with incoming values : ('axi.last') [36]  (0.000 ns)
	'or' operation 1 bit ('or_ln3395', /home/e/Documents/research/byotee/OSDZU3_Ref_Design/OSDZU3_Ref_Design.runs/design_1_v_mix_0_0_synth_1/prj/sol/.autopilot/db/v_mix.cpp:3395) [46]  (0.331 ns)
	axis read operation ('empty', /home/e/Documents/research/byotee/OSDZU3_Ref_Design/OSDZU3_Ref_Design.runs/design_1_v_mix_0_0_synth_1/prj/sol/.autopilot/db/v_mix.cpp:3402) on port 's_axis_video_V_data_V' (/home/e/Documents/research/byotee/OSDZU3_Ref_Design/OSDZU3_Ref_Design.runs/design_1_v_mix_0_0_synth_1/prj/sol/.autopilot/db/v_mix.cpp:3402) [49]  (0.135 ns)
	'store' operation 0 bit ('store_ln3362', /home/e/Documents/research/byotee/OSDZU3_Ref_Design/OSDZU3_Ref_Design.runs/design_1_v_mix_0_0_synth_1/prj/sol/.autopilot/db/v_mix.cpp:3362) of variable 'axi.last', /home/e/Documents/research/byotee/OSDZU3_Ref_Design/OSDZU3_Ref_Design.runs/design_1_v_mix_0_0_synth_1/prj/sol/.autopilot/db/v_mix.cpp:3402 on local variable 'axi.last', /home/e/Documents/research/byotee/OSDZU3_Ref_Design/OSDZU3_Ref_Design.runs/design_1_v_mix_0_0_synth_1/prj/sol/.autopilot/db/v_mix.cpp:3362 [52]  (0.489 ns)

 <State 3>: 1.825ns
The critical path consists of the following:
	'load' operation 24 bit ('axi.data', /home/e/Documents/research/byotee/OSDZU3_Ref_Design/OSDZU3_Ref_Design.runs/design_1_v_mix_0_0_synth_1/prj/sol/.autopilot/db/v_mix.cpp:3433) on local variable 'axi.data', /home/e/Documents/research/byotee/OSDZU3_Ref_Design/OSDZU3_Ref_Design.runs/design_1_v_mix_0_0_synth_1/prj/sol/.autopilot/db/v_mix.cpp:3362 [56]  (0.000 ns)
	fifo write operation ('write_ln3433', /home/e/Documents/research/byotee/OSDZU3_Ref_Design/OSDZU3_Ref_Design.runs/design_1_v_mix_0_0_synth_1/prj/sol/.autopilot/db/v_mix.cpp:3433) on port 'srcLayer0' (/home/e/Documents/research/byotee/OSDZU3_Ref_Design/OSDZU3_Ref_Design.runs/design_1_v_mix_0_0_synth_1/prj/sol/.autopilot/db/v_mix.cpp:3433) [61]  (1.825 ns)


============================================================
+ Verbose Summary: Binding
============================================================
N/A
* FSMD analyzer results:
  - Output states:
 - Input state : 
  - Chain level:
	State 1
	State 2
	State 3


============================================================
+ Verbose Summary: Datapath Resource usage 
============================================================
N/A
