

================================================================
== Vitis HLS Report for 'MultiPixStream2AXIvideo'
================================================================
* Date:           Sat Sep  6 13:59:17 2025

* Version:        2025.1 (Build 6135595 on May 21 2025)
* Project:        prj
* Solution:       sol (Vivado IP Flow Target)
* Product family: zynquplus
* Target device:  xczu3eg-sfvc784-1-e


================================================================
== Performance Estimates
================================================================
+ Timing: 
    * Summary: 
    +--------+---------+----------+------------+
    |  Clock |  Target | Estimated| Uncertainty|
    +--------+---------+----------+------------+
    |ap_clk  |  5.00 ns|  2.437 ns|     1.35 ns|
    +--------+---------+----------+------------+

+ Latency: 
    * Summary: 
    +---------+---------+-----------+-----------+-----+---------+---------+
    |  Latency (cycles) |   Latency (absolute)  |    Interval   | Pipeline|
    |   min   |   max   |    min    |    max    | min |   max   |   Type  |
    +---------+---------+-----------+-----------+-----+---------+---------+
    |        2|  8305202|  10.000 ns|  41.526 ms|    2|  8305202|       no|
    +---------+---------+-----------+-----------+-----+---------+---------+

    + Detail: 
        * Instance: 
        +--------------------------------------------------------------+----------------------------------------------------+---------+---------+-----------+-----------+-----+------+------------------------------------------------+
        |                                                              |                                                    |  Latency (cycles) |   Latency (absolute)  |  Interval  |                    Pipeline                    |
        |                           Instance                           |                       Module                       |   min   |   max   |    min    |    max    | min |  max |                      Type                      |
        +--------------------------------------------------------------+----------------------------------------------------+---------+---------+-----------+-----------+-----+------+------------------------------------------------+
        |grp_MultiPixStream2AXIvideo_Pipeline_VITIS_LOOP_3519_3_fu_96  |MultiPixStream2AXIvideo_Pipeline_VITIS_LOOP_3519_3  |        3|     3843|  15.000 ns|  19.215 us|    1|  3841|  loop auto-rewind stp (delay=0 clock cycles(s))|
        |grp_reg_unsigned_short_1_fu_120                               |reg_unsigned_short_1                                |        1|        1|   5.000 ns|   5.000 ns|    1|     1|                                             yes|
        |grp_reg_unsigned_short_1_fu_126                               |reg_unsigned_short_1                                |        1|        1|   5.000 ns|   5.000 ns|    1|     1|                                             yes|
        +--------------------------------------------------------------+----------------------------------------------------+---------+---------+-----------+-----------+-----+------+------------------------------------------------+

        * Loop: 
        +---------------------+---------+---------+----------+-----------+-----------+----------+----------+
        |                     |  Latency (cycles) | Iteration|  Initiation Interval  |   Trip   |          |
        |      Loop Name      |   min   |   max   |  Latency |  achieved |   target  |   Count  | Pipelined|
        +---------------------+---------+---------+----------+-----------+-----------+----------+----------+
        |- VITIS_LOOP_3517_2  |        0|  8305200|  5 ~ 3845|          -|          -|  0 ~ 2160|        no|
        +---------------------+---------+---------+----------+-----------+-----------+----------+----------+

============================================================
+ Verbose Summary: Synthesis Manager
============================================================
InlineROM: 1
ExposeGlobal: 0
============================================================
+ Verbose Summary: CDFG Model
============================================================
IsTopModel: 0
ResetActiveHigh: 1
IsCombinational: 2
IsDatapathOnly: 0
HasWiredReturn: 1
HasMFsm: 0
HasVarLatency: 1
IsPipeline: 0
IsRtlPipelined: 0
IsInstanceOverlapped: 0
IsDontTouch: 0
HasImplIP: 0
IsGatedGlobalClock: 0


============================================================
+ Verbose Summary: Schedule
============================================================
* Number of FSM states : 4
* Pipeline : 0
* Dataflow Pipeline: 0

* FSM state transitions: 
1 --> 2 
2 --> 3 
3 --> 4 
4 --> 3 

* FSM state operations: 

State 1 <SV = 0> <Delay = 0.48>
ST_1 : Operation 5 [1/1] (0.00ns)   --->   "%i = alloca i32 1" [/home/e/Documents/research/byotee/OSDZU3_Ref_Design/OSDZU3_Ref_Design.runs/design_1_v_mix_0_0_synth_1/prj/sol/.autopilot/db/v_mix.cpp:3517]   --->   Operation 5 'alloca' 'i' <Predicate = true> <Delay = 0.00>
ST_1 : Operation 6 [1/1] (0.00ns)   --->   "%WidthOut_read = read i12 @_ssdm_op_Read.ap_auto.i12, i12 %WidthOut"   --->   Operation 6 'read' 'WidthOut_read' <Predicate = true> <Delay = 0.00>
ST_1 : Operation 7 [1/1] (0.00ns)   --->   "%Height_read = read i12 @_ssdm_op_Read.ap_auto.i12, i12 %Height"   --->   Operation 7 'read' 'Height_read' <Predicate = true> <Delay = 0.00>
ST_1 : Operation 8 [2/2] (0.00ns)   --->   "%rows = call i12 @reg<unsigned short>1, i12 %Height_read" [/home/e/Documents/research/byotee/OSDZU3_Ref_Design/OSDZU3_Ref_Design.runs/design_1_v_mix_0_0_synth_1/prj/sol/.autopilot/db/v_mix.cpp:3468]   --->   Operation 8 'call' 'rows' <Predicate = true> <Delay = 0.00> <CoreType = "Generic">   --->   Generic Core
ST_1 : Operation 9 [2/2] (0.00ns)   --->   "%cols = call i12 @reg<unsigned short>1, i12 %WidthOut_read" [/home/e/Documents/research/byotee/OSDZU3_Ref_Design/OSDZU3_Ref_Design.runs/design_1_v_mix_0_0_synth_1/prj/sol/.autopilot/db/v_mix.cpp:3469]   --->   Operation 9 'call' 'cols' <Predicate = true> <Delay = 0.00> <CoreType = "Generic">   --->   Generic Core
ST_1 : Operation 10 [1/1] (0.48ns)   --->   "%store_ln3517 = store i12 0, i12 %i" [/home/e/Documents/research/byotee/OSDZU3_Ref_Design/OSDZU3_Ref_Design.runs/design_1_v_mix_0_0_synth_1/prj/sol/.autopilot/db/v_mix.cpp:3517]   --->   Operation 10 'store' 'store_ln3517' <Predicate = true> <Delay = 0.48>

State 2 <SV = 1> <Delay = 0.96>
ST_2 : Operation 11 [1/1] (0.00ns)   --->   "%specaxissidechannel_ln0 = specaxissidechannel void @_ssdm_op_SpecAXISSideChannel, i24 %m_axis_video_V_data_V, i3 %m_axis_video_V_keep_V, i3 %m_axis_video_V_strb_V, i1 %m_axis_video_V_user_V, i1 %m_axis_video_V_last_V, i1 %m_axis_video_V_id_V, i1 %m_axis_video_V_dest_V, void @empty_58"   --->   Operation 11 'specaxissidechannel' 'specaxissidechannel_ln0' <Predicate = true> <Delay = 0.00>
ST_2 : Operation 12 [1/1] (0.00ns)   --->   "%specstablecontent_ln0 = specstablecontent void @_ssdm_op_SpecStableContent, i12 %Height, i1 1, void "   --->   Operation 12 'specstablecontent' 'specstablecontent_ln0' <Predicate = true> <Delay = 0.00>
ST_2 : Operation 13 [1/1] (0.00ns)   --->   "%specstablecontent_ln0 = specstablecontent void @_ssdm_op_SpecStableContent, i12 %WidthOut, i1 1, void "   --->   Operation 13 'specstablecontent' 'specstablecontent_ln0' <Predicate = true> <Delay = 0.00>
ST_2 : Operation 14 [1/1] (0.00ns)   --->   "%specinterface_ln0 = specinterface void @_ssdm_op_SpecInterface, i24 %out420, void @empty_42, i32 0, i32 0, void @empty_0, i32 0, i32 0, void @empty_0, void @empty_0, void @empty_0, i32 0, i32 0, i32 0, i32 0, void @empty_0, void @empty_0, i32 4294967295, i32 0, i32 0"   --->   Operation 14 'specinterface' 'specinterface_ln0' <Predicate = true> <Delay = 0.00>
ST_2 : Operation 15 [1/1] (0.00ns)   --->   "%specinterface_ln0 = specinterface void @_ssdm_op_SpecInterface, i24 %m_axis_video_V_data_V, i3 %m_axis_video_V_keep_V, i3 %m_axis_video_V_strb_V, i1 %m_axis_video_V_user_V, i1 %m_axis_video_V_last_V, i1 %m_axis_video_V_id_V, i1 %m_axis_video_V_dest_V, void @empty_10, i32 0, i32 0, void @empty_2, i32 0, i32 0, void @empty_0, void @empty_0, void @empty_0, i32 0, i32 0, i32 0, i32 0, void @empty_0, void @empty_0, i32 4294967295, i32 0, i32 0"   --->   Operation 15 'specinterface' 'specinterface_ln0' <Predicate = true> <Delay = 0.00>
ST_2 : Operation 16 [1/2] (0.00ns)   --->   "%rows = call i12 @reg<unsigned short>1, i12 %Height_read" [/home/e/Documents/research/byotee/OSDZU3_Ref_Design/OSDZU3_Ref_Design.runs/design_1_v_mix_0_0_synth_1/prj/sol/.autopilot/db/v_mix.cpp:3468]   --->   Operation 16 'call' 'rows' <Predicate = true> <Delay = 0.00> <CoreType = "Generic">   --->   Generic Core
ST_2 : Operation 17 [1/2] (0.00ns)   --->   "%cols = call i12 @reg<unsigned short>1, i12 %WidthOut_read" [/home/e/Documents/research/byotee/OSDZU3_Ref_Design/OSDZU3_Ref_Design.runs/design_1_v_mix_0_0_synth_1/prj/sol/.autopilot/db/v_mix.cpp:3469]   --->   Operation 17 'call' 'cols' <Predicate = true> <Delay = 0.00> <CoreType = "Generic">   --->   Generic Core
ST_2 : Operation 18 [1/1] (0.00ns)   --->   "%zext_ln3469 = zext i12 %cols" [/home/e/Documents/research/byotee/OSDZU3_Ref_Design/OSDZU3_Ref_Design.runs/design_1_v_mix_0_0_synth_1/prj/sol/.autopilot/db/v_mix.cpp:3469]   --->   Operation 18 'zext' 'zext_ln3469' <Predicate = true> <Delay = 0.00>
ST_2 : Operation 19 [1/1] (0.96ns)   --->   "%sub = add i13 %zext_ln3469, i13 8191" [/home/e/Documents/research/byotee/OSDZU3_Ref_Design/OSDZU3_Ref_Design.runs/design_1_v_mix_0_0_synth_1/prj/sol/.autopilot/db/v_mix.cpp:3469]   --->   Operation 19 'add' 'sub' <Predicate = true> <Delay = 0.96> <CoreInst = "Adder">   --->   Core 1 'Adder' <Latency = 0> <II = 1> <Delay = 0.96> <FuncUnit> <Opcode : 'add' 'sub'> <InPorts = 2> <OutPorts = 1>
ST_2 : Operation 20 [1/1] (0.96ns)   --->   "%icmp_ln3517 = icmp_eq  i12 %cols, i12 0" [/home/e/Documents/research/byotee/OSDZU3_Ref_Design/OSDZU3_Ref_Design.runs/design_1_v_mix_0_0_synth_1/prj/sol/.autopilot/db/v_mix.cpp:3517]   --->   Operation 20 'icmp' 'icmp_ln3517' <Predicate = true> <Delay = 0.96> <CoreInst = "Cmp">   --->   Core 9 'Cmp' <Latency = 0> <II = 1> <Delay = 0.96> <FuncUnit> <Opcode : 'seteq' 'setne' 'setle' 'setge' 'setlt' 'setgt'> <InPorts = 2> <OutPorts = 1>
ST_2 : Operation 21 [1/1] (0.48ns)   --->   "%br_ln3517 = br void %VITIS_LOOP_3519_3" [/home/e/Documents/research/byotee/OSDZU3_Ref_Design/OSDZU3_Ref_Design.runs/design_1_v_mix_0_0_synth_1/prj/sol/.autopilot/db/v_mix.cpp:3517]   --->   Operation 21 'br' 'br_ln3517' <Predicate = true> <Delay = 0.48>

State 3 <SV = 2> <Delay = 2.41>
ST_3 : Operation 22 [1/1] (0.00ns)   --->   "%sof = phi i1 1, void %entry, i1 %and_ln3517, void %for.body34.lr.ph" [/home/e/Documents/research/byotee/OSDZU3_Ref_Design/OSDZU3_Ref_Design.runs/design_1_v_mix_0_0_synth_1/prj/sol/.autopilot/db/v_mix.cpp:3517]   --->   Operation 22 'phi' 'sof' <Predicate = true> <Delay = 0.00>
ST_3 : Operation 23 [1/1] (0.00ns)   --->   "%i_1 = load i12 %i" [/home/e/Documents/research/byotee/OSDZU3_Ref_Design/OSDZU3_Ref_Design.runs/design_1_v_mix_0_0_synth_1/prj/sol/.autopilot/db/v_mix.cpp:3517]   --->   Operation 23 'load' 'i_1' <Predicate = true> <Delay = 0.00>
ST_3 : Operation 24 [1/1] (0.96ns)   --->   "%icmp_ln3517_1 = icmp_eq  i12 %i_1, i12 %rows" [/home/e/Documents/research/byotee/OSDZU3_Ref_Design/OSDZU3_Ref_Design.runs/design_1_v_mix_0_0_synth_1/prj/sol/.autopilot/db/v_mix.cpp:3517]   --->   Operation 24 'icmp' 'icmp_ln3517_1' <Predicate = true> <Delay = 0.96> <CoreInst = "Cmp">   --->   Core 9 'Cmp' <Latency = 0> <II = 1> <Delay = 0.96> <FuncUnit> <Opcode : 'seteq' 'setne' 'setle' 'setge' 'setlt' 'setgt'> <InPorts = 2> <OutPorts = 1>
ST_3 : Operation 25 [1/1] (0.00ns)   --->   "%speclooptripcount_ln0 = speclooptripcount void @_ssdm_op_SpecLoopTripCount, i64 0, i64 2160, i64 0"   --->   Operation 25 'speclooptripcount' 'speclooptripcount_ln0' <Predicate = true> <Delay = 0.00>
ST_3 : Operation 26 [1/1] (0.96ns)   --->   "%i_2 = add i12 %i_1, i12 1" [/home/e/Documents/research/byotee/OSDZU3_Ref_Design/OSDZU3_Ref_Design.runs/design_1_v_mix_0_0_synth_1/prj/sol/.autopilot/db/v_mix.cpp:3517]   --->   Operation 26 'add' 'i_2' <Predicate = true> <Delay = 0.96> <CoreInst = "Adder">   --->   Core 1 'Adder' <Latency = 0> <II = 1> <Delay = 0.96> <FuncUnit> <Opcode : 'add' 'sub'> <InPorts = 2> <OutPorts = 1>
ST_3 : Operation 27 [1/1] (0.00ns)   --->   "%br_ln3517 = br i1 %icmp_ln3517_1, void %for.body34.lr.ph, void %for.end80" [/home/e/Documents/research/byotee/OSDZU3_Ref_Design/OSDZU3_Ref_Design.runs/design_1_v_mix_0_0_synth_1/prj/sol/.autopilot/db/v_mix.cpp:3517]   --->   Operation 27 'br' 'br_ln3517' <Predicate = true> <Delay = 0.00>
ST_3 : Operation 28 [2/2] (1.45ns)   --->   "%call_ln3517 = call void @MultiPixStream2AXIvideo_Pipeline_VITIS_LOOP_3519_3, i1 %sof, i12 %cols, i13 %sub, i24 %out420, i24 %m_axis_video_V_data_V, i3 %m_axis_video_V_keep_V, i3 %m_axis_video_V_strb_V, i1 %m_axis_video_V_user_V, i1 %m_axis_video_V_last_V, i1 %m_axis_video_V_id_V, i1 %m_axis_video_V_dest_V" [/home/e/Documents/research/byotee/OSDZU3_Ref_Design/OSDZU3_Ref_Design.runs/design_1_v_mix_0_0_synth_1/prj/sol/.autopilot/db/v_mix.cpp:3517]   --->   Operation 28 'call' 'call_ln3517' <Predicate = (!icmp_ln3517_1)> <Delay = 1.45> <CoreType = "Generic">   --->   Generic Core
ST_3 : Operation 29 [1/1] (0.33ns)   --->   "%and_ln3517 = and i1 %icmp_ln3517, i1 %sof" [/home/e/Documents/research/byotee/OSDZU3_Ref_Design/OSDZU3_Ref_Design.runs/design_1_v_mix_0_0_synth_1/prj/sol/.autopilot/db/v_mix.cpp:3517]   --->   Operation 29 'and' 'and_ln3517' <Predicate = (!icmp_ln3517_1)> <Delay = 0.33> <CoreInst = "LogicGate">   --->   Core 74 'LogicGate' <Latency = 0> <II = 1> <Delay = 0.33> <FuncUnit> <Opcode : 'and' 'or' 'xor'> <InPorts = 2> <OutPorts = 1>
ST_3 : Operation 30 [1/1] (0.48ns)   --->   "%store_ln3517 = store i12 %i_2, i12 %i" [/home/e/Documents/research/byotee/OSDZU3_Ref_Design/OSDZU3_Ref_Design.runs/design_1_v_mix_0_0_synth_1/prj/sol/.autopilot/db/v_mix.cpp:3517]   --->   Operation 30 'store' 'store_ln3517' <Predicate = (!icmp_ln3517_1)> <Delay = 0.48>
ST_3 : Operation 31 [1/1] (0.00ns)   --->   "%ret_ln0 = ret"   --->   Operation 31 'ret' 'ret_ln0' <Predicate = (icmp_ln3517_1)> <Delay = 0.00>

State 4 <SV = 3> <Delay = 2.43>
ST_4 : Operation 32 [1/1] (0.00ns)   --->   "%specloopname_ln3517 = specloopname void @_ssdm_op_SpecLoopName, void @empty_57" [/home/e/Documents/research/byotee/OSDZU3_Ref_Design/OSDZU3_Ref_Design.runs/design_1_v_mix_0_0_synth_1/prj/sol/.autopilot/db/v_mix.cpp:3517]   --->   Operation 32 'specloopname' 'specloopname_ln3517' <Predicate = true> <Delay = 0.00>
ST_4 : Operation 33 [1/2] (2.43ns)   --->   "%call_ln3517 = call void @MultiPixStream2AXIvideo_Pipeline_VITIS_LOOP_3519_3, i1 %sof, i12 %cols, i13 %sub, i24 %out420, i24 %m_axis_video_V_data_V, i3 %m_axis_video_V_keep_V, i3 %m_axis_video_V_strb_V, i1 %m_axis_video_V_user_V, i1 %m_axis_video_V_last_V, i1 %m_axis_video_V_id_V, i1 %m_axis_video_V_dest_V" [/home/e/Documents/research/byotee/OSDZU3_Ref_Design/OSDZU3_Ref_Design.runs/design_1_v_mix_0_0_synth_1/prj/sol/.autopilot/db/v_mix.cpp:3517]   --->   Operation 33 'call' 'call_ln3517' <Predicate = true> <Delay = 2.43> <CoreType = "Generic">   --->   Generic Core
ST_4 : Operation 34 [1/1] (0.00ns)   --->   "%br_ln3517 = br void %VITIS_LOOP_3519_3" [/home/e/Documents/research/byotee/OSDZU3_Ref_Design/OSDZU3_Ref_Design.runs/design_1_v_mix_0_0_synth_1/prj/sol/.autopilot/db/v_mix.cpp:3517]   --->   Operation 34 'br' 'br_ln3517' <Predicate = true> <Delay = 0.00>


============================================================
+ Verbose Summary: Binding
============================================================
STG Binding: 
---------------- STG Properties BEGIN ----------------
- Is combinational: 0
- Is one-state seq: 0
- Is datapath-only: 0
- Is pipelined: 0
- Is top level: 0
Port [ Return ] is wired: 1; IO mode=ap_ctrl_hs:ce=0
Port [ out420]:  wired=1; compound=1; hidden=0; nouse=0; global=0; static=0; extern=0; dir=0; type=3; pingpong=0; private_global=0; IO mode=ap_fifo:ce=0
Port [ m_axis_video_V_data_V]:  wired=1; compound=1; hidden=0; nouse=0; global=0; static=0; extern=0; dir=1; type=0; pingpong=0; private_global=0; IO mode=axis:ce=0
Port [ m_axis_video_V_keep_V]:  wired=1; compound=1; hidden=0; nouse=0; global=0; static=0; extern=0; dir=1; type=0; pingpong=0; private_global=0; IO mode=axis:ce=0
Port [ m_axis_video_V_strb_V]:  wired=1; compound=1; hidden=0; nouse=0; global=0; static=0; extern=0; dir=1; type=0; pingpong=0; private_global=0; IO mode=axis:ce=0
Port [ m_axis_video_V_user_V]:  wired=1; compound=1; hidden=0; nouse=0; global=0; static=0; extern=0; dir=1; type=0; pingpong=0; private_global=0; IO mode=axis:ce=0
Port [ m_axis_video_V_last_V]:  wired=1; compound=1; hidden=0; nouse=0; global=0; static=0; extern=0; dir=1; type=0; pingpong=0; private_global=0; IO mode=axis:ce=0
Port [ m_axis_video_V_id_V]:  wired=1; compound=1; hidden=0; nouse=0; global=0; static=0; extern=0; dir=1; type=0; pingpong=0; private_global=0; IO mode=axis:ce=0
Port [ m_axis_video_V_dest_V]:  wired=1; compound=1; hidden=0; nouse=0; global=0; static=0; extern=0; dir=1; type=0; pingpong=0; private_global=0; IO mode=axis:ce=0
Port [ Height]:  wired=1; compound=0; hidden=0; nouse=0; global=0; static=0; extern=0; dir=0; type=0; pingpong=0; private_global=0; IO mode=ap_stable:ce=0
Port [ WidthOut]:  wired=1; compound=0; hidden=0; nouse=0; global=0; static=0; extern=0; dir=0; type=0; pingpong=0; private_global=0; IO mode=ap_stable:ce=0
---------------- STG Properties END ------------------

---------------- Datapath Model BEGIN ----------------

<LifeTime>
<method=bitvector/>
i                       (alloca             ) [ 01111]
WidthOut_read           (read               ) [ 00100]
Height_read             (read               ) [ 00100]
store_ln3517            (store              ) [ 00000]
specaxissidechannel_ln0 (specaxissidechannel) [ 00000]
specstablecontent_ln0   (specstablecontent  ) [ 00000]
specstablecontent_ln0   (specstablecontent  ) [ 00000]
specinterface_ln0       (specinterface      ) [ 00000]
specinterface_ln0       (specinterface      ) [ 00000]
rows                    (call               ) [ 00011]
cols                    (call               ) [ 00011]
zext_ln3469             (zext               ) [ 00000]
sub                     (add                ) [ 00011]
icmp_ln3517             (icmp               ) [ 00011]
br_ln3517               (br                 ) [ 00111]
sof                     (phi                ) [ 00011]
i_1                     (load               ) [ 00000]
icmp_ln3517_1           (icmp               ) [ 00011]
speclooptripcount_ln0   (speclooptripcount  ) [ 00000]
i_2                     (add                ) [ 00000]
br_ln3517               (br                 ) [ 00000]
and_ln3517              (and                ) [ 00111]
store_ln3517            (store              ) [ 00000]
ret_ln0                 (ret                ) [ 00000]
specloopname_ln3517     (specloopname       ) [ 00000]
call_ln3517             (call               ) [ 00000]
br_ln3517               (br                 ) [ 00111]
</LifeTime>

<model>

<comp_list>
<comp id="0" class="1000" name="out420">
<pin_list>
<pin id="1" dir="1" index="0" bw="1" slack="0"/>
</pin_list>
<bind>
<StgValue><ssdm name="out420"/></StgValue>
</bind>
</comp>

<comp id="2" class="1000" name="m_axis_video_V_data_V">
<pin_list>
<pin id="3" dir="1" index="0" bw="1" slack="0"/>
</pin_list>
<bind>
<StgValue><ssdm name="m_axis_video_V_data_V"/></StgValue>
</bind>
</comp>

<comp id="4" class="1000" name="m_axis_video_V_keep_V">
<pin_list>
<pin id="5" dir="1" index="0" bw="1" slack="0"/>
</pin_list>
<bind>
<StgValue><ssdm name="m_axis_video_V_keep_V"/></StgValue>
</bind>
</comp>

<comp id="6" class="1000" name="m_axis_video_V_strb_V">
<pin_list>
<pin id="7" dir="1" index="0" bw="1" slack="0"/>
</pin_list>
<bind>
<StgValue><ssdm name="m_axis_video_V_strb_V"/></StgValue>
</bind>
</comp>

<comp id="8" class="1000" name="m_axis_video_V_user_V">
<pin_list>
<pin id="9" dir="1" index="0" bw="1" slack="0"/>
</pin_list>
<bind>
<StgValue><ssdm name="m_axis_video_V_user_V"/></StgValue>
</bind>
</comp>

<comp id="10" class="1000" name="m_axis_video_V_last_V">
<pin_list>
<pin id="11" dir="1" index="0" bw="1" slack="0"/>
</pin_list>
<bind>
<StgValue><ssdm name="m_axis_video_V_last_V"/></StgValue>
</bind>
</comp>

<comp id="12" class="1000" name="m_axis_video_V_id_V">
<pin_list>
<pin id="13" dir="1" index="0" bw="1" slack="0"/>
</pin_list>
<bind>
<StgValue><ssdm name="m_axis_video_V_id_V"/></StgValue>
</bind>
</comp>

<comp id="14" class="1000" name="m_axis_video_V_dest_V">
<pin_list>
<pin id="15" dir="1" index="0" bw="1" slack="0"/>
</pin_list>
<bind>
<StgValue><ssdm name="m_axis_video_V_dest_V"/></StgValue>
</bind>
</comp>

<comp id="16" class="1000" name="Height">
<pin_list>
<pin id="17" dir="1" index="0" bw="1" slack="0"/>
</pin_list>
<bind>
<StgValue><ssdm name="Height"/></StgValue>
</bind>
</comp>

<comp id="18" class="1000" name="WidthOut">
<pin_list>
<pin id="19" dir="1" index="0" bw="1" slack="0"/>
</pin_list>
<bind>
<StgValue><ssdm name="WidthOut"/></StgValue>
</bind>
</comp>

<comp id="20" class="1001" name="const_20">
<pin_list>
<pin id="21" dir="1" index="0" bw="1" slack="0"/>
</pin_list>
<bind>
<StgValue><ssdm name=""/></StgValue>
</bind>
</comp>

<comp id="22" class="1001" name="const_22">
<pin_list>
<pin id="23" dir="1" index="0" bw="1" slack="0"/>
</pin_list>
<bind>
<StgValue><ssdm name="_ssdm_op_Read.ap_auto.i12"/></StgValue>
</bind>
</comp>

<comp id="24" class="1001" name="const_24">
<pin_list>
<pin id="25" dir="1" index="0" bw="1" slack="0"/>
</pin_list>
<bind>
<StgValue><ssdm name="reg<unsigned short>1"/></StgValue>
</bind>
</comp>

<comp id="26" class="1001" name="const_26">
<pin_list>
<pin id="27" dir="1" index="0" bw="1" slack="0"/>
</pin_list>
<bind>
<StgValue><ssdm name=""/></StgValue>
</bind>
</comp>

<comp id="28" class="1001" name="const_28">
<pin_list>
<pin id="29" dir="1" index="0" bw="1" slack="2147483647"/>
</pin_list>
<bind>
<StgValue><ssdm name="_ssdm_op_SpecAXISSideChannel"/></StgValue>
</bind>
</comp>

<comp id="30" class="1001" name="const_30">
<pin_list>
<pin id="31" dir="1" index="0" bw="1" slack="2147483647"/>
</pin_list>
<bind>
<StgValue><ssdm name="empty_58"/></StgValue>
</bind>
</comp>

<comp id="32" class="1001" name="const_32">
<pin_list>
<pin id="33" dir="1" index="0" bw="1" slack="2147483647"/>
</pin_list>
<bind>
<StgValue><ssdm name="_ssdm_op_SpecStableContent"/></StgValue>
</bind>
</comp>

<comp id="34" class="1001" name="const_34">
<pin_list>
<pin id="35" dir="1" index="0" bw="1" slack="1"/>
</pin_list>
<bind>
<StgValue><ssdm name=""/></StgValue>
</bind>
</comp>

<comp id="36" class="1001" name="const_36">
<pin_list>
<pin id="37" dir="1" index="0" bw="1" slack="2147483647"/>
</pin_list>
<bind>
<StgValue><ssdm name=""/></StgValue>
</bind>
</comp>

<comp id="38" class="1001" name="const_38">
<pin_list>
<pin id="39" dir="1" index="0" bw="1" slack="2147483647"/>
</pin_list>
<bind>
<StgValue><ssdm name="_ssdm_op_SpecInterface"/></StgValue>
</bind>
</comp>

<comp id="40" class="1001" name="const_40">
<pin_list>
<pin id="41" dir="1" index="0" bw="1" slack="2147483647"/>
</pin_list>
<bind>
<StgValue><ssdm name="empty_42"/></StgValue>
</bind>
</comp>

<comp id="42" class="1001" name="const_42">
<pin_list>
<pin id="43" dir="1" index="0" bw="1" slack="2147483647"/>
</pin_list>
<bind>
<StgValue><ssdm name=""/></StgValue>
</bind>
</comp>

<comp id="44" class="1001" name="const_44">
<pin_list>
<pin id="45" dir="1" index="0" bw="1" slack="2147483647"/>
</pin_list>
<bind>
<StgValue><ssdm name="empty_0"/></StgValue>
</bind>
</comp>

<comp id="46" class="1001" name="const_46">
<pin_list>
<pin id="47" dir="1" index="0" bw="1" slack="2147483647"/>
</pin_list>
<bind>
<StgValue><ssdm name=""/></StgValue>
</bind>
</comp>

<comp id="48" class="1001" name="const_48">
<pin_list>
<pin id="49" dir="1" index="0" bw="1" slack="2147483647"/>
</pin_list>
<bind>
<StgValue><ssdm name="empty_10"/></StgValue>
</bind>
</comp>

<comp id="50" class="1001" name="const_50">
<pin_list>
<pin id="51" dir="1" index="0" bw="1" slack="2147483647"/>
</pin_list>
<bind>
<StgValue><ssdm name="empty_2"/></StgValue>
</bind>
</comp>

<comp id="52" class="1001" name="const_52">
<pin_list>
<pin id="53" dir="1" index="0" bw="1" slack="0"/>
</pin_list>
<bind>
<StgValue><ssdm name=""/></StgValue>
</bind>
</comp>

<comp id="54" class="1001" name="const_54">
<pin_list>
<pin id="55" dir="1" index="0" bw="1" slack="2147483647"/>
</pin_list>
<bind>
<StgValue><ssdm name="_ssdm_op_SpecLoopTripCount"/></StgValue>
</bind>
</comp>

<comp id="56" class="1001" name="const_56">
<pin_list>
<pin id="57" dir="1" index="0" bw="1" slack="2147483647"/>
</pin_list>
<bind>
<StgValue><ssdm name=""/></StgValue>
</bind>
</comp>

<comp id="58" class="1001" name="const_58">
<pin_list>
<pin id="59" dir="1" index="0" bw="1" slack="2147483647"/>
</pin_list>
<bind>
<StgValue><ssdm name=""/></StgValue>
</bind>
</comp>

<comp id="60" class="1001" name="const_60">
<pin_list>
<pin id="61" dir="1" index="0" bw="1" slack="0"/>
</pin_list>
<bind>
<StgValue><ssdm name=""/></StgValue>
</bind>
</comp>

<comp id="62" class="1001" name="const_62">
<pin_list>
<pin id="63" dir="1" index="0" bw="1" slack="0"/>
</pin_list>
<bind>
<StgValue><ssdm name="MultiPixStream2AXIvideo_Pipeline_VITIS_LOOP_3519_3"/></StgValue>
</bind>
</comp>

<comp id="64" class="1001" name="const_64">
<pin_list>
<pin id="65" dir="1" index="0" bw="1" slack="2147483647"/>
</pin_list>
<bind>
<StgValue><ssdm name="_ssdm_op_SpecLoopName"/></StgValue>
</bind>
</comp>

<comp id="66" class="1001" name="const_66">
<pin_list>
<pin id="67" dir="1" index="0" bw="1" slack="2147483647"/>
</pin_list>
<bind>
<StgValue><ssdm name="empty_57"/></StgValue>
</bind>
</comp>

<comp id="68" class="1004" name="i_fu_68">
<pin_list>
<pin id="69" dir="0" index="0" bw="1" slack="0"/>
<pin id="70" dir="1" index="1" bw="12" slack="0"/>
</pin_list>
<bind>
<opcode="alloca(26) " fcode="alloca"/>
<opset="i/1 "/>
</bind>
</comp>

<comp id="72" class="1004" name="WidthOut_read_read_fu_72">
<pin_list>
<pin id="73" dir="0" index="0" bw="12" slack="0"/>
<pin id="74" dir="0" index="1" bw="12" slack="0"/>
<pin id="75" dir="1" index="2" bw="12" slack="0"/>
</pin_list>
<bind>
<opcode="read(1150) " fcode="read"/>
<opset="WidthOut_read/1 "/>
</bind>
</comp>

<comp id="78" class="1004" name="Height_read_read_fu_78">
<pin_list>
<pin id="79" dir="0" index="0" bw="12" slack="0"/>
<pin id="80" dir="0" index="1" bw="12" slack="0"/>
<pin id="81" dir="1" index="2" bw="12" slack="0"/>
</pin_list>
<bind>
<opcode="read(1150) " fcode="read"/>
<opset="Height_read/1 "/>
</bind>
</comp>

<comp id="84" class="1005" name="sof_reg_84">
<pin_list>
<pin id="85" dir="0" index="0" bw="1" slack="1"/>
<pin id="86" dir="1" index="1" bw="1" slack="1"/>
</pin_list>
<bind>
<opset="sof (phireg) "/>
</bind>
</comp>

<comp id="88" class="1004" name="sof_phi_fu_88">
<pin_list>
<pin id="89" dir="0" index="0" bw="1" slack="1"/>
<pin id="90" dir="0" index="1" bw="0" slack="2147483647"/>
<pin id="91" dir="0" index="2" bw="1" slack="0"/>
<pin id="92" dir="0" index="3" bw="0" slack="2147483647"/>
<pin id="93" dir="1" index="4" bw="1" slack="0"/>
</pin_list>
<bind>
<opcode="phi(47) " fcode="phi"/>
<opset="sof/3 "/>
</bind>
</comp>

<comp id="96" class="1004" name="grp_MultiPixStream2AXIvideo_Pipeline_VITIS_LOOP_3519_3_fu_96">
<pin_list>
<pin id="97" dir="0" index="0" bw="0" slack="0"/>
<pin id="98" dir="0" index="1" bw="1" slack="0"/>
<pin id="99" dir="0" index="2" bw="12" slack="1"/>
<pin id="100" dir="0" index="3" bw="13" slack="1"/>
<pin id="101" dir="0" index="4" bw="24" slack="0"/>
<pin id="102" dir="0" index="5" bw="24" slack="0"/>
<pin id="103" dir="0" index="6" bw="3" slack="0"/>
<pin id="104" dir="0" index="7" bw="3" slack="0"/>
<pin id="105" dir="0" index="8" bw="1" slack="0"/>
<pin id="106" dir="0" index="9" bw="1" slack="0"/>
<pin id="107" dir="0" index="10" bw="1" slack="0"/>
<pin id="108" dir="0" index="11" bw="1" slack="0"/>
<pin id="109" dir="1" index="12" bw="0" slack="2147483647"/>
</pin_list>
<bind>
<opcode="call(48) " fcode="call"/>
<opset="call_ln3517/3 "/>
</bind>
</comp>

<comp id="120" class="1004" name="grp_reg_unsigned_short_1_fu_120">
<pin_list>
<pin id="121" dir="0" index="0" bw="12" slack="0"/>
<pin id="122" dir="0" index="1" bw="12" slack="0"/>
<pin id="123" dir="1" index="2" bw="12" slack="1"/>
</pin_list>
<bind>
<opcode="call(48) " fcode="call"/>
<opset="rows/1 "/>
</bind>
</comp>

<comp id="126" class="1004" name="grp_reg_unsigned_short_1_fu_126">
<pin_list>
<pin id="127" dir="0" index="0" bw="12" slack="0"/>
<pin id="128" dir="0" index="1" bw="12" slack="0"/>
<pin id="129" dir="1" index="2" bw="12" slack="0"/>
</pin_list>
<bind>
<opcode="call(48) " fcode="call"/>
<opset="cols/1 "/>
</bind>
</comp>

<comp id="132" class="1004" name="store_ln3517_store_fu_132">
<pin_list>
<pin id="133" dir="0" index="0" bw="1" slack="0"/>
<pin id="134" dir="0" index="1" bw="12" slack="0"/>
<pin id="135" dir="1" index="2" bw="0" slack="2147483647"/>
</pin_list>
<bind>
<opcode="store(28) " fcode="store"/>
<opset="store_ln3517/1 "/>
</bind>
</comp>

<comp id="137" class="1004" name="zext_ln3469_fu_137">
<pin_list>
<pin id="138" dir="0" index="0" bw="12" slack="0"/>
<pin id="139" dir="1" index="1" bw="13" slack="0"/>
</pin_list>
<bind>
<opcode="zext(34) " fcode="zext"/>
<opset="zext_ln3469/2 "/>
</bind>
</comp>

<comp id="141" class="1004" name="sub_fu_141">
<pin_list>
<pin id="142" dir="0" index="0" bw="12" slack="0"/>
<pin id="143" dir="0" index="1" bw="1" slack="0"/>
<pin id="144" dir="1" index="2" bw="13" slack="1"/>
</pin_list>
<bind>
<opcode="add(8) " fcode="add"/>
<opset="sub/2 "/>
</bind>
</comp>

<comp id="147" class="1004" name="icmp_ln3517_fu_147">
<pin_list>
<pin id="148" dir="0" index="0" bw="12" slack="0"/>
<pin id="149" dir="0" index="1" bw="1" slack="0"/>
<pin id="150" dir="1" index="2" bw="1" slack="1"/>
</pin_list>
<bind>
<opcode="icmp(45) " fcode="icmp"/>
<opset="icmp_ln3517/2 "/>
</bind>
</comp>

<comp id="153" class="1004" name="i_1_load_fu_153">
<pin_list>
<pin id="154" dir="0" index="0" bw="12" slack="2"/>
<pin id="155" dir="1" index="1" bw="12" slack="0"/>
</pin_list>
<bind>
<opcode="load(27) " fcode="load"/>
<opset="i_1/3 "/>
</bind>
</comp>

<comp id="156" class="1004" name="icmp_ln3517_1_fu_156">
<pin_list>
<pin id="157" dir="0" index="0" bw="12" slack="0"/>
<pin id="158" dir="0" index="1" bw="12" slack="1"/>
<pin id="159" dir="1" index="2" bw="1" slack="2147483647"/>
</pin_list>
<bind>
<opcode="icmp(45) " fcode="icmp"/>
<opset="icmp_ln3517_1/3 "/>
</bind>
</comp>

<comp id="161" class="1004" name="i_2_fu_161">
<pin_list>
<pin id="162" dir="0" index="0" bw="12" slack="0"/>
<pin id="163" dir="0" index="1" bw="1" slack="0"/>
<pin id="164" dir="1" index="2" bw="12" slack="0"/>
</pin_list>
<bind>
<opcode="add(8) " fcode="add"/>
<opset="i_2/3 "/>
</bind>
</comp>

<comp id="167" class="1004" name="and_ln3517_fu_167">
<pin_list>
<pin id="168" dir="0" index="0" bw="1" slack="1"/>
<pin id="169" dir="0" index="1" bw="1" slack="0"/>
<pin id="170" dir="1" index="2" bw="1" slack="0"/>
</pin_list>
<bind>
<opcode="and(23) " fcode="and"/>
<opset="and_ln3517/3 "/>
</bind>
</comp>

<comp id="172" class="1004" name="store_ln3517_store_fu_172">
<pin_list>
<pin id="173" dir="0" index="0" bw="12" slack="0"/>
<pin id="174" dir="0" index="1" bw="12" slack="2"/>
<pin id="175" dir="1" index="2" bw="0" slack="2147483647"/>
</pin_list>
<bind>
<opcode="store(28) " fcode="store"/>
<opset="store_ln3517/3 "/>
</bind>
</comp>

<comp id="177" class="1005" name="i_reg_177">
<pin_list>
<pin id="178" dir="0" index="0" bw="12" slack="0"/>
<pin id="179" dir="1" index="1" bw="12" slack="0"/>
</pin_list>
<bind>
<opset="i "/>
</bind>
</comp>

<comp id="184" class="1005" name="WidthOut_read_reg_184">
<pin_list>
<pin id="185" dir="0" index="0" bw="12" slack="1"/>
<pin id="186" dir="1" index="1" bw="12" slack="1"/>
</pin_list>
<bind>
<opset="WidthOut_read "/>
</bind>
</comp>

<comp id="189" class="1005" name="Height_read_reg_189">
<pin_list>
<pin id="190" dir="0" index="0" bw="12" slack="1"/>
<pin id="191" dir="1" index="1" bw="12" slack="1"/>
</pin_list>
<bind>
<opset="Height_read "/>
</bind>
</comp>

<comp id="194" class="1005" name="rows_reg_194">
<pin_list>
<pin id="195" dir="0" index="0" bw="12" slack="1"/>
<pin id="196" dir="1" index="1" bw="12" slack="1"/>
</pin_list>
<bind>
<opset="rows "/>
</bind>
</comp>

<comp id="199" class="1005" name="cols_reg_199">
<pin_list>
<pin id="200" dir="0" index="0" bw="12" slack="1"/>
<pin id="201" dir="1" index="1" bw="12" slack="1"/>
</pin_list>
<bind>
<opset="cols "/>
</bind>
</comp>

<comp id="204" class="1005" name="sub_reg_204">
<pin_list>
<pin id="205" dir="0" index="0" bw="13" slack="1"/>
<pin id="206" dir="1" index="1" bw="13" slack="1"/>
</pin_list>
<bind>
<opset="sub "/>
</bind>
</comp>

<comp id="209" class="1005" name="icmp_ln3517_reg_209">
<pin_list>
<pin id="210" dir="0" index="0" bw="1" slack="1"/>
<pin id="211" dir="1" index="1" bw="1" slack="1"/>
</pin_list>
<bind>
<opset="icmp_ln3517 "/>
</bind>
</comp>

<comp id="217" class="1005" name="and_ln3517_reg_217">
<pin_list>
<pin id="218" dir="0" index="0" bw="1" slack="0"/>
<pin id="219" dir="1" index="1" bw="1" slack="0"/>
</pin_list>
<bind>
<opset="and_ln3517 "/>
</bind>
</comp>

</comp_list>

<net_list>
<net id="71"><net_src comp="20" pin="0"/><net_sink comp="68" pin=0"/></net>

<net id="76"><net_src comp="22" pin="0"/><net_sink comp="72" pin=0"/></net>

<net id="77"><net_src comp="18" pin="0"/><net_sink comp="72" pin=1"/></net>

<net id="82"><net_src comp="22" pin="0"/><net_sink comp="78" pin=0"/></net>

<net id="83"><net_src comp="16" pin="0"/><net_sink comp="78" pin=1"/></net>

<net id="87"><net_src comp="34" pin="0"/><net_sink comp="84" pin=0"/></net>

<net id="94"><net_src comp="84" pin="1"/><net_sink comp="88" pin=0"/></net>

<net id="95"><net_src comp="88" pin="4"/><net_sink comp="84" pin=0"/></net>

<net id="110"><net_src comp="62" pin="0"/><net_sink comp="96" pin=0"/></net>

<net id="111"><net_src comp="88" pin="4"/><net_sink comp="96" pin=1"/></net>

<net id="112"><net_src comp="0" pin="0"/><net_sink comp="96" pin=4"/></net>

<net id="113"><net_src comp="2" pin="0"/><net_sink comp="96" pin=5"/></net>

<net id="114"><net_src comp="4" pin="0"/><net_sink comp="96" pin=6"/></net>

<net id="115"><net_src comp="6" pin="0"/><net_sink comp="96" pin=7"/></net>

<net id="116"><net_src comp="8" pin="0"/><net_sink comp="96" pin=8"/></net>

<net id="117"><net_src comp="10" pin="0"/><net_sink comp="96" pin=9"/></net>

<net id="118"><net_src comp="12" pin="0"/><net_sink comp="96" pin=10"/></net>

<net id="119"><net_src comp="14" pin="0"/><net_sink comp="96" pin=11"/></net>

<net id="124"><net_src comp="24" pin="0"/><net_sink comp="120" pin=0"/></net>

<net id="125"><net_src comp="78" pin="2"/><net_sink comp="120" pin=1"/></net>

<net id="130"><net_src comp="24" pin="0"/><net_sink comp="126" pin=0"/></net>

<net id="131"><net_src comp="72" pin="2"/><net_sink comp="126" pin=1"/></net>

<net id="136"><net_src comp="26" pin="0"/><net_sink comp="132" pin=0"/></net>

<net id="140"><net_src comp="126" pin="2"/><net_sink comp="137" pin=0"/></net>

<net id="145"><net_src comp="137" pin="1"/><net_sink comp="141" pin=0"/></net>

<net id="146"><net_src comp="52" pin="0"/><net_sink comp="141" pin=1"/></net>

<net id="151"><net_src comp="126" pin="2"/><net_sink comp="147" pin=0"/></net>

<net id="152"><net_src comp="26" pin="0"/><net_sink comp="147" pin=1"/></net>

<net id="160"><net_src comp="153" pin="1"/><net_sink comp="156" pin=0"/></net>

<net id="165"><net_src comp="153" pin="1"/><net_sink comp="161" pin=0"/></net>

<net id="166"><net_src comp="60" pin="0"/><net_sink comp="161" pin=1"/></net>

<net id="171"><net_src comp="88" pin="4"/><net_sink comp="167" pin=1"/></net>

<net id="176"><net_src comp="161" pin="2"/><net_sink comp="172" pin=0"/></net>

<net id="180"><net_src comp="68" pin="1"/><net_sink comp="177" pin=0"/></net>

<net id="181"><net_src comp="177" pin="1"/><net_sink comp="132" pin=1"/></net>

<net id="182"><net_src comp="177" pin="1"/><net_sink comp="153" pin=0"/></net>

<net id="183"><net_src comp="177" pin="1"/><net_sink comp="172" pin=1"/></net>

<net id="187"><net_src comp="72" pin="2"/><net_sink comp="184" pin=0"/></net>

<net id="188"><net_src comp="184" pin="1"/><net_sink comp="126" pin=1"/></net>

<net id="192"><net_src comp="78" pin="2"/><net_sink comp="189" pin=0"/></net>

<net id="193"><net_src comp="189" pin="1"/><net_sink comp="120" pin=1"/></net>

<net id="197"><net_src comp="120" pin="2"/><net_sink comp="194" pin=0"/></net>

<net id="198"><net_src comp="194" pin="1"/><net_sink comp="156" pin=1"/></net>

<net id="202"><net_src comp="126" pin="2"/><net_sink comp="199" pin=0"/></net>

<net id="203"><net_src comp="199" pin="1"/><net_sink comp="96" pin=2"/></net>

<net id="207"><net_src comp="141" pin="2"/><net_sink comp="204" pin=0"/></net>

<net id="208"><net_src comp="204" pin="1"/><net_sink comp="96" pin=3"/></net>

<net id="212"><net_src comp="147" pin="2"/><net_sink comp="209" pin=0"/></net>

<net id="213"><net_src comp="209" pin="1"/><net_sink comp="167" pin=0"/></net>

<net id="220"><net_src comp="167" pin="2"/><net_sink comp="217" pin=0"/></net>

<net id="221"><net_src comp="217" pin="1"/><net_sink comp="88" pin=2"/></net>

</net_list>

</model> 
---------------- Datapath Model END ------------------

* FSMD analyzer results:
  - Output states:
	Port: m_axis_video_V_data_V | {3 4 }
	Port: m_axis_video_V_keep_V | {3 4 }
	Port: m_axis_video_V_strb_V | {3 4 }
	Port: m_axis_video_V_user_V | {3 4 }
	Port: m_axis_video_V_last_V | {3 4 }
	Port: m_axis_video_V_id_V | {3 4 }
	Port: m_axis_video_V_dest_V | {3 4 }
 - Input state : 
	Port: MultiPixStream2AXIvideo : out420 | {3 4 }
	Port: MultiPixStream2AXIvideo : Height | {1 }
	Port: MultiPixStream2AXIvideo : WidthOut | {1 }
  - Chain level:
	State 1
		store_ln3517 : 1
	State 2
		zext_ln3469 : 1
		sub : 2
		icmp_ln3517 : 1
	State 3
		icmp_ln3517_1 : 1
		i_2 : 1
		br_ln3517 : 2
		call_ln3517 : 1
		and_ln3517 : 1
		store_ln3517 : 2
	State 4


============================================================
+ Verbose Summary: Datapath Resource usage 
============================================================

* Functional unit list:
|----------|--------------------------------------------------------------|---------|---------|
| Operation|                        Functional Unit                       |    FF   |   LUT   |
|----------|--------------------------------------------------------------|---------|---------|
|          | grp_MultiPixStream2AXIvideo_Pipeline_VITIS_LOOP_3519_3_fu_96 |    16   |    58   |
|   call   |                grp_reg_unsigned_short_1_fu_120               |    0    |    0    |
|          |                grp_reg_unsigned_short_1_fu_126               |    0    |    0    |
|----------|--------------------------------------------------------------|---------|---------|
|    add   |                          sub_fu_141                          |    0    |    19   |
|          |                          i_2_fu_161                          |    0    |    19   |
|----------|--------------------------------------------------------------|---------|---------|
|   icmp   |                      icmp_ln3517_fu_147                      |    0    |    19   |
|          |                     icmp_ln3517_1_fu_156                     |    0    |    19   |
|----------|--------------------------------------------------------------|---------|---------|
|    and   |                       and_ln3517_fu_167                      |    0    |    2    |
|----------|--------------------------------------------------------------|---------|---------|
|   read   |                   WidthOut_read_read_fu_72                   |    0    |    0    |
|          |                    Height_read_read_fu_78                    |    0    |    0    |
|----------|--------------------------------------------------------------|---------|---------|
|   zext   |                      zext_ln3469_fu_137                      |    0    |    0    |
|----------|--------------------------------------------------------------|---------|---------|
|   Total  |                                                              |    16   |   136   |
|----------|--------------------------------------------------------------|---------|---------|

Memories:
N/A

* Register list:
+---------------------+--------+
|                     |   FF   |
+---------------------+--------+
| Height_read_reg_189 |   12   |
|WidthOut_read_reg_184|   12   |
|  and_ln3517_reg_217 |    1   |
|     cols_reg_199    |   12   |
|      i_reg_177      |   12   |
| icmp_ln3517_reg_209 |    1   |
|     rows_reg_194    |   12   |
|      sof_reg_84     |    1   |
|     sub_reg_204     |   13   |
+---------------------+--------+
|        Total        |   76   |
+---------------------+--------+

* Multiplexer (MUX) list: 
|---------------------------------|------|------|------|--------||---------||---------||---------|
|               Comp              |  Pin | Size |  BW  | S x BW ||  Delay  ||    FF   ||   LUT   |
|---------------------------------|------|------|------|--------||---------||---------||---------|
|            sof_reg_84           |  p0  |   2  |   1  |    2   ||    0    ||    9    |
| grp_reg_unsigned_short_1_fu_120 |  p1  |   2  |  12  |   24   ||    0    ||    9    |
| grp_reg_unsigned_short_1_fu_126 |  p1  |   2  |  12  |   24   ||    0    ||    9    |
|---------------------------------|------|------|------|--------||---------||---------||---------|
|              Total              |      |      |      |   50   ||  1.467  ||    0    ||    27   |
|---------------------------------|------|------|------|--------||---------||---------||---------|



* Summary:
+-----------+--------+--------+--------+
|           |  Delay |   FF   |   LUT  |
+-----------+--------+--------+--------+
|  Function |    -   |   16   |   136  |
|   Memory  |    -   |    -   |    -   |
|Multiplexer|    1   |    0   |   27   |
|  Register |    -   |   76   |    -   |
+-----------+--------+--------+--------+
|   Total   |    1   |   92   |   163  |
+-----------+--------+--------+--------+
