/home/e/Documents/research/byotee/OSDZU3_Ref_Design/OSDZU3_Ref_Design.gen/sources_1/bd/design_1/ip/design_1_v_mix_0_0/src/v_csc.cpp:1:25: error: source file is not valid UTF-8
XlxVV0EB0000000000000098<80><U+0000><U+0000><U+0000><B2>B<8B><B8>$ո<A3><81><F0>
                        ^
/home/e/Documents/research/byotee/OSDZU3_Ref_Design/OSDZU3_Ref_Design.gen/sources_1/bd/design_1/ip/design_1_v_mix_0_0/src/v_csc.cpp:1:26: warning: null character ignored [-Wnull-character]
XlxVV0EB0000000000000098<80><U+0000><U+0000><U+0000><B2>B<8B><B8>$ո<A3><81><F0>
                            ^
/home/e/Documents/research/byotee/OSDZU3_Ref_Design/OSDZU3_Ref_Design.gen/sources_1/bd/design_1/ip/design_1_v_mix_0_0/src/v_csc.cpp:1:27: warning: null character ignored [-Wnull-character]
XlxVV0EB0000000000000098<80><U+0000><U+0000><U+0000><B2>B<8B><B8>$ո<A3><81><F0>
                                    ^
/home/e/Documents/research/byotee/OSDZU3_Ref_Design/OSDZU3_Ref_Design.gen/sources_1/bd/design_1/ip/design_1_v_mix_0_0/src/v_csc.cpp:1:28: warning: null character ignored [-Wnull-character]
XlxVV0EB0000000000000098<80><U+0000><U+0000><U+0000><B2>B<8B><B8>$ո<A3><81><F0>
                                            ^
/home/e/Documents/research/byotee/OSDZU3_Ref_Design/OSDZU3_Ref_Design.gen/sources_1/bd/design_1/ip/design_1_v_mix_0_0/src/v_csc.cpp:1:29: error: source file is not valid UTF-8
XlxVV0EB0000000000000098<80><U+0000><U+0000><U+0000><B2>B<8B><B8>$ո<A3><81><F0>
                                                    ^
/home/e/Documents/research/byotee/OSDZU3_Ref_Design/OSDZU3_Ref_Design.gen/sources_1/bd/design_1/ip/design_1_v_mix_0_0/src/v_csc.cpp:1:1: error: unknown type name 'XlxVV0EB0000000000000098'
XlxVV0EB0000000000000098<80><U+0000><U+0000><U+0000><B2>B<8B><B8>$ո<A3><81><F0>
^
/home/e/Documents/research/byotee/OSDZU3_Ref_Design/OSDZU3_Ref_Design.gen/sources_1/bd/design_1/ip/design_1_v_mix_0_0/src/v_csc.cpp:1:31: error: source file is not valid UTF-8
XlxVV0EB0000000000000098<80><U+0000><U+0000><U+0000><B2>B<8B><B8>$ո<A3><81><F0>
                                                         ^
/home/e/Documents/research/byotee/OSDZU3_Ref_Design/OSDZU3_Ref_Design.gen/sources_1/bd/design_1/ip/design_1_v_mix_0_0/src/v_csc.cpp:1:32: error: source file is not valid UTF-8
XlxVV0EB0000000000000098<80><U+0000><U+0000><U+0000><B2>B<8B><B8>$ո<A3><81><F0>
                                                             ^
/home/e/Documents/research/byotee/OSDZU3_Ref_Design/OSDZU3_Ref_Design.gen/sources_1/bd/design_1/ip/design_1_v_mix_0_0/src/v_csc.cpp:1:31: error: expected ';' after top level declarator
XlxVV0EB0000000000000098<80><U+0000><U+0000><U+0000><B2>B<8B><B8>$ո<A3><81><F0>
                                                         ^
                                                         ;
/home/e/Documents/research/byotee/OSDZU3_Ref_Design/OSDZU3_Ref_Design.gen/sources_1/bd/design_1/ip/design_1_v_mix_0_0/src/v_csc.cpp:1:36: error: source file is not valid UTF-8
XlxVV0EB0000000000000098<80><U+0000><U+0000><U+0000><B2>B<8B><B8>$ո<A3><81><F0>
                                                                   ^
/home/e/Documents/research/byotee/OSDZU3_Ref_Design/OSDZU3_Ref_Design.gen/sources_1/bd/design_1/ip/design_1_v_mix_0_0/src/v_csc.cpp:1:37: error: source file is not valid UTF-8
XlxVV0EB0000000000000098<80><U+0000><U+0000><U+0000><B2>B<8B><B8>$ո<A3><81><F0>
                                                                       ^
/home/e/Documents/research/byotee/OSDZU3_Ref_Design/OSDZU3_Ref_Design.gen/sources_1/bd/design_1/ip/design_1_v_mix_0_0/src/v_csc.cpp:1:38: error: source file is not valid UTF-8
XlxVV0EB0000000000000098<80><U+0000><U+0000><U+0000><B2>B<8B><B8>$ո<A3><81><F0>
                                                                           ^
/home/e/Documents/research/byotee/OSDZU3_Ref_Design/OSDZU3_Ref_Design.gen/sources_1/bd/design_1/ip/design_1_v_mix_0_0/src/v_csc.cpp:2:1: error: source file is not valid UTF-8
<98>p<U+0005><AB><DC><CE>g4 <AB>"<E9><B6><F0><A7>U>7<E1><AF>&A<FA><95><E6>hlo<F4><93>  <9F><A0>><91>\<F3>/e<B8><U+0017><8A>!9;$6v<9D><AB><BD><E5><U+0001><8F>N<E3><CD><DB><U+000F><A0>$<U+0011><DA><E8><B8><DF>Y<B5>렙<EF>)7)<D7>]<DE>&<99><F0><DA>H<B7><97>M3V<AE><F4>[<E5>l=<B4><<E8><U+001D><U+000E><9F>(<F1><U+000C><D9><FF><AC><8F>t<99>=d<BE>Z<C9><E1><8D><F0><U+0010><U+0000><U+0000><U+0000>QEZ<94><D4>c<CB>/<C0><87>Ғ+m
^
/home/e/Documents/research/byotee/OSDZU3_Ref_Design/OSDZU3_Ref_Design.gen/sources_1/bd/design_1/ip/design_1_v_mix_0_0/src/v_csc.cpp:2:4: error: source file is not valid UTF-8
<98>p<U+0005><AB><DC><CE>g4 <AB>"<E9><B6><F0><A7>U>7<E1><AF>&A<FA><95><E6>hlo<F4><93>  <9F><A0>><91>\<F3>/e<B8><U+0017><8A>!9;$6v<9D><AB><BD><E5><U+0001><8F>N<E3><CD><DB><U+000F><A0>$<U+0011><DA><E8><B8><DF>Y<B5>렙<EF>)7)<D7>]<DE>&<99><F0><DA>H<B7><97>M3V<AE><F4>[<E5>l=<B4><<E8><U+001D><U+000E><9F>(<F1><U+000C><D9><FF><AC><8F>t<99>=d<BE>Z<C9><E1><8D><F0><U+0010><U+0000><U+0000><U+0000>QEZ<94><D4>c<CB>/<C0><87>Ғ+m
             ^
/home/e/Documents/research/byotee/OSDZU3_Ref_Design/OSDZU3_Ref_Design.gen/sources_1/bd/design_1/ip/design_1_v_mix_0_0/src/v_csc.cpp:2:5: error: source file is not valid UTF-8
<98>p<U+0005><AB><DC><CE>g4 <AB>"<E9><B6><F0><A7>U>7<E1><AF>&A<FA><95><E6>hlo<F4><93>  <9F><A0>><91>\<F3>/e<B8><U+0017><8A>!9;$6v<9D><AB><BD><E5><U+0001><8F>N<E3><CD><DB><U+000F><A0>$<U+0011><DA><E8><B8><DF>Y<B5>렙<EF>)7)<D7>]<DE>&<99><F0><DA>H<B7><97>M3V<AE><F4>[<E5>l=<B4><<E8><U+001D><U+000E><9F>(<F1><U+000C><D9><FF><AC><8F>t<99>=d<BE>Z<C9><E1><8D><F0><U+0010><U+0000><U+0000><U+0000>QEZ<94><D4>c<CB>/<C0><87>Ғ+m
                 ^
/home/e/Documents/research/byotee/OSDZU3_Ref_Design/OSDZU3_Ref_Design.gen/sources_1/bd/design_1/ip/design_1_v_mix_0_0/src/v_csc.cpp:2:6: error: source file is not valid UTF-8
<98>p<U+0005><AB><DC><CE>g4 <AB>"<E9><B6><F0><A7>U>7<E1><AF>&A<FA><95><E6>hlo<F4><93>  <9F><A0>><91>\<F3>/e<B8><U+0017><8A>!9;$6v<9D><AB><BD><E5><U+0001><8F>N<E3><CD><DB><U+000F><A0>$<U+0011><DA><E8><B8><DF>Y<B5>렙<EF>)7)<D7>]<DE>&<99><F0><DA>H<B7><97>M3V<AE><F4>[<E5>l=<B4><<E8><U+001D><U+000E><9F>(<F1><U+000C><D9><FF><AC><8F>t<99>=d<BE>Z<C9><E1><8D><F0><U+0010><U+0000><U+0000><U+0000>QEZ<94><D4>c<CB>/<C0><87>Ғ+m
                     ^
/home/e/Documents/research/byotee/OSDZU3_Ref_Design/OSDZU3_Ref_Design.gen/sources_1/bd/design_1/ip/design_1_v_mix_0_0/src/v_csc.cpp:2:10: error: source file is not valid UTF-8
<98>p<U+0005><AB><DC><CE>g4 <AB>"<E9><B6><F0><A7>U>7<E1><AF>&A<FA><95><E6>hlo<F4><93>  <9F><A0>><91>\<F3>/e<B8><U+0017><8A>!9;$6v<9D><AB><BD><E5><U+0001><8F>N<E3><CD><DB><U+000F><A0>$<U+0011><DA><E8><B8><DF>Y<B5>렙<EF>)7)<D7>]<DE>&<99><F0><DA>H<B7><97>M3V<AE><F4>[<E5>l=<B4><<E8><U+001D><U+000E><9F>(<F1><U+000C><D9><FF><AC><8F>t<99>=d<BE>Z<C9><E1><8D><F0><U+0010><U+0000><U+0000><U+0000>QEZ<94><D4>c<CB>/<C0><87>Ғ+m
                            ^
/home/e/Documents/research/byotee/OSDZU3_Ref_Design/OSDZU3_Ref_Design.gen/sources_1/bd/design_1/ip/design_1_v_mix_0_0/src/v_csc.cpp:2:11: warning: missing terminating '"' character [-Winvalid-pp-token]
<98>p<U+0005><AB><DC><CE>g4 <AB>"<E9><B6><F0><A7>U>7<E1><AF>&A<FA><95><E6>hlo<F4><93>  <9F><A0>><91>\<F3>/e<B8><U+0017><8A>!9;$6v<9D><AB><BD><E5><U+0001><8F>N<E3><CD><DB><U+000F><A0>$<U+0011><DA><E8><B8><DF>Y<B5>렙<EF>)7)<D7>]<DE>&<99><F0><DA>H<B7><97>M3V<AE><F4>[<E5>l=<B4><<E8><U+001D><U+000E><9F>(<F1><U+000C><D9><FF><AC><8F>t<99>=d<BE>Z<C9><E1><8D><F0><U+0010><U+0000><U+0000><U+0000>QEZ<94><D4>c<CB>/<C0><87>Ғ+m
                                ^
/home/e/Documents/research/byotee/OSDZU3_Ref_Design/OSDZU3_Ref_Design.gen/sources_1/bd/design_1/ip/design_1_v_mix_0_0/src/v_csc.cpp:3:1: error: source file is not valid UTF-8
<8A>XlxVV0EB0000778700001880B<B2>h<9B>k<EB>]<C6><CC><D4>|<U+001E>_x<E6><FC>KP<F1>fq<E2><U+0002><92><B6>q<A3><8B> <93>㞍7N<A7>><U+0017>4<B9><F7>1<E9>ߟ7=<B5><EE><F7>0<E2>N <FF>jjUC<E9>o<AF><BF>+<8C>!m<98><C1><99><91><DE>&<D8><F2>g<FA><93>3<94><8D>O|'u<D5>%<E2><U+0000><B2><BE><ED>a<A8>n<A9>W<D8>X<E3>A<8B>+<F1><U+001F><8F><8C><B9><BE><96>gWB<8E><E5><FE><87><8E><F7><A3><EE>9<99><F3><8D><F6>ݵ<9B>o照  <F4><FB><94>/<A5><U+0003>wX<U+001B>g<A4><9A><FD>>$;N<AB><A7><U+000F>hޠ!e <E0><D2>ƉL]<83><F5>K<AD><U+0002>><FD><81><B7>t:t<87><U+0011><8F><EB>Sv<D5>p<EB>=<FA><81>f<U+0006><CF><U+000B>r<DB>f2~A<U+0002><U+0010>1{ᮁ$<F5><AB><F3><C0><9<B5><99><C0><A0><EC><DD>3=<U+001D> <U+0007><F8><A4><F8>Xb<E0><9F><U+0015><U+007F>/<A2><9F>ڳZ<U+000E>j[<D3><U+0006><U+0017><BD>欹VY<F5>D<BF>I<83>f<9B>U'_m<9D><D0>=<DF>"A<U+0006>'<D1>^<88><BA><9A><DB>Y<D4>{<U+0010>S<U+0003>+<E5>-m<DF>E(<U+0002>c\k<D5>O<85><C2>E֖<D9>Sw<U+001C>N+<U+001F><8D><U+0004>9<FF>ݾ<U+001A>]ξq<U+05FC>Izn<A2><A6><EF><B8>C<BE>q<B4><FF>MS<89><FB>!<A1><A0><CF>qm<E2><F4><95><C1><CA>@?;wd<B3><A1>M<93>|~<U+0018><U+0014><D0><EC><U+0005><C2><C6>Q<E2><8B>i<E1><CE>r-<BD>3<C1><94>RkB<FA><FE>i<CA>&BX?<U+0006>
^
/home/e/Documents/research/byotee/OSDZU3_Ref_Design/OSDZU3_Ref_Design.gen/sources_1/bd/design_1/ip/design_1_v_mix_0_0/src/v_csc.cpp:3:27: error: source file is not valid UTF-8
<8A>XlxVV0EB0000778700001880B<B2>h<9B>k<EB>]<C6><CC><D4>|<U+001E>_x<E6><FC>KP<F1>fq<E2><U+0002><92><B6>q<A3><8B> <93>㞍7N<A7>><U+0017>4<B9><F7>1<E9>ߟ7=<B5><EE><F7>0<E2>N <FF>jjUC<E9>o<AF><BF>+<8C>!m<98><C1><99><91><DE>&<D8><F2>g<FA><93>3<94><8D>O|'u<D5>%<E2><U+0000><B2><BE><ED>a<A8>n<A9>W<D8>X<E3>A<8B>+<F1><U+001F><8F><8C><B9><BE><96>gWB<8E><E5><FE><87><8E><F7><A3><EE>9<99><F3><8D><F6>ݵ<9B>o照  <F4><FB><94>/<A5><U+0003>wX<U+001B>g<A4><9A><FD>>$;N<AB><A7><U+000F>hޠ!e <E0><D2>ƉL]<83><F5>K<AD><U+0002>><FD><81><B7>t:t<87><U+0011><8F><EB>Sv<D5>p<EB>=<FA><81>f<U+0006><CF><U+000B>r<DB>f2~A<U+0002><U+0010>1{ᮁ$<F5><AB><F3><C0><9<B5><99><C0><A0><EC><DD>3=<U+001D> <U+0007><F8><A4><F8>Xb<E0><9F><U+0015><U+007F>/<A2><9F>ڳZ<U+000E>j[<D3><U+0006><U+0017><BD>欹VY<F5>D<BF>I<83>f<9B>U'_m<9D><D0>=<DF>"A<U+0006>'<D1>^<88><BA><9A><DB>Y<D4>{<U+0010>S<U+0003>+<E5>-m<DF>E(<U+0002>c\k<D5>O<85><C2>E֖<D9>Sw<U+001C>N+<U+001F><8D><U+0004>9<FF>ݾ<U+001A>]ξq<U+05FC>Izn<A2><A6><EF><B8>C<BE>q<B4><FF>MS<89><FB>!<A1><A0><CF>qm<E2><F4><95><C1><CA>@?;wd<B3><A1>M<93>|~<U+0018><U+0014><D0><EC><U+0005><C2><C6>Q<E2><8B>i<E1><CE>r-<BD>3<C1><94>RkB<FA><FE>i<CA>&BX?<U+0006>
                             ^
/home/e/Documents/research/byotee/OSDZU3_Ref_Design/OSDZU3_Ref_Design.gen/sources_1/bd/design_1/ip/design_1_v_mix_0_0/src/v_csc.cpp:3:29: error: source file is not valid UTF-8
<8A>XlxVV0EB0000778700001880B<B2>h<9B>k<EB>]<C6><CC><D4>|<U+001E>_x<E6><FC>KP<F1>fq<E2><U+0002><92><B6>q<A3><8B> <93>㞍7N<A7>><U+0017>4<B9><F7>1<E9>ߟ7=<B5><EE><F7>0<E2>N <FF>jjUC<E9>o<AF><BF>+<8C>!m<98><C1><99><91><DE>&<D8><F2>g<FA><93>3<94><8D>O|'u<D5>%<E2><U+0000><B2><BE><ED>a<A8>n<A9>W<D8>X<E3>A<8B>+<F1><U+001F><8F><8C><B9><BE><96>gWB<8E><E5><FE><87><8E><F7><A3><EE>9<99><F3><8D><F6>ݵ<9B>o照  <F4><FB><94>/<A5><U+0003>wX<U+001B>g<A4><9A><FD>>$;N<AB><A7><U+000F>hޠ!e <E0><D2>ƉL]<83><F5>K<AD><U+0002>><FD><81><B7>t:t<87><U+0011><8F><EB>Sv<D5>p<EB>=<FA><81>f<U+0006><CF><U+000B>r<DB>f2~A<U+0002><U+0010>1{ᮁ$<F5><AB><F3><C0><9<B5><99><C0><A0><EC><DD>3=<U+001D> <U+0007><F8><A4><F8>Xb<E0><9F><U+0015><U+007F>/<A2><9F>ڳZ<U+000E>j[<D3><U+0006><U+0017><BD>欹VY<F5>D<BF>I<83>f<9B>U'_m<9D><D0>=<DF>"A<U+0006>'<D1>^<88><BA><9A><DB>Y<D4>{<U+0010>S<U+0003>+<E5>-m<DF>E(<U+0002>c\k<D5>O<85><C2>E֖<D9>Sw<U+001C>N+<U+001F><8D><U+0004>9<FF>ݾ<U+001A>]ξq<U+05FC>Izn<A2><A6><EF><B8>C<BE>q<B4><FF>MS<89><FB>!<A1><A0><CF>qm<E2><F4><95><C1><CA>@?;wd<B3><A1>M<93>|~<U+0018><U+0014><D0><EC><U+0005><C2><C6>Q<E2><8B>i<E1><CE>r-<BD>3<C1><94>RkB<FA><FE>i<CA>&BX?<U+0006>
                                  ^
/home/e/Documents/research/byotee/OSDZU3_Ref_Design/OSDZU3_Ref_Design.gen/sources_1/bd/design_1/ip/design_1_v_mix_0_0/src/v_csc.cpp:3:31: error: source file is not valid UTF-8
<8A>XlxVV0EB0000778700001880B<B2>h<9B>k<EB>]<C6><CC><D4>|<U+001E>_x<E6><FC>KP<F1>fq<E2><U+0002><92><B6>q<A3><8B> <93>㞍7N<A7>><U+0017>4<B9><F7>1<E9>ߟ7=<B5><EE><F7>0<E2>N <FF>jjUC<E9>o<AF><BF>+<8C>!m<98><C1><99><91><DE>&<D8><F2>g<FA><93>3<94><8D>O|'u<D5>%<E2><U+0000><B2><BE><ED>a<A8>n<A9>W<D8>X<E3>A<8B>+<F1><U+001F><8F><8C><B9><BE><96>gWB<8E><E5><FE><87><8E><F7><A3><EE>9<99><F3><8D><F6>ݵ<9B>o照  <F4><FB><94>/<A5><U+0003>wX<U+001B>g<A4><9A><FD>>$;N<AB><A7><U+000F>hޠ!e <E0><D2>ƉL]<83><F5>K<AD><U+0002>><FD><81><B7>t:t<87><U+0011><8F><EB>Sv<D5>p<EB>=<FA><81>f<U+0006><CF><U+000B>r<DB>f2~A<U+0002><U+0010>1{ᮁ$<F5><AB><F3><C0><9<B5><99><C0><A0><EC><DD>3=<U+001D> <U+0007><F8><A4><F8>Xb<E0><9F><U+0015><U+007F>/<A2><9F>ڳZ<U+000E>j[<D3><U+0006><U+0017><BD>欹VY<F5>D<BF>I<83>f<9B>U'_m<9D><D0>=<DF>"A<U+0006>'<D1>^<88><BA><9A><DB>Y<D4>{<U+0010>S<U+0003>+<E5>-m<DF>E(<U+0002>c\k<D5>O<85><C2>E֖<D9>Sw<U+001C>N+<U+001F><8D><U+0004>9<FF>ݾ<U+001A>]ξq<U+05FC>Izn<A2><A6><EF><B8>C<BE>q<B4><FF>MS<89><FB>!<A1><A0><CF>qm<E2><F4><95><C1><CA>@?;wd<B3><A1>M<93>|~<U+0018><U+0014><D0><EC><U+0005><C2><C6>Q<E2><8B>i<E1><CE>r-<BD>3<C1><94>RkB<FA><FE>i<CA>&BX?<U+0006>
                                       ^
/home/e/Documents/research/byotee/OSDZU3_Ref_Design/OSDZU3_Ref_Design.gen/sources_1/bd/design_1/ip/design_1_v_mix_0_0/src/v_csc.cpp:3:33: error: source file is not valid UTF-8
<8A>XlxVV0EB0000778700001880B<B2>h<9B>k<EB>]<C6><CC><D4>|<U+001E>_x<E6><FC>KP<F1>fq<E2><U+0002><92><B6>q<A3><8B> <93>㞍7N<A7>><U+0017>4<B9><F7>1<E9>ߟ7=<B5><EE><F7>0<E2>N <FF>jjUC<E9>o<AF><BF>+<8C>!m<98><C1><99><91><DE>&<D8><F2>g<FA><93>3<94><8D>O|'u<D5>%<E2><U+0000><B2><BE><ED>a<A8>n<A9>W<D8>X<E3>A<8B>+<F1><U+001F><8F><8C><B9><BE><96>gWB<8E><E5><FE><87><8E><F7><A3><EE>9<99><F3><8D><F6>ݵ<9B>o照  <F4><FB><94>/<A5><U+0003>wX<U+001B>g<A4><9A><FD>>$;N<AB><A7><U+000F>hޠ!e <E0><D2>ƉL]<83><F5>K<AD><U+0002>><FD><81><B7>t:t<87><U+0011><8F><EB>Sv<D5>p<EB>=<FA><81>f<U+0006><CF><U+000B>r<DB>f2~A<U+0002><U+0010>1{ᮁ$<F5><AB><F3><C0><9<B5><99><C0><A0><EC><DD>3=<U+001D> <U+0007><F8><A4><F8>Xb<E0><9F><U+0015><U+007F>/<A2><9F>ڳZ<U+000E>j[<D3><U+0006><U+0017><BD>欹VY<F5>D<BF>I<83>f<9B>U'_m<9D><D0>=<DF>"A<U+0006>'<D1>^<88><BA><9A><DB>Y<D4>{<U+0010>S<U+0003>+<E5>-m<DF>E(<U+0002>c\k<D5>O<85><C2>E֖<D9>Sw<U+001C>N+<U+001F><8D><U+0004>9<FF>ݾ<U+001A>]ξq<U+05FC>Izn<A2><A6><EF><B8>C<BE>q<B4><FF>MS<89><FB>!<A1><A0><CF>qm<E2><F4><95><C1><CA>@?;wd<B3><A1>M<93>|~<U+0018><U+0014><D0><EC><U+0005><C2><C6>Q<E2><8B>i<E1><CE>r-<BD>3<C1><94>RkB<FA><FE>i<CA>&BX?<U+0006>
                                            ^
fatal error: too many errors emitted, stopping now [-ferror-limit=]
