

================================================================
== Vitis HLS Report for 'v_mix_422_to_444_true_s'
================================================================
* Date:           Sat Sep  6 13:59:16 2025

* Version:        2025.1 (Build 6135595 on May 21 2025)
* Project:        prj
* Solution:       sol (Vivado IP Flow Target)
* Product family: zynquplus
* Target device:  xczu3eg-sfvc784-1-e


================================================================
== Performance Estimates
================================================================
+ Timing: 
    * Summary: 
    +--------+---------+----------+------------+
    |  Clock |  Target | Estimated| Uncertainty|
    +--------+---------+----------+------------+
    |ap_clk  |  5.00 ns|  2.314 ns|     1.35 ns|
    +--------+---------+----------+------------+

+ Latency: 
    * Summary: 
    +---------+------------+----------+-----------+-----+------------+---------+
    |   Latency (cycles)   |  Latency (absolute)  |     Interval     | Pipeline|
    |   min   |     max    |    min   |    max    | min |     max    |   Type  |
    +---------+------------+----------+-----------+-----+------------+---------+
    |        1|  1073938426|  5.000 ns|  5.370 sec|    1|  1073938426|       no|
    +---------+------------+----------+-----------+-----+------------+---------+

    + Detail: 
        * Instance: 
        N/A

        * Loop: 
        +--------------------+---------+------------+-----------+-----------+-----------+-----------+----------+
        |                    |   Latency (cycles)   | Iteration |  Initiation Interval  |    Trip   |          |
        |      Loop Name     |   min   |     max    |  Latency  |  achieved |   target  |   Count   | Pipelined|
        +--------------------+---------+------------+-----------+-----------+-----------+-----------+----------+
        |- VITIS_LOOP_159_1  |        0|  1073938425|  8 ~ 32775|          -|          -|  0 ~ 32767|        no|
        +--------------------+---------+------------+-----------+-----------+-----------+-----------+----------+

============================================================
+ Verbose Summary: Synthesis Manager
============================================================
InlineROM: 1
ExposeGlobal: 0
============================================================
+ Verbose Summary: CDFG Model
============================================================
IsTopModel: 0
ResetActiveHigh: 1
IsCombinational: 2
IsDatapathOnly: 0
HasWiredReturn: 1
HasMFsm: 0
HasVarLatency: 1
IsPipeline: 0
IsRtlPipelined: 0
IsInstanceOverlapped: 0
IsDontTouch: 0
HasImplIP: 0
IsGatedGlobalClock: 0


============================================================
+ Verbose Summary: Schedule
============================================================
* Number of FSM states : 5
* Pipeline : 0
* Dataflow Pipeline: 0

* FSM state transitions: 
1 --> 2 
2 --> 3 
3 --> 4 
4 --> 5 
5 --> 2 

* FSM state operations: 

State 1 <SV = 0> <Delay = 2.03>
ST_1 : Operation 6 [1/1] (0.00ns)   --->   "%layerEnableFlag_read = read i1 @_ssdm_op_Read.ap_auto.i1, i1 %layerEnableFlag"   --->   Operation 6 'read' 'layerEnableFlag_read' <Predicate = true> <Delay = 0.00>
ST_1 : Operation 7 [1/1] (0.00ns)   --->   "%width_read = read i16 @_ssdm_op_Read.ap_auto.i16, i16 %width"   --->   Operation 7 'read' 'width_read' <Predicate = true> <Delay = 0.00>
ST_1 : Operation 8 [1/1] (0.00ns)   --->   "%height_read = read i16 @_ssdm_op_Read.ap_auto.i16, i16 %height"   --->   Operation 8 'read' 'height_read' <Predicate = true> <Delay = 0.00>
ST_1 : Operation 9 [1/1] (0.00ns)   --->   "%p_0_0_0206358363_loc = alloca i32 1"   --->   Operation 9 'alloca' 'p_0_0_0206358363_loc' <Predicate = true> <Delay = 0.00>
ST_1 : Operation 10 [1/1] (0.00ns)   --->   "%specstablecontent_ln0 = specstablecontent void @_ssdm_op_SpecStableContent, i16 %height, i1 1, void @p_str"   --->   Operation 10 'specstablecontent' 'specstablecontent_ln0' <Predicate = true> <Delay = 0.00>
ST_1 : Operation 11 [1/1] (0.00ns)   --->   "%specstablecontent_ln0 = specstablecontent void @_ssdm_op_SpecStableContent, i16 %width, i1 1, void @p_str"   --->   Operation 11 'specstablecontent' 'specstablecontent_ln0' <Predicate = true> <Delay = 0.00>
ST_1 : Operation 12 [1/1] (0.00ns)   --->   "%specstablecontent_ln0 = specstablecontent void @_ssdm_op_SpecStableContent, i1 %layerEnableFlag, i1 1, void @p_str"   --->   Operation 12 'specstablecontent' 'specstablecontent_ln0' <Predicate = true> <Delay = 0.00>
ST_1 : Operation 13 [1/1] (0.00ns)   --->   "%specinterface_ln0 = specinterface void @_ssdm_op_SpecInterface, i24 %srcLayer1Yuv422, void @empty_42, i32 0, i32 0, void @empty_0, i32 0, i32 0, void @empty_0, void @empty_0, void @empty_0, i32 0, i32 0, i32 0, i32 0, void @empty_0, void @empty_0, i32 4294967295, i32 0, i32 0"   --->   Operation 13 'specinterface' 'specinterface_ln0' <Predicate = true> <Delay = 0.00>
ST_1 : Operation 14 [1/1] (0.00ns)   --->   "%specinterface_ln0 = specinterface void @_ssdm_op_SpecInterface, i24 %srcLayer1Yuv, void @empty_42, i32 0, i32 0, void @empty_0, i32 0, i32 0, void @empty_0, void @empty_0, void @empty_0, i32 0, i32 0, i32 0, i32 0, void @empty_0, void @empty_0, i32 4294967295, i32 0, i32 0"   --->   Operation 14 'specinterface' 'specinterface_ln0' <Predicate = true> <Delay = 0.00>
ST_1 : Operation 15 [1/1] (1.01ns)   --->   "%loopWidth = add i16 %width_read, i16 5" [/home/e/Documents/research/byotee/OSDZU3_Ref_Design/OSDZU3_Ref_Design.runs/design_1_v_mix_0_0_synth_1/prj/sol/.autopilot/db/v_csc.cpp:155]   --->   Operation 15 'add' 'loopWidth' <Predicate = true> <Delay = 1.01> <CoreInst = "Adder">   --->   Core 1 'Adder' <Latency = 0> <II = 1> <Delay = 1.01> <FuncUnit> <Opcode : 'add' 'sub'> <InPorts = 2> <OutPorts = 1>
ST_1 : Operation 16 [1/1] (0.00ns)   --->   "%br_ln157 = br i1 %layerEnableFlag_read, void %if.end322, void %VITIS_LOOP_159_1" [/home/e/Documents/research/byotee/OSDZU3_Ref_Design/OSDZU3_Ref_Design.runs/design_1_v_mix_0_0_synth_1/prj/sol/.autopilot/db/v_csc.cpp:157]   --->   Operation 16 'br' 'br_ln157' <Predicate = true> <Delay = 0.00>
ST_1 : Operation 17 [1/1] (0.00ns)   --->   "%y_9 = alloca i32 1"   --->   Operation 17 'alloca' 'y_9' <Predicate = (layerEnableFlag_read)> <Delay = 0.00>
ST_1 : Operation 18 [1/1] (0.00ns)   --->   "%p_0_0_0200353_lcssa404 = alloca i32 1"   --->   Operation 18 'alloca' 'p_0_0_0200353_lcssa404' <Predicate = (layerEnableFlag_read)> <Delay = 0.00>
ST_1 : Operation 19 [1/1] (0.00ns)   --->   "%p_0_0_0199355_lcssa407 = alloca i32 1"   --->   Operation 19 'alloca' 'p_0_0_0199355_lcssa407' <Predicate = (layerEnableFlag_read)> <Delay = 0.00>
ST_1 : Operation 20 [1/1] (0.00ns)   --->   "%p_0_0_0206358_lcssa409 = alloca i32 1"   --->   Operation 20 'alloca' 'p_0_0_0206358_lcssa409' <Predicate = (layerEnableFlag_read)> <Delay = 0.00>
ST_1 : Operation 21 [1/1] (0.00ns)   --->   "%p_0_0_0_0_0207_1_lcssa412 = alloca i32 1"   --->   Operation 21 'alloca' 'p_0_0_0_0_0207_1_lcssa412' <Predicate = (layerEnableFlag_read)> <Delay = 0.00>
ST_1 : Operation 22 [1/1] (0.00ns)   --->   "%p_0_0_0_0_0207_2_lcssa417 = alloca i32 1"   --->   Operation 22 'alloca' 'p_0_0_0_0_0207_2_lcssa417' <Predicate = (layerEnableFlag_read)> <Delay = 0.00>
ST_1 : Operation 23 [1/1] (0.00ns)   --->   "%p_0_0_0_0_0207_3_lcssa420 = alloca i32 1"   --->   Operation 23 'alloca' 'p_0_0_0_0_0207_3_lcssa420' <Predicate = (layerEnableFlag_read)> <Delay = 0.00>
ST_1 : Operation 24 [1/1] (0.00ns)   --->   "%p_0_0_0_0_0207_4_lcssa423 = alloca i32 1"   --->   Operation 24 'alloca' 'p_0_0_0_0_0207_4_lcssa423' <Predicate = (layerEnableFlag_read)> <Delay = 0.00>
ST_1 : Operation 25 [1/1] (0.00ns)   --->   "%p_0_0_0206358_lcssa364426 = alloca i32 1"   --->   Operation 25 'alloca' 'p_0_0_0206358_lcssa364426' <Predicate = (layerEnableFlag_read)> <Delay = 0.00>
ST_1 : Operation 26 [1/1] (0.00ns)   --->   "%p_0_0_0_0_0205_1365_lcssa429 = alloca i32 1"   --->   Operation 26 'alloca' 'p_0_0_0_0_0205_1365_lcssa429' <Predicate = (layerEnableFlag_read)> <Delay = 0.00>
ST_1 : Operation 27 [1/1] (0.00ns)   --->   "%p_0_0_0_0_0_1372_lcssa435 = alloca i32 1"   --->   Operation 27 'alloca' 'p_0_0_0_0_0_1372_lcssa435' <Predicate = (layerEnableFlag_read)> <Delay = 0.00>
ST_1 : Operation 28 [1/1] (0.00ns)   --->   "%p_0_0_0_0_0205_2379_lcssa441 = alloca i32 1"   --->   Operation 28 'alloca' 'p_0_0_0_0_0205_2379_lcssa441' <Predicate = (layerEnableFlag_read)> <Delay = 0.00>
ST_1 : Operation 29 [1/1] (0.00ns)   --->   "%p_0_0_0_0_0_2382_lcssa444 = alloca i32 1"   --->   Operation 29 'alloca' 'p_0_0_0_0_0_2382_lcssa444' <Predicate = (layerEnableFlag_read)> <Delay = 0.00>
ST_1 : Operation 30 [1/1] (0.00ns)   --->   "%p_0_0_0200353385_lcssa447 = alloca i32 1"   --->   Operation 30 'alloca' 'p_0_0_0200353385_lcssa447' <Predicate = (layerEnableFlag_read)> <Delay = 0.00>
ST_1 : Operation 31 [1/1] (0.00ns)   --->   "%p_0_0_0199355388_lcssa450 = alloca i32 1"   --->   Operation 31 'alloca' 'p_0_0_0199355388_lcssa450' <Predicate = (layerEnableFlag_read)> <Delay = 0.00>
ST_1 : Operation 32 [1/1] (1.01ns)   --->   "%cmp28336 = icmp_sgt  i16 %loopWidth, i16 0" [/home/e/Documents/research/byotee/OSDZU3_Ref_Design/OSDZU3_Ref_Design.runs/design_1_v_mix_0_0_synth_1/prj/sol/.autopilot/db/v_csc.cpp:155]   --->   Operation 32 'icmp' 'cmp28336' <Predicate = (layerEnableFlag_read)> <Delay = 1.01> <CoreInst = "Cmp">   --->   Core 9 'Cmp' <Latency = 0> <II = 1> <Delay = 1.01> <FuncUnit> <Opcode : 'seteq' 'setne' 'setle' 'setge' 'setlt' 'setgt'> <InPorts = 2> <OutPorts = 1>
ST_1 : Operation 33 [1/1] (0.48ns)   --->   "%store_ln0 = store i15 0, i15 %y_9"   --->   Operation 33 'store' 'store_ln0' <Predicate = (layerEnableFlag_read)> <Delay = 0.48>
ST_1 : Operation 34 [1/1] (0.00ns)   --->   "%br_ln159 = br void %VITIS_LOOP_161_2" [/home/e/Documents/research/byotee/OSDZU3_Ref_Design/OSDZU3_Ref_Design.runs/design_1_v_mix_0_0_synth_1/prj/sol/.autopilot/db/v_csc.cpp:159]   --->   Operation 34 'br' 'br_ln159' <Predicate = (layerEnableFlag_read)> <Delay = 0.00>

State 2 <SV = 1> <Delay = 1.50>
ST_2 : Operation 35 [1/1] (0.00ns)   --->   "%y_9_load = load i15 %y_9" [/home/e/Documents/research/byotee/OSDZU3_Ref_Design/OSDZU3_Ref_Design.runs/design_1_v_mix_0_0_synth_1/prj/sol/.autopilot/db/v_csc.cpp:159]   --->   Operation 35 'load' 'y_9_load' <Predicate = (layerEnableFlag_read)> <Delay = 0.00>
ST_2 : Operation 36 [1/1] (0.00ns)   --->   "%zext_ln159 = zext i15 %y_9_load" [/home/e/Documents/research/byotee/OSDZU3_Ref_Design/OSDZU3_Ref_Design.runs/design_1_v_mix_0_0_synth_1/prj/sol/.autopilot/db/v_csc.cpp:159]   --->   Operation 36 'zext' 'zext_ln159' <Predicate = (layerEnableFlag_read)> <Delay = 0.00>
ST_2 : Operation 37 [1/1] (1.01ns)   --->   "%icmp_ln159 = icmp_slt  i16 %zext_ln159, i16 %height_read" [/home/e/Documents/research/byotee/OSDZU3_Ref_Design/OSDZU3_Ref_Design.runs/design_1_v_mix_0_0_synth_1/prj/sol/.autopilot/db/v_csc.cpp:159]   --->   Operation 37 'icmp' 'icmp_ln159' <Predicate = (layerEnableFlag_read)> <Delay = 1.01> <CoreInst = "Cmp">   --->   Core 9 'Cmp' <Latency = 0> <II = 1> <Delay = 1.01> <FuncUnit> <Opcode : 'seteq' 'setne' 'setle' 'setge' 'setlt' 'setgt'> <InPorts = 2> <OutPorts = 1>
ST_2 : Operation 38 [1/1] (0.00ns)   --->   "%speclooptripcount_ln0 = speclooptripcount void @_ssdm_op_SpecLoopTripCount, i64 0, i64 32767, i64 32767"   --->   Operation 38 'speclooptripcount' 'speclooptripcount_ln0' <Predicate = (layerEnableFlag_read)> <Delay = 0.00>
ST_2 : Operation 39 [1/1] (1.00ns)   --->   "%add_ln159 = add i15 %y_9_load, i15 1" [/home/e/Documents/research/byotee/OSDZU3_Ref_Design/OSDZU3_Ref_Design.runs/design_1_v_mix_0_0_synth_1/prj/sol/.autopilot/db/v_csc.cpp:159]   --->   Operation 39 'add' 'add_ln159' <Predicate = (layerEnableFlag_read)> <Delay = 1.00> <CoreInst = "Adder">   --->   Core 1 'Adder' <Latency = 0> <II = 1> <Delay = 1.00> <FuncUnit> <Opcode : 'add' 'sub'> <InPorts = 2> <OutPorts = 1>
ST_2 : Operation 40 [1/1] (0.00ns)   --->   "%br_ln159 = br i1 %icmp_ln159, void %if.end322.loopexit, void %for.body29.lr.ph" [/home/e/Documents/research/byotee/OSDZU3_Ref_Design/OSDZU3_Ref_Design.runs/design_1_v_mix_0_0_synth_1/prj/sol/.autopilot/db/v_csc.cpp:159]   --->   Operation 40 'br' 'br_ln159' <Predicate = (layerEnableFlag_read)> <Delay = 0.00>
ST_2 : Operation 41 [1/1] (0.00ns)   --->   "%p_0_0_0_0_0207_2_lcssa417_load = load i8 %p_0_0_0_0_0207_2_lcssa417"   --->   Operation 41 'load' 'p_0_0_0_0_0207_2_lcssa417_load' <Predicate = (layerEnableFlag_read & icmp_ln159)> <Delay = 0.00>
ST_2 : Operation 42 [1/1] (0.00ns)   --->   "%p_0_0_0_0_0207_3_lcssa420_load = load i8 %p_0_0_0_0_0207_3_lcssa420"   --->   Operation 42 'load' 'p_0_0_0_0_0207_3_lcssa420_load' <Predicate = (layerEnableFlag_read & icmp_ln159)> <Delay = 0.00>
ST_2 : Operation 43 [1/1] (0.00ns)   --->   "%p_0_0_0_0_0207_4_lcssa423_load = load i8 %p_0_0_0_0_0207_4_lcssa423"   --->   Operation 43 'load' 'p_0_0_0_0_0207_4_lcssa423_load' <Predicate = (layerEnableFlag_read & icmp_ln159)> <Delay = 0.00>
ST_2 : Operation 44 [1/1] (0.48ns)   --->   "%store_ln159 = store i15 %add_ln159, i15 %y_9" [/home/e/Documents/research/byotee/OSDZU3_Ref_Design/OSDZU3_Ref_Design.runs/design_1_v_mix_0_0_synth_1/prj/sol/.autopilot/db/v_csc.cpp:159]   --->   Operation 44 'store' 'store_ln159' <Predicate = (layerEnableFlag_read & icmp_ln159)> <Delay = 0.48>
ST_2 : Operation 45 [1/1] (0.00ns)   --->   "%br_ln0 = br void %if.end322"   --->   Operation 45 'br' 'br_ln0' <Predicate = (layerEnableFlag_read & !icmp_ln159)> <Delay = 0.00>
ST_2 : Operation 46 [1/1] (0.00ns)   --->   "%ret_ln288 = ret" [/home/e/Documents/research/byotee/OSDZU3_Ref_Design/OSDZU3_Ref_Design.runs/design_1_v_mix_0_0_synth_1/prj/sol/.autopilot/db/v_csc.cpp:288]   --->   Operation 46 'ret' 'ret_ln288' <Predicate = (!icmp_ln159) | (!layerEnableFlag_read)> <Delay = 0.00>

State 3 <SV = 2> <Delay = 1.50>
ST_3 : Operation 47 [1/1] (0.00ns)   --->   "%p_0_0_0206358_lcssa409_load = load i8 %p_0_0_0206358_lcssa409"   --->   Operation 47 'load' 'p_0_0_0206358_lcssa409_load' <Predicate = true> <Delay = 0.00>
ST_3 : Operation 48 [1/1] (0.00ns)   --->   "%p_0_0_0206358_lcssa364426_load = load i8 %p_0_0_0206358_lcssa364426"   --->   Operation 48 'load' 'p_0_0_0206358_lcssa364426_load' <Predicate = true> <Delay = 0.00>
ST_3 : Operation 49 [2/2] (1.50ns)   --->   "%call_ln155 = call void @v_mix_422_to_444<true>_Pipeline_VITIS_LOOP_161_2, i8 %p_0_0_0206358_lcssa364426_load, i8 %p_0_0_0_0_0207_4_lcssa423_load, i8 %p_0_0_0_0_0207_3_lcssa420_load, i8 %p_0_0_0_0_0207_2_lcssa417_load, i8 %p_0_0_0206358_lcssa409_load, i16 %loopWidth, i24 %srcLayer1Yuv, i16 %width_read, i24 %srcLayer1Yuv422, i8 %p_0_0_0199355388_lcssa450, i8 %p_0_0_0200353385_lcssa447, i8 %p_0_0_0_0_0_2382_lcssa444, i8 %p_0_0_0_0_0205_2379_lcssa441, i8 %p_0_0_0_0_0_1372_lcssa435, i8 %p_0_0_0_0_0205_1365_lcssa429, i8 %p_0_0_0206358363_loc, i8 %p_0_0_0_0_0207_4_lcssa423, i8 %p_0_0_0_0_0207_3_lcssa420, i8 %p_0_0_0_0_0207_2_lcssa417, i8 %p_0_0_0_0_0207_1_lcssa412, i8 %p_0_0_0199355_lcssa407, i8 %p_0_0_0200353_lcssa404" [/home/e/Documents/research/byotee/OSDZU3_Ref_Design/OSDZU3_Ref_Design.runs/design_1_v_mix_0_0_synth_1/prj/sol/.autopilot/db/v_csc.cpp:155]   --->   Operation 49 'call' 'call_ln155' <Predicate = true> <Delay = 1.50> <CoreType = "Generic">   --->   Generic Core

State 4 <SV = 3> <Delay = 0.00>
ST_4 : Operation 50 [1/2] (0.00ns)   --->   "%call_ln155 = call void @v_mix_422_to_444<true>_Pipeline_VITIS_LOOP_161_2, i8 %p_0_0_0206358_lcssa364426_load, i8 %p_0_0_0_0_0207_4_lcssa423_load, i8 %p_0_0_0_0_0207_3_lcssa420_load, i8 %p_0_0_0_0_0207_2_lcssa417_load, i8 %p_0_0_0206358_lcssa409_load, i16 %loopWidth, i24 %srcLayer1Yuv, i16 %width_read, i24 %srcLayer1Yuv422, i8 %p_0_0_0199355388_lcssa450, i8 %p_0_0_0200353385_lcssa447, i8 %p_0_0_0_0_0_2382_lcssa444, i8 %p_0_0_0_0_0205_2379_lcssa441, i8 %p_0_0_0_0_0_1372_lcssa435, i8 %p_0_0_0_0_0205_1365_lcssa429, i8 %p_0_0_0206358363_loc, i8 %p_0_0_0_0_0207_4_lcssa423, i8 %p_0_0_0_0_0207_3_lcssa420, i8 %p_0_0_0_0_0207_2_lcssa417, i8 %p_0_0_0_0_0207_1_lcssa412, i8 %p_0_0_0199355_lcssa407, i8 %p_0_0_0200353_lcssa404" [/home/e/Documents/research/byotee/OSDZU3_Ref_Design/OSDZU3_Ref_Design.runs/design_1_v_mix_0_0_synth_1/prj/sol/.autopilot/db/v_csc.cpp:155]   --->   Operation 50 'call' 'call_ln155' <Predicate = true> <Delay = 0.00> <CoreType = "Generic">   --->   Generic Core

State 5 <SV = 4> <Delay = 0.44>
ST_5 : Operation 51 [1/1] (0.00ns)   --->   "%specloopname_ln159 = specloopname void @_ssdm_op_SpecLoopName, void @empty_53" [/home/e/Documents/research/byotee/OSDZU3_Ref_Design/OSDZU3_Ref_Design.runs/design_1_v_mix_0_0_synth_1/prj/sol/.autopilot/db/v_csc.cpp:159]   --->   Operation 51 'specloopname' 'specloopname_ln159' <Predicate = true> <Delay = 0.00>
ST_5 : Operation 52 [1/1] (0.00ns)   --->   "%p_0_0_0206358363_loc_load = load i8 %p_0_0_0206358363_loc"   --->   Operation 52 'load' 'p_0_0_0206358363_loc_load' <Predicate = true> <Delay = 0.00>
ST_5 : Operation 53 [1/1] (0.44ns)   --->   "%select_ln159 = select i1 %cmp28336, i8 %p_0_0_0206358363_loc_load, i8 %p_0_0_0206358_lcssa409_load" [/home/e/Documents/research/byotee/OSDZU3_Ref_Design/OSDZU3_Ref_Design.runs/design_1_v_mix_0_0_synth_1/prj/sol/.autopilot/db/v_csc.cpp:159]   --->   Operation 53 'select' 'select_ln159' <Predicate = true> <Delay = 0.44> <CoreInst = "Sel">   --->   Core 73 'Sel' <Latency = 0> <II = 1> <Delay = 0.44> <FuncUnit> <Opcode : 'select'> <InPorts = 3> <OutPorts = 1>
ST_5 : Operation 54 [1/1] (0.00ns)   --->   "%store_ln0 = store i8 %p_0_0_0206358363_loc_load, i8 %p_0_0_0206358_lcssa364426"   --->   Operation 54 'store' 'store_ln0' <Predicate = true> <Delay = 0.00>
ST_5 : Operation 55 [1/1] (0.00ns)   --->   "%store_ln159 = store i8 %select_ln159, i8 %p_0_0_0206358_lcssa409" [/home/e/Documents/research/byotee/OSDZU3_Ref_Design/OSDZU3_Ref_Design.runs/design_1_v_mix_0_0_synth_1/prj/sol/.autopilot/db/v_csc.cpp:159]   --->   Operation 55 'store' 'store_ln159' <Predicate = true> <Delay = 0.00>
ST_5 : Operation 56 [1/1] (0.00ns)   --->   "%br_ln159 = br void %VITIS_LOOP_161_2" [/home/e/Documents/research/byotee/OSDZU3_Ref_Design/OSDZU3_Ref_Design.runs/design_1_v_mix_0_0_synth_1/prj/sol/.autopilot/db/v_csc.cpp:159]   --->   Operation 56 'br' 'br_ln159' <Predicate = true> <Delay = 0.00>


============================================================
+ Verbose Summary: Timing violations
============================================================
Target clock period: 5.000ns, clock uncertainty: 1.350ns.

 <State 1>: 2.032ns
The critical path consists of the following:
	wire read operation ('width_read') on port 'width' [7]  (0.000 ns)
	'add' operation 16 bit ('loopWidth', /home/e/Documents/research/byotee/OSDZU3_Ref_Design/OSDZU3_Ref_Design.runs/design_1_v_mix_0_0_synth_1/prj/sol/.autopilot/db/v_csc.cpp:155) [15]  (1.016 ns)
	'icmp' operation 1 bit ('cmp28336', /home/e/Documents/research/byotee/OSDZU3_Ref_Design/OSDZU3_Ref_Design.runs/design_1_v_mix_0_0_synth_1/prj/sol/.autopilot/db/v_csc.cpp:155) [33]  (1.016 ns)

 <State 2>: 1.505ns
The critical path consists of the following:
	'load' operation 15 bit ('y_9_load', /home/e/Documents/research/byotee/OSDZU3_Ref_Design/OSDZU3_Ref_Design.runs/design_1_v_mix_0_0_synth_1/prj/sol/.autopilot/db/v_csc.cpp:159) on local variable 'y_9' [37]  (0.000 ns)
	'icmp' operation 1 bit ('icmp_ln159', /home/e/Documents/research/byotee/OSDZU3_Ref_Design/OSDZU3_Ref_Design.runs/design_1_v_mix_0_0_synth_1/prj/sol/.autopilot/db/v_csc.cpp:159) [39]  (1.016 ns)
	'store' operation 0 bit ('store_ln159', /home/e/Documents/research/byotee/OSDZU3_Ref_Design/OSDZU3_Ref_Design.runs/design_1_v_mix_0_0_synth_1/prj/sol/.autopilot/db/v_csc.cpp:159) of variable 'add_ln159', /home/e/Documents/research/byotee/OSDZU3_Ref_Design/OSDZU3_Ref_Design.runs/design_1_v_mix_0_0_synth_1/prj/sol/.autopilot/db/v_csc.cpp:159 on local variable 'y_9' [55]  (0.489 ns)

 <State 3>: 1.505ns
The critical path consists of the following:
	'load' operation 8 bit ('p_0_0_0206358_lcssa409_load') on local variable 'p_0_0_0206358_lcssa409' [44]  (0.000 ns)
	'call' operation 0 bit ('call_ln155', /home/e/Documents/research/byotee/OSDZU3_Ref_Design/OSDZU3_Ref_Design.runs/design_1_v_mix_0_0_synth_1/prj/sol/.autopilot/db/v_csc.cpp:155) to 'v_mix_422_to_444<true>_Pipeline_VITIS_LOOP_161_2' [50]  (1.505 ns)

 <State 4>: 0.000ns
The critical path consists of the following:

 <State 5>: 0.445ns
The critical path consists of the following:
	'load' operation 8 bit ('p_0_0_0206358363_loc_load') on local variable 'p_0_0_0206358363_loc' [51]  (0.000 ns)
	'select' operation 8 bit ('select_ln159', /home/e/Documents/research/byotee/OSDZU3_Ref_Design/OSDZU3_Ref_Design.runs/design_1_v_mix_0_0_synth_1/prj/sol/.autopilot/db/v_csc.cpp:159) [52]  (0.445 ns)


============================================================
+ Verbose Summary: Binding
============================================================
N/A
* FSMD analyzer results:
  - Output states:
 - Input state : 
  - Chain level:
	State 1
	State 2
	State 3
	State 4
	State 5


============================================================
+ Verbose Summary: Datapath Resource usage 
============================================================
N/A
