

================================================================
== Vitis HLS Report for 'v_mix_420_to_422_false_6'
================================================================
* Date:           Sat Sep  6 13:59:18 2025

* Version:        2025.1 (Build 6135595 on May 21 2025)
* Project:        prj
* Solution:       sol (Vivado IP Flow Target)
* Product family: zynquplus
* Target device:  xczu3eg-sfvc784-1-e


================================================================
== Performance Estimates
================================================================
+ Timing: 
    * Summary: 
    +--------+---------+----------+------------+
    |  Clock |  Target | Estimated| Uncertainty|
    +--------+---------+----------+------------+
    |ap_clk  |  5.00 ns|  3.650 ns|     1.35 ns|
    +--------+---------+----------+------------+

+ Latency: 
    * Summary: 
    +---------+---------+----------+-----------+-----+---------+---------+
    |  Latency (cycles) |  Latency (absolute)  |    Interval   | Pipeline|
    |   min   |   max   |    min   |    max    | min |   max   |   Type  |
    +---------+---------+----------+-----------+-----+---------+---------+
    |        1|  8303041|  5.000 ns|  41.515 ms|    1|  8303041|       no|
    +---------+---------+----------+-----------+-----+---------+---------+

    + Detail: 
        * Instance: 
        +-------------------------------------------------------------+---------------------------------------------------+---------+---------+-----------+-----------+-----+------+------------------------------------------------+
        |                                                             |                                                   |  Latency (cycles) |   Latency (absolute)  |  Interval  |                    Pipeline                    |
        |                           Instance                          |                       Module                      |   min   |   max   |    min    |    max    | min |  max |                      Type                      |
        +-------------------------------------------------------------+---------------------------------------------------+---------+---------+-----------+-----------+-----+------+------------------------------------------------+
        |grp_v_mix_420_to_422_false_6_Pipeline_VITIS_LOOP_76_2_fu_70  |v_mix_420_to_422_false_6_Pipeline_VITIS_LOOP_76_2  |        2|     3842|  10.000 ns|  19.210 us|    1|  3841|  loop auto-rewind stp (delay=0 clock cycles(s))|
        +-------------------------------------------------------------+---------------------------------------------------+---------+---------+-----------+-----------+-----+------+------------------------------------------------+

        * Loop: 
        +-------------------+---------+---------+----------+-----------+-----------+----------+----------+
        |                   |  Latency (cycles) | Iteration|  Initiation Interval  |   Trip   |          |
        |     Loop Name     |   min   |   max   |  Latency |  achieved |   target  |   Count  | Pipelined|
        +-------------------+---------+---------+----------+-----------+-----------+----------+----------+
        |- VITIS_LOOP_74_1  |        0|  8303040|  4 ~ 3844|          -|          -|  0 ~ 2160|        no|
        +-------------------+---------+---------+----------+-----------+-----------+----------+----------+



================================================================
== Utilization Estimates
================================================================
* Summary: 
+-----------------+---------+-----+--------+-------+-----+
|       Name      | BRAM_18K| DSP |   FF   |  LUT  | URAM|
+-----------------+---------+-----+--------+-------+-----+
|DSP              |        -|    -|       -|      -|    -|
|Expression       |        -|    -|       0|     40|    -|
|FIFO             |        -|    -|       -|      -|    -|
|Instance         |        -|    -|      15|     98|    -|
|Memory           |        -|    -|       -|      -|    -|
|Multiplexer      |        -|    -|       0|     47|    -|
|Register         |        -|    -|      43|      -|    -|
+-----------------+---------+-----+--------+-------+-----+
|Total            |        0|    0|      58|    185|    0|
+-----------------+---------+-----+--------+-------+-----+
|Available        |      432|  360|  141120|  70560|    0|
+-----------------+---------+-----+--------+-------+-----+
|Utilization (%)  |        0|    0|      ~0|     ~0|    0|
+-----------------+---------+-----+--------+-------+-----+

+ Detail: 
    * Instance: 
    +-------------------------------------------------------------+---------------------------------------------------+---------+----+----+----+-----+
    |                           Instance                          |                       Module                      | BRAM_18K| DSP| FF | LUT| URAM|
    +-------------------------------------------------------------+---------------------------------------------------+---------+----+----+----+-----+
    |grp_v_mix_420_to_422_false_6_Pipeline_VITIS_LOOP_76_2_fu_70  |v_mix_420_to_422_false_6_Pipeline_VITIS_LOOP_76_2  |        0|   0|  15|  98|    0|
    +-------------------------------------------------------------+---------------------------------------------------+---------+----+----+----+-----+
    |Total                                                        |                                                   |        0|   0|  15|  98|    0|
    +-------------------------------------------------------------+---------------------------------------------------+---------+----+----+----+-----+

    * DSP: 
    N/A

    * Memory: 
    N/A

    * FIFO: 
    N/A

    * Expression: 
    +--------------------+----------+----+---+----+------------+------------+
    |    Variable Name   | Operation| DSP| FF| LUT| Bitwidth P0| Bitwidth P1|
    +--------------------+----------+----+---+----+------------+------------+
    |y_21_fu_92_p2       |         +|   0|  0|  19|          12|           1|
    |icmp_ln74_fu_87_p2  |      icmp|   0|  0|  19|          12|          12|
    |ap_block_state1     |        or|   0|  0|   2|           1|           1|
    +--------------------+----------+----+---+----+------------+------------+
    |Total               |          |   0|  0|  40|          25|          14|
    +--------------------+----------+----+---+----+------------+------------+

    * Multiplexer: 
    +------------+----+-----------+-----+-----------+
    |    Name    | LUT| Input Size| Bits| Total Bits|
    +------------+----+-----------+-----+-----------+
    |ap_NS_fsm   |  20|          4|    1|          4|
    |ap_done     |   9|          2|    1|          2|
    |real_start  |   9|          2|    1|          2|
    |y_fu_48     |   9|          2|   12|         24|
    +------------+----+-----------+-----+-----------+
    |Total       |  47|         10|   15|         32|
    +------------+----+-----------+-----+-----------+

    * Register: 
    +--------------------------------------------------------------------------+----+----+-----+-----------+
    |                                   Name                                   | FF | LUT| Bits| Const Bits|
    +--------------------------------------------------------------------------+----+----+-----+-----------+
    |HwReg_layerEnableFlag_1_val_read_reg_103                                  |   1|   0|    1|          0|
    |HwReg_layerHeight_1_val_read_reg_112                                      |  12|   0|   12|          0|
    |HwReg_layerWidth_1_val_read_reg_107                                       |  12|   0|   12|          0|
    |ap_CS_fsm                                                                 |   3|   0|    3|          0|
    |ap_done_reg                                                               |   1|   0|    1|          0|
    |grp_v_mix_420_to_422_false_6_Pipeline_VITIS_LOOP_76_2_fu_70_ap_start_reg  |   1|   0|    1|          0|
    |start_once_reg                                                            |   1|   0|    1|          0|
    |y_fu_48                                                                   |  12|   0|   12|          0|
    +--------------------------------------------------------------------------+----+----+-----+-----------+
    |Total                                                                     |  43|   0|   43|          0|
    +--------------------------------------------------------------------------+----+----+-----+-----------+



================================================================
== Interface
================================================================
* Summary: 
+--------------------------------+-----+-----+------------+-----------------------------+--------------+
|            RTL Ports           | Dir | Bits|  Protocol  |        Source Object        |    C Type    |
+--------------------------------+-----+-----+------------+-----------------------------+--------------+
|ap_clk                          |   in|    1|  ap_ctrl_hs|    v_mix_420_to_422<false>.6|  return value|
|ap_rst                          |   in|    1|  ap_ctrl_hs|    v_mix_420_to_422<false>.6|  return value|
|ap_start                        |   in|    1|  ap_ctrl_hs|    v_mix_420_to_422<false>.6|  return value|
|start_full_n                    |   in|    1|  ap_ctrl_hs|    v_mix_420_to_422<false>.6|  return value|
|ap_done                         |  out|    1|  ap_ctrl_hs|    v_mix_420_to_422<false>.6|  return value|
|ap_continue                     |   in|    1|  ap_ctrl_hs|    v_mix_420_to_422<false>.6|  return value|
|ap_idle                         |  out|    1|  ap_ctrl_hs|    v_mix_420_to_422<false>.6|  return value|
|ap_ready                        |  out|    1|  ap_ctrl_hs|    v_mix_420_to_422<false>.6|  return value|
|start_out                       |  out|    1|  ap_ctrl_hs|    v_mix_420_to_422<false>.6|  return value|
|start_write                     |  out|    1|  ap_ctrl_hs|    v_mix_420_to_422<false>.6|  return value|
|srcLayer1_dout                  |   in|   24|     ap_fifo|                    srcLayer1|       pointer|
|srcLayer1_empty_n               |   in|    1|     ap_fifo|                    srcLayer1|       pointer|
|srcLayer1_read                  |  out|    1|     ap_fifo|                    srcLayer1|       pointer|
|srcLayer1_num_data_valid        |   in|    3|     ap_fifo|                    srcLayer1|       pointer|
|srcLayer1_fifo_cap              |   in|    3|     ap_fifo|                    srcLayer1|       pointer|
|HwReg_layerHeight_1_val         |   in|   12|   ap_stable|      HwReg_layerHeight_1_val|        scalar|
|HwReg_layerWidth_1_val          |   in|   12|   ap_stable|       HwReg_layerWidth_1_val|        scalar|
|HwReg_layerEnableFlag_1_val     |   in|    1|   ap_stable|  HwReg_layerEnableFlag_1_val|        scalar|
|srcLayer1Yuv422_din             |  out|   24|     ap_fifo|              srcLayer1Yuv422|       pointer|
|srcLayer1Yuv422_full_n          |   in|    1|     ap_fifo|              srcLayer1Yuv422|       pointer|
|srcLayer1Yuv422_write           |  out|    1|     ap_fifo|              srcLayer1Yuv422|       pointer|
|srcLayer1Yuv422_num_data_valid  |   in|   32|     ap_fifo|              srcLayer1Yuv422|       pointer|
|srcLayer1Yuv422_fifo_cap        |   in|   32|     ap_fifo|              srcLayer1Yuv422|       pointer|
+--------------------------------+-----+-----+------------+-----------------------------+--------------+

============================================================
+ Verbose Summary: Synthesis Manager
============================================================
InlineROM: 1
ExposeGlobal: 0
============================================================
+ Verbose Summary: CDFG Model
============================================================
IsTopModel: 0
ResetActiveHigh: 1
IsCombinational: 2
IsDatapathOnly: 0
HasWiredReturn: 1
HasMFsm: 0
HasVarLatency: 1
IsPipeline: 0
IsRtlPipelined: 0
IsInstanceOverlapped: 0
IsDontTouch: 0
HasImplIP: 0
IsGatedGlobalClock: 0


============================================================
+ Verbose Summary: Schedule
============================================================
* Number of FSM states : 3
* Pipeline : 0
* Dataflow Pipeline: 0

* FSM state transitions: 
1 --> 2 
2 --> 3 
3 --> 2 

* FSM state operations: 

State 1 <SV = 0> <Delay = 1.82>
ST_1 : Operation 4 [1/1] (0.00ns)   --->   "%specstablecontent_ln0 = specstablecontent void @_ssdm_op_SpecStableContent, i12 %HwReg_layerHeight_1_val, i1 1, void @p_str"   --->   Operation 4 'specstablecontent' 'specstablecontent_ln0' <Predicate = true> <Delay = 0.00>
ST_1 : Operation 5 [1/1] (0.00ns)   --->   "%specstablecontent_ln0 = specstablecontent void @_ssdm_op_SpecStableContent, i12 %HwReg_layerWidth_1_val, i1 1, void @p_str"   --->   Operation 5 'specstablecontent' 'specstablecontent_ln0' <Predicate = true> <Delay = 0.00>
ST_1 : Operation 6 [1/1] (0.00ns)   --->   "%specstablecontent_ln0 = specstablecontent void @_ssdm_op_SpecStableContent, i1 %HwReg_layerEnableFlag_1_val, i1 1, void @p_str"   --->   Operation 6 'specstablecontent' 'specstablecontent_ln0' <Predicate = true> <Delay = 0.00>
ST_1 : Operation 7 [1/1] (0.00ns)   --->   "%specinterface_ln0 = specinterface void @_ssdm_op_SpecInterface, i24 %srcLayer1Yuv422, void @empty_42, i32 0, i32 0, void @empty_0, i32 0, i32 0, void @empty_0, void @empty_0, void @empty_0, i32 0, i32 0, i32 0, i32 0, void @empty_0, void @empty_0, i32 4294967295, i32 0, i32 0"   --->   Operation 7 'specinterface' 'specinterface_ln0' <Predicate = true> <Delay = 0.00>
ST_1 : Operation 8 [1/1] (0.00ns)   --->   "%specinterface_ln0 = specinterface void @_ssdm_op_SpecInterface, i24 %srcLayer1, void @empty_42, i32 0, i32 0, void @empty_0, i32 0, i32 0, void @empty_0, void @empty_0, void @empty_0, i32 0, i32 0, i32 0, i32 0, void @empty_0, void @empty_0, i32 4294967295, i32 0, i32 0"   --->   Operation 8 'specinterface' 'specinterface_ln0' <Predicate = true> <Delay = 0.00>
ST_1 : Operation 9 [1/1] (0.00ns)   --->   "%HwReg_layerEnableFlag_1_val_read = read i1 @_ssdm_op_Read.ap_auto.i1, i1 %HwReg_layerEnableFlag_1_val" [/home/e/Documents/research/byotee/OSDZU3_Ref_Design/OSDZU3_Ref_Design.runs/design_1_v_mix_0_0_synth_1/prj/sol/.autopilot/db/v_csc.cpp:60->/home/e/Documents/research/byotee/OSDZU3_Ref_Design/OSDZU3_Ref_Design.runs/design_1_v_mix_0_0_synth_1/prj/sol/.autopilot/db/v_mix.cpp:709->/home/e/Documents/research/byotee/OSDZU3_Ref_Design/OSDZU3_Ref_Design.runs/design_1_v_mix_0_0_synth_1/prj/sol/.autopilot/db/v_mix.cpp:709]   --->   Operation 9 'read' 'HwReg_layerEnableFlag_1_val_read' <Predicate = true> <Delay = 0.00>
ST_1 : Operation 10 [1/1] (1.82ns)   --->   "%HwReg_layerWidth_1_val_read = read i12 @_ssdm_op_Read.ap_auto.i12, i12 %HwReg_layerWidth_1_val" [/home/e/Documents/research/byotee/OSDZU3_Ref_Design/OSDZU3_Ref_Design.runs/design_1_v_mix_0_0_synth_1/prj/sol/.autopilot/db/v_csc.cpp:60->/home/e/Documents/research/byotee/OSDZU3_Ref_Design/OSDZU3_Ref_Design.runs/design_1_v_mix_0_0_synth_1/prj/sol/.autopilot/db/v_mix.cpp:709->/home/e/Documents/research/byotee/OSDZU3_Ref_Design/OSDZU3_Ref_Design.runs/design_1_v_mix_0_0_synth_1/prj/sol/.autopilot/db/v_mix.cpp:709]   --->   Operation 10 'read' 'HwReg_layerWidth_1_val_read' <Predicate = true> <Delay = 1.82> <CoreInst = "FIFO_SRL">   --->   Core 80 'FIFO_SRL' <Latency = 0> <II = 1> <Delay = 2.16> <Storage> <Opcode : 'read' 'write' 'nbread' 'nbwrite'> <Ports = 0> <Width = 12> <Depth = 2> <FIFO>
ST_1 : Operation 11 [1/1] (1.82ns)   --->   "%HwReg_layerHeight_1_val_read = read i12 @_ssdm_op_Read.ap_auto.i12, i12 %HwReg_layerHeight_1_val" [/home/e/Documents/research/byotee/OSDZU3_Ref_Design/OSDZU3_Ref_Design.runs/design_1_v_mix_0_0_synth_1/prj/sol/.autopilot/db/v_csc.cpp:60->/home/e/Documents/research/byotee/OSDZU3_Ref_Design/OSDZU3_Ref_Design.runs/design_1_v_mix_0_0_synth_1/prj/sol/.autopilot/db/v_mix.cpp:709->/home/e/Documents/research/byotee/OSDZU3_Ref_Design/OSDZU3_Ref_Design.runs/design_1_v_mix_0_0_synth_1/prj/sol/.autopilot/db/v_mix.cpp:709]   --->   Operation 11 'read' 'HwReg_layerHeight_1_val_read' <Predicate = true> <Delay = 1.82> <CoreInst = "FIFO_SRL">   --->   Core 80 'FIFO_SRL' <Latency = 0> <II = 1> <Delay = 2.16> <Storage> <Opcode : 'read' 'write' 'nbread' 'nbwrite'> <Ports = 0> <Width = 12> <Depth = 2> <FIFO>
ST_1 : Operation 12 [1/1] (0.00ns)   --->   "%br_ln72 = br i1 %HwReg_layerEnableFlag_1_val_read, void %v_mix_420_to_422<false>.6.exit, void %VITIS_LOOP_76_2.i.i.preheader" [/home/e/Documents/research/byotee/OSDZU3_Ref_Design/OSDZU3_Ref_Design.runs/design_1_v_mix_0_0_synth_1/prj/sol/.autopilot/db/v_csc.cpp:72->/home/e/Documents/research/byotee/OSDZU3_Ref_Design/OSDZU3_Ref_Design.runs/design_1_v_mix_0_0_synth_1/prj/sol/.autopilot/db/v_mix.cpp:709->/home/e/Documents/research/byotee/OSDZU3_Ref_Design/OSDZU3_Ref_Design.runs/design_1_v_mix_0_0_synth_1/prj/sol/.autopilot/db/v_mix.cpp:709]   --->   Operation 12 'br' 'br_ln72' <Predicate = true> <Delay = 0.00>
ST_1 : Operation 13 [1/1] (0.00ns)   --->   "%y = alloca i32 1" [/home/e/Documents/research/byotee/OSDZU3_Ref_Design/OSDZU3_Ref_Design.runs/design_1_v_mix_0_0_synth_1/prj/sol/.autopilot/db/v_csc.cpp:66->/home/e/Documents/research/byotee/OSDZU3_Ref_Design/OSDZU3_Ref_Design.runs/design_1_v_mix_0_0_synth_1/prj/sol/.autopilot/db/v_mix.cpp:709->/home/e/Documents/research/byotee/OSDZU3_Ref_Design/OSDZU3_Ref_Design.runs/design_1_v_mix_0_0_synth_1/prj/sol/.autopilot/db/v_mix.cpp:709]   --->   Operation 13 'alloca' 'y' <Predicate = (HwReg_layerEnableFlag_1_val_read)> <Delay = 0.00>
ST_1 : Operation 14 [1/1] (0.48ns)   --->   "%store_ln66 = store i12 0, i12 %y" [/home/e/Documents/research/byotee/OSDZU3_Ref_Design/OSDZU3_Ref_Design.runs/design_1_v_mix_0_0_synth_1/prj/sol/.autopilot/db/v_csc.cpp:66->/home/e/Documents/research/byotee/OSDZU3_Ref_Design/OSDZU3_Ref_Design.runs/design_1_v_mix_0_0_synth_1/prj/sol/.autopilot/db/v_mix.cpp:709->/home/e/Documents/research/byotee/OSDZU3_Ref_Design/OSDZU3_Ref_Design.runs/design_1_v_mix_0_0_synth_1/prj/sol/.autopilot/db/v_mix.cpp:709]   --->   Operation 14 'store' 'store_ln66' <Predicate = (HwReg_layerEnableFlag_1_val_read)> <Delay = 0.48>
ST_1 : Operation 15 [1/1] (0.00ns)   --->   "%br_ln74 = br void %VITIS_LOOP_76_2.i.i" [/home/e/Documents/research/byotee/OSDZU3_Ref_Design/OSDZU3_Ref_Design.runs/design_1_v_mix_0_0_synth_1/prj/sol/.autopilot/db/v_csc.cpp:74->/home/e/Documents/research/byotee/OSDZU3_Ref_Design/OSDZU3_Ref_Design.runs/design_1_v_mix_0_0_synth_1/prj/sol/.autopilot/db/v_mix.cpp:709->/home/e/Documents/research/byotee/OSDZU3_Ref_Design/OSDZU3_Ref_Design.runs/design_1_v_mix_0_0_synth_1/prj/sol/.autopilot/db/v_mix.cpp:709]   --->   Operation 15 'br' 'br_ln74' <Predicate = (HwReg_layerEnableFlag_1_val_read)> <Delay = 0.00>

State 2 <SV = 1> <Delay = 2.41>
ST_2 : Operation 16 [1/1] (0.00ns)   --->   "%y_20 = load i12 %y" [/home/e/Documents/research/byotee/OSDZU3_Ref_Design/OSDZU3_Ref_Design.runs/design_1_v_mix_0_0_synth_1/prj/sol/.autopilot/db/v_csc.cpp:74->/home/e/Documents/research/byotee/OSDZU3_Ref_Design/OSDZU3_Ref_Design.runs/design_1_v_mix_0_0_synth_1/prj/sol/.autopilot/db/v_mix.cpp:709->/home/e/Documents/research/byotee/OSDZU3_Ref_Design/OSDZU3_Ref_Design.runs/design_1_v_mix_0_0_synth_1/prj/sol/.autopilot/db/v_mix.cpp:709]   --->   Operation 16 'load' 'y_20' <Predicate = (HwReg_layerEnableFlag_1_val_read)> <Delay = 0.00>
ST_2 : Operation 17 [1/1] (0.96ns)   --->   "%icmp_ln74 = icmp_eq  i12 %y_20, i12 %HwReg_layerHeight_1_val_read" [/home/e/Documents/research/byotee/OSDZU3_Ref_Design/OSDZU3_Ref_Design.runs/design_1_v_mix_0_0_synth_1/prj/sol/.autopilot/db/v_csc.cpp:74->/home/e/Documents/research/byotee/OSDZU3_Ref_Design/OSDZU3_Ref_Design.runs/design_1_v_mix_0_0_synth_1/prj/sol/.autopilot/db/v_mix.cpp:709->/home/e/Documents/research/byotee/OSDZU3_Ref_Design/OSDZU3_Ref_Design.runs/design_1_v_mix_0_0_synth_1/prj/sol/.autopilot/db/v_mix.cpp:709]   --->   Operation 17 'icmp' 'icmp_ln74' <Predicate = (HwReg_layerEnableFlag_1_val_read)> <Delay = 0.96> <CoreInst = "Cmp">   --->   Core 9 'Cmp' <Latency = 0> <II = 1> <Delay = 0.96> <FuncUnit> <Opcode : 'seteq' 'setne' 'setle' 'setge' 'setlt' 'setgt'> <InPorts = 2> <OutPorts = 1>
ST_2 : Operation 18 [1/1] (0.00ns)   --->   "%speclooptripcount_ln0 = speclooptripcount void @_ssdm_op_SpecLoopTripCount, i64 0, i64 2160, i64 0"   --->   Operation 18 'speclooptripcount' 'speclooptripcount_ln0' <Predicate = (HwReg_layerEnableFlag_1_val_read)> <Delay = 0.00>
ST_2 : Operation 19 [1/1] (0.96ns)   --->   "%y_21 = add i12 %y_20, i12 1" [/home/e/Documents/research/byotee/OSDZU3_Ref_Design/OSDZU3_Ref_Design.runs/design_1_v_mix_0_0_synth_1/prj/sol/.autopilot/db/v_csc.cpp:74->/home/e/Documents/research/byotee/OSDZU3_Ref_Design/OSDZU3_Ref_Design.runs/design_1_v_mix_0_0_synth_1/prj/sol/.autopilot/db/v_mix.cpp:709->/home/e/Documents/research/byotee/OSDZU3_Ref_Design/OSDZU3_Ref_Design.runs/design_1_v_mix_0_0_synth_1/prj/sol/.autopilot/db/v_mix.cpp:709]   --->   Operation 19 'add' 'y_21' <Predicate = (HwReg_layerEnableFlag_1_val_read)> <Delay = 0.96> <CoreInst = "Adder">   --->   Core 1 'Adder' <Latency = 0> <II = 1> <Delay = 0.96> <FuncUnit> <Opcode : 'add' 'sub'> <InPorts = 2> <OutPorts = 1>
ST_2 : Operation 20 [1/1] (0.00ns)   --->   "%br_ln74 = br i1 %icmp_ln74, void %for.inc.lr.ph.i.i, void %v_mix_420_to_422<false>.6.exit.loopexit" [/home/e/Documents/research/byotee/OSDZU3_Ref_Design/OSDZU3_Ref_Design.runs/design_1_v_mix_0_0_synth_1/prj/sol/.autopilot/db/v_csc.cpp:74->/home/e/Documents/research/byotee/OSDZU3_Ref_Design/OSDZU3_Ref_Design.runs/design_1_v_mix_0_0_synth_1/prj/sol/.autopilot/db/v_mix.cpp:709->/home/e/Documents/research/byotee/OSDZU3_Ref_Design/OSDZU3_Ref_Design.runs/design_1_v_mix_0_0_synth_1/prj/sol/.autopilot/db/v_mix.cpp:709]   --->   Operation 20 'br' 'br_ln74' <Predicate = (HwReg_layerEnableFlag_1_val_read)> <Delay = 0.00>
ST_2 : Operation 21 [2/2] (1.45ns)   --->   "%call_ln60 = call void @v_mix_420_to_422<false>.6_Pipeline_VITIS_LOOP_76_2, i12 %HwReg_layerWidth_1_val_read, i24 %srcLayer1, i24 %srcLayer1Yuv422" [/home/e/Documents/research/byotee/OSDZU3_Ref_Design/OSDZU3_Ref_Design.runs/design_1_v_mix_0_0_synth_1/prj/sol/.autopilot/db/v_csc.cpp:60->/home/e/Documents/research/byotee/OSDZU3_Ref_Design/OSDZU3_Ref_Design.runs/design_1_v_mix_0_0_synth_1/prj/sol/.autopilot/db/v_mix.cpp:709->/home/e/Documents/research/byotee/OSDZU3_Ref_Design/OSDZU3_Ref_Design.runs/design_1_v_mix_0_0_synth_1/prj/sol/.autopilot/db/v_mix.cpp:709]   --->   Operation 21 'call' 'call_ln60' <Predicate = (HwReg_layerEnableFlag_1_val_read & !icmp_ln74)> <Delay = 1.45> <CoreType = "Generic">   --->   Generic Core
ST_2 : Operation 22 [1/1] (0.48ns)   --->   "%store_ln66 = store i12 %y_21, i12 %y" [/home/e/Documents/research/byotee/OSDZU3_Ref_Design/OSDZU3_Ref_Design.runs/design_1_v_mix_0_0_synth_1/prj/sol/.autopilot/db/v_csc.cpp:66->/home/e/Documents/research/byotee/OSDZU3_Ref_Design/OSDZU3_Ref_Design.runs/design_1_v_mix_0_0_synth_1/prj/sol/.autopilot/db/v_mix.cpp:709->/home/e/Documents/research/byotee/OSDZU3_Ref_Design/OSDZU3_Ref_Design.runs/design_1_v_mix_0_0_synth_1/prj/sol/.autopilot/db/v_mix.cpp:709]   --->   Operation 22 'store' 'store_ln66' <Predicate = (HwReg_layerEnableFlag_1_val_read & !icmp_ln74)> <Delay = 0.48>
ST_2 : Operation 23 [1/1] (0.00ns)   --->   "%br_ln0 = br void %v_mix_420_to_422<false>.6.exit"   --->   Operation 23 'br' 'br_ln0' <Predicate = (HwReg_layerEnableFlag_1_val_read & icmp_ln74)> <Delay = 0.00>
ST_2 : Operation 24 [1/1] (0.00ns)   --->   "%ret_ln709 = ret" [/home/e/Documents/research/byotee/OSDZU3_Ref_Design/OSDZU3_Ref_Design.runs/design_1_v_mix_0_0_synth_1/prj/sol/.autopilot/db/v_mix.cpp:709]   --->   Operation 24 'ret' 'ret_ln709' <Predicate = (icmp_ln74) | (!HwReg_layerEnableFlag_1_val_read)> <Delay = 0.00>

State 3 <SV = 2> <Delay = 1.93>
ST_3 : Operation 25 [1/1] (0.00ns)   --->   "%specloopname_ln74 = specloopname void @_ssdm_op_SpecLoopName, void @empty_31" [/home/e/Documents/research/byotee/OSDZU3_Ref_Design/OSDZU3_Ref_Design.runs/design_1_v_mix_0_0_synth_1/prj/sol/.autopilot/db/v_csc.cpp:74->/home/e/Documents/research/byotee/OSDZU3_Ref_Design/OSDZU3_Ref_Design.runs/design_1_v_mix_0_0_synth_1/prj/sol/.autopilot/db/v_mix.cpp:709->/home/e/Documents/research/byotee/OSDZU3_Ref_Design/OSDZU3_Ref_Design.runs/design_1_v_mix_0_0_synth_1/prj/sol/.autopilot/db/v_mix.cpp:709]   --->   Operation 25 'specloopname' 'specloopname_ln74' <Predicate = true> <Delay = 0.00>
ST_3 : Operation 26 [1/2] (1.93ns)   --->   "%call_ln60 = call void @v_mix_420_to_422<false>.6_Pipeline_VITIS_LOOP_76_2, i12 %HwReg_layerWidth_1_val_read, i24 %srcLayer1, i24 %srcLayer1Yuv422" [/home/e/Documents/research/byotee/OSDZU3_Ref_Design/OSDZU3_Ref_Design.runs/design_1_v_mix_0_0_synth_1/prj/sol/.autopilot/db/v_csc.cpp:60->/home/e/Documents/research/byotee/OSDZU3_Ref_Design/OSDZU3_Ref_Design.runs/design_1_v_mix_0_0_synth_1/prj/sol/.autopilot/db/v_mix.cpp:709->/home/e/Documents/research/byotee/OSDZU3_Ref_Design/OSDZU3_Ref_Design.runs/design_1_v_mix_0_0_synth_1/prj/sol/.autopilot/db/v_mix.cpp:709]   --->   Operation 26 'call' 'call_ln60' <Predicate = true> <Delay = 1.93> <CoreType = "Generic">   --->   Generic Core
ST_3 : Operation 27 [1/1] (0.00ns)   --->   "%br_ln74 = br void %VITIS_LOOP_76_2.i.i" [/home/e/Documents/research/byotee/OSDZU3_Ref_Design/OSDZU3_Ref_Design.runs/design_1_v_mix_0_0_synth_1/prj/sol/.autopilot/db/v_csc.cpp:74->/home/e/Documents/research/byotee/OSDZU3_Ref_Design/OSDZU3_Ref_Design.runs/design_1_v_mix_0_0_synth_1/prj/sol/.autopilot/db/v_mix.cpp:709->/home/e/Documents/research/byotee/OSDZU3_Ref_Design/OSDZU3_Ref_Design.runs/design_1_v_mix_0_0_synth_1/prj/sol/.autopilot/db/v_mix.cpp:709]   --->   Operation 27 'br' 'br_ln74' <Predicate = true> <Delay = 0.00>


============================================================
+ Verbose Summary: Binding
============================================================
STG Binding: 
---------------- STG Properties BEGIN ----------------
- Is combinational: 0
- Is one-state seq: 0
- Is datapath-only: 0
- Is pipelined: 0
- Is top level: 0
Port [ Return ] is wired: 1; IO mode=ap_ctrl_hs:ce=0
Port [ srcLayer1]:  wired=1; compound=1; hidden=0; nouse=0; global=0; static=0; extern=0; dir=0; type=3; pingpong=0; private_global=0; IO mode=ap_fifo:ce=0
Port [ HwReg_layerHeight_1_val]:  wired=1; compound=0; hidden=0; nouse=0; global=0; static=0; extern=0; dir=0; type=0; pingpong=0; private_global=0; IO mode=ap_stable:ce=0
Port [ HwReg_layerWidth_1_val]:  wired=1; compound=0; hidden=0; nouse=0; global=0; static=0; extern=0; dir=0; type=0; pingpong=0; private_global=0; IO mode=ap_stable:ce=0
Port [ HwReg_layerEnableFlag_1_val]:  wired=1; compound=0; hidden=0; nouse=0; global=0; static=0; extern=0; dir=0; type=0; pingpong=0; private_global=0; IO mode=ap_stable:ce=0
Port [ srcLayer1Yuv422]:  wired=1; compound=1; hidden=0; nouse=0; global=0; static=0; extern=0; dir=1; type=3; pingpong=0; private_global=0; IO mode=ap_fifo:ce=0
---------------- STG Properties END ------------------

---------------- Datapath Model BEGIN ----------------

<LifeTime>
<method=bitvector/>
specstablecontent_ln0            (specstablecontent) [ 0000]
specstablecontent_ln0            (specstablecontent) [ 0000]
specstablecontent_ln0            (specstablecontent) [ 0000]
specinterface_ln0                (specinterface    ) [ 0000]
specinterface_ln0                (specinterface    ) [ 0000]
HwReg_layerEnableFlag_1_val_read (read             ) [ 0111]
HwReg_layerWidth_1_val_read      (read             ) [ 0011]
HwReg_layerHeight_1_val_read     (read             ) [ 0011]
br_ln72                          (br               ) [ 0000]
y                                (alloca           ) [ 0111]
store_ln66                       (store            ) [ 0000]
br_ln74                          (br               ) [ 0000]
y_20                             (load             ) [ 0000]
icmp_ln74                        (icmp             ) [ 0011]
speclooptripcount_ln0            (speclooptripcount) [ 0000]
y_21                             (add              ) [ 0000]
br_ln74                          (br               ) [ 0000]
store_ln66                       (store            ) [ 0000]
br_ln0                           (br               ) [ 0000]
ret_ln709                        (ret              ) [ 0000]
specloopname_ln74                (specloopname     ) [ 0000]
call_ln60                        (call             ) [ 0000]
br_ln74                          (br               ) [ 0000]
</LifeTime>

<model>

<comp_list>
<comp id="0" class="1000" name="srcLayer1">
<pin_list>
<pin id="1" dir="1" index="0" bw="1" slack="0"/>
</pin_list>
<bind>
<StgValue><ssdm name="srcLayer1"/></StgValue>
</bind>
</comp>

<comp id="2" class="1000" name="HwReg_layerHeight_1_val">
<pin_list>
<pin id="3" dir="1" index="0" bw="1" slack="0"/>
</pin_list>
<bind>
<StgValue><ssdm name="HwReg_layerHeight_1_val"/></StgValue>
</bind>
</comp>

<comp id="4" class="1000" name="HwReg_layerWidth_1_val">
<pin_list>
<pin id="5" dir="1" index="0" bw="1" slack="0"/>
</pin_list>
<bind>
<StgValue><ssdm name="HwReg_layerWidth_1_val"/></StgValue>
</bind>
</comp>

<comp id="6" class="1000" name="HwReg_layerEnableFlag_1_val">
<pin_list>
<pin id="7" dir="1" index="0" bw="1" slack="0"/>
</pin_list>
<bind>
<StgValue><ssdm name="HwReg_layerEnableFlag_1_val"/></StgValue>
</bind>
</comp>

<comp id="8" class="1000" name="srcLayer1Yuv422">
<pin_list>
<pin id="9" dir="1" index="0" bw="1" slack="0"/>
</pin_list>
<bind>
<StgValue><ssdm name="srcLayer1Yuv422"/></StgValue>
</bind>
</comp>

<comp id="10" class="1001" name="const_10">
<pin_list>
<pin id="11" dir="1" index="0" bw="1" slack="2147483647"/>
</pin_list>
<bind>
<StgValue><ssdm name="_ssdm_op_SpecStableContent"/></StgValue>
</bind>
</comp>

<comp id="12" class="1001" name="const_12">
<pin_list>
<pin id="13" dir="1" index="0" bw="1" slack="2147483647"/>
</pin_list>
<bind>
<StgValue><ssdm name=""/></StgValue>
</bind>
</comp>

<comp id="14" class="1001" name="const_14">
<pin_list>
<pin id="15" dir="1" index="0" bw="1" slack="2147483647"/>
</pin_list>
<bind>
<StgValue><ssdm name="p_str"/></StgValue>
</bind>
</comp>

<comp id="16" class="1001" name="const_16">
<pin_list>
<pin id="17" dir="1" index="0" bw="1" slack="2147483647"/>
</pin_list>
<bind>
<StgValue><ssdm name="_ssdm_op_SpecInterface"/></StgValue>
</bind>
</comp>

<comp id="18" class="1001" name="const_18">
<pin_list>
<pin id="19" dir="1" index="0" bw="1" slack="2147483647"/>
</pin_list>
<bind>
<StgValue><ssdm name="empty_42"/></StgValue>
</bind>
</comp>

<comp id="20" class="1001" name="const_20">
<pin_list>
<pin id="21" dir="1" index="0" bw="1" slack="2147483647"/>
</pin_list>
<bind>
<StgValue><ssdm name=""/></StgValue>
</bind>
</comp>

<comp id="22" class="1001" name="const_22">
<pin_list>
<pin id="23" dir="1" index="0" bw="1" slack="2147483647"/>
</pin_list>
<bind>
<StgValue><ssdm name="empty_0"/></StgValue>
</bind>
</comp>

<comp id="24" class="1001" name="const_24">
<pin_list>
<pin id="25" dir="1" index="0" bw="1" slack="2147483647"/>
</pin_list>
<bind>
<StgValue><ssdm name=""/></StgValue>
</bind>
</comp>

<comp id="26" class="1001" name="const_26">
<pin_list>
<pin id="27" dir="1" index="0" bw="1" slack="0"/>
</pin_list>
<bind>
<StgValue><ssdm name="_ssdm_op_Read.ap_auto.i1"/></StgValue>
</bind>
</comp>

<comp id="28" class="1001" name="const_28">
<pin_list>
<pin id="29" dir="1" index="0" bw="1" slack="0"/>
</pin_list>
<bind>
<StgValue><ssdm name="_ssdm_op_Read.ap_auto.i12"/></StgValue>
</bind>
</comp>

<comp id="30" class="1001" name="const_30">
<pin_list>
<pin id="31" dir="1" index="0" bw="1" slack="0"/>
</pin_list>
<bind>
<StgValue><ssdm name=""/></StgValue>
</bind>
</comp>

<comp id="32" class="1001" name="const_32">
<pin_list>
<pin id="33" dir="1" index="0" bw="1" slack="0"/>
</pin_list>
<bind>
<StgValue><ssdm name=""/></StgValue>
</bind>
</comp>

<comp id="34" class="1001" name="const_34">
<pin_list>
<pin id="35" dir="1" index="0" bw="1" slack="2147483647"/>
</pin_list>
<bind>
<StgValue><ssdm name="_ssdm_op_SpecLoopTripCount"/></StgValue>
</bind>
</comp>

<comp id="36" class="1001" name="const_36">
<pin_list>
<pin id="37" dir="1" index="0" bw="1" slack="2147483647"/>
</pin_list>
<bind>
<StgValue><ssdm name=""/></StgValue>
</bind>
</comp>

<comp id="38" class="1001" name="const_38">
<pin_list>
<pin id="39" dir="1" index="0" bw="1" slack="2147483647"/>
</pin_list>
<bind>
<StgValue><ssdm name=""/></StgValue>
</bind>
</comp>

<comp id="40" class="1001" name="const_40">
<pin_list>
<pin id="41" dir="1" index="0" bw="1" slack="0"/>
</pin_list>
<bind>
<StgValue><ssdm name=""/></StgValue>
</bind>
</comp>

<comp id="42" class="1001" name="const_42">
<pin_list>
<pin id="43" dir="1" index="0" bw="1" slack="0"/>
</pin_list>
<bind>
<StgValue><ssdm name="v_mix_420_to_422<false>.6_Pipeline_VITIS_LOOP_76_2"/></StgValue>
</bind>
</comp>

<comp id="44" class="1001" name="const_44">
<pin_list>
<pin id="45" dir="1" index="0" bw="1" slack="2147483647"/>
</pin_list>
<bind>
<StgValue><ssdm name="_ssdm_op_SpecLoopName"/></StgValue>
</bind>
</comp>

<comp id="46" class="1001" name="const_46">
<pin_list>
<pin id="47" dir="1" index="0" bw="1" slack="2147483647"/>
</pin_list>
<bind>
<StgValue><ssdm name="empty_31"/></StgValue>
</bind>
</comp>

<comp id="48" class="1004" name="y_fu_48">
<pin_list>
<pin id="49" dir="0" index="0" bw="1" slack="0"/>
<pin id="50" dir="1" index="1" bw="12" slack="0"/>
</pin_list>
<bind>
<opcode="alloca(26) " fcode="alloca"/>
<opset="y/1 "/>
</bind>
</comp>

<comp id="52" class="1004" name="HwReg_layerEnableFlag_1_val_read_read_fu_52">
<pin_list>
<pin id="53" dir="0" index="0" bw="1" slack="0"/>
<pin id="54" dir="0" index="1" bw="1" slack="0"/>
<pin id="55" dir="1" index="2" bw="1" slack="1"/>
</pin_list>
<bind>
<opcode="read(1150) " fcode="read"/>
<opset="HwReg_layerEnableFlag_1_val_read/1 "/>
</bind>
</comp>

<comp id="58" class="1004" name="HwReg_layerWidth_1_val_read_read_fu_58">
<pin_list>
<pin id="59" dir="0" index="0" bw="12" slack="0"/>
<pin id="60" dir="0" index="1" bw="12" slack="0"/>
<pin id="61" dir="1" index="2" bw="12" slack="1"/>
</pin_list>
<bind>
<opcode="read(1150) " fcode="read"/>
<opset="HwReg_layerWidth_1_val_read/1 "/>
</bind>
</comp>

<comp id="64" class="1004" name="HwReg_layerHeight_1_val_read_read_fu_64">
<pin_list>
<pin id="65" dir="0" index="0" bw="12" slack="0"/>
<pin id="66" dir="0" index="1" bw="12" slack="0"/>
<pin id="67" dir="1" index="2" bw="12" slack="1"/>
</pin_list>
<bind>
<opcode="read(1150) " fcode="read"/>
<opset="HwReg_layerHeight_1_val_read/1 "/>
</bind>
</comp>

<comp id="70" class="1004" name="grp_v_mix_420_to_422_false_6_Pipeline_VITIS_LOOP_76_2_fu_70">
<pin_list>
<pin id="71" dir="0" index="0" bw="0" slack="0"/>
<pin id="72" dir="0" index="1" bw="12" slack="1"/>
<pin id="73" dir="0" index="2" bw="24" slack="0"/>
<pin id="74" dir="0" index="3" bw="24" slack="0"/>
<pin id="75" dir="1" index="4" bw="0" slack="2147483647"/>
</pin_list>
<bind>
<opcode="call(48) " fcode="call"/>
<opset="call_ln60/2 "/>
</bind>
</comp>

<comp id="79" class="1004" name="store_ln66_store_fu_79">
<pin_list>
<pin id="80" dir="0" index="0" bw="1" slack="0"/>
<pin id="81" dir="0" index="1" bw="12" slack="0"/>
<pin id="82" dir="1" index="2" bw="0" slack="2147483647"/>
</pin_list>
<bind>
<opcode="store(28) " fcode="store"/>
<opset="store_ln66/1 "/>
</bind>
</comp>

<comp id="84" class="1004" name="y_20_load_fu_84">
<pin_list>
<pin id="85" dir="0" index="0" bw="12" slack="1"/>
<pin id="86" dir="1" index="1" bw="12" slack="0"/>
</pin_list>
<bind>
<opcode="load(27) " fcode="load"/>
<opset="y_20/2 "/>
</bind>
</comp>

<comp id="87" class="1004" name="icmp_ln74_fu_87">
<pin_list>
<pin id="88" dir="0" index="0" bw="12" slack="0"/>
<pin id="89" dir="0" index="1" bw="12" slack="1"/>
<pin id="90" dir="1" index="2" bw="1" slack="2147483647"/>
</pin_list>
<bind>
<opcode="icmp(45) " fcode="icmp"/>
<opset="icmp_ln74/2 "/>
</bind>
</comp>

<comp id="92" class="1004" name="y_21_fu_92">
<pin_list>
<pin id="93" dir="0" index="0" bw="12" slack="0"/>
<pin id="94" dir="0" index="1" bw="1" slack="0"/>
<pin id="95" dir="1" index="2" bw="12" slack="0"/>
</pin_list>
<bind>
<opcode="add(8) " fcode="add"/>
<opset="y_21/2 "/>
</bind>
</comp>

<comp id="98" class="1004" name="store_ln66_store_fu_98">
<pin_list>
<pin id="99" dir="0" index="0" bw="12" slack="0"/>
<pin id="100" dir="0" index="1" bw="12" slack="1"/>
<pin id="101" dir="1" index="2" bw="0" slack="2147483647"/>
</pin_list>
<bind>
<opcode="store(28) " fcode="store"/>
<opset="store_ln66/2 "/>
</bind>
</comp>

<comp id="103" class="1005" name="HwReg_layerEnableFlag_1_val_read_reg_103">
<pin_list>
<pin id="104" dir="0" index="0" bw="1" slack="1"/>
<pin id="105" dir="1" index="1" bw="1" slack="2147483647"/>
</pin_list>
<bind>
<opset="HwReg_layerEnableFlag_1_val_read "/>
</bind>
</comp>

<comp id="107" class="1005" name="HwReg_layerWidth_1_val_read_reg_107">
<pin_list>
<pin id="108" dir="0" index="0" bw="12" slack="1"/>
<pin id="109" dir="1" index="1" bw="12" slack="1"/>
</pin_list>
<bind>
<opset="HwReg_layerWidth_1_val_read "/>
</bind>
</comp>

<comp id="112" class="1005" name="HwReg_layerHeight_1_val_read_reg_112">
<pin_list>
<pin id="113" dir="0" index="0" bw="12" slack="1"/>
<pin id="114" dir="1" index="1" bw="12" slack="1"/>
</pin_list>
<bind>
<opset="HwReg_layerHeight_1_val_read "/>
</bind>
</comp>

<comp id="117" class="1005" name="y_reg_117">
<pin_list>
<pin id="118" dir="0" index="0" bw="12" slack="0"/>
<pin id="119" dir="1" index="1" bw="12" slack="0"/>
</pin_list>
<bind>
<opset="y "/>
</bind>
</comp>

</comp_list>

<net_list>
<net id="51"><net_src comp="30" pin="0"/><net_sink comp="48" pin=0"/></net>

<net id="56"><net_src comp="26" pin="0"/><net_sink comp="52" pin=0"/></net>

<net id="57"><net_src comp="6" pin="0"/><net_sink comp="52" pin=1"/></net>

<net id="62"><net_src comp="28" pin="0"/><net_sink comp="58" pin=0"/></net>

<net id="63"><net_src comp="4" pin="0"/><net_sink comp="58" pin=1"/></net>

<net id="68"><net_src comp="28" pin="0"/><net_sink comp="64" pin=0"/></net>

<net id="69"><net_src comp="2" pin="0"/><net_sink comp="64" pin=1"/></net>

<net id="76"><net_src comp="42" pin="0"/><net_sink comp="70" pin=0"/></net>

<net id="77"><net_src comp="0" pin="0"/><net_sink comp="70" pin=2"/></net>

<net id="78"><net_src comp="8" pin="0"/><net_sink comp="70" pin=3"/></net>

<net id="83"><net_src comp="32" pin="0"/><net_sink comp="79" pin=0"/></net>

<net id="91"><net_src comp="84" pin="1"/><net_sink comp="87" pin=0"/></net>

<net id="96"><net_src comp="84" pin="1"/><net_sink comp="92" pin=0"/></net>

<net id="97"><net_src comp="40" pin="0"/><net_sink comp="92" pin=1"/></net>

<net id="102"><net_src comp="92" pin="2"/><net_sink comp="98" pin=0"/></net>

<net id="106"><net_src comp="52" pin="2"/><net_sink comp="103" pin=0"/></net>

<net id="110"><net_src comp="58" pin="2"/><net_sink comp="107" pin=0"/></net>

<net id="111"><net_src comp="107" pin="1"/><net_sink comp="70" pin=1"/></net>

<net id="115"><net_src comp="64" pin="2"/><net_sink comp="112" pin=0"/></net>

<net id="116"><net_src comp="112" pin="1"/><net_sink comp="87" pin=1"/></net>

<net id="120"><net_src comp="48" pin="1"/><net_sink comp="117" pin=0"/></net>

<net id="121"><net_src comp="117" pin="1"/><net_sink comp="79" pin=1"/></net>

<net id="122"><net_src comp="117" pin="1"/><net_sink comp="84" pin=0"/></net>

<net id="123"><net_src comp="117" pin="1"/><net_sink comp="98" pin=1"/></net>

</net_list>

</model> 
---------------- Datapath Model END ------------------

* FSMD analyzer results:
  - Output states:
	Port: srcLayer1Yuv422 | {2 3 }
 - Input state : 
	Port: v_mix_420_to_422<false>.6 : srcLayer1 | {2 3 }
	Port: v_mix_420_to_422<false>.6 : HwReg_layerHeight_1_val | {1 }
	Port: v_mix_420_to_422<false>.6 : HwReg_layerWidth_1_val | {1 }
	Port: v_mix_420_to_422<false>.6 : HwReg_layerEnableFlag_1_val | {1 }
  - Chain level:
	State 1
		store_ln66 : 1
	State 2
		icmp_ln74 : 1
		y_21 : 1
		br_ln74 : 2
		store_ln66 : 2
	State 3


============================================================
+ Verbose Summary: Datapath Resource usage 
============================================================

* Functional unit list:
|----------|-------------------------------------------------------------|---------|---------|
| Operation|                       Functional Unit                       |    FF   |   LUT   |
|----------|-------------------------------------------------------------|---------|---------|
|   call   | grp_v_mix_420_to_422_false_6_Pipeline_VITIS_LOOP_76_2_fu_70 |    12   |    38   |
|----------|-------------------------------------------------------------|---------|---------|
|   icmp   |                       icmp_ln74_fu_87                       |    0    |    19   |
|----------|-------------------------------------------------------------|---------|---------|
|    add   |                          y_21_fu_92                         |    0    |    19   |
|----------|-------------------------------------------------------------|---------|---------|
|          |         HwReg_layerEnableFlag_1_val_read_read_fu_52         |    0    |    0    |
|   read   |            HwReg_layerWidth_1_val_read_read_fu_58           |    0    |    0    |
|          |           HwReg_layerHeight_1_val_read_read_fu_64           |    0    |    0    |
|----------|-------------------------------------------------------------|---------|---------|
|   Total  |                                                             |    12   |    76   |
|----------|-------------------------------------------------------------|---------|---------|

Memories:
N/A

* Register list:
+----------------------------------------+--------+
|                                        |   FF   |
+----------------------------------------+--------+
|HwReg_layerEnableFlag_1_val_read_reg_103|    1   |
|  HwReg_layerHeight_1_val_read_reg_112  |   12   |
|   HwReg_layerWidth_1_val_read_reg_107  |   12   |
|                y_reg_117               |   12   |
+----------------------------------------+--------+
|                  Total                 |   37   |
+----------------------------------------+--------+

* Multiplexer (MUX) list: 
|--------|------|------|------|--------|
|  Comp  |  Pin | Size |  BW  | S x BW |
|--------|------|------|------|--------|
|  Total |      |      |      |    0   |
|--------|------|------|------|--------|



* Summary:
+-----------+--------+--------+
|           |   FF   |   LUT  |
+-----------+--------+--------+
|  Function |   12   |   76   |
|   Memory  |    -   |    -   |
|Multiplexer|    -   |    -   |
|  Register |   37   |    -   |
+-----------+--------+--------+
|   Total   |   49   |   76   |
+-----------+--------+--------+
