

================================================================
== Vitis HLS Report for 'v_mix_core_alpha_true_false_Pipeline_VITIS_LOOP_395_3'
================================================================
* Date:           Sat Sep  6 13:59:17 2025

* Version:        2025.1 (Build 6135595 on May 21 2025)
* Project:        prj
* Solution:       sol (Vivado IP Flow Target)
* Product family: zynquplus
* Target device:  xczu3eg-sfvc784-1-e


================================================================
== Performance Estimates
================================================================
+ Timing: 
    * Summary: 
    +--------+---------+----------+------------+
    |  Clock |  Target | Estimated| Uncertainty|
    +--------+---------+----------+------------+
    |ap_clk  |  5.00 ns|  2.656 ns|     1.35 ns|
    +--------+---------+----------+------------+

+ Latency: 
    * Summary: 
    +---------+---------+----------+-----------+-----+------+------------------------------------------------+
    |  Latency (cycles) |  Latency (absolute)  |  Interval  |                    Pipeline                    |
    |   min   |   max   |    min   |    max    | min |  max |                      Type                      |
    +---------+---------+----------+-----------+-----+------+------------------------------------------------+
    |       70|     3846|  0.350 us|  19.230 us|   65|  3841|  loop auto-rewind stp (delay=0 clock cycles(s))|
    +---------+---------+----------+-----------+-----+------+------------------------------------------------+

    + Detail: 
        * Instance: 
        N/A

        * Loop: 
        +--------------------+---------+---------+----------+-----------+-----------+-----------+----------+
        |                    |  Latency (cycles) | Iteration|  Initiation Interval  |    Trip   |          |
        |      Loop Name     |   min   |   max   |  Latency |  achieved |   target  |   Count   | Pipelined|
        +--------------------+---------+---------+----------+-----------+-----------+-----------+----------+
        |- VITIS_LOOP_395_3  |       68|     3844|         6|          1|          1|  64 ~ 3840|       yes|
        +--------------------+---------+---------+----------+-----------+-----------+-----------+----------+

============================================================
+ Verbose Summary: Synthesis Manager
============================================================
InlineROM: 1
ExposeGlobal: 0
============================================================
+ Verbose Summary: CDFG Model
============================================================
IsTopModel: 0
ResetActiveHigh: 1
IsCombinational: 0
IsDatapathOnly: 0
HasWiredReturn: 1
HasMFsm: 2
HasVarLatency: 1
IsPipeline: 0
IsRtlPipelined: 0
IsInstanceOverlapped: 0
IsDontTouch: 0
HasImplIP: 0
IsGatedGlobalClock: 0

+ Individual pipeline summary: 
  * Pipeline-0: initiation interval (II) = 1, depth = 6


============================================================
+ Verbose Summary: Schedule
============================================================
* Number of FSM states : 6
* Pipeline : 1
  Pipeline-0 : II = 1, D = 6, States = { 1 2 3 4 5 6 }
* Dataflow Pipeline: 0

* FSM state transitions: 
1 --> 2 
2 --> 3 
3 --> 4 
4 --> 5 
5 --> 6 
6 --> 

* FSM state operations: 

State 1 <SV = 0> <Delay = 2.33>
ST_1 : Operation 9 [1/1] (0.00ns)   --->   "%x = alloca i32 1" [/home/e/Documents/research/byotee/OSDZU3_Ref_Design/OSDZU3_Ref_Design.runs/design_1_v_mix_0_0_synth_1/prj/sol/.autopilot/db/v_mix.cpp:366]   --->   Operation 9 'alloca' 'x' <Predicate = true> <Delay = 0.00>
ST_1 : Operation 10 [1/1] (0.00ns)   --->   "%specstablecontent_ln0 = specstablecontent void @_ssdm_op_SpecStableContent, i12 %hwReg_width_val, i1 1, void "   --->   Operation 10 'specstablecontent' 'specstablecontent_ln0' <Predicate = true> <Delay = 0.00>
ST_1 : Operation 11 [1/1] (0.00ns)   --->   "%specstablecontent_ln0 = specstablecontent void @_ssdm_op_SpecStableContent, i16 %hwReg_layerStartX_2_val, i1 1, void @p_str"   --->   Operation 11 'specstablecontent' 'specstablecontent_ln0' <Predicate = true> <Delay = 0.00>
ST_1 : Operation 12 [1/1] (0.00ns)   --->   "%specinterface_ln0 = specinterface void @_ssdm_op_SpecInterface, i24 %outLayer1, void @empty_42, i32 0, i32 0, void @empty_0, i32 0, i32 0, void @empty_0, void @empty_0, void @empty_0, i32 0, i32 0, i32 0, i32 0, void @empty_0, void @empty_0, i32 4294967295, i32 0, i32 0"   --->   Operation 12 'specinterface' 'specinterface_ln0' <Predicate = true> <Delay = 0.00>
ST_1 : Operation 13 [1/1] (0.00ns)   --->   "%specinterface_ln0 = specinterface void @_ssdm_op_SpecInterface, i24 %srcLayer2x, void @empty_42, i32 0, i32 0, void @empty_0, i32 0, i32 0, void @empty_0, void @empty_0, void @empty_0, i32 0, i32 0, i32 0, i32 0, void @empty_0, void @empty_0, i32 4294967295, i32 0, i32 0"   --->   Operation 13 'specinterface' 'specinterface_ln0' <Predicate = true> <Delay = 0.00>
ST_1 : Operation 14 [1/1] (0.00ns)   --->   "%specinterface_ln0 = specinterface void @_ssdm_op_SpecInterface, i24 %outLayer2, void @empty_42, i32 0, i32 0, void @empty_0, i32 0, i32 0, void @empty_0, void @empty_0, void @empty_0, i32 0, i32 0, i32 0, i32 0, void @empty_0, void @empty_0, i32 4294967295, i32 0, i32 0"   --->   Operation 14 'specinterface' 'specinterface_ln0' <Predicate = true> <Delay = 0.00>
ST_1 : Operation 15 [1/1] (0.00ns)   --->   "%tmp = read i1 @_ssdm_op_Read.ap_auto.i1, i1 %empty" [/home/e/Documents/research/byotee/OSDZU3_Ref_Design/OSDZU3_Ref_Design.runs/design_1_v_mix_0_0_synth_1/prj/sol/.autopilot/db/v_mix.cpp:371]   --->   Operation 15 'read' 'tmp' <Predicate = true> <Delay = 0.00>
ST_1 : Operation 16 [1/1] (0.00ns)   --->   "%rev7_read = read i1 @_ssdm_op_Read.ap_auto.i1, i1 %rev7" [/home/e/Documents/research/byotee/OSDZU3_Ref_Design/OSDZU3_Ref_Design.runs/design_1_v_mix_0_0_synth_1/prj/sol/.autopilot/db/v_mix.cpp:371]   --->   Operation 16 'read' 'rev7_read' <Predicate = true> <Delay = 0.00>
ST_1 : Operation 17 [1/1] (0.00ns)   --->   "%cmp65_read = read i1 @_ssdm_op_Read.ap_auto.i1, i1 %cmp65" [/home/e/Documents/research/byotee/OSDZU3_Ref_Design/OSDZU3_Ref_Design.runs/design_1_v_mix_0_0_synth_1/prj/sol/.autopilot/db/v_mix.cpp:371]   --->   Operation 17 'read' 'cmp65_read' <Predicate = true> <Delay = 0.00>
ST_1 : Operation 18 [1/1] (0.00ns)   --->   "%add75_read = read i17 @_ssdm_op_Read.ap_auto.i17, i17 %add75" [/home/e/Documents/research/byotee/OSDZU3_Ref_Design/OSDZU3_Ref_Design.runs/design_1_v_mix_0_0_synth_1/prj/sol/.autopilot/db/v_mix.cpp:371]   --->   Operation 18 'read' 'add75_read' <Predicate = true> <Delay = 0.00>
ST_1 : Operation 19 [1/1] (0.00ns)   --->   "%hwReg_layerStartX_2_val_read = read i16 @_ssdm_op_Read.ap_auto.i16, i16 %hwReg_layerStartX_2_val" [/home/e/Documents/research/byotee/OSDZU3_Ref_Design/OSDZU3_Ref_Design.runs/design_1_v_mix_0_0_synth_1/prj/sol/.autopilot/db/v_mix.cpp:371]   --->   Operation 19 'read' 'hwReg_layerStartX_2_val_read' <Predicate = true> <Delay = 0.00>
ST_1 : Operation 20 [1/1] (0.00ns)   --->   "%alpha_read = read i9 @_ssdm_op_Read.ap_auto.i9, i9 %alpha" [/home/e/Documents/research/byotee/OSDZU3_Ref_Design/OSDZU3_Ref_Design.runs/design_1_v_mix_0_0_synth_1/prj/sol/.autopilot/db/v_mix.cpp:371]   --->   Operation 20 'read' 'alpha_read' <Predicate = true> <Delay = 0.00>
ST_1 : Operation 21 [1/1] (0.00ns)   --->   "%hwReg_width_val_read = read i12 @_ssdm_op_Read.ap_auto.i12, i12 %hwReg_width_val" [/home/e/Documents/research/byotee/OSDZU3_Ref_Design/OSDZU3_Ref_Design.runs/design_1_v_mix_0_0_synth_1/prj/sol/.autopilot/db/v_mix.cpp:371]   --->   Operation 21 'read' 'hwReg_width_val_read' <Predicate = true> <Delay = 0.00>
ST_1 : Operation 22 [1/1] (0.48ns)   --->   "%store_ln366 = store i12 0, i12 %x" [/home/e/Documents/research/byotee/OSDZU3_Ref_Design/OSDZU3_Ref_Design.runs/design_1_v_mix_0_0_synth_1/prj/sol/.autopilot/db/v_mix.cpp:366]   --->   Operation 22 'store' 'store_ln366' <Predicate = true> <Delay = 0.48>
ST_1 : Operation 23 [1/1] (0.00ns)   --->   "%br_ln395 = br void %if.end" [/home/e/Documents/research/byotee/OSDZU3_Ref_Design/OSDZU3_Ref_Design.runs/design_1_v_mix_0_0_synth_1/prj/sol/.autopilot/db/v_mix.cpp:395]   --->   Operation 23 'br' 'br_ln395' <Predicate = true> <Delay = 0.00>
ST_1 : Operation 24 [1/1] (0.00ns)   --->   "%x_12 = load i12 %x" [/home/e/Documents/research/byotee/OSDZU3_Ref_Design/OSDZU3_Ref_Design.runs/design_1_v_mix_0_0_synth_1/prj/sol/.autopilot/db/v_mix.cpp:395]   --->   Operation 24 'load' 'x_12' <Predicate = true> <Delay = 0.00>
ST_1 : Operation 25 [1/1] (0.96ns)   --->   "%icmp_ln395 = icmp_eq  i12 %x_12, i12 %hwReg_width_val_read" [/home/e/Documents/research/byotee/OSDZU3_Ref_Design/OSDZU3_Ref_Design.runs/design_1_v_mix_0_0_synth_1/prj/sol/.autopilot/db/v_mix.cpp:395]   --->   Operation 25 'icmp' 'icmp_ln395' <Predicate = true> <Delay = 0.96> <CoreInst = "Cmp">   --->   Core 9 'Cmp' <Latency = 0> <II = 1> <Delay = 0.96> <FuncUnit> <Opcode : 'seteq' 'setne' 'setle' 'setge' 'setlt' 'setgt'> <InPorts = 2> <OutPorts = 1>
ST_1 : Operation 26 [1/1] (0.00ns)   --->   "%speclooptripcount_ln0 = speclooptripcount void @_ssdm_op_SpecLoopTripCount, i64 64, i64 3840, i64 0"   --->   Operation 26 'speclooptripcount' 'speclooptripcount_ln0' <Predicate = true> <Delay = 0.00>
ST_1 : Operation 27 [1/1] (0.96ns)   --->   "%add_ln395 = add i12 %x_12, i12 1" [/home/e/Documents/research/byotee/OSDZU3_Ref_Design/OSDZU3_Ref_Design.runs/design_1_v_mix_0_0_synth_1/prj/sol/.autopilot/db/v_mix.cpp:395]   --->   Operation 27 'add' 'add_ln395' <Predicate = true> <Delay = 0.96> <CoreInst = "Adder">   --->   Core 1 'Adder' <Latency = 0> <II = 1> <Delay = 0.96> <FuncUnit> <Opcode : 'add' 'sub'> <InPorts = 2> <OutPorts = 1>
ST_1 : Operation 28 [1/1] (0.00ns)   --->   "%br_ln395 = br i1 %icmp_ln395, void %if.end.split, void %for.inc136.exitStub" [/home/e/Documents/research/byotee/OSDZU3_Ref_Design/OSDZU3_Ref_Design.runs/design_1_v_mix_0_0_synth_1/prj/sol/.autopilot/db/v_mix.cpp:395]   --->   Operation 28 'br' 'br_ln395' <Predicate = true> <Delay = 0.00>
ST_1 : Operation 29 [1/1] (0.00ns)   --->   "%zext_ln395 = zext i12 %x_12" [/home/e/Documents/research/byotee/OSDZU3_Ref_Design/OSDZU3_Ref_Design.runs/design_1_v_mix_0_0_synth_1/prj/sol/.autopilot/db/v_mix.cpp:395]   --->   Operation 29 'zext' 'zext_ln395' <Predicate = (!icmp_ln395)> <Delay = 0.00>
ST_1 : Operation 30 [1/1] (0.00ns)   --->   "%zext_ln395_1 = zext i12 %x_12" [/home/e/Documents/research/byotee/OSDZU3_Ref_Design/OSDZU3_Ref_Design.runs/design_1_v_mix_0_0_synth_1/prj/sol/.autopilot/db/v_mix.cpp:395]   --->   Operation 30 'zext' 'zext_ln395_1' <Predicate = (!icmp_ln395)> <Delay = 0.00>
ST_1 : Operation 31 [1/1] (1.01ns)   --->   "%icmp_ln408 = icmp_ult  i16 %zext_ln395_1, i16 %hwReg_layerStartX_2_val_read" [/home/e/Documents/research/byotee/OSDZU3_Ref_Design/OSDZU3_Ref_Design.runs/design_1_v_mix_0_0_synth_1/prj/sol/.autopilot/db/v_mix.cpp:408]   --->   Operation 31 'icmp' 'icmp_ln408' <Predicate = (!icmp_ln395)> <Delay = 1.01> <CoreInst = "Cmp">   --->   Core 9 'Cmp' <Latency = 0> <II = 1> <Delay = 1.01> <FuncUnit> <Opcode : 'seteq' 'setne' 'setle' 'setge' 'setlt' 'setgt'> <InPorts = 2> <OutPorts = 1>
ST_1 : Operation 32 [1/1] (0.00ns) (grouped into LUT with out node and_ln407_3)   --->   "%xor_ln408 = xor i1 %icmp_ln408, i1 1" [/home/e/Documents/research/byotee/OSDZU3_Ref_Design/OSDZU3_Ref_Design.runs/design_1_v_mix_0_0_synth_1/prj/sol/.autopilot/db/v_mix.cpp:408]   --->   Operation 32 'xor' 'xor_ln408' <Predicate = (!icmp_ln395)> <Delay = 0.00> <CoreInst = "LogicGate">   --->   Core 74 'LogicGate' <Latency = 0> <II = 1> <Delay = 0.33> <FuncUnit> <Opcode : 'and' 'or' 'xor'> <InPorts = 2> <OutPorts = 1>
ST_1 : Operation 33 [1/1] (1.02ns)   --->   "%icmp_ln409 = icmp_ugt  i17 %add75_read, i17 %zext_ln395" [/home/e/Documents/research/byotee/OSDZU3_Ref_Design/OSDZU3_Ref_Design.runs/design_1_v_mix_0_0_synth_1/prj/sol/.autopilot/db/v_mix.cpp:409]   --->   Operation 33 'icmp' 'icmp_ln409' <Predicate = (!icmp_ln395)> <Delay = 1.02> <CoreInst = "Cmp">   --->   Core 9 'Cmp' <Latency = 0> <II = 1> <Delay = 1.02> <FuncUnit> <Opcode : 'seteq' 'setne' 'setle' 'setge' 'setlt' 'setgt'> <InPorts = 2> <OutPorts = 1>
ST_1 : Operation 34 [1/1] (0.00ns) (grouped into LUT with out node and_ln407_3)   --->   "%and_ln407 = and i1 %cmp65_read, i1 %rev7_read" [/home/e/Documents/research/byotee/OSDZU3_Ref_Design/OSDZU3_Ref_Design.runs/design_1_v_mix_0_0_synth_1/prj/sol/.autopilot/db/v_mix.cpp:407]   --->   Operation 34 'and' 'and_ln407' <Predicate = (!icmp_ln395)> <Delay = 0.00> <CoreInst = "LogicGate">   --->   Core 74 'LogicGate' <Latency = 0> <II = 1> <Delay = 0.33> <FuncUnit> <Opcode : 'and' 'or' 'xor'> <InPorts = 2> <OutPorts = 1>
ST_1 : Operation 35 [1/1] (0.00ns) (grouped into LUT with out node and_ln407_3)   --->   "%and_ln407_2 = and i1 %tmp, i1 %and_ln407" [/home/e/Documents/research/byotee/OSDZU3_Ref_Design/OSDZU3_Ref_Design.runs/design_1_v_mix_0_0_synth_1/prj/sol/.autopilot/db/v_mix.cpp:407]   --->   Operation 35 'and' 'and_ln407_2' <Predicate = (!icmp_ln395)> <Delay = 0.00> <CoreInst = "LogicGate">   --->   Core 74 'LogicGate' <Latency = 0> <II = 1> <Delay = 0.33> <FuncUnit> <Opcode : 'and' 'or' 'xor'> <InPorts = 2> <OutPorts = 1>
ST_1 : Operation 36 [1/1] (0.00ns) (grouped into LUT with out node and_ln407_3)   --->   "%and_ln407_1 = and i1 %icmp_ln409, i1 %and_ln407_2" [/home/e/Documents/research/byotee/OSDZU3_Ref_Design/OSDZU3_Ref_Design.runs/design_1_v_mix_0_0_synth_1/prj/sol/.autopilot/db/v_mix.cpp:407]   --->   Operation 36 'and' 'and_ln407_1' <Predicate = (!icmp_ln395)> <Delay = 0.00> <CoreInst = "LogicGate">   --->   Core 74 'LogicGate' <Latency = 0> <II = 1> <Delay = 0.33> <FuncUnit> <Opcode : 'and' 'or' 'xor'> <InPorts = 2> <OutPorts = 1>
ST_1 : Operation 37 [1/1] (0.33ns) (out node of the LUT)   --->   "%and_ln407_3 = and i1 %and_ln407_1, i1 %xor_ln408" [/home/e/Documents/research/byotee/OSDZU3_Ref_Design/OSDZU3_Ref_Design.runs/design_1_v_mix_0_0_synth_1/prj/sol/.autopilot/db/v_mix.cpp:407]   --->   Operation 37 'and' 'and_ln407_3' <Predicate = (!icmp_ln395)> <Delay = 0.33> <CoreInst = "LogicGate">   --->   Core 74 'LogicGate' <Latency = 0> <II = 1> <Delay = 0.33> <FuncUnit> <Opcode : 'and' 'or' 'xor'> <InPorts = 2> <OutPorts = 1>
ST_1 : Operation 38 [1/1] (0.48ns)   --->   "%br_ln407 = br i1 %and_ln407_3, void %VITIS_LOOP_419_4, void %if.then84" [/home/e/Documents/research/byotee/OSDZU3_Ref_Design/OSDZU3_Ref_Design.runs/design_1_v_mix_0_0_synth_1/prj/sol/.autopilot/db/v_mix.cpp:407]   --->   Operation 38 'br' 'br_ln407' <Predicate = (!icmp_ln395)> <Delay = 0.48>
ST_1 : Operation 39 [1/1] (0.48ns)   --->   "%store_ln366 = store i12 %add_ln395, i12 %x" [/home/e/Documents/research/byotee/OSDZU3_Ref_Design/OSDZU3_Ref_Design.runs/design_1_v_mix_0_0_synth_1/prj/sol/.autopilot/db/v_mix.cpp:366]   --->   Operation 39 'store' 'store_ln366' <Predicate = (!icmp_ln395)> <Delay = 0.48>

State 2 <SV = 1> <Delay = 1.82>
ST_2 : Operation 40 [1/1] (0.00ns)   --->   "%specpipeline_ln398 = specpipeline void @_ssdm_op_SpecPipeline, i32 4294967295, i32 0, i32 0, i32 0, void @empty_0" [/home/e/Documents/research/byotee/OSDZU3_Ref_Design/OSDZU3_Ref_Design.runs/design_1_v_mix_0_0_synth_1/prj/sol/.autopilot/db/v_mix.cpp:398]   --->   Operation 40 'specpipeline' 'specpipeline_ln398' <Predicate = (!icmp_ln395)> <Delay = 0.00>
ST_2 : Operation 41 [1/1] (0.00ns)   --->   "%specloopname_ln395 = specloopname void @_ssdm_op_SpecLoopName, void @empty_41" [/home/e/Documents/research/byotee/OSDZU3_Ref_Design/OSDZU3_Ref_Design.runs/design_1_v_mix_0_0_synth_1/prj/sol/.autopilot/db/v_mix.cpp:395]   --->   Operation 41 'specloopname' 'specloopname_ln395' <Predicate = (!icmp_ln395)> <Delay = 0.00>
ST_2 : Operation 42 [1/1] ( I:1.82ns O:1.82ns )   --->   "%outLayer1_read = read i24 @_ssdm_op_Read.ap_fifo.volatile.i24P0A, i24 %outLayer1" [/home/e/Documents/research/byotee/OSDZU3_Ref_Design/OSDZU3_Ref_Design.runs/design_1_v_mix_0_0_synth_1/prj/sol/.autopilot/db/v_mix.cpp:400]   --->   Operation 42 'read' 'outLayer1_read' <Predicate = (!icmp_ln395)> <Delay = 1.82> <CoreInst = "FIFO_SRL">   --->   Core 80 'FIFO_SRL' <Latency = 0> <II = 1> <Delay = 2.16> <Storage> <Opcode : 'read' 'write' 'nbread' 'nbwrite'> <Ports = 0> <Width = 24> <Depth = 2> <FIFO>
ST_2 : Operation 43 [1/1] (0.00ns)   --->   "%trunc_ln400 = trunc i24 %outLayer1_read" [/home/e/Documents/research/byotee/OSDZU3_Ref_Design/OSDZU3_Ref_Design.runs/design_1_v_mix_0_0_synth_1/prj/sol/.autopilot/db/v_mix.cpp:400]   --->   Operation 43 'trunc' 'trunc_ln400' <Predicate = (!icmp_ln395)> <Delay = 0.00>
ST_2 : Operation 44 [1/1] ( I:1.82ns O:1.82ns )   --->   "%srcLayer2x_read = read i24 @_ssdm_op_Read.ap_fifo.volatile.i24P0A, i24 %srcLayer2x" [/home/e/Documents/research/byotee/OSDZU3_Ref_Design/OSDZU3_Ref_Design.runs/design_1_v_mix_0_0_synth_1/prj/sol/.autopilot/db/v_mix.cpp:414]   --->   Operation 44 'read' 'srcLayer2x_read' <Predicate = (!icmp_ln395 & and_ln407_3)> <Delay = 1.82> <CoreInst = "FIFO_SRL">   --->   Core 80 'FIFO_SRL' <Latency = 0> <II = 1> <Delay = 2.16> <Storage> <Opcode : 'read' 'write' 'nbread' 'nbwrite'> <Ports = 0> <Width = 24> <Depth = 2> <FIFO>
ST_2 : Operation 45 [1/1] (0.00ns)   --->   "%trunc_ln414 = trunc i24 %srcLayer2x_read" [/home/e/Documents/research/byotee/OSDZU3_Ref_Design/OSDZU3_Ref_Design.runs/design_1_v_mix_0_0_synth_1/prj/sol/.autopilot/db/v_mix.cpp:414]   --->   Operation 45 'trunc' 'trunc_ln414' <Predicate = (!icmp_ln395 & and_ln407_3)> <Delay = 0.00>
ST_2 : Operation 46 [1/1] (0.00ns)   --->   "%trunc_ln414_1 = partselect i8 @_ssdm_op_PartSelect.i8.i24.i32.i32, i24 %srcLayer2x_read, i32 8, i32 15" [/home/e/Documents/research/byotee/OSDZU3_Ref_Design/OSDZU3_Ref_Design.runs/design_1_v_mix_0_0_synth_1/prj/sol/.autopilot/db/v_mix.cpp:414]   --->   Operation 46 'partselect' 'trunc_ln414_1' <Predicate = (!icmp_ln395 & and_ln407_3)> <Delay = 0.00>
ST_2 : Operation 47 [1/1] (0.00ns)   --->   "%trunc_ln414_2 = partselect i8 @_ssdm_op_PartSelect.i8.i24.i32.i32, i24 %srcLayer2x_read, i32 16, i32 23" [/home/e/Documents/research/byotee/OSDZU3_Ref_Design/OSDZU3_Ref_Design.runs/design_1_v_mix_0_0_synth_1/prj/sol/.autopilot/db/v_mix.cpp:414]   --->   Operation 47 'partselect' 'trunc_ln414_2' <Predicate = (!icmp_ln395 & and_ln407_3)> <Delay = 0.00>
ST_2 : Operation 48 [1/1] (0.00ns)   --->   "%store_ln414 = store i8 %trunc_ln414_2, i8 %p_out" [/home/e/Documents/research/byotee/OSDZU3_Ref_Design/OSDZU3_Ref_Design.runs/design_1_v_mix_0_0_synth_1/prj/sol/.autopilot/db/v_mix.cpp:414]   --->   Operation 48 'store' 'store_ln414' <Predicate = (!icmp_ln395 & and_ln407_3)> <Delay = 0.00>
ST_2 : Operation 49 [1/1] (0.00ns)   --->   "%store_ln414 = store i8 %trunc_ln414_1, i8 %p_out1" [/home/e/Documents/research/byotee/OSDZU3_Ref_Design/OSDZU3_Ref_Design.runs/design_1_v_mix_0_0_synth_1/prj/sol/.autopilot/db/v_mix.cpp:414]   --->   Operation 49 'store' 'store_ln414' <Predicate = (!icmp_ln395 & and_ln407_3)> <Delay = 0.00>
ST_2 : Operation 50 [1/1] (0.00ns)   --->   "%store_ln414 = store i8 %trunc_ln414, i8 %p_out2" [/home/e/Documents/research/byotee/OSDZU3_Ref_Design/OSDZU3_Ref_Design.runs/design_1_v_mix_0_0_synth_1/prj/sol/.autopilot/db/v_mix.cpp:414]   --->   Operation 50 'store' 'store_ln414' <Predicate = (!icmp_ln395 & and_ln407_3)> <Delay = 0.00>
ST_2 : Operation 51 [1/1] (0.48ns)   --->   "%br_ln416 = br void %VITIS_LOOP_419_4" [/home/e/Documents/research/byotee/OSDZU3_Ref_Design/OSDZU3_Ref_Design.runs/design_1_v_mix_0_0_synth_1/prj/sol/.autopilot/db/v_mix.cpp:416]   --->   Operation 51 'br' 'br_ln416' <Predicate = (!icmp_ln395 & and_ln407_3)> <Delay = 0.48>
ST_2 : Operation 52 [1/1] (0.00ns)   --->   "%tmp_1 = partselect i8 @_ssdm_op_PartSelect.i8.i24.i32.i32, i24 %outLayer1_read, i32 8, i32 15" [/home/e/Documents/research/byotee/OSDZU3_Ref_Design/OSDZU3_Ref_Design.runs/design_1_v_mix_0_0_synth_1/prj/sol/.autopilot/db/v_mix.cpp:426]   --->   Operation 52 'partselect' 'tmp_1' <Predicate = true> <Delay = 0.00>
ST_2 : Operation 53 [1/1] (0.00ns)   --->   "%tmp_4 = partselect i8 @_ssdm_op_PartSelect.i8.i24.i32.i32, i24 %outLayer1_read, i32 16, i32 23" [/home/e/Documents/research/byotee/OSDZU3_Ref_Design/OSDZU3_Ref_Design.runs/design_1_v_mix_0_0_synth_1/prj/sol/.autopilot/db/v_mix.cpp:426]   --->   Operation 53 'partselect' 'tmp_4' <Predicate = true> <Delay = 0.00>

State 3 <SV = 2> <Delay = 1.99>
ST_3 : Operation 54 [1/1] (0.00ns)   --->   "%a = phi i9 %alpha_read, void %if.then84, i9 0, void %if.end.split" [/home/e/Documents/research/byotee/OSDZU3_Ref_Design/OSDZU3_Ref_Design.runs/design_1_v_mix_0_0_synth_1/prj/sol/.autopilot/db/v_mix.cpp:371]   --->   Operation 54 'phi' 'a' <Predicate = true> <Delay = 0.00>
ST_3 : Operation 55 [1/1] (0.00ns)   --->   "%p_out2_load = load i8 %p_out2" [/home/e/Documents/research/byotee/OSDZU3_Ref_Design/OSDZU3_Ref_Design.runs/design_1_v_mix_0_0_synth_1/prj/sol/.autopilot/db/v_mix.cpp:426]   --->   Operation 55 'load' 'p_out2_load' <Predicate = true> <Delay = 0.00>
ST_3 : Operation 56 [1/1] (0.00ns)   --->   "%p_out1_load = load i8 %p_out1" [/home/e/Documents/research/byotee/OSDZU3_Ref_Design/OSDZU3_Ref_Design.runs/design_1_v_mix_0_0_synth_1/prj/sol/.autopilot/db/v_mix.cpp:426]   --->   Operation 56 'load' 'p_out1_load' <Predicate = true> <Delay = 0.00>
ST_3 : Operation 57 [1/1] (0.00ns)   --->   "%p_out_load = load i8 %p_out" [/home/e/Documents/research/byotee/OSDZU3_Ref_Design/OSDZU3_Ref_Design.runs/design_1_v_mix_0_0_synth_1/prj/sol/.autopilot/db/v_mix.cpp:426]   --->   Operation 57 'load' 'p_out_load' <Predicate = true> <Delay = 0.00>
ST_3 : Operation 58 [1/1] (0.00ns)   --->   "%zext_ln426 = zext i8 %p_out2_load" [/home/e/Documents/research/byotee/OSDZU3_Ref_Design/OSDZU3_Ref_Design.runs/design_1_v_mix_0_0_synth_1/prj/sol/.autopilot/db/v_mix.cpp:426]   --->   Operation 58 'zext' 'zext_ln426' <Predicate = true> <Delay = 0.00>
ST_3 : Operation 59 [1/1] (0.00ns)   --->   "%zext_ln426_1 = zext i8 %trunc_ln400" [/home/e/Documents/research/byotee/OSDZU3_Ref_Design/OSDZU3_Ref_Design.runs/design_1_v_mix_0_0_synth_1/prj/sol/.autopilot/db/v_mix.cpp:426]   --->   Operation 59 'zext' 'zext_ln426_1' <Predicate = true> <Delay = 0.00>
ST_3 : Operation 60 [1/1] (0.90ns)   --->   "%sub_ln426 = sub i9 %zext_ln426, i9 %zext_ln426_1" [/home/e/Documents/research/byotee/OSDZU3_Ref_Design/OSDZU3_Ref_Design.runs/design_1_v_mix_0_0_synth_1/prj/sol/.autopilot/db/v_mix.cpp:426]   --->   Operation 60 'sub' 'sub_ln426' <Predicate = true> <Delay = 0.90> <CoreInst = "Adder">   --->   Core 1 'Adder' <Latency = 0> <II = 1> <Delay = 0.90> <FuncUnit> <Opcode : 'add' 'sub'> <InPorts = 2> <OutPorts = 1>
ST_3 : Operation 61 [1/1] (0.00ns)   --->   "%sext_ln425 = sext i9 %sub_ln426" [/home/e/Documents/research/byotee/OSDZU3_Ref_Design/OSDZU3_Ref_Design.runs/design_1_v_mix_0_0_synth_1/prj/sol/.autopilot/db/v_mix.cpp:425]   --->   Operation 61 'sext' 'sext_ln425' <Predicate = true> <Delay = 0.00>
ST_3 : Operation 62 [1/1] (0.00ns)   --->   "%zext_ln425 = zext i9 %a" [/home/e/Documents/research/byotee/OSDZU3_Ref_Design/OSDZU3_Ref_Design.runs/design_1_v_mix_0_0_synth_1/prj/sol/.autopilot/db/v_mix.cpp:425]   --->   Operation 62 'zext' 'zext_ln425' <Predicate = true> <Delay = 0.00>
ST_3 : Operation 63 [3/3] (1.08ns) (grouped into DSP with root node add_ln427)   --->   "%mul_ln427 = mul i16 %sext_ln425, i16 %zext_ln425" [/home/e/Documents/research/byotee/OSDZU3_Ref_Design/OSDZU3_Ref_Design.runs/design_1_v_mix_0_0_synth_1/prj/sol/.autopilot/db/v_mix.cpp:427]   --->   Operation 63 'mul' 'mul_ln427' <Predicate = true> <Delay = 1.08> <CoreInst = "DSP48">   --->   Core 124 'DSP48' <Latency = 3> <II = 1> <Delay = 0.69> <IPBlock> <Opcode : 'add' 'sub' 'mul' 'select'> <InPorts = 0> <OutPorts = 1> <Sync> <CReg>
ST_3 : Operation 64 [1/1] (0.00ns)   --->   "%zext_ln426_2 = zext i8 %p_out1_load" [/home/e/Documents/research/byotee/OSDZU3_Ref_Design/OSDZU3_Ref_Design.runs/design_1_v_mix_0_0_synth_1/prj/sol/.autopilot/db/v_mix.cpp:426]   --->   Operation 64 'zext' 'zext_ln426_2' <Predicate = true> <Delay = 0.00>
ST_3 : Operation 65 [1/1] (0.00ns)   --->   "%zext_ln426_4 = zext i8 %tmp_1" [/home/e/Documents/research/byotee/OSDZU3_Ref_Design/OSDZU3_Ref_Design.runs/design_1_v_mix_0_0_synth_1/prj/sol/.autopilot/db/v_mix.cpp:426]   --->   Operation 65 'zext' 'zext_ln426_4' <Predicate = true> <Delay = 0.00>
ST_3 : Operation 66 [1/1] (0.90ns)   --->   "%sub_ln426_1 = sub i9 %zext_ln426_2, i9 %zext_ln426_4" [/home/e/Documents/research/byotee/OSDZU3_Ref_Design/OSDZU3_Ref_Design.runs/design_1_v_mix_0_0_synth_1/prj/sol/.autopilot/db/v_mix.cpp:426]   --->   Operation 66 'sub' 'sub_ln426_1' <Predicate = true> <Delay = 0.90> <CoreInst = "Adder">   --->   Core 1 'Adder' <Latency = 0> <II = 1> <Delay = 0.90> <FuncUnit> <Opcode : 'add' 'sub'> <InPorts = 2> <OutPorts = 1>
ST_3 : Operation 67 [1/1] (0.00ns)   --->   "%sext_ln425_1 = sext i9 %sub_ln426_1" [/home/e/Documents/research/byotee/OSDZU3_Ref_Design/OSDZU3_Ref_Design.runs/design_1_v_mix_0_0_synth_1/prj/sol/.autopilot/db/v_mix.cpp:425]   --->   Operation 67 'sext' 'sext_ln425_1' <Predicate = true> <Delay = 0.00>
ST_3 : Operation 68 [3/3] (1.08ns) (grouped into DSP with root node add_ln427_1)   --->   "%mul_ln427_1 = mul i16 %zext_ln425, i16 %sext_ln425_1" [/home/e/Documents/research/byotee/OSDZU3_Ref_Design/OSDZU3_Ref_Design.runs/design_1_v_mix_0_0_synth_1/prj/sol/.autopilot/db/v_mix.cpp:427]   --->   Operation 68 'mul' 'mul_ln427_1' <Predicate = true> <Delay = 1.08> <CoreInst = "DSP48">   --->   Core 124 'DSP48' <Latency = 3> <II = 1> <Delay = 0.69> <IPBlock> <Opcode : 'add' 'sub' 'mul' 'select'> <InPorts = 0> <OutPorts = 1> <Sync> <CReg>
ST_3 : Operation 69 [1/1] (0.00ns)   --->   "%zext_ln426_3 = zext i8 %p_out_load" [/home/e/Documents/research/byotee/OSDZU3_Ref_Design/OSDZU3_Ref_Design.runs/design_1_v_mix_0_0_synth_1/prj/sol/.autopilot/db/v_mix.cpp:426]   --->   Operation 69 'zext' 'zext_ln426_3' <Predicate = true> <Delay = 0.00>
ST_3 : Operation 70 [1/1] (0.00ns)   --->   "%zext_ln426_5 = zext i8 %tmp_4" [/home/e/Documents/research/byotee/OSDZU3_Ref_Design/OSDZU3_Ref_Design.runs/design_1_v_mix_0_0_synth_1/prj/sol/.autopilot/db/v_mix.cpp:426]   --->   Operation 70 'zext' 'zext_ln426_5' <Predicate = true> <Delay = 0.00>
ST_3 : Operation 71 [1/1] (0.90ns)   --->   "%sub_ln426_2 = sub i9 %zext_ln426_3, i9 %zext_ln426_5" [/home/e/Documents/research/byotee/OSDZU3_Ref_Design/OSDZU3_Ref_Design.runs/design_1_v_mix_0_0_synth_1/prj/sol/.autopilot/db/v_mix.cpp:426]   --->   Operation 71 'sub' 'sub_ln426_2' <Predicate = true> <Delay = 0.90> <CoreInst = "Adder">   --->   Core 1 'Adder' <Latency = 0> <II = 1> <Delay = 0.90> <FuncUnit> <Opcode : 'add' 'sub'> <InPorts = 2> <OutPorts = 1>
ST_3 : Operation 72 [1/1] (0.00ns)   --->   "%sext_ln425_2 = sext i9 %sub_ln426_2" [/home/e/Documents/research/byotee/OSDZU3_Ref_Design/OSDZU3_Ref_Design.runs/design_1_v_mix_0_0_synth_1/prj/sol/.autopilot/db/v_mix.cpp:425]   --->   Operation 72 'sext' 'sext_ln425_2' <Predicate = true> <Delay = 0.00>
ST_3 : Operation 73 [3/3] (1.08ns) (grouped into DSP with root node add_ln427_2)   --->   "%mul_ln427_2 = mul i16 %zext_ln425, i16 %sext_ln425_2" [/home/e/Documents/research/byotee/OSDZU3_Ref_Design/OSDZU3_Ref_Design.runs/design_1_v_mix_0_0_synth_1/prj/sol/.autopilot/db/v_mix.cpp:427]   --->   Operation 73 'mul' 'mul_ln427_2' <Predicate = true> <Delay = 1.08> <CoreInst = "DSP48">   --->   Core 124 'DSP48' <Latency = 3> <II = 1> <Delay = 0.69> <IPBlock> <Opcode : 'add' 'sub' 'mul' 'select'> <InPorts = 0> <OutPorts = 1> <Sync> <CReg>

State 4 <SV = 3> <Delay = 1.08>
ST_4 : Operation 74 [2/3] (1.08ns) (grouped into DSP with root node add_ln427)   --->   "%mul_ln427 = mul i16 %sext_ln425, i16 %zext_ln425" [/home/e/Documents/research/byotee/OSDZU3_Ref_Design/OSDZU3_Ref_Design.runs/design_1_v_mix_0_0_synth_1/prj/sol/.autopilot/db/v_mix.cpp:427]   --->   Operation 74 'mul' 'mul_ln427' <Predicate = true> <Delay = 1.08> <CoreInst = "DSP48">   --->   Core 124 'DSP48' <Latency = 3> <II = 1> <Delay = 0.69> <IPBlock> <Opcode : 'add' 'sub' 'mul' 'select'> <InPorts = 0> <OutPorts = 1> <Sync> <CReg>
ST_4 : Operation 75 [2/3] (1.08ns) (grouped into DSP with root node add_ln427_1)   --->   "%mul_ln427_1 = mul i16 %zext_ln425, i16 %sext_ln425_1" [/home/e/Documents/research/byotee/OSDZU3_Ref_Design/OSDZU3_Ref_Design.runs/design_1_v_mix_0_0_synth_1/prj/sol/.autopilot/db/v_mix.cpp:427]   --->   Operation 75 'mul' 'mul_ln427_1' <Predicate = true> <Delay = 1.08> <CoreInst = "DSP48">   --->   Core 124 'DSP48' <Latency = 3> <II = 1> <Delay = 0.69> <IPBlock> <Opcode : 'add' 'sub' 'mul' 'select'> <InPorts = 0> <OutPorts = 1> <Sync> <CReg>
ST_4 : Operation 76 [2/3] (1.08ns) (grouped into DSP with root node add_ln427_2)   --->   "%mul_ln427_2 = mul i16 %zext_ln425, i16 %sext_ln425_2" [/home/e/Documents/research/byotee/OSDZU3_Ref_Design/OSDZU3_Ref_Design.runs/design_1_v_mix_0_0_synth_1/prj/sol/.autopilot/db/v_mix.cpp:427]   --->   Operation 76 'mul' 'mul_ln427_2' <Predicate = true> <Delay = 1.08> <CoreInst = "DSP48">   --->   Core 124 'DSP48' <Latency = 3> <II = 1> <Delay = 0.69> <IPBlock> <Opcode : 'add' 'sub' 'mul' 'select'> <InPorts = 0> <OutPorts = 1> <Sync> <CReg>

State 5 <SV = 4> <Delay = 0.83>
ST_5 : Operation 77 [1/1] (0.00ns)   --->   "%shl_ln = bitconcatenate i16 @_ssdm_op_BitConcatenate.i16.i8.i8, i8 %trunc_ln400, i8 0" [/home/e/Documents/research/byotee/OSDZU3_Ref_Design/OSDZU3_Ref_Design.runs/design_1_v_mix_0_0_synth_1/prj/sol/.autopilot/db/v_mix.cpp:427]   --->   Operation 77 'bitconcatenate' 'shl_ln' <Predicate = true> <Delay = 0.00>
ST_5 : Operation 78 [1/3] (0.00ns) (grouped into DSP with root node add_ln427)   --->   "%mul_ln427 = mul i16 %sext_ln425, i16 %zext_ln425" [/home/e/Documents/research/byotee/OSDZU3_Ref_Design/OSDZU3_Ref_Design.runs/design_1_v_mix_0_0_synth_1/prj/sol/.autopilot/db/v_mix.cpp:427]   --->   Operation 78 'mul' 'mul_ln427' <Predicate = true> <Delay = 0.00> <CoreInst = "DSP48">   --->   Core 124 'DSP48' <Latency = 3> <II = 1> <Delay = 0.69> <IPBlock> <Opcode : 'add' 'sub' 'mul' 'select'> <InPorts = 0> <OutPorts = 1> <Sync> <CReg>
ST_5 : Operation 79 [2/2] (0.83ns) (root node of the DSP)   --->   "%add_ln427 = add i16 %mul_ln427, i16 %shl_ln" [/home/e/Documents/research/byotee/OSDZU3_Ref_Design/OSDZU3_Ref_Design.runs/design_1_v_mix_0_0_synth_1/prj/sol/.autopilot/db/v_mix.cpp:427]   --->   Operation 79 'add' 'add_ln427' <Predicate = true> <Delay = 0.83> <CoreInst = "DSP48">   --->   Core 124 'DSP48' <Latency = 3> <II = 1> <Delay = 0.69> <IPBlock> <Opcode : 'add' 'sub' 'mul' 'select'> <InPorts = 0> <OutPorts = 1> <Sync> <CReg>
ST_5 : Operation 80 [1/1] (0.00ns)   --->   "%and_ln = bitconcatenate i16 @_ssdm_op_BitConcatenate.i16.i8.i8, i8 %tmp_1, i8 0" [/home/e/Documents/research/byotee/OSDZU3_Ref_Design/OSDZU3_Ref_Design.runs/design_1_v_mix_0_0_synth_1/prj/sol/.autopilot/db/v_mix.cpp:427]   --->   Operation 80 'bitconcatenate' 'and_ln' <Predicate = true> <Delay = 0.00>
ST_5 : Operation 81 [1/3] (0.00ns) (grouped into DSP with root node add_ln427_1)   --->   "%mul_ln427_1 = mul i16 %zext_ln425, i16 %sext_ln425_1" [/home/e/Documents/research/byotee/OSDZU3_Ref_Design/OSDZU3_Ref_Design.runs/design_1_v_mix_0_0_synth_1/prj/sol/.autopilot/db/v_mix.cpp:427]   --->   Operation 81 'mul' 'mul_ln427_1' <Predicate = true> <Delay = 0.00> <CoreInst = "DSP48">   --->   Core 124 'DSP48' <Latency = 3> <II = 1> <Delay = 0.69> <IPBlock> <Opcode : 'add' 'sub' 'mul' 'select'> <InPorts = 0> <OutPorts = 1> <Sync> <CReg>
ST_5 : Operation 82 [2/2] (0.83ns) (root node of the DSP)   --->   "%add_ln427_1 = add i16 %mul_ln427_1, i16 %and_ln" [/home/e/Documents/research/byotee/OSDZU3_Ref_Design/OSDZU3_Ref_Design.runs/design_1_v_mix_0_0_synth_1/prj/sol/.autopilot/db/v_mix.cpp:427]   --->   Operation 82 'add' 'add_ln427_1' <Predicate = true> <Delay = 0.83> <CoreInst = "DSP48">   --->   Core 124 'DSP48' <Latency = 3> <II = 1> <Delay = 0.69> <IPBlock> <Opcode : 'add' 'sub' 'mul' 'select'> <InPorts = 0> <OutPorts = 1> <Sync> <CReg>
ST_5 : Operation 83 [1/1] (0.00ns)   --->   "%and_ln427_1 = bitconcatenate i16 @_ssdm_op_BitConcatenate.i16.i8.i8, i8 %tmp_4, i8 0" [/home/e/Documents/research/byotee/OSDZU3_Ref_Design/OSDZU3_Ref_Design.runs/design_1_v_mix_0_0_synth_1/prj/sol/.autopilot/db/v_mix.cpp:427]   --->   Operation 83 'bitconcatenate' 'and_ln427_1' <Predicate = true> <Delay = 0.00>
ST_5 : Operation 84 [1/3] (0.00ns) (grouped into DSP with root node add_ln427_2)   --->   "%mul_ln427_2 = mul i16 %zext_ln425, i16 %sext_ln425_2" [/home/e/Documents/research/byotee/OSDZU3_Ref_Design/OSDZU3_Ref_Design.runs/design_1_v_mix_0_0_synth_1/prj/sol/.autopilot/db/v_mix.cpp:427]   --->   Operation 84 'mul' 'mul_ln427_2' <Predicate = true> <Delay = 0.00> <CoreInst = "DSP48">   --->   Core 124 'DSP48' <Latency = 3> <II = 1> <Delay = 0.69> <IPBlock> <Opcode : 'add' 'sub' 'mul' 'select'> <InPorts = 0> <OutPorts = 1> <Sync> <CReg>
ST_5 : Operation 85 [2/2] (0.83ns) (root node of the DSP)   --->   "%add_ln427_2 = add i16 %mul_ln427_2, i16 %and_ln427_1" [/home/e/Documents/research/byotee/OSDZU3_Ref_Design/OSDZU3_Ref_Design.runs/design_1_v_mix_0_0_synth_1/prj/sol/.autopilot/db/v_mix.cpp:427]   --->   Operation 85 'add' 'add_ln427_2' <Predicate = true> <Delay = 0.83> <CoreInst = "DSP48">   --->   Core 124 'DSP48' <Latency = 3> <II = 1> <Delay = 0.69> <IPBlock> <Opcode : 'add' 'sub' 'mul' 'select'> <InPorts = 0> <OutPorts = 1> <Sync> <CReg>
ST_5 : Operation 95 [1/1] (0.48ns)   --->   "%ret_ln0 = ret"   --->   Operation 95 'ret' 'ret_ln0' <Predicate = (icmp_ln395)> <Delay = 0.48>

State 6 <SV = 5> <Delay = 2.65>
ST_6 : Operation 86 [1/2] (0.83ns) (root node of the DSP)   --->   "%add_ln427 = add i16 %mul_ln427, i16 %shl_ln" [/home/e/Documents/research/byotee/OSDZU3_Ref_Design/OSDZU3_Ref_Design.runs/design_1_v_mix_0_0_synth_1/prj/sol/.autopilot/db/v_mix.cpp:427]   --->   Operation 86 'add' 'add_ln427' <Predicate = true> <Delay = 0.83> <CoreInst = "DSP48">   --->   Core 124 'DSP48' <Latency = 3> <II = 1> <Delay = 0.69> <IPBlock> <Opcode : 'add' 'sub' 'mul' 'select'> <InPorts = 0> <OutPorts = 1> <Sync> <CReg>
ST_6 : Operation 87 [1/1] (0.00ns)   --->   "%trunc_ln7 = partselect i8 @_ssdm_op_PartSelect.i8.i16.i32.i32, i16 %add_ln427, i32 8, i32 15" [/home/e/Documents/research/byotee/OSDZU3_Ref_Design/OSDZU3_Ref_Design.runs/design_1_v_mix_0_0_synth_1/prj/sol/.autopilot/db/v_mix.cpp:424]   --->   Operation 87 'partselect' 'trunc_ln7' <Predicate = true> <Delay = 0.00>
ST_6 : Operation 88 [1/2] (0.83ns) (root node of the DSP)   --->   "%add_ln427_1 = add i16 %mul_ln427_1, i16 %and_ln" [/home/e/Documents/research/byotee/OSDZU3_Ref_Design/OSDZU3_Ref_Design.runs/design_1_v_mix_0_0_synth_1/prj/sol/.autopilot/db/v_mix.cpp:427]   --->   Operation 88 'add' 'add_ln427_1' <Predicate = true> <Delay = 0.83> <CoreInst = "DSP48">   --->   Core 124 'DSP48' <Latency = 3> <II = 1> <Delay = 0.69> <IPBlock> <Opcode : 'add' 'sub' 'mul' 'select'> <InPorts = 0> <OutPorts = 1> <Sync> <CReg>
ST_6 : Operation 89 [1/1] (0.00ns)   --->   "%tmp_3 = partselect i8 @_ssdm_op_PartSelect.i8.i16.i32.i32, i16 %add_ln427_1, i32 8, i32 15" [/home/e/Documents/research/byotee/OSDZU3_Ref_Design/OSDZU3_Ref_Design.runs/design_1_v_mix_0_0_synth_1/prj/sol/.autopilot/db/v_mix.cpp:430]   --->   Operation 89 'partselect' 'tmp_3' <Predicate = true> <Delay = 0.00>
ST_6 : Operation 90 [1/2] (0.83ns) (root node of the DSP)   --->   "%add_ln427_2 = add i16 %mul_ln427_2, i16 %and_ln427_1" [/home/e/Documents/research/byotee/OSDZU3_Ref_Design/OSDZU3_Ref_Design.runs/design_1_v_mix_0_0_synth_1/prj/sol/.autopilot/db/v_mix.cpp:427]   --->   Operation 90 'add' 'add_ln427_2' <Predicate = true> <Delay = 0.83> <CoreInst = "DSP48">   --->   Core 124 'DSP48' <Latency = 3> <II = 1> <Delay = 0.69> <IPBlock> <Opcode : 'add' 'sub' 'mul' 'select'> <InPorts = 0> <OutPorts = 1> <Sync> <CReg>
ST_6 : Operation 91 [1/1] (0.00ns)   --->   "%trunc_ln8 = partselect i8 @_ssdm_op_PartSelect.i8.i16.i32.i32, i16 %add_ln427_2, i32 8, i32 15" [/home/e/Documents/research/byotee/OSDZU3_Ref_Design/OSDZU3_Ref_Design.runs/design_1_v_mix_0_0_synth_1/prj/sol/.autopilot/db/v_mix.cpp:430]   --->   Operation 91 'partselect' 'trunc_ln8' <Predicate = true> <Delay = 0.00>
ST_6 : Operation 92 [1/1] (0.00ns)   --->   "%or_ln430_3 = bitconcatenate i24 @_ssdm_op_BitConcatenate.i24.i8.i8.i8, i8 %trunc_ln8, i8 %tmp_3, i8 %trunc_ln7" [/home/e/Documents/research/byotee/OSDZU3_Ref_Design/OSDZU3_Ref_Design.runs/design_1_v_mix_0_0_synth_1/prj/sol/.autopilot/db/v_mix.cpp:430]   --->   Operation 92 'bitconcatenate' 'or_ln430_3' <Predicate = true> <Delay = 0.00>
ST_6 : Operation 93 [1/1] ( I:1.82ns O:1.82ns )   --->   "%write_ln430 = write void @_ssdm_op_Write.ap_fifo.volatile.i24P0A, i24 %outLayer2, i24 %or_ln430_3" [/home/e/Documents/research/byotee/OSDZU3_Ref_Design/OSDZU3_Ref_Design.runs/design_1_v_mix_0_0_synth_1/prj/sol/.autopilot/db/v_mix.cpp:430]   --->   Operation 93 'write' 'write_ln430' <Predicate = true> <Delay = 1.82> <CoreInst = "FIFO_SRL">   --->   Core 80 'FIFO_SRL' <Latency = 0> <II = 1> <Delay = 2.16> <Storage> <Opcode : 'read' 'write' 'nbread' 'nbwrite'> <Ports = 0> <Width = 24> <Depth = 2> <FIFO>
ST_6 : Operation 94 [1/1] (0.00ns)   --->   "%br_ln395 = br void %if.end" [/home/e/Documents/research/byotee/OSDZU3_Ref_Design/OSDZU3_Ref_Design.runs/design_1_v_mix_0_0_synth_1/prj/sol/.autopilot/db/v_mix.cpp:395]   --->   Operation 94 'br' 'br_ln395' <Predicate = true> <Delay = 0.00>


============================================================
+ Verbose Summary: Timing violations
============================================================
Target clock period: 5.000ns, clock uncertainty: 1.350ns.

 <State 1>: 2.337ns
The critical path consists of the following:
	'store' operation 0 bit ('store_ln366', /home/e/Documents/research/byotee/OSDZU3_Ref_Design/OSDZU3_Ref_Design.runs/design_1_v_mix_0_0_synth_1/prj/sol/.autopilot/db/v_mix.cpp:366) of constant 0 on local variable 'x', /home/e/Documents/research/byotee/OSDZU3_Ref_Design/OSDZU3_Ref_Design.runs/design_1_v_mix_0_0_synth_1/prj/sol/.autopilot/db/v_mix.cpp:366 [27]  (0.489 ns)
	'load' operation 12 bit ('x', /home/e/Documents/research/byotee/OSDZU3_Ref_Design/OSDZU3_Ref_Design.runs/design_1_v_mix_0_0_synth_1/prj/sol/.autopilot/db/v_mix.cpp:395) on local variable 'x', /home/e/Documents/research/byotee/OSDZU3_Ref_Design/OSDZU3_Ref_Design.runs/design_1_v_mix_0_0_synth_1/prj/sol/.autopilot/db/v_mix.cpp:366 [30]  (0.000 ns)
	'icmp' operation 1 bit ('icmp_ln409', /home/e/Documents/research/byotee/OSDZU3_Ref_Design/OSDZU3_Ref_Design.runs/design_1_v_mix_0_0_synth_1/prj/sol/.autopilot/db/v_mix.cpp:409) [44]  (1.028 ns)
	'and' operation 1 bit ('and_ln407_1', /home/e/Documents/research/byotee/OSDZU3_Ref_Design/OSDZU3_Ref_Design.runs/design_1_v_mix_0_0_synth_1/prj/sol/.autopilot/db/v_mix.cpp:407) [47]  (0.000 ns)
	'and' operation 1 bit ('and_ln407_3', /home/e/Documents/research/byotee/OSDZU3_Ref_Design/OSDZU3_Ref_Design.runs/design_1_v_mix_0_0_synth_1/prj/sol/.autopilot/db/v_mix.cpp:407) [48]  (0.331 ns)
	multiplexor before 'phi' operation 9 bit ('a', /home/e/Documents/research/byotee/OSDZU3_Ref_Design/OSDZU3_Ref_Design.runs/design_1_v_mix_0_0_synth_1/prj/sol/.autopilot/db/v_mix.cpp:371) with incoming values : ('alpha_read', /home/e/Documents/research/byotee/OSDZU3_Ref_Design/OSDZU3_Ref_Design.runs/design_1_v_mix_0_0_synth_1/prj/sol/.autopilot/db/v_mix.cpp:371) [60]  (0.489 ns)

 <State 2>: 1.825ns
The critical path consists of the following:
	fifo read operation ('srcLayer2x_read', /home/e/Documents/research/byotee/OSDZU3_Ref_Design/OSDZU3_Ref_Design.runs/design_1_v_mix_0_0_synth_1/prj/sol/.autopilot/db/v_mix.cpp:414) on port 'srcLayer2x' (/home/e/Documents/research/byotee/OSDZU3_Ref_Design/OSDZU3_Ref_Design.runs/design_1_v_mix_0_0_synth_1/prj/sol/.autopilot/db/v_mix.cpp:414) [51]  (1.825 ns)

 <State 3>: 1.995ns
The critical path consists of the following:
	'load' operation 8 bit ('p_out2_load', /home/e/Documents/research/byotee/OSDZU3_Ref_Design/OSDZU3_Ref_Design.runs/design_1_v_mix_0_0_synth_1/prj/sol/.autopilot/db/v_mix.cpp:426) on local variable 'p_out2' [61]  (0.000 ns)
	'sub' operation 9 bit ('sub_ln426', /home/e/Documents/research/byotee/OSDZU3_Ref_Design/OSDZU3_Ref_Design.runs/design_1_v_mix_0_0_synth_1/prj/sol/.autopilot/db/v_mix.cpp:426) [66]  (0.907 ns)
	'mul' operation 16 bit of DSP[71] ('mul_ln427', /home/e/Documents/research/byotee/OSDZU3_Ref_Design/OSDZU3_Ref_Design.runs/design_1_v_mix_0_0_synth_1/prj/sol/.autopilot/db/v_mix.cpp:427) [70]  (1.088 ns)

 <State 4>: 1.088ns
The critical path consists of the following:
	'mul' operation 16 bit of DSP[71] ('mul_ln427', /home/e/Documents/research/byotee/OSDZU3_Ref_Design/OSDZU3_Ref_Design.runs/design_1_v_mix_0_0_synth_1/prj/sol/.autopilot/db/v_mix.cpp:427) [70]  (1.088 ns)

 <State 5>: 0.831ns
The critical path consists of the following:
	'add' operation 16 bit of DSP[71] ('add_ln427', /home/e/Documents/research/byotee/OSDZU3_Ref_Design/OSDZU3_Ref_Design.runs/design_1_v_mix_0_0_synth_1/prj/sol/.autopilot/db/v_mix.cpp:427) [71]  (0.831 ns)

 <State 6>: 2.656ns
The critical path consists of the following:
	'add' operation 16 bit of DSP[71] ('add_ln427', /home/e/Documents/research/byotee/OSDZU3_Ref_Design/OSDZU3_Ref_Design.runs/design_1_v_mix_0_0_synth_1/prj/sol/.autopilot/db/v_mix.cpp:427) [71]  (0.831 ns)
	fifo write operation ('write_ln430', /home/e/Documents/research/byotee/OSDZU3_Ref_Design/OSDZU3_Ref_Design.runs/design_1_v_mix_0_0_synth_1/prj/sol/.autopilot/db/v_mix.cpp:430) on port 'outLayer2' (/home/e/Documents/research/byotee/OSDZU3_Ref_Design/OSDZU3_Ref_Design.runs/design_1_v_mix_0_0_synth_1/prj/sol/.autopilot/db/v_mix.cpp:430) [92]  (1.825 ns)


============================================================
+ Verbose Summary: Binding
============================================================
N/A
* FSMD analyzer results:
  - Output states:
 - Input state : 
  - Chain level:
	State 1
	State 2
	State 3
	State 4
	State 5
	State 6


============================================================
+ Verbose Summary: Datapath Resource usage 
============================================================
N/A
