

================================================================
== Vitis HLS Report for 'v_mix_core_alpha_false_false_s'
================================================================
* Date:           Sat Sep  6 13:59:18 2025

* Version:        2025.1 (Build 6135595 on May 21 2025)
* Project:        prj
* Solution:       sol (Vivado IP Flow Target)
* Product family: zynquplus
* Target device:  xczu3eg-sfvc784-1-e


================================================================
== Performance Estimates
================================================================
+ Timing: 
    * Summary: 
    +--------+---------+----------+------------+
    |  Clock |  Target | Estimated| Uncertainty|
    +--------+---------+----------+------------+
    |ap_clk  |  5.00 ns|  3.195 ns|     1.35 ns|
    +--------+---------+----------+------------+

+ Latency: 
    * Summary: 
    +---------+---------+-----------+-----------+------+---------+---------+
    |  Latency (cycles) |   Latency (absolute)  |    Interval    | Pipeline|
    |   min   |   max   |    min    |    max    |  min |   max   |   Type  |
    +---------+---------+-----------+-----------+------+---------+---------+
    |     4417|  8305201|  22.085 us|  41.526 ms|  4417|  8305201|       no|
    +---------+---------+-----------+-----------+------+---------+---------+

    + Detail: 
        * Instance: 
        +-------------------------------------------------------------------+--------------------------------------------------------+---------+---------+----------+-----------+-----+------+------------------------------------------------+
        |                                                                   |                                                        |  Latency (cycles) |  Latency (absolute)  |  Interval  |                    Pipeline                    |
        |                              Instance                             |                         Module                         |   min   |   max   |    min   |    max    | min |  max |                      Type                      |
        +-------------------------------------------------------------------+--------------------------------------------------------+---------+---------+----------+-----------+-----+------+------------------------------------------------+
        |grp_v_mix_core_alpha_false_false_Pipeline_VITIS_LOOP_465_3_fu_146  |v_mix_core_alpha_false_false_Pipeline_VITIS_LOOP_465_3  |       67|     3843|  0.335 us|  19.215 us|   65|  3841|  loop auto-rewind stp (delay=0 clock cycles(s))|
        +-------------------------------------------------------------------+--------------------------------------------------------+---------+---------+----------+-----------+-----+------+------------------------------------------------+

        * Loop: 
        +--------------------+---------+---------+-----------+-----------+-----------+-----------+----------+
        |                    |  Latency (cycles) | Iteration |  Initiation Interval  |    Trip   |          |
        |      Loop Name     |   min   |   max   |  Latency  |  achieved |   target  |   Count   | Pipelined|
        +--------------------+---------+---------+-----------+-----------+-----------+-----------+----------+
        |- VITIS_LOOP_463_2  |     4416|  8305200|  69 ~ 3845|          -|          -|  64 ~ 2160|        no|
        +--------------------+---------+---------+-----------+-----------+-----------+-----------+----------+



================================================================
== Utilization Estimates
================================================================
* Summary: 
+-----------------+---------+-----+--------+-------+-----+
|       Name      | BRAM_18K| DSP |   FF   |  LUT  | URAM|
+-----------------+---------+-----+--------+-------+-----+
|DSP              |        -|    -|       -|      -|    -|
|Expression       |        -|    -|       0|    207|    -|
|FIFO             |        -|    -|       -|      -|    -|
|Instance         |        -|    -|      68|    268|    -|
|Memory           |        -|    -|       -|      -|    -|
|Multiplexer      |        -|    -|       0|     47|    -|
|Register         |        -|    -|     136|      -|    -|
+-----------------+---------+-----+--------+-------+-----+
|Total            |        0|    0|     204|    522|    0|
+-----------------+---------+-----+--------+-------+-----+
|Available        |      432|  360|  141120|  70560|    0|
+-----------------+---------+-----+--------+-------+-----+
|Utilization (%)  |        0|    0|      ~0|     ~0|    0|
+-----------------+---------+-----+--------+-------+-----+

+ Detail: 
    * Instance: 
    +-------------------------------------------------------------------+--------------------------------------------------------+---------+----+----+-----+-----+
    |                              Instance                             |                         Module                         | BRAM_18K| DSP| FF | LUT | URAM|
    +-------------------------------------------------------------------+--------------------------------------------------------+---------+----+----+-----+-----+
    |grp_v_mix_core_alpha_false_false_Pipeline_VITIS_LOOP_465_3_fu_146  |v_mix_core_alpha_false_false_Pipeline_VITIS_LOOP_465_3  |        0|   0|  68|  268|    0|
    +-------------------------------------------------------------------+--------------------------------------------------------+---------+----+----+-----+-----+
    |Total                                                              |                                                        |        0|   0|  68|  268|    0|
    +-------------------------------------------------------------------+--------------------------------------------------------+---------+----+----+-----+-----+

    * DSP: 
    N/A

    * Memory: 
    N/A

    * FIFO: 
    N/A

    * Expression: 
    +----------------------+----------+----+---+----+------------+------------+
    |     Variable Name    | Operation| DSP| FF| LUT| Bitwidth P0| Bitwidth P1|
    +----------------------+----------+----+---+----+------------+------------+
    |add60_i_i_fu_198_p2   |         +|   0|  0|  24|          17|          17|
    |add71_i_i_fu_212_p2   |         +|   0|  0|  24|          17|          17|
    |add_ln463_fu_239_p2   |         +|   0|  0|  19|          12|           1|
    |cmp61_i_i_fu_265_p2   |      icmp|   0|  0|  24|          17|          17|
    |icmp_ln463_fu_234_p2  |      icmp|   0|  0|  19|          12|          12|
    |ult_fu_253_p2         |      icmp|   0|  0|  23|          16|          16|
    |ap_block_state1       |        or|   0|  0|   2|           1|           1|
    |shl_ln449_fu_174_p2   |       shl|   0|  0|  35|          16|          16|
    |shl_ln450_fu_184_p2   |       shl|   0|  0|  35|          16|          16|
    |rev15_fu_258_p2       |       xor|   0|  0|   2|           1|           2|
    +----------------------+----------+----+---+----+------------+------------+
    |Total                 |          |   0|  0| 207|         125|         115|
    +----------------------+----------+----+---+----+------------+------------+

    * Multiplexer: 
    +------------+----+-----------+-----+-----------+
    |    Name    | LUT| Input Size| Bits| Total Bits|
    +------------+----+-----------+-----+-----------+
    |ap_NS_fsm   |  20|          4|    1|          4|
    |ap_done     |   9|          2|    1|          2|
    |real_start  |   9|          2|    1|          2|
    |y_fu_76     |   9|          2|   12|         24|
    +------------+----+-----------+-----+-----------+
    |Total       |  47|         10|   15|         32|
    +------------+----+-----------+-----+-----------+

    * Register: 
    +--------------------------------------------------------------------------------+----+----+-----+-----------+
    |                                      Name                                      | FF | LUT| Bits| Const Bits|
    +--------------------------------------------------------------------------------+----+----+-----+-----------+
    |HwReg_background_U_G_val13_read_reg_298                                         |   8|   0|    8|          0|
    |HwReg_background_V_B_val14_read_reg_293                                         |   8|   0|    8|          0|
    |HwReg_background_Y_R_val12_read_reg_303                                         |   8|   0|    8|          0|
    |HwReg_height_val_read_reg_308                                                   |  12|   0|   12|          0|
    |HwReg_layerStartX_1_val18_read_reg_288                                          |  16|   0|   16|          0|
    |HwReg_layerStartY_1_val20_read_reg_283                                          |  16|   0|   16|          0|
    |HwReg_width_val_read_reg_313                                                    |  12|   0|   12|          0|
    |add60_i_i_reg_323                                                               |  17|   0|   17|          0|
    |add71_i_i_reg_328                                                               |  17|   0|   17|          0|
    |ap_CS_fsm                                                                       |   3|   0|    3|          0|
    |ap_done_reg                                                                     |   1|   0|    1|          0|
    |cmp61_i_i_reg_346                                                               |   1|   0|    1|          0|
    |empty_reg_318                                                                   |   1|   0|    1|          0|
    |grp_v_mix_core_alpha_false_false_Pipeline_VITIS_LOOP_465_3_fu_146_ap_start_reg  |   1|   0|    1|          0|
    |rev15_reg_341                                                                   |   1|   0|    1|          0|
    |start_once_reg                                                                  |   1|   0|    1|          0|
    |tmp_10_reg_333                                                                  |   1|   0|    1|          0|
    |y_fu_76                                                                         |  12|   0|   12|          0|
    +--------------------------------------------------------------------------------+----+----+-----+-----------+
    |Total                                                                           | 136|   0|  136|          0|
    +--------------------------------------------------------------------------------+----+----+-----+-----------+



================================================================
== Interface
================================================================
* Summary: 
+--------------------------------+-----+-----+------------+--------------------------------+--------------+
|            RTL Ports           | Dir | Bits|  Protocol  |          Source Object         |    C Type    |
+--------------------------------+-----+-----+------------+--------------------------------+--------------+
|ap_clk                          |   in|    1|  ap_ctrl_hs|  v_mix_core_alpha<false, false>|  return value|
|ap_rst                          |   in|    1|  ap_ctrl_hs|  v_mix_core_alpha<false, false>|  return value|
|ap_start                        |   in|    1|  ap_ctrl_hs|  v_mix_core_alpha<false, false>|  return value|
|start_full_n                    |   in|    1|  ap_ctrl_hs|  v_mix_core_alpha<false, false>|  return value|
|ap_done                         |  out|    1|  ap_ctrl_hs|  v_mix_core_alpha<false, false>|  return value|
|ap_continue                     |   in|    1|  ap_ctrl_hs|  v_mix_core_alpha<false, false>|  return value|
|ap_idle                         |  out|    1|  ap_ctrl_hs|  v_mix_core_alpha<false, false>|  return value|
|ap_ready                        |  out|    1|  ap_ctrl_hs|  v_mix_core_alpha<false, false>|  return value|
|start_out                       |  out|    1|  ap_ctrl_hs|  v_mix_core_alpha<false, false>|  return value|
|start_write                     |  out|    1|  ap_ctrl_hs|  v_mix_core_alpha<false, false>|  return value|
|outLayer0_dout                  |   in|   24|     ap_fifo|                       outLayer0|       pointer|
|outLayer0_empty_n               |   in|    1|     ap_fifo|                       outLayer0|       pointer|
|outLayer0_read                  |  out|    1|     ap_fifo|                       outLayer0|       pointer|
|outLayer0_num_data_valid        |   in|    3|     ap_fifo|                       outLayer0|       pointer|
|outLayer0_fifo_cap              |   in|    3|     ap_fifo|                       outLayer0|       pointer|
|srcLayer1x_dout                 |   in|   24|     ap_fifo|                      srcLayer1x|       pointer|
|srcLayer1x_empty_n              |   in|    1|     ap_fifo|                      srcLayer1x|       pointer|
|srcLayer1x_read                 |  out|    1|     ap_fifo|                      srcLayer1x|       pointer|
|srcLayer1x_num_data_valid       |   in|    3|     ap_fifo|                      srcLayer1x|       pointer|
|srcLayer1x_fifo_cap             |   in|    3|     ap_fifo|                      srcLayer1x|       pointer|
|HwReg_width_val                 |   in|   12|   ap_stable|                 HwReg_width_val|        scalar|
|HwReg_height_val                |   in|   12|   ap_stable|                HwReg_height_val|        scalar|
|HwReg_background_Y_R_val12      |   in|    8|   ap_stable|      HwReg_background_Y_R_val12|        scalar|
|HwReg_background_U_G_val13      |   in|    8|   ap_stable|      HwReg_background_U_G_val13|        scalar|
|HwReg_background_V_B_val14      |   in|    8|   ap_stable|      HwReg_background_V_B_val14|        scalar|
|HwReg_layerEnable_val16         |   in|    2|   ap_stable|         HwReg_layerEnable_val16|        scalar|
|HwReg_layerStartX_1_val18       |   in|   16|   ap_stable|       HwReg_layerStartX_1_val18|        scalar|
|HwReg_layerStartY_1_val20       |   in|   16|   ap_stable|       HwReg_layerStartY_1_val20|        scalar|
|HwReg_layerWidth_1_val          |   in|   16|   ap_stable|          HwReg_layerWidth_1_val|        scalar|
|HwReg_layerHeight_1_val         |   in|   16|   ap_stable|         HwReg_layerHeight_1_val|        scalar|
|HwReg_layerScaleFactor_1_val26  |   in|    8|   ap_stable|  HwReg_layerScaleFactor_1_val26|        scalar|
|outLayer1_din                   |  out|   24|     ap_fifo|                       outLayer1|       pointer|
|outLayer1_full_n                |   in|    1|     ap_fifo|                       outLayer1|       pointer|
|outLayer1_write                 |  out|    1|     ap_fifo|                       outLayer1|       pointer|
|outLayer1_num_data_valid        |   in|   32|     ap_fifo|                       outLayer1|       pointer|
|outLayer1_fifo_cap              |   in|   32|     ap_fifo|                       outLayer1|       pointer|
+--------------------------------+-----+-----+------------+--------------------------------+--------------+

============================================================
+ Verbose Summary: Synthesis Manager
============================================================
InlineROM: 1
ExposeGlobal: 0
============================================================
+ Verbose Summary: CDFG Model
============================================================
IsTopModel: 0
ResetActiveHigh: 1
IsCombinational: 2
IsDatapathOnly: 0
HasWiredReturn: 1
HasMFsm: 0
HasVarLatency: 1
IsPipeline: 0
IsRtlPipelined: 0
IsInstanceOverlapped: 0
IsDontTouch: 0
HasImplIP: 0
IsGatedGlobalClock: 0


============================================================
+ Verbose Summary: Schedule
============================================================
* Number of FSM states : 3
* Pipeline : 0
* Dataflow Pipeline: 0

* FSM state transitions: 
1 --> 2 
2 --> 3 
3 --> 2 

* FSM state operations: 

State 1 <SV = 0> <Delay = 2.03>
ST_1 : Operation 4 [1/1] (0.00ns)   --->   "%y = alloca i32 1" [/home/e/Documents/research/byotee/OSDZU3_Ref_Design/OSDZU3_Ref_Design.runs/design_1_v_mix_0_0_synth_1/prj/sol/.autopilot/db/v_mix.cpp:440->/home/e/Documents/research/byotee/OSDZU3_Ref_Design/OSDZU3_Ref_Design.runs/design_1_v_mix_0_0_synth_1/prj/sol/.autopilot/db/v_mix.cpp:730->/home/e/Documents/research/byotee/OSDZU3_Ref_Design/OSDZU3_Ref_Design.runs/design_1_v_mix_0_0_synth_1/prj/sol/.autopilot/db/v_mix.cpp:730]   --->   Operation 4 'alloca' 'y' <Predicate = true> <Delay = 0.00>
ST_1 : Operation 5 [1/1] (0.00ns)   --->   "%specstablecontent_ln0 = specstablecontent void @_ssdm_op_SpecStableContent, i8 %HwReg_layerScaleFactor_1_val26, i1 1, void @p_str"   --->   Operation 5 'specstablecontent' 'specstablecontent_ln0' <Predicate = true> <Delay = 0.00>
ST_1 : Operation 6 [1/1] (0.00ns)   --->   "%specstablecontent_ln0 = specstablecontent void @_ssdm_op_SpecStableContent, i16 %HwReg_layerHeight_1_val, i1 1, void @p_str"   --->   Operation 6 'specstablecontent' 'specstablecontent_ln0' <Predicate = true> <Delay = 0.00>
ST_1 : Operation 7 [1/1] (0.00ns)   --->   "%specstablecontent_ln0 = specstablecontent void @_ssdm_op_SpecStableContent, i16 %HwReg_layerWidth_1_val, i1 1, void @p_str"   --->   Operation 7 'specstablecontent' 'specstablecontent_ln0' <Predicate = true> <Delay = 0.00>
ST_1 : Operation 8 [1/1] (0.00ns)   --->   "%specstablecontent_ln0 = specstablecontent void @_ssdm_op_SpecStableContent, i16 %HwReg_layerStartY_1_val20, i1 1, void @p_str"   --->   Operation 8 'specstablecontent' 'specstablecontent_ln0' <Predicate = true> <Delay = 0.00>
ST_1 : Operation 9 [1/1] (0.00ns)   --->   "%specstablecontent_ln0 = specstablecontent void @_ssdm_op_SpecStableContent, i16 %HwReg_layerStartX_1_val18, i1 1, void @p_str"   --->   Operation 9 'specstablecontent' 'specstablecontent_ln0' <Predicate = true> <Delay = 0.00>
ST_1 : Operation 10 [1/1] (0.00ns)   --->   "%specstablecontent_ln0 = specstablecontent void @_ssdm_op_SpecStableContent, i2 %HwReg_layerEnable_val16, i1 1, void @p_str"   --->   Operation 10 'specstablecontent' 'specstablecontent_ln0' <Predicate = true> <Delay = 0.00>
ST_1 : Operation 11 [1/1] (0.00ns)   --->   "%HwReg_layerScaleFactor_1_val26_read = read i8 @_ssdm_op_Read.ap_auto.i8, i8 %HwReg_layerScaleFactor_1_val26"   --->   Operation 11 'read' 'HwReg_layerScaleFactor_1_val26_read' <Predicate = true> <Delay = 0.00>
ST_1 : Operation 12 [1/1] (0.00ns)   --->   "%HwReg_layerHeight_1_val_read = read i16 @_ssdm_op_Read.ap_auto.i16, i16 %HwReg_layerHeight_1_val"   --->   Operation 12 'read' 'HwReg_layerHeight_1_val_read' <Predicate = true> <Delay = 0.00>
ST_1 : Operation 13 [1/1] (0.00ns)   --->   "%HwReg_layerWidth_1_val_read = read i16 @_ssdm_op_Read.ap_auto.i16, i16 %HwReg_layerWidth_1_val"   --->   Operation 13 'read' 'HwReg_layerWidth_1_val_read' <Predicate = true> <Delay = 0.00>
ST_1 : Operation 14 [1/1] (0.00ns)   --->   "%HwReg_layerStartY_1_val20_read = read i16 @_ssdm_op_Read.ap_auto.i16, i16 %HwReg_layerStartY_1_val20"   --->   Operation 14 'read' 'HwReg_layerStartY_1_val20_read' <Predicate = true> <Delay = 0.00>
ST_1 : Operation 15 [1/1] (0.00ns)   --->   "%HwReg_layerStartX_1_val18_read = read i16 @_ssdm_op_Read.ap_auto.i16, i16 %HwReg_layerStartX_1_val18"   --->   Operation 15 'read' 'HwReg_layerStartX_1_val18_read' <Predicate = true> <Delay = 0.00>
ST_1 : Operation 16 [1/1] (1.82ns)   --->   "%HwReg_layerEnable_val16_read = read i2 @_ssdm_op_Read.ap_auto.i2, i2 %HwReg_layerEnable_val16"   --->   Operation 16 'read' 'HwReg_layerEnable_val16_read' <Predicate = true> <Delay = 1.82> <CoreInst = "FIFO_SRL">   --->   Core 80 'FIFO_SRL' <Latency = 0> <II = 1> <Delay = 2.16> <Storage> <Opcode : 'read' 'write' 'nbread' 'nbwrite'> <Ports = 0> <Width = 2> <Depth = 2> <FIFO>
ST_1 : Operation 17 [1/1] (0.00ns)   --->   "%HwReg_background_V_B_val14_read = read i8 @_ssdm_op_Read.ap_auto.i8, i8 %HwReg_background_V_B_val14"   --->   Operation 17 'read' 'HwReg_background_V_B_val14_read' <Predicate = true> <Delay = 0.00>
ST_1 : Operation 18 [1/1] (0.00ns)   --->   "%HwReg_background_U_G_val13_read = read i8 @_ssdm_op_Read.ap_auto.i8, i8 %HwReg_background_U_G_val13"   --->   Operation 18 'read' 'HwReg_background_U_G_val13_read' <Predicate = true> <Delay = 0.00>
ST_1 : Operation 19 [1/1] (0.00ns)   --->   "%HwReg_background_Y_R_val12_read = read i8 @_ssdm_op_Read.ap_auto.i8, i8 %HwReg_background_Y_R_val12"   --->   Operation 19 'read' 'HwReg_background_Y_R_val12_read' <Predicate = true> <Delay = 0.00>
ST_1 : Operation 20 [1/1] (0.00ns)   --->   "%HwReg_height_val_read = read i12 @_ssdm_op_Read.ap_auto.i12, i12 %HwReg_height_val"   --->   Operation 20 'read' 'HwReg_height_val_read' <Predicate = true> <Delay = 0.00>
ST_1 : Operation 21 [1/1] (0.00ns)   --->   "%HwReg_width_val_read = read i12 @_ssdm_op_Read.ap_auto.i12, i12 %HwReg_width_val"   --->   Operation 21 'read' 'HwReg_width_val_read' <Predicate = true> <Delay = 0.00>
ST_1 : Operation 22 [1/1] (0.00ns)   --->   "%empty = trunc i2 %HwReg_layerEnable_val16_read"   --->   Operation 22 'trunc' 'empty' <Predicate = true> <Delay = 0.00>
ST_1 : Operation 23 [1/1] (0.00ns)   --->   "%specstablecontent_ln0 = specstablecontent void @_ssdm_op_SpecStableContent, i8 %HwReg_background_V_B_val14, i1 1, void "   --->   Operation 23 'specstablecontent' 'specstablecontent_ln0' <Predicate = true> <Delay = 0.00>
ST_1 : Operation 24 [1/1] (0.00ns)   --->   "%specstablecontent_ln0 = specstablecontent void @_ssdm_op_SpecStableContent, i8 %HwReg_background_U_G_val13, i1 1, void "   --->   Operation 24 'specstablecontent' 'specstablecontent_ln0' <Predicate = true> <Delay = 0.00>
ST_1 : Operation 25 [1/1] (0.00ns)   --->   "%specstablecontent_ln0 = specstablecontent void @_ssdm_op_SpecStableContent, i8 %HwReg_background_Y_R_val12, i1 1, void "   --->   Operation 25 'specstablecontent' 'specstablecontent_ln0' <Predicate = true> <Delay = 0.00>
ST_1 : Operation 26 [1/1] (0.00ns)   --->   "%specstablecontent_ln0 = specstablecontent void @_ssdm_op_SpecStableContent, i12 %HwReg_height_val, i1 1, void "   --->   Operation 26 'specstablecontent' 'specstablecontent_ln0' <Predicate = true> <Delay = 0.00>
ST_1 : Operation 27 [1/1] (0.00ns)   --->   "%specstablecontent_ln0 = specstablecontent void @_ssdm_op_SpecStableContent, i12 %HwReg_width_val, i1 1, void "   --->   Operation 27 'specstablecontent' 'specstablecontent_ln0' <Predicate = true> <Delay = 0.00>
ST_1 : Operation 28 [1/1] (0.00ns)   --->   "%specinterface_ln0 = specinterface void @_ssdm_op_SpecInterface, i24 %outLayer1, void @empty_42, i32 0, i32 0, void @empty_0, i32 0, i32 0, void @empty_0, void @empty_0, void @empty_0, i32 0, i32 0, i32 0, i32 0, void @empty_0, void @empty_0, i32 4294967295, i32 0, i32 0"   --->   Operation 28 'specinterface' 'specinterface_ln0' <Predicate = true> <Delay = 0.00>
ST_1 : Operation 29 [1/1] (0.00ns)   --->   "%specinterface_ln0 = specinterface void @_ssdm_op_SpecInterface, i24 %srcLayer1x, void @empty_42, i32 0, i32 0, void @empty_0, i32 0, i32 0, void @empty_0, void @empty_0, void @empty_0, i32 0, i32 0, i32 0, i32 0, void @empty_0, void @empty_0, i32 4294967295, i32 0, i32 0"   --->   Operation 29 'specinterface' 'specinterface_ln0' <Predicate = true> <Delay = 0.00>
ST_1 : Operation 30 [1/1] (0.00ns)   --->   "%specinterface_ln0 = specinterface void @_ssdm_op_SpecInterface, i24 %outLayer0, void @empty_42, i32 0, i32 0, void @empty_0, i32 0, i32 0, void @empty_0, void @empty_0, void @empty_0, i32 0, i32 0, i32 0, i32 0, void @empty_0, void @empty_0, i32 4294967295, i32 0, i32 0"   --->   Operation 30 'specinterface' 'specinterface_ln0' <Predicate = true> <Delay = 0.00>
ST_1 : Operation 31 [1/1] (0.00ns)   --->   "%HwReg_layerScaleFactor_1_val26_readcast = zext i8 %HwReg_layerScaleFactor_1_val26_read" [/home/e/Documents/research/byotee/OSDZU3_Ref_Design/OSDZU3_Ref_Design.runs/design_1_v_mix_0_0_synth_1/prj/sol/.autopilot/db/v_mix.cpp:449->/home/e/Documents/research/byotee/OSDZU3_Ref_Design/OSDZU3_Ref_Design.runs/design_1_v_mix_0_0_synth_1/prj/sol/.autopilot/db/v_mix.cpp:730->/home/e/Documents/research/byotee/OSDZU3_Ref_Design/OSDZU3_Ref_Design.runs/design_1_v_mix_0_0_synth_1/prj/sol/.autopilot/db/v_mix.cpp:730]   --->   Operation 31 'zext' 'HwReg_layerScaleFactor_1_val26_readcast' <Predicate = true> <Delay = 0.00>
ST_1 : Operation 32 [1/1] (1.01ns)   --->   "%shl_ln449 = shl i16 %HwReg_layerHeight_1_val_read, i16 %HwReg_layerScaleFactor_1_val26_readcast" [/home/e/Documents/research/byotee/OSDZU3_Ref_Design/OSDZU3_Ref_Design.runs/design_1_v_mix_0_0_synth_1/prj/sol/.autopilot/db/v_mix.cpp:449->/home/e/Documents/research/byotee/OSDZU3_Ref_Design/OSDZU3_Ref_Design.runs/design_1_v_mix_0_0_synth_1/prj/sol/.autopilot/db/v_mix.cpp:730->/home/e/Documents/research/byotee/OSDZU3_Ref_Design/OSDZU3_Ref_Design.runs/design_1_v_mix_0_0_synth_1/prj/sol/.autopilot/db/v_mix.cpp:730]   --->   Operation 32 'shl' 'shl_ln449' <Predicate = true> <Delay = 1.01> <CoreInst = "Shifter">   --->   Core 75 'Shifter' <Latency = 0> <II = 1> <Delay = 1.01> <FuncUnit> <Opcode : 'shl' 'lshr' 'ashr'> <InPorts = 2> <OutPorts = 1>
ST_1 : Operation 33 [1/1] (0.00ns)   --->   "%HwReg_layerScaleFactor_1_val26_readcast16 = zext i8 %HwReg_layerScaleFactor_1_val26_read" [/home/e/Documents/research/byotee/OSDZU3_Ref_Design/OSDZU3_Ref_Design.runs/design_1_v_mix_0_0_synth_1/prj/sol/.autopilot/db/v_mix.cpp:450->/home/e/Documents/research/byotee/OSDZU3_Ref_Design/OSDZU3_Ref_Design.runs/design_1_v_mix_0_0_synth_1/prj/sol/.autopilot/db/v_mix.cpp:730->/home/e/Documents/research/byotee/OSDZU3_Ref_Design/OSDZU3_Ref_Design.runs/design_1_v_mix_0_0_synth_1/prj/sol/.autopilot/db/v_mix.cpp:730]   --->   Operation 33 'zext' 'HwReg_layerScaleFactor_1_val26_readcast16' <Predicate = true> <Delay = 0.00>
ST_1 : Operation 34 [1/1] (1.01ns)   --->   "%shl_ln450 = shl i16 %HwReg_layerWidth_1_val_read, i16 %HwReg_layerScaleFactor_1_val26_readcast16" [/home/e/Documents/research/byotee/OSDZU3_Ref_Design/OSDZU3_Ref_Design.runs/design_1_v_mix_0_0_synth_1/prj/sol/.autopilot/db/v_mix.cpp:450->/home/e/Documents/research/byotee/OSDZU3_Ref_Design/OSDZU3_Ref_Design.runs/design_1_v_mix_0_0_synth_1/prj/sol/.autopilot/db/v_mix.cpp:730->/home/e/Documents/research/byotee/OSDZU3_Ref_Design/OSDZU3_Ref_Design.runs/design_1_v_mix_0_0_synth_1/prj/sol/.autopilot/db/v_mix.cpp:730]   --->   Operation 34 'shl' 'shl_ln450' <Predicate = true> <Delay = 1.01> <CoreInst = "Shifter">   --->   Core 75 'Shifter' <Latency = 0> <II = 1> <Delay = 1.01> <FuncUnit> <Opcode : 'shl' 'lshr' 'ashr'> <InPorts = 2> <OutPorts = 1>
ST_1 : Operation 35 [1/1] (0.00ns)   --->   "%hwReg_layerStartY_1_val_cast_i_i = zext i16 %HwReg_layerStartY_1_val20_read"   --->   Operation 35 'zext' 'hwReg_layerStartY_1_val_cast_i_i' <Predicate = true> <Delay = 0.00>
ST_1 : Operation 36 [1/1] (0.00ns)   --->   "%layerHeight_cast_i_i = zext i16 %shl_ln449" [/home/e/Documents/research/byotee/OSDZU3_Ref_Design/OSDZU3_Ref_Design.runs/design_1_v_mix_0_0_synth_1/prj/sol/.autopilot/db/v_mix.cpp:449->/home/e/Documents/research/byotee/OSDZU3_Ref_Design/OSDZU3_Ref_Design.runs/design_1_v_mix_0_0_synth_1/prj/sol/.autopilot/db/v_mix.cpp:730->/home/e/Documents/research/byotee/OSDZU3_Ref_Design/OSDZU3_Ref_Design.runs/design_1_v_mix_0_0_synth_1/prj/sol/.autopilot/db/v_mix.cpp:730]   --->   Operation 36 'zext' 'layerHeight_cast_i_i' <Predicate = true> <Delay = 0.00>
ST_1 : Operation 37 [1/1] (1.01ns)   --->   "%add60_i_i = add i17 %layerHeight_cast_i_i, i17 %hwReg_layerStartY_1_val_cast_i_i" [/home/e/Documents/research/byotee/OSDZU3_Ref_Design/OSDZU3_Ref_Design.runs/design_1_v_mix_0_0_synth_1/prj/sol/.autopilot/db/v_mix.cpp:449->/home/e/Documents/research/byotee/OSDZU3_Ref_Design/OSDZU3_Ref_Design.runs/design_1_v_mix_0_0_synth_1/prj/sol/.autopilot/db/v_mix.cpp:730->/home/e/Documents/research/byotee/OSDZU3_Ref_Design/OSDZU3_Ref_Design.runs/design_1_v_mix_0_0_synth_1/prj/sol/.autopilot/db/v_mix.cpp:730]   --->   Operation 37 'add' 'add60_i_i' <Predicate = true> <Delay = 1.01> <CoreInst = "Adder">   --->   Core 1 'Adder' <Latency = 0> <II = 1> <Delay = 1.02> <FuncUnit> <Opcode : 'add' 'sub'> <InPorts = 2> <OutPorts = 1>
ST_1 : Operation 38 [1/1] (0.00ns)   --->   "%hwReg_layerStartX_1_val_cast_i_i = zext i16 %HwReg_layerStartX_1_val18_read"   --->   Operation 38 'zext' 'hwReg_layerStartX_1_val_cast_i_i' <Predicate = true> <Delay = 0.00>
ST_1 : Operation 39 [1/1] (0.00ns)   --->   "%layerWidth_cast_i_i = zext i16 %shl_ln450" [/home/e/Documents/research/byotee/OSDZU3_Ref_Design/OSDZU3_Ref_Design.runs/design_1_v_mix_0_0_synth_1/prj/sol/.autopilot/db/v_mix.cpp:450->/home/e/Documents/research/byotee/OSDZU3_Ref_Design/OSDZU3_Ref_Design.runs/design_1_v_mix_0_0_synth_1/prj/sol/.autopilot/db/v_mix.cpp:730->/home/e/Documents/research/byotee/OSDZU3_Ref_Design/OSDZU3_Ref_Design.runs/design_1_v_mix_0_0_synth_1/prj/sol/.autopilot/db/v_mix.cpp:730]   --->   Operation 39 'zext' 'layerWidth_cast_i_i' <Predicate = true> <Delay = 0.00>
ST_1 : Operation 40 [1/1] (1.01ns)   --->   "%add71_i_i = add i17 %layerWidth_cast_i_i, i17 %hwReg_layerStartX_1_val_cast_i_i" [/home/e/Documents/research/byotee/OSDZU3_Ref_Design/OSDZU3_Ref_Design.runs/design_1_v_mix_0_0_synth_1/prj/sol/.autopilot/db/v_mix.cpp:450->/home/e/Documents/research/byotee/OSDZU3_Ref_Design/OSDZU3_Ref_Design.runs/design_1_v_mix_0_0_synth_1/prj/sol/.autopilot/db/v_mix.cpp:730->/home/e/Documents/research/byotee/OSDZU3_Ref_Design/OSDZU3_Ref_Design.runs/design_1_v_mix_0_0_synth_1/prj/sol/.autopilot/db/v_mix.cpp:730]   --->   Operation 40 'add' 'add71_i_i' <Predicate = true> <Delay = 1.01> <CoreInst = "Adder">   --->   Core 1 'Adder' <Latency = 0> <II = 1> <Delay = 1.02> <FuncUnit> <Opcode : 'add' 'sub'> <InPorts = 2> <OutPorts = 1>
ST_1 : Operation 41 [1/1] (0.00ns)   --->   "%tmp_10 = bitselect i1 @_ssdm_op_BitSelect.i1.i2.i32, i2 %HwReg_layerEnable_val16_read, i32 1"   --->   Operation 41 'bitselect' 'tmp_10' <Predicate = true> <Delay = 0.00>
ST_1 : Operation 42 [1/1] (0.48ns)   --->   "%store_ln440 = store i12 0, i12 %y" [/home/e/Documents/research/byotee/OSDZU3_Ref_Design/OSDZU3_Ref_Design.runs/design_1_v_mix_0_0_synth_1/prj/sol/.autopilot/db/v_mix.cpp:440->/home/e/Documents/research/byotee/OSDZU3_Ref_Design/OSDZU3_Ref_Design.runs/design_1_v_mix_0_0_synth_1/prj/sol/.autopilot/db/v_mix.cpp:730->/home/e/Documents/research/byotee/OSDZU3_Ref_Design/OSDZU3_Ref_Design.runs/design_1_v_mix_0_0_synth_1/prj/sol/.autopilot/db/v_mix.cpp:730]   --->   Operation 42 'store' 'store_ln440' <Predicate = true> <Delay = 0.48>
ST_1 : Operation 43 [1/1] (0.00ns)   --->   "%br_ln463 = br void %VITIS_LOOP_465_3.i.i" [/home/e/Documents/research/byotee/OSDZU3_Ref_Design/OSDZU3_Ref_Design.runs/design_1_v_mix_0_0_synth_1/prj/sol/.autopilot/db/v_mix.cpp:463->/home/e/Documents/research/byotee/OSDZU3_Ref_Design/OSDZU3_Ref_Design.runs/design_1_v_mix_0_0_synth_1/prj/sol/.autopilot/db/v_mix.cpp:730->/home/e/Documents/research/byotee/OSDZU3_Ref_Design/OSDZU3_Ref_Design.runs/design_1_v_mix_0_0_synth_1/prj/sol/.autopilot/db/v_mix.cpp:730]   --->   Operation 43 'br' 'br_ln463' <Predicate = true> <Delay = 0.00>

State 2 <SV = 1> <Delay = 3.19>
ST_2 : Operation 44 [1/1] (0.00ns)   --->   "%y_14 = load i12 %y" [/home/e/Documents/research/byotee/OSDZU3_Ref_Design/OSDZU3_Ref_Design.runs/design_1_v_mix_0_0_synth_1/prj/sol/.autopilot/db/v_mix.cpp:463->/home/e/Documents/research/byotee/OSDZU3_Ref_Design/OSDZU3_Ref_Design.runs/design_1_v_mix_0_0_synth_1/prj/sol/.autopilot/db/v_mix.cpp:730->/home/e/Documents/research/byotee/OSDZU3_Ref_Design/OSDZU3_Ref_Design.runs/design_1_v_mix_0_0_synth_1/prj/sol/.autopilot/db/v_mix.cpp:730]   --->   Operation 44 'load' 'y_14' <Predicate = true> <Delay = 0.00>
ST_2 : Operation 45 [1/1] (0.96ns)   --->   "%icmp_ln463 = icmp_eq  i12 %y_14, i12 %HwReg_height_val_read" [/home/e/Documents/research/byotee/OSDZU3_Ref_Design/OSDZU3_Ref_Design.runs/design_1_v_mix_0_0_synth_1/prj/sol/.autopilot/db/v_mix.cpp:463->/home/e/Documents/research/byotee/OSDZU3_Ref_Design/OSDZU3_Ref_Design.runs/design_1_v_mix_0_0_synth_1/prj/sol/.autopilot/db/v_mix.cpp:730->/home/e/Documents/research/byotee/OSDZU3_Ref_Design/OSDZU3_Ref_Design.runs/design_1_v_mix_0_0_synth_1/prj/sol/.autopilot/db/v_mix.cpp:730]   --->   Operation 45 'icmp' 'icmp_ln463' <Predicate = true> <Delay = 0.96> <CoreInst = "Cmp">   --->   Core 9 'Cmp' <Latency = 0> <II = 1> <Delay = 0.96> <FuncUnit> <Opcode : 'seteq' 'setne' 'setle' 'setge' 'setlt' 'setgt'> <InPorts = 2> <OutPorts = 1>
ST_2 : Operation 46 [1/1] (0.00ns)   --->   "%speclooptripcount_ln0 = speclooptripcount void @_ssdm_op_SpecLoopTripCount, i64 64, i64 2160, i64 0"   --->   Operation 46 'speclooptripcount' 'speclooptripcount_ln0' <Predicate = true> <Delay = 0.00>
ST_2 : Operation 47 [1/1] (0.96ns)   --->   "%add_ln463 = add i12 %y_14, i12 1" [/home/e/Documents/research/byotee/OSDZU3_Ref_Design/OSDZU3_Ref_Design.runs/design_1_v_mix_0_0_synth_1/prj/sol/.autopilot/db/v_mix.cpp:463->/home/e/Documents/research/byotee/OSDZU3_Ref_Design/OSDZU3_Ref_Design.runs/design_1_v_mix_0_0_synth_1/prj/sol/.autopilot/db/v_mix.cpp:730->/home/e/Documents/research/byotee/OSDZU3_Ref_Design/OSDZU3_Ref_Design.runs/design_1_v_mix_0_0_synth_1/prj/sol/.autopilot/db/v_mix.cpp:730]   --->   Operation 47 'add' 'add_ln463' <Predicate = true> <Delay = 0.96> <CoreInst = "Adder">   --->   Core 1 'Adder' <Latency = 0> <II = 1> <Delay = 0.96> <FuncUnit> <Opcode : 'add' 'sub'> <InPorts = 2> <OutPorts = 1>
ST_2 : Operation 48 [1/1] (0.00ns)   --->   "%br_ln463 = br i1 %icmp_ln463, void %VITIS_LOOP_465_3.split.i.i, void %v_mix_core_alpha<false, false>.exit" [/home/e/Documents/research/byotee/OSDZU3_Ref_Design/OSDZU3_Ref_Design.runs/design_1_v_mix_0_0_synth_1/prj/sol/.autopilot/db/v_mix.cpp:463->/home/e/Documents/research/byotee/OSDZU3_Ref_Design/OSDZU3_Ref_Design.runs/design_1_v_mix_0_0_synth_1/prj/sol/.autopilot/db/v_mix.cpp:730->/home/e/Documents/research/byotee/OSDZU3_Ref_Design/OSDZU3_Ref_Design.runs/design_1_v_mix_0_0_synth_1/prj/sol/.autopilot/db/v_mix.cpp:730]   --->   Operation 48 'br' 'br_ln463' <Predicate = true> <Delay = 0.00>
ST_2 : Operation 49 [1/1] (0.00ns)   --->   "%zext_ln463 = zext i12 %y_14" [/home/e/Documents/research/byotee/OSDZU3_Ref_Design/OSDZU3_Ref_Design.runs/design_1_v_mix_0_0_synth_1/prj/sol/.autopilot/db/v_mix.cpp:463->/home/e/Documents/research/byotee/OSDZU3_Ref_Design/OSDZU3_Ref_Design.runs/design_1_v_mix_0_0_synth_1/prj/sol/.autopilot/db/v_mix.cpp:730->/home/e/Documents/research/byotee/OSDZU3_Ref_Design/OSDZU3_Ref_Design.runs/design_1_v_mix_0_0_synth_1/prj/sol/.autopilot/db/v_mix.cpp:730]   --->   Operation 49 'zext' 'zext_ln463' <Predicate = (!icmp_ln463)> <Delay = 0.00>
ST_2 : Operation 50 [1/1] (0.00ns)   --->   "%zext_ln463_1 = zext i12 %y_14" [/home/e/Documents/research/byotee/OSDZU3_Ref_Design/OSDZU3_Ref_Design.runs/design_1_v_mix_0_0_synth_1/prj/sol/.autopilot/db/v_mix.cpp:463->/home/e/Documents/research/byotee/OSDZU3_Ref_Design/OSDZU3_Ref_Design.runs/design_1_v_mix_0_0_synth_1/prj/sol/.autopilot/db/v_mix.cpp:730->/home/e/Documents/research/byotee/OSDZU3_Ref_Design/OSDZU3_Ref_Design.runs/design_1_v_mix_0_0_synth_1/prj/sol/.autopilot/db/v_mix.cpp:730]   --->   Operation 50 'zext' 'zext_ln463_1' <Predicate = (!icmp_ln463)> <Delay = 0.00>
ST_2 : Operation 51 [1/1] (1.01ns)   --->   "%ult = icmp_ult  i16 %zext_ln463_1, i16 %HwReg_layerStartY_1_val20_read" [/home/e/Documents/research/byotee/OSDZU3_Ref_Design/OSDZU3_Ref_Design.runs/design_1_v_mix_0_0_synth_1/prj/sol/.autopilot/db/v_mix.cpp:463->/home/e/Documents/research/byotee/OSDZU3_Ref_Design/OSDZU3_Ref_Design.runs/design_1_v_mix_0_0_synth_1/prj/sol/.autopilot/db/v_mix.cpp:730->/home/e/Documents/research/byotee/OSDZU3_Ref_Design/OSDZU3_Ref_Design.runs/design_1_v_mix_0_0_synth_1/prj/sol/.autopilot/db/v_mix.cpp:730]   --->   Operation 51 'icmp' 'ult' <Predicate = (!icmp_ln463)> <Delay = 1.01> <CoreInst = "Cmp">   --->   Core 9 'Cmp' <Latency = 0> <II = 1> <Delay = 1.01> <FuncUnit> <Opcode : 'seteq' 'setne' 'setle' 'setge' 'setlt' 'setgt'> <InPorts = 2> <OutPorts = 1>
ST_2 : Operation 52 [1/1] (0.33ns)   --->   "%rev15 = xor i1 %ult, i1 1" [/home/e/Documents/research/byotee/OSDZU3_Ref_Design/OSDZU3_Ref_Design.runs/design_1_v_mix_0_0_synth_1/prj/sol/.autopilot/db/v_mix.cpp:463->/home/e/Documents/research/byotee/OSDZU3_Ref_Design/OSDZU3_Ref_Design.runs/design_1_v_mix_0_0_synth_1/prj/sol/.autopilot/db/v_mix.cpp:730->/home/e/Documents/research/byotee/OSDZU3_Ref_Design/OSDZU3_Ref_Design.runs/design_1_v_mix_0_0_synth_1/prj/sol/.autopilot/db/v_mix.cpp:730]   --->   Operation 52 'xor' 'rev15' <Predicate = (!icmp_ln463)> <Delay = 0.33> <CoreInst = "LogicGate">   --->   Core 74 'LogicGate' <Latency = 0> <II = 1> <Delay = 0.33> <FuncUnit> <Opcode : 'and' 'or' 'xor'> <InPorts = 2> <OutPorts = 1>
ST_2 : Operation 53 [1/1] (1.02ns)   --->   "%cmp61_i_i = icmp_ugt  i17 %add60_i_i, i17 %zext_ln463" [/home/e/Documents/research/byotee/OSDZU3_Ref_Design/OSDZU3_Ref_Design.runs/design_1_v_mix_0_0_synth_1/prj/sol/.autopilot/db/v_mix.cpp:449->/home/e/Documents/research/byotee/OSDZU3_Ref_Design/OSDZU3_Ref_Design.runs/design_1_v_mix_0_0_synth_1/prj/sol/.autopilot/db/v_mix.cpp:730->/home/e/Documents/research/byotee/OSDZU3_Ref_Design/OSDZU3_Ref_Design.runs/design_1_v_mix_0_0_synth_1/prj/sol/.autopilot/db/v_mix.cpp:730]   --->   Operation 53 'icmp' 'cmp61_i_i' <Predicate = (!icmp_ln463)> <Delay = 1.02> <CoreInst = "Cmp">   --->   Core 9 'Cmp' <Latency = 0> <II = 1> <Delay = 1.02> <FuncUnit> <Opcode : 'seteq' 'setne' 'setle' 'setge' 'setlt' 'setgt'> <InPorts = 2> <OutPorts = 1>
ST_2 : Operation 54 [2/2] (1.84ns)   --->   "%call_ln450 = call void @v_mix_core_alpha<false, false>_Pipeline_VITIS_LOOP_465_3, i12 %HwReg_width_val_read, i24 %outLayer1, i24 %srcLayer1x, i8 %HwReg_background_Y_R_val12_read, i8 %HwReg_background_U_G_val13_read, i8 %HwReg_background_V_B_val14_read, i16 %HwReg_layerStartX_1_val18_read, i17 %add71_i_i, i1 %cmp61_i_i, i1 %rev15, i1 %tmp_10, i1 %empty, i24 %outLayer0" [/home/e/Documents/research/byotee/OSDZU3_Ref_Design/OSDZU3_Ref_Design.runs/design_1_v_mix_0_0_synth_1/prj/sol/.autopilot/db/v_mix.cpp:450->/home/e/Documents/research/byotee/OSDZU3_Ref_Design/OSDZU3_Ref_Design.runs/design_1_v_mix_0_0_synth_1/prj/sol/.autopilot/db/v_mix.cpp:730->/home/e/Documents/research/byotee/OSDZU3_Ref_Design/OSDZU3_Ref_Design.runs/design_1_v_mix_0_0_synth_1/prj/sol/.autopilot/db/v_mix.cpp:730]   --->   Operation 54 'call' 'call_ln450' <Predicate = (!icmp_ln463)> <Delay = 1.84> <CoreType = "Generic">   --->   Generic Core
ST_2 : Operation 55 [1/1] (0.48ns)   --->   "%store_ln440 = store i12 %add_ln463, i12 %y" [/home/e/Documents/research/byotee/OSDZU3_Ref_Design/OSDZU3_Ref_Design.runs/design_1_v_mix_0_0_synth_1/prj/sol/.autopilot/db/v_mix.cpp:440->/home/e/Documents/research/byotee/OSDZU3_Ref_Design/OSDZU3_Ref_Design.runs/design_1_v_mix_0_0_synth_1/prj/sol/.autopilot/db/v_mix.cpp:730->/home/e/Documents/research/byotee/OSDZU3_Ref_Design/OSDZU3_Ref_Design.runs/design_1_v_mix_0_0_synth_1/prj/sol/.autopilot/db/v_mix.cpp:730]   --->   Operation 55 'store' 'store_ln440' <Predicate = (!icmp_ln463)> <Delay = 0.48>
ST_2 : Operation 56 [1/1] (0.00ns)   --->   "%ret_ln730 = ret" [/home/e/Documents/research/byotee/OSDZU3_Ref_Design/OSDZU3_Ref_Design.runs/design_1_v_mix_0_0_synth_1/prj/sol/.autopilot/db/v_mix.cpp:730]   --->   Operation 56 'ret' 'ret_ln730' <Predicate = (icmp_ln463)> <Delay = 0.00>

State 3 <SV = 2> <Delay = 0.00>
ST_3 : Operation 57 [1/1] (0.00ns)   --->   "%specloopname_ln463 = specloopname void @_ssdm_op_SpecLoopName, void @empty_62" [/home/e/Documents/research/byotee/OSDZU3_Ref_Design/OSDZU3_Ref_Design.runs/design_1_v_mix_0_0_synth_1/prj/sol/.autopilot/db/v_mix.cpp:463->/home/e/Documents/research/byotee/OSDZU3_Ref_Design/OSDZU3_Ref_Design.runs/design_1_v_mix_0_0_synth_1/prj/sol/.autopilot/db/v_mix.cpp:730->/home/e/Documents/research/byotee/OSDZU3_Ref_Design/OSDZU3_Ref_Design.runs/design_1_v_mix_0_0_synth_1/prj/sol/.autopilot/db/v_mix.cpp:730]   --->   Operation 57 'specloopname' 'specloopname_ln463' <Predicate = true> <Delay = 0.00>
ST_3 : Operation 58 [1/2] (0.00ns)   --->   "%call_ln450 = call void @v_mix_core_alpha<false, false>_Pipeline_VITIS_LOOP_465_3, i12 %HwReg_width_val_read, i24 %outLayer1, i24 %srcLayer1x, i8 %HwReg_background_Y_R_val12_read, i8 %HwReg_background_U_G_val13_read, i8 %HwReg_background_V_B_val14_read, i16 %HwReg_layerStartX_1_val18_read, i17 %add71_i_i, i1 %cmp61_i_i, i1 %rev15, i1 %tmp_10, i1 %empty, i24 %outLayer0" [/home/e/Documents/research/byotee/OSDZU3_Ref_Design/OSDZU3_Ref_Design.runs/design_1_v_mix_0_0_synth_1/prj/sol/.autopilot/db/v_mix.cpp:450->/home/e/Documents/research/byotee/OSDZU3_Ref_Design/OSDZU3_Ref_Design.runs/design_1_v_mix_0_0_synth_1/prj/sol/.autopilot/db/v_mix.cpp:730->/home/e/Documents/research/byotee/OSDZU3_Ref_Design/OSDZU3_Ref_Design.runs/design_1_v_mix_0_0_synth_1/prj/sol/.autopilot/db/v_mix.cpp:730]   --->   Operation 58 'call' 'call_ln450' <Predicate = true> <Delay = 0.00> <CoreType = "Generic">   --->   Generic Core
ST_3 : Operation 59 [1/1] (0.00ns)   --->   "%br_ln463 = br void %VITIS_LOOP_465_3.i.i" [/home/e/Documents/research/byotee/OSDZU3_Ref_Design/OSDZU3_Ref_Design.runs/design_1_v_mix_0_0_synth_1/prj/sol/.autopilot/db/v_mix.cpp:463->/home/e/Documents/research/byotee/OSDZU3_Ref_Design/OSDZU3_Ref_Design.runs/design_1_v_mix_0_0_synth_1/prj/sol/.autopilot/db/v_mix.cpp:730->/home/e/Documents/research/byotee/OSDZU3_Ref_Design/OSDZU3_Ref_Design.runs/design_1_v_mix_0_0_synth_1/prj/sol/.autopilot/db/v_mix.cpp:730]   --->   Operation 59 'br' 'br_ln463' <Predicate = true> <Delay = 0.00>


============================================================
+ Verbose Summary: Binding
============================================================
STG Binding: 
---------------- STG Properties BEGIN ----------------
- Is combinational: 0
- Is one-state seq: 0
- Is datapath-only: 0
- Is pipelined: 0
- Is top level: 0
Port [ Return ] is wired: 1; IO mode=ap_ctrl_hs:ce=0
Port [ outLayer0]:  wired=1; compound=1; hidden=0; nouse=0; global=0; static=0; extern=0; dir=0; type=3; pingpong=0; private_global=0; IO mode=ap_fifo:ce=0
Port [ srcLayer1x]:  wired=1; compound=1; hidden=0; nouse=0; global=0; static=0; extern=0; dir=0; type=3; pingpong=0; private_global=0; IO mode=ap_fifo:ce=0
Port [ HwReg_width_val]:  wired=1; compound=0; hidden=0; nouse=0; global=0; static=0; extern=0; dir=0; type=0; pingpong=0; private_global=0; IO mode=ap_stable:ce=0
Port [ HwReg_height_val]:  wired=1; compound=0; hidden=0; nouse=0; global=0; static=0; extern=0; dir=0; type=0; pingpong=0; private_global=0; IO mode=ap_stable:ce=0
Port [ HwReg_background_Y_R_val12]:  wired=1; compound=0; hidden=0; nouse=0; global=0; static=0; extern=0; dir=0; type=0; pingpong=0; private_global=0; IO mode=ap_stable:ce=0
Port [ HwReg_background_U_G_val13]:  wired=1; compound=0; hidden=0; nouse=0; global=0; static=0; extern=0; dir=0; type=0; pingpong=0; private_global=0; IO mode=ap_stable:ce=0
Port [ HwReg_background_V_B_val14]:  wired=1; compound=0; hidden=0; nouse=0; global=0; static=0; extern=0; dir=0; type=0; pingpong=0; private_global=0; IO mode=ap_stable:ce=0
Port [ HwReg_layerEnable_val16]:  wired=1; compound=0; hidden=0; nouse=0; global=0; static=0; extern=0; dir=0; type=0; pingpong=0; private_global=0; IO mode=ap_stable:ce=0
Port [ HwReg_layerStartX_1_val18]:  wired=1; compound=0; hidden=0; nouse=0; global=0; static=0; extern=0; dir=0; type=0; pingpong=0; private_global=0; IO mode=ap_stable:ce=0
Port [ HwReg_layerStartY_1_val20]:  wired=1; compound=0; hidden=0; nouse=0; global=0; static=0; extern=0; dir=0; type=0; pingpong=0; private_global=0; IO mode=ap_stable:ce=0
Port [ HwReg_layerWidth_1_val]:  wired=1; compound=0; hidden=0; nouse=0; global=0; static=0; extern=0; dir=0; type=0; pingpong=0; private_global=0; IO mode=ap_stable:ce=0
Port [ HwReg_layerHeight_1_val]:  wired=1; compound=0; hidden=0; nouse=0; global=0; static=0; extern=0; dir=0; type=0; pingpong=0; private_global=0; IO mode=ap_stable:ce=0
Port [ HwReg_layerScaleFactor_1_val26]:  wired=1; compound=0; hidden=0; nouse=0; global=0; static=0; extern=0; dir=0; type=0; pingpong=0; private_global=0; IO mode=ap_stable:ce=0
Port [ outLayer1]:  wired=1; compound=1; hidden=0; nouse=0; global=0; static=0; extern=0; dir=1; type=3; pingpong=0; private_global=0; IO mode=ap_fifo:ce=0
---------------- STG Properties END ------------------

---------------- Datapath Model BEGIN ----------------

<LifeTime>
<method=bitvector/>
y                                         (alloca           ) [ 0111]
specstablecontent_ln0                     (specstablecontent) [ 0000]
specstablecontent_ln0                     (specstablecontent) [ 0000]
specstablecontent_ln0                     (specstablecontent) [ 0000]
specstablecontent_ln0                     (specstablecontent) [ 0000]
specstablecontent_ln0                     (specstablecontent) [ 0000]
specstablecontent_ln0                     (specstablecontent) [ 0000]
HwReg_layerScaleFactor_1_val26_read       (read             ) [ 0000]
HwReg_layerHeight_1_val_read              (read             ) [ 0000]
HwReg_layerWidth_1_val_read               (read             ) [ 0000]
HwReg_layerStartY_1_val20_read            (read             ) [ 0011]
HwReg_layerStartX_1_val18_read            (read             ) [ 0011]
HwReg_layerEnable_val16_read              (read             ) [ 0000]
HwReg_background_V_B_val14_read           (read             ) [ 0011]
HwReg_background_U_G_val13_read           (read             ) [ 0011]
HwReg_background_Y_R_val12_read           (read             ) [ 0011]
HwReg_height_val_read                     (read             ) [ 0011]
HwReg_width_val_read                      (read             ) [ 0011]
empty                                     (trunc            ) [ 0011]
specstablecontent_ln0                     (specstablecontent) [ 0000]
specstablecontent_ln0                     (specstablecontent) [ 0000]
specstablecontent_ln0                     (specstablecontent) [ 0000]
specstablecontent_ln0                     (specstablecontent) [ 0000]
specstablecontent_ln0                     (specstablecontent) [ 0000]
specinterface_ln0                         (specinterface    ) [ 0000]
specinterface_ln0                         (specinterface    ) [ 0000]
specinterface_ln0                         (specinterface    ) [ 0000]
HwReg_layerScaleFactor_1_val26_readcast   (zext             ) [ 0000]
shl_ln449                                 (shl              ) [ 0000]
HwReg_layerScaleFactor_1_val26_readcast16 (zext             ) [ 0000]
shl_ln450                                 (shl              ) [ 0000]
hwReg_layerStartY_1_val_cast_i_i          (zext             ) [ 0000]
layerHeight_cast_i_i                      (zext             ) [ 0000]
add60_i_i                                 (add              ) [ 0011]
hwReg_layerStartX_1_val_cast_i_i          (zext             ) [ 0000]
layerWidth_cast_i_i                       (zext             ) [ 0000]
add71_i_i                                 (add              ) [ 0011]
tmp_10                                    (bitselect        ) [ 0011]
store_ln440                               (store            ) [ 0000]
br_ln463                                  (br               ) [ 0000]
y_14                                      (load             ) [ 0000]
icmp_ln463                                (icmp             ) [ 0011]
speclooptripcount_ln0                     (speclooptripcount) [ 0000]
add_ln463                                 (add              ) [ 0000]
br_ln463                                  (br               ) [ 0000]
zext_ln463                                (zext             ) [ 0000]
zext_ln463_1                              (zext             ) [ 0000]
ult                                       (icmp             ) [ 0000]
rev15                                     (xor              ) [ 0001]
cmp61_i_i                                 (icmp             ) [ 0001]
store_ln440                               (store            ) [ 0000]
ret_ln730                                 (ret              ) [ 0000]
specloopname_ln463                        (specloopname     ) [ 0000]
call_ln450                                (call             ) [ 0000]
br_ln463                                  (br               ) [ 0000]
</LifeTime>

<model>

<comp_list>
<comp id="0" class="1000" name="outLayer0">
<pin_list>
<pin id="1" dir="1" index="0" bw="1" slack="0"/>
</pin_list>
<bind>
<StgValue><ssdm name="outLayer0"/></StgValue>
</bind>
</comp>

<comp id="2" class="1000" name="srcLayer1x">
<pin_list>
<pin id="3" dir="1" index="0" bw="1" slack="0"/>
</pin_list>
<bind>
<StgValue><ssdm name="srcLayer1x"/></StgValue>
</bind>
</comp>

<comp id="4" class="1000" name="HwReg_width_val">
<pin_list>
<pin id="5" dir="1" index="0" bw="1" slack="0"/>
</pin_list>
<bind>
<StgValue><ssdm name="HwReg_width_val"/></StgValue>
</bind>
</comp>

<comp id="6" class="1000" name="HwReg_height_val">
<pin_list>
<pin id="7" dir="1" index="0" bw="1" slack="0"/>
</pin_list>
<bind>
<StgValue><ssdm name="HwReg_height_val"/></StgValue>
</bind>
</comp>

<comp id="8" class="1000" name="HwReg_background_Y_R_val12">
<pin_list>
<pin id="9" dir="1" index="0" bw="1" slack="0"/>
</pin_list>
<bind>
<StgValue><ssdm name="HwReg_background_Y_R_val12"/></StgValue>
</bind>
</comp>

<comp id="10" class="1000" name="HwReg_background_U_G_val13">
<pin_list>
<pin id="11" dir="1" index="0" bw="1" slack="0"/>
</pin_list>
<bind>
<StgValue><ssdm name="HwReg_background_U_G_val13"/></StgValue>
</bind>
</comp>

<comp id="12" class="1000" name="HwReg_background_V_B_val14">
<pin_list>
<pin id="13" dir="1" index="0" bw="1" slack="0"/>
</pin_list>
<bind>
<StgValue><ssdm name="HwReg_background_V_B_val14"/></StgValue>
</bind>
</comp>

<comp id="14" class="1000" name="HwReg_layerEnable_val16">
<pin_list>
<pin id="15" dir="1" index="0" bw="1" slack="0"/>
</pin_list>
<bind>
<StgValue><ssdm name="HwReg_layerEnable_val16"/></StgValue>
</bind>
</comp>

<comp id="16" class="1000" name="HwReg_layerStartX_1_val18">
<pin_list>
<pin id="17" dir="1" index="0" bw="1" slack="0"/>
</pin_list>
<bind>
<StgValue><ssdm name="HwReg_layerStartX_1_val18"/></StgValue>
</bind>
</comp>

<comp id="18" class="1000" name="HwReg_layerStartY_1_val20">
<pin_list>
<pin id="19" dir="1" index="0" bw="1" slack="0"/>
</pin_list>
<bind>
<StgValue><ssdm name="HwReg_layerStartY_1_val20"/></StgValue>
</bind>
</comp>

<comp id="20" class="1000" name="HwReg_layerWidth_1_val">
<pin_list>
<pin id="21" dir="1" index="0" bw="1" slack="0"/>
</pin_list>
<bind>
<StgValue><ssdm name="HwReg_layerWidth_1_val"/></StgValue>
</bind>
</comp>

<comp id="22" class="1000" name="HwReg_layerHeight_1_val">
<pin_list>
<pin id="23" dir="1" index="0" bw="1" slack="0"/>
</pin_list>
<bind>
<StgValue><ssdm name="HwReg_layerHeight_1_val"/></StgValue>
</bind>
</comp>

<comp id="24" class="1000" name="HwReg_layerScaleFactor_1_val26">
<pin_list>
<pin id="25" dir="1" index="0" bw="1" slack="0"/>
</pin_list>
<bind>
<StgValue><ssdm name="HwReg_layerScaleFactor_1_val26"/></StgValue>
</bind>
</comp>

<comp id="26" class="1000" name="outLayer1">
<pin_list>
<pin id="27" dir="1" index="0" bw="1" slack="0"/>
</pin_list>
<bind>
<StgValue><ssdm name="outLayer1"/></StgValue>
</bind>
</comp>

<comp id="28" class="1001" name="const_28">
<pin_list>
<pin id="29" dir="1" index="0" bw="1" slack="0"/>
</pin_list>
<bind>
<StgValue><ssdm name=""/></StgValue>
</bind>
</comp>

<comp id="30" class="1001" name="const_30">
<pin_list>
<pin id="31" dir="1" index="0" bw="1" slack="2147483647"/>
</pin_list>
<bind>
<StgValue><ssdm name="_ssdm_op_SpecStableContent"/></StgValue>
</bind>
</comp>

<comp id="32" class="1001" name="const_32">
<pin_list>
<pin id="33" dir="1" index="0" bw="1" slack="0"/>
</pin_list>
<bind>
<StgValue><ssdm name=""/></StgValue>
</bind>
</comp>

<comp id="34" class="1001" name="const_34">
<pin_list>
<pin id="35" dir="1" index="0" bw="1" slack="2147483647"/>
</pin_list>
<bind>
<StgValue><ssdm name="p_str"/></StgValue>
</bind>
</comp>

<comp id="36" class="1001" name="const_36">
<pin_list>
<pin id="37" dir="1" index="0" bw="1" slack="0"/>
</pin_list>
<bind>
<StgValue><ssdm name="_ssdm_op_Read.ap_auto.i8"/></StgValue>
</bind>
</comp>

<comp id="38" class="1001" name="const_38">
<pin_list>
<pin id="39" dir="1" index="0" bw="1" slack="0"/>
</pin_list>
<bind>
<StgValue><ssdm name="_ssdm_op_Read.ap_auto.i16"/></StgValue>
</bind>
</comp>

<comp id="40" class="1001" name="const_40">
<pin_list>
<pin id="41" dir="1" index="0" bw="1" slack="0"/>
</pin_list>
<bind>
<StgValue><ssdm name="_ssdm_op_Read.ap_auto.i2"/></StgValue>
</bind>
</comp>

<comp id="42" class="1001" name="const_42">
<pin_list>
<pin id="43" dir="1" index="0" bw="1" slack="0"/>
</pin_list>
<bind>
<StgValue><ssdm name="_ssdm_op_Read.ap_auto.i12"/></StgValue>
</bind>
</comp>

<comp id="44" class="1001" name="const_44">
<pin_list>
<pin id="45" dir="1" index="0" bw="1" slack="2147483647"/>
</pin_list>
<bind>
<StgValue><ssdm name=""/></StgValue>
</bind>
</comp>

<comp id="46" class="1001" name="const_46">
<pin_list>
<pin id="47" dir="1" index="0" bw="1" slack="2147483647"/>
</pin_list>
<bind>
<StgValue><ssdm name="_ssdm_op_SpecInterface"/></StgValue>
</bind>
</comp>

<comp id="48" class="1001" name="const_48">
<pin_list>
<pin id="49" dir="1" index="0" bw="1" slack="2147483647"/>
</pin_list>
<bind>
<StgValue><ssdm name="empty_42"/></StgValue>
</bind>
</comp>

<comp id="50" class="1001" name="const_50">
<pin_list>
<pin id="51" dir="1" index="0" bw="1" slack="2147483647"/>
</pin_list>
<bind>
<StgValue><ssdm name=""/></StgValue>
</bind>
</comp>

<comp id="52" class="1001" name="const_52">
<pin_list>
<pin id="53" dir="1" index="0" bw="1" slack="2147483647"/>
</pin_list>
<bind>
<StgValue><ssdm name="empty_0"/></StgValue>
</bind>
</comp>

<comp id="54" class="1001" name="const_54">
<pin_list>
<pin id="55" dir="1" index="0" bw="1" slack="2147483647"/>
</pin_list>
<bind>
<StgValue><ssdm name=""/></StgValue>
</bind>
</comp>

<comp id="56" class="1001" name="const_56">
<pin_list>
<pin id="57" dir="1" index="0" bw="1" slack="0"/>
</pin_list>
<bind>
<StgValue><ssdm name="_ssdm_op_BitSelect.i1.i2.i32"/></StgValue>
</bind>
</comp>

<comp id="58" class="1001" name="const_58">
<pin_list>
<pin id="59" dir="1" index="0" bw="1" slack="0"/>
</pin_list>
<bind>
<StgValue><ssdm name=""/></StgValue>
</bind>
</comp>

<comp id="60" class="1001" name="const_60">
<pin_list>
<pin id="61" dir="1" index="0" bw="1" slack="2147483647"/>
</pin_list>
<bind>
<StgValue><ssdm name="_ssdm_op_SpecLoopTripCount"/></StgValue>
</bind>
</comp>

<comp id="62" class="1001" name="const_62">
<pin_list>
<pin id="63" dir="1" index="0" bw="1" slack="2147483647"/>
</pin_list>
<bind>
<StgValue><ssdm name=""/></StgValue>
</bind>
</comp>

<comp id="64" class="1001" name="const_64">
<pin_list>
<pin id="65" dir="1" index="0" bw="1" slack="2147483647"/>
</pin_list>
<bind>
<StgValue><ssdm name=""/></StgValue>
</bind>
</comp>

<comp id="66" class="1001" name="const_66">
<pin_list>
<pin id="67" dir="1" index="0" bw="1" slack="2147483647"/>
</pin_list>
<bind>
<StgValue><ssdm name=""/></StgValue>
</bind>
</comp>

<comp id="68" class="1001" name="const_68">
<pin_list>
<pin id="69" dir="1" index="0" bw="1" slack="0"/>
</pin_list>
<bind>
<StgValue><ssdm name=""/></StgValue>
</bind>
</comp>

<comp id="70" class="1001" name="const_70">
<pin_list>
<pin id="71" dir="1" index="0" bw="1" slack="0"/>
</pin_list>
<bind>
<StgValue><ssdm name="v_mix_core_alpha<false, false>_Pipeline_VITIS_LOOP_465_3"/></StgValue>
</bind>
</comp>

<comp id="72" class="1001" name="const_72">
<pin_list>
<pin id="73" dir="1" index="0" bw="1" slack="2147483647"/>
</pin_list>
<bind>
<StgValue><ssdm name="_ssdm_op_SpecLoopName"/></StgValue>
</bind>
</comp>

<comp id="74" class="1001" name="const_74">
<pin_list>
<pin id="75" dir="1" index="0" bw="1" slack="2147483647"/>
</pin_list>
<bind>
<StgValue><ssdm name="empty_62"/></StgValue>
</bind>
</comp>

<comp id="76" class="1004" name="y_fu_76">
<pin_list>
<pin id="77" dir="0" index="0" bw="1" slack="0"/>
<pin id="78" dir="1" index="1" bw="12" slack="0"/>
</pin_list>
<bind>
<opcode="alloca(26) " fcode="alloca"/>
<opset="y/1 "/>
</bind>
</comp>

<comp id="80" class="1004" name="HwReg_layerScaleFactor_1_val26_read_read_fu_80">
<pin_list>
<pin id="81" dir="0" index="0" bw="8" slack="0"/>
<pin id="82" dir="0" index="1" bw="8" slack="0"/>
<pin id="83" dir="1" index="2" bw="8" slack="0"/>
</pin_list>
<bind>
<opcode="read(1150) " fcode="read"/>
<opset="HwReg_layerScaleFactor_1_val26_read/1 "/>
</bind>
</comp>

<comp id="86" class="1004" name="HwReg_layerHeight_1_val_read_read_fu_86">
<pin_list>
<pin id="87" dir="0" index="0" bw="16" slack="0"/>
<pin id="88" dir="0" index="1" bw="16" slack="0"/>
<pin id="89" dir="1" index="2" bw="16" slack="0"/>
</pin_list>
<bind>
<opcode="read(1150) " fcode="read"/>
<opset="HwReg_layerHeight_1_val_read/1 "/>
</bind>
</comp>

<comp id="92" class="1004" name="HwReg_layerWidth_1_val_read_read_fu_92">
<pin_list>
<pin id="93" dir="0" index="0" bw="16" slack="0"/>
<pin id="94" dir="0" index="1" bw="16" slack="0"/>
<pin id="95" dir="1" index="2" bw="16" slack="0"/>
</pin_list>
<bind>
<opcode="read(1150) " fcode="read"/>
<opset="HwReg_layerWidth_1_val_read/1 "/>
</bind>
</comp>

<comp id="98" class="1004" name="HwReg_layerStartY_1_val20_read_read_fu_98">
<pin_list>
<pin id="99" dir="0" index="0" bw="16" slack="0"/>
<pin id="100" dir="0" index="1" bw="16" slack="0"/>
<pin id="101" dir="1" index="2" bw="16" slack="0"/>
</pin_list>
<bind>
<opcode="read(1150) " fcode="read"/>
<opset="HwReg_layerStartY_1_val20_read/1 "/>
</bind>
</comp>

<comp id="104" class="1004" name="HwReg_layerStartX_1_val18_read_read_fu_104">
<pin_list>
<pin id="105" dir="0" index="0" bw="16" slack="0"/>
<pin id="106" dir="0" index="1" bw="16" slack="0"/>
<pin id="107" dir="1" index="2" bw="16" slack="0"/>
</pin_list>
<bind>
<opcode="read(1150) " fcode="read"/>
<opset="HwReg_layerStartX_1_val18_read/1 "/>
</bind>
</comp>

<comp id="110" class="1004" name="HwReg_layerEnable_val16_read_read_fu_110">
<pin_list>
<pin id="111" dir="0" index="0" bw="2" slack="0"/>
<pin id="112" dir="0" index="1" bw="2" slack="0"/>
<pin id="113" dir="1" index="2" bw="2" slack="0"/>
</pin_list>
<bind>
<opcode="read(1150) " fcode="read"/>
<opset="HwReg_layerEnable_val16_read/1 "/>
</bind>
</comp>

<comp id="116" class="1004" name="HwReg_background_V_B_val14_read_read_fu_116">
<pin_list>
<pin id="117" dir="0" index="0" bw="8" slack="0"/>
<pin id="118" dir="0" index="1" bw="8" slack="0"/>
<pin id="119" dir="1" index="2" bw="8" slack="1"/>
</pin_list>
<bind>
<opcode="read(1150) " fcode="read"/>
<opset="HwReg_background_V_B_val14_read/1 "/>
</bind>
</comp>

<comp id="122" class="1004" name="HwReg_background_U_G_val13_read_read_fu_122">
<pin_list>
<pin id="123" dir="0" index="0" bw="8" slack="0"/>
<pin id="124" dir="0" index="1" bw="8" slack="0"/>
<pin id="125" dir="1" index="2" bw="8" slack="1"/>
</pin_list>
<bind>
<opcode="read(1150) " fcode="read"/>
<opset="HwReg_background_U_G_val13_read/1 "/>
</bind>
</comp>

<comp id="128" class="1004" name="HwReg_background_Y_R_val12_read_read_fu_128">
<pin_list>
<pin id="129" dir="0" index="0" bw="8" slack="0"/>
<pin id="130" dir="0" index="1" bw="8" slack="0"/>
<pin id="131" dir="1" index="2" bw="8" slack="1"/>
</pin_list>
<bind>
<opcode="read(1150) " fcode="read"/>
<opset="HwReg_background_Y_R_val12_read/1 "/>
</bind>
</comp>

<comp id="134" class="1004" name="HwReg_height_val_read_read_fu_134">
<pin_list>
<pin id="135" dir="0" index="0" bw="12" slack="0"/>
<pin id="136" dir="0" index="1" bw="12" slack="0"/>
<pin id="137" dir="1" index="2" bw="12" slack="1"/>
</pin_list>
<bind>
<opcode="read(1150) " fcode="read"/>
<opset="HwReg_height_val_read/1 "/>
</bind>
</comp>

<comp id="140" class="1004" name="HwReg_width_val_read_read_fu_140">
<pin_list>
<pin id="141" dir="0" index="0" bw="12" slack="0"/>
<pin id="142" dir="0" index="1" bw="12" slack="0"/>
<pin id="143" dir="1" index="2" bw="12" slack="1"/>
</pin_list>
<bind>
<opcode="read(1150) " fcode="read"/>
<opset="HwReg_width_val_read/1 "/>
</bind>
</comp>

<comp id="146" class="1004" name="grp_v_mix_core_alpha_false_false_Pipeline_VITIS_LOOP_465_3_fu_146">
<pin_list>
<pin id="147" dir="0" index="0" bw="0" slack="0"/>
<pin id="148" dir="0" index="1" bw="12" slack="1"/>
<pin id="149" dir="0" index="2" bw="24" slack="0"/>
<pin id="150" dir="0" index="3" bw="24" slack="0"/>
<pin id="151" dir="0" index="4" bw="8" slack="1"/>
<pin id="152" dir="0" index="5" bw="8" slack="1"/>
<pin id="153" dir="0" index="6" bw="8" slack="1"/>
<pin id="154" dir="0" index="7" bw="16" slack="1"/>
<pin id="155" dir="0" index="8" bw="17" slack="1"/>
<pin id="156" dir="0" index="9" bw="1" slack="0"/>
<pin id="157" dir="0" index="10" bw="1" slack="0"/>
<pin id="158" dir="0" index="11" bw="1" slack="1"/>
<pin id="159" dir="0" index="12" bw="1" slack="1"/>
<pin id="160" dir="0" index="13" bw="24" slack="0"/>
<pin id="161" dir="1" index="14" bw="0" slack="2147483647"/>
</pin_list>
<bind>
<opcode="call(48) " fcode="call"/>
<opset="call_ln450/2 "/>
</bind>
</comp>

<comp id="166" class="1004" name="empty_fu_166">
<pin_list>
<pin id="167" dir="0" index="0" bw="2" slack="0"/>
<pin id="168" dir="1" index="1" bw="1" slack="1"/>
</pin_list>
<bind>
<opcode="trunc(33) " fcode="trunc"/>
<opset="empty/1 "/>
</bind>
</comp>

<comp id="170" class="1004" name="HwReg_layerScaleFactor_1_val26_readcast_fu_170">
<pin_list>
<pin id="171" dir="0" index="0" bw="8" slack="0"/>
<pin id="172" dir="1" index="1" bw="16" slack="0"/>
</pin_list>
<bind>
<opcode="zext(34) " fcode="zext"/>
<opset="HwReg_layerScaleFactor_1_val26_readcast/1 "/>
</bind>
</comp>

<comp id="174" class="1004" name="shl_ln449_fu_174">
<pin_list>
<pin id="175" dir="0" index="0" bw="16" slack="0"/>
<pin id="176" dir="0" index="1" bw="8" slack="0"/>
<pin id="177" dir="1" index="2" bw="16" slack="0"/>
</pin_list>
<bind>
<opcode="shl(20) " fcode="shl"/>
<opset="shl_ln449/1 "/>
</bind>
</comp>

<comp id="180" class="1004" name="HwReg_layerScaleFactor_1_val26_readcast16_fu_180">
<pin_list>
<pin id="181" dir="0" index="0" bw="8" slack="0"/>
<pin id="182" dir="1" index="1" bw="16" slack="0"/>
</pin_list>
<bind>
<opcode="zext(34) " fcode="zext"/>
<opset="HwReg_layerScaleFactor_1_val26_readcast16/1 "/>
</bind>
</comp>

<comp id="184" class="1004" name="shl_ln450_fu_184">
<pin_list>
<pin id="185" dir="0" index="0" bw="16" slack="0"/>
<pin id="186" dir="0" index="1" bw="8" slack="0"/>
<pin id="187" dir="1" index="2" bw="16" slack="0"/>
</pin_list>
<bind>
<opcode="shl(20) " fcode="shl"/>
<opset="shl_ln450/1 "/>
</bind>
</comp>

<comp id="190" class="1004" name="hwReg_layerStartY_1_val_cast_i_i_fu_190">
<pin_list>
<pin id="191" dir="0" index="0" bw="16" slack="0"/>
<pin id="192" dir="1" index="1" bw="17" slack="0"/>
</pin_list>
<bind>
<opcode="zext(34) " fcode="zext"/>
<opset="hwReg_layerStartY_1_val_cast_i_i/1 "/>
</bind>
</comp>

<comp id="194" class="1004" name="layerHeight_cast_i_i_fu_194">
<pin_list>
<pin id="195" dir="0" index="0" bw="16" slack="0"/>
<pin id="196" dir="1" index="1" bw="17" slack="0"/>
</pin_list>
<bind>
<opcode="zext(34) " fcode="zext"/>
<opset="layerHeight_cast_i_i/1 "/>
</bind>
</comp>

<comp id="198" class="1004" name="add60_i_i_fu_198">
<pin_list>
<pin id="199" dir="0" index="0" bw="16" slack="0"/>
<pin id="200" dir="0" index="1" bw="16" slack="0"/>
<pin id="201" dir="1" index="2" bw="17" slack="1"/>
</pin_list>
<bind>
<opcode="add(8) " fcode="add"/>
<opset="add60_i_i/1 "/>
</bind>
</comp>

<comp id="204" class="1004" name="hwReg_layerStartX_1_val_cast_i_i_fu_204">
<pin_list>
<pin id="205" dir="0" index="0" bw="16" slack="0"/>
<pin id="206" dir="1" index="1" bw="17" slack="0"/>
</pin_list>
<bind>
<opcode="zext(34) " fcode="zext"/>
<opset="hwReg_layerStartX_1_val_cast_i_i/1 "/>
</bind>
</comp>

<comp id="208" class="1004" name="layerWidth_cast_i_i_fu_208">
<pin_list>
<pin id="209" dir="0" index="0" bw="16" slack="0"/>
<pin id="210" dir="1" index="1" bw="17" slack="0"/>
</pin_list>
<bind>
<opcode="zext(34) " fcode="zext"/>
<opset="layerWidth_cast_i_i/1 "/>
</bind>
</comp>

<comp id="212" class="1004" name="add71_i_i_fu_212">
<pin_list>
<pin id="213" dir="0" index="0" bw="16" slack="0"/>
<pin id="214" dir="0" index="1" bw="16" slack="0"/>
<pin id="215" dir="1" index="2" bw="17" slack="1"/>
</pin_list>
<bind>
<opcode="add(8) " fcode="add"/>
<opset="add71_i_i/1 "/>
</bind>
</comp>

<comp id="218" class="1004" name="tmp_10_fu_218">
<pin_list>
<pin id="219" dir="0" index="0" bw="1" slack="0"/>
<pin id="220" dir="0" index="1" bw="2" slack="0"/>
<pin id="221" dir="0" index="2" bw="1" slack="0"/>
<pin id="222" dir="1" index="3" bw="1" slack="1"/>
</pin_list>
<bind>
<opcode="bitselect(1000) " fcode="bitselect"/>
<opset="tmp_10/1 "/>
</bind>
</comp>

<comp id="226" class="1004" name="store_ln440_store_fu_226">
<pin_list>
<pin id="227" dir="0" index="0" bw="1" slack="0"/>
<pin id="228" dir="0" index="1" bw="12" slack="0"/>
<pin id="229" dir="1" index="2" bw="0" slack="2147483647"/>
</pin_list>
<bind>
<opcode="store(28) " fcode="store"/>
<opset="store_ln440/1 "/>
</bind>
</comp>

<comp id="231" class="1004" name="y_14_load_fu_231">
<pin_list>
<pin id="232" dir="0" index="0" bw="12" slack="1"/>
<pin id="233" dir="1" index="1" bw="12" slack="0"/>
</pin_list>
<bind>
<opcode="load(27) " fcode="load"/>
<opset="y_14/2 "/>
</bind>
</comp>

<comp id="234" class="1004" name="icmp_ln463_fu_234">
<pin_list>
<pin id="235" dir="0" index="0" bw="12" slack="0"/>
<pin id="236" dir="0" index="1" bw="12" slack="1"/>
<pin id="237" dir="1" index="2" bw="1" slack="2147483647"/>
</pin_list>
<bind>
<opcode="icmp(45) " fcode="icmp"/>
<opset="icmp_ln463/2 "/>
</bind>
</comp>

<comp id="239" class="1004" name="add_ln463_fu_239">
<pin_list>
<pin id="240" dir="0" index="0" bw="12" slack="0"/>
<pin id="241" dir="0" index="1" bw="1" slack="0"/>
<pin id="242" dir="1" index="2" bw="12" slack="0"/>
</pin_list>
<bind>
<opcode="add(8) " fcode="add"/>
<opset="add_ln463/2 "/>
</bind>
</comp>

<comp id="245" class="1004" name="zext_ln463_fu_245">
<pin_list>
<pin id="246" dir="0" index="0" bw="12" slack="0"/>
<pin id="247" dir="1" index="1" bw="17" slack="0"/>
</pin_list>
<bind>
<opcode="zext(34) " fcode="zext"/>
<opset="zext_ln463/2 "/>
</bind>
</comp>

<comp id="249" class="1004" name="zext_ln463_1_fu_249">
<pin_list>
<pin id="250" dir="0" index="0" bw="12" slack="0"/>
<pin id="251" dir="1" index="1" bw="16" slack="0"/>
</pin_list>
<bind>
<opcode="zext(34) " fcode="zext"/>
<opset="zext_ln463_1/2 "/>
</bind>
</comp>

<comp id="253" class="1004" name="ult_fu_253">
<pin_list>
<pin id="254" dir="0" index="0" bw="16" slack="0"/>
<pin id="255" dir="0" index="1" bw="16" slack="1"/>
<pin id="256" dir="1" index="2" bw="1" slack="0"/>
</pin_list>
<bind>
<opcode="icmp(45) " fcode="icmp"/>
<opset="ult/2 "/>
</bind>
</comp>

<comp id="258" class="1004" name="rev15_fu_258">
<pin_list>
<pin id="259" dir="0" index="0" bw="1" slack="0"/>
<pin id="260" dir="0" index="1" bw="1" slack="0"/>
<pin id="261" dir="1" index="2" bw="1" slack="0"/>
</pin_list>
<bind>
<opcode="xor(25) " fcode="xor"/>
<opset="rev15/2 "/>
</bind>
</comp>

<comp id="265" class="1004" name="cmp61_i_i_fu_265">
<pin_list>
<pin id="266" dir="0" index="0" bw="17" slack="1"/>
<pin id="267" dir="0" index="1" bw="17" slack="0"/>
<pin id="268" dir="1" index="2" bw="1" slack="0"/>
</pin_list>
<bind>
<opcode="icmp(45) " fcode="icmp"/>
<opset="cmp61_i_i/2 "/>
</bind>
</comp>

<comp id="271" class="1004" name="store_ln440_store_fu_271">
<pin_list>
<pin id="272" dir="0" index="0" bw="12" slack="0"/>
<pin id="273" dir="0" index="1" bw="12" slack="1"/>
<pin id="274" dir="1" index="2" bw="0" slack="2147483647"/>
</pin_list>
<bind>
<opcode="store(28) " fcode="store"/>
<opset="store_ln440/2 "/>
</bind>
</comp>

<comp id="276" class="1005" name="y_reg_276">
<pin_list>
<pin id="277" dir="0" index="0" bw="12" slack="0"/>
<pin id="278" dir="1" index="1" bw="12" slack="0"/>
</pin_list>
<bind>
<opset="y "/>
</bind>
</comp>

<comp id="283" class="1005" name="HwReg_layerStartY_1_val20_read_reg_283">
<pin_list>
<pin id="284" dir="0" index="0" bw="16" slack="1"/>
<pin id="285" dir="1" index="1" bw="16" slack="1"/>
</pin_list>
<bind>
<opset="HwReg_layerStartY_1_val20_read "/>
</bind>
</comp>

<comp id="288" class="1005" name="HwReg_layerStartX_1_val18_read_reg_288">
<pin_list>
<pin id="289" dir="0" index="0" bw="16" slack="1"/>
<pin id="290" dir="1" index="1" bw="16" slack="1"/>
</pin_list>
<bind>
<opset="HwReg_layerStartX_1_val18_read "/>
</bind>
</comp>

<comp id="293" class="1005" name="HwReg_background_V_B_val14_read_reg_293">
<pin_list>
<pin id="294" dir="0" index="0" bw="8" slack="1"/>
<pin id="295" dir="1" index="1" bw="8" slack="1"/>
</pin_list>
<bind>
<opset="HwReg_background_V_B_val14_read "/>
</bind>
</comp>

<comp id="298" class="1005" name="HwReg_background_U_G_val13_read_reg_298">
<pin_list>
<pin id="299" dir="0" index="0" bw="8" slack="1"/>
<pin id="300" dir="1" index="1" bw="8" slack="1"/>
</pin_list>
<bind>
<opset="HwReg_background_U_G_val13_read "/>
</bind>
</comp>

<comp id="303" class="1005" name="HwReg_background_Y_R_val12_read_reg_303">
<pin_list>
<pin id="304" dir="0" index="0" bw="8" slack="1"/>
<pin id="305" dir="1" index="1" bw="8" slack="1"/>
</pin_list>
<bind>
<opset="HwReg_background_Y_R_val12_read "/>
</bind>
</comp>

<comp id="308" class="1005" name="HwReg_height_val_read_reg_308">
<pin_list>
<pin id="309" dir="0" index="0" bw="12" slack="1"/>
<pin id="310" dir="1" index="1" bw="12" slack="1"/>
</pin_list>
<bind>
<opset="HwReg_height_val_read "/>
</bind>
</comp>

<comp id="313" class="1005" name="HwReg_width_val_read_reg_313">
<pin_list>
<pin id="314" dir="0" index="0" bw="12" slack="1"/>
<pin id="315" dir="1" index="1" bw="12" slack="1"/>
</pin_list>
<bind>
<opset="HwReg_width_val_read "/>
</bind>
</comp>

<comp id="318" class="1005" name="empty_reg_318">
<pin_list>
<pin id="319" dir="0" index="0" bw="1" slack="1"/>
<pin id="320" dir="1" index="1" bw="1" slack="1"/>
</pin_list>
<bind>
<opset="empty "/>
</bind>
</comp>

<comp id="323" class="1005" name="add60_i_i_reg_323">
<pin_list>
<pin id="324" dir="0" index="0" bw="17" slack="1"/>
<pin id="325" dir="1" index="1" bw="17" slack="1"/>
</pin_list>
<bind>
<opset="add60_i_i "/>
</bind>
</comp>

<comp id="328" class="1005" name="add71_i_i_reg_328">
<pin_list>
<pin id="329" dir="0" index="0" bw="17" slack="1"/>
<pin id="330" dir="1" index="1" bw="17" slack="1"/>
</pin_list>
<bind>
<opset="add71_i_i "/>
</bind>
</comp>

<comp id="333" class="1005" name="tmp_10_reg_333">
<pin_list>
<pin id="334" dir="0" index="0" bw="1" slack="1"/>
<pin id="335" dir="1" index="1" bw="1" slack="1"/>
</pin_list>
<bind>
<opset="tmp_10 "/>
</bind>
</comp>

<comp id="341" class="1005" name="rev15_reg_341">
<pin_list>
<pin id="342" dir="0" index="0" bw="1" slack="1"/>
<pin id="343" dir="1" index="1" bw="1" slack="1"/>
</pin_list>
<bind>
<opset="rev15 "/>
</bind>
</comp>

<comp id="346" class="1005" name="cmp61_i_i_reg_346">
<pin_list>
<pin id="347" dir="0" index="0" bw="1" slack="1"/>
<pin id="348" dir="1" index="1" bw="1" slack="1"/>
</pin_list>
<bind>
<opset="cmp61_i_i "/>
</bind>
</comp>

</comp_list>

<net_list>
<net id="79"><net_src comp="28" pin="0"/><net_sink comp="76" pin=0"/></net>

<net id="84"><net_src comp="36" pin="0"/><net_sink comp="80" pin=0"/></net>

<net id="85"><net_src comp="24" pin="0"/><net_sink comp="80" pin=1"/></net>

<net id="90"><net_src comp="38" pin="0"/><net_sink comp="86" pin=0"/></net>

<net id="91"><net_src comp="22" pin="0"/><net_sink comp="86" pin=1"/></net>

<net id="96"><net_src comp="38" pin="0"/><net_sink comp="92" pin=0"/></net>

<net id="97"><net_src comp="20" pin="0"/><net_sink comp="92" pin=1"/></net>

<net id="102"><net_src comp="38" pin="0"/><net_sink comp="98" pin=0"/></net>

<net id="103"><net_src comp="18" pin="0"/><net_sink comp="98" pin=1"/></net>

<net id="108"><net_src comp="38" pin="0"/><net_sink comp="104" pin=0"/></net>

<net id="109"><net_src comp="16" pin="0"/><net_sink comp="104" pin=1"/></net>

<net id="114"><net_src comp="40" pin="0"/><net_sink comp="110" pin=0"/></net>

<net id="115"><net_src comp="14" pin="0"/><net_sink comp="110" pin=1"/></net>

<net id="120"><net_src comp="36" pin="0"/><net_sink comp="116" pin=0"/></net>

<net id="121"><net_src comp="12" pin="0"/><net_sink comp="116" pin=1"/></net>

<net id="126"><net_src comp="36" pin="0"/><net_sink comp="122" pin=0"/></net>

<net id="127"><net_src comp="10" pin="0"/><net_sink comp="122" pin=1"/></net>

<net id="132"><net_src comp="36" pin="0"/><net_sink comp="128" pin=0"/></net>

<net id="133"><net_src comp="8" pin="0"/><net_sink comp="128" pin=1"/></net>

<net id="138"><net_src comp="42" pin="0"/><net_sink comp="134" pin=0"/></net>

<net id="139"><net_src comp="6" pin="0"/><net_sink comp="134" pin=1"/></net>

<net id="144"><net_src comp="42" pin="0"/><net_sink comp="140" pin=0"/></net>

<net id="145"><net_src comp="4" pin="0"/><net_sink comp="140" pin=1"/></net>

<net id="162"><net_src comp="70" pin="0"/><net_sink comp="146" pin=0"/></net>

<net id="163"><net_src comp="26" pin="0"/><net_sink comp="146" pin=2"/></net>

<net id="164"><net_src comp="2" pin="0"/><net_sink comp="146" pin=3"/></net>

<net id="165"><net_src comp="0" pin="0"/><net_sink comp="146" pin=13"/></net>

<net id="169"><net_src comp="110" pin="2"/><net_sink comp="166" pin=0"/></net>

<net id="173"><net_src comp="80" pin="2"/><net_sink comp="170" pin=0"/></net>

<net id="178"><net_src comp="86" pin="2"/><net_sink comp="174" pin=0"/></net>

<net id="179"><net_src comp="170" pin="1"/><net_sink comp="174" pin=1"/></net>

<net id="183"><net_src comp="80" pin="2"/><net_sink comp="180" pin=0"/></net>

<net id="188"><net_src comp="92" pin="2"/><net_sink comp="184" pin=0"/></net>

<net id="189"><net_src comp="180" pin="1"/><net_sink comp="184" pin=1"/></net>

<net id="193"><net_src comp="98" pin="2"/><net_sink comp="190" pin=0"/></net>

<net id="197"><net_src comp="174" pin="2"/><net_sink comp="194" pin=0"/></net>

<net id="202"><net_src comp="194" pin="1"/><net_sink comp="198" pin=0"/></net>

<net id="203"><net_src comp="190" pin="1"/><net_sink comp="198" pin=1"/></net>

<net id="207"><net_src comp="104" pin="2"/><net_sink comp="204" pin=0"/></net>

<net id="211"><net_src comp="184" pin="2"/><net_sink comp="208" pin=0"/></net>

<net id="216"><net_src comp="208" pin="1"/><net_sink comp="212" pin=0"/></net>

<net id="217"><net_src comp="204" pin="1"/><net_sink comp="212" pin=1"/></net>

<net id="223"><net_src comp="56" pin="0"/><net_sink comp="218" pin=0"/></net>

<net id="224"><net_src comp="110" pin="2"/><net_sink comp="218" pin=1"/></net>

<net id="225"><net_src comp="28" pin="0"/><net_sink comp="218" pin=2"/></net>

<net id="230"><net_src comp="58" pin="0"/><net_sink comp="226" pin=0"/></net>

<net id="238"><net_src comp="231" pin="1"/><net_sink comp="234" pin=0"/></net>

<net id="243"><net_src comp="231" pin="1"/><net_sink comp="239" pin=0"/></net>

<net id="244"><net_src comp="68" pin="0"/><net_sink comp="239" pin=1"/></net>

<net id="248"><net_src comp="231" pin="1"/><net_sink comp="245" pin=0"/></net>

<net id="252"><net_src comp="231" pin="1"/><net_sink comp="249" pin=0"/></net>

<net id="257"><net_src comp="249" pin="1"/><net_sink comp="253" pin=0"/></net>

<net id="262"><net_src comp="253" pin="2"/><net_sink comp="258" pin=0"/></net>

<net id="263"><net_src comp="32" pin="0"/><net_sink comp="258" pin=1"/></net>

<net id="264"><net_src comp="258" pin="2"/><net_sink comp="146" pin=10"/></net>

<net id="269"><net_src comp="245" pin="1"/><net_sink comp="265" pin=1"/></net>

<net id="270"><net_src comp="265" pin="2"/><net_sink comp="146" pin=9"/></net>

<net id="275"><net_src comp="239" pin="2"/><net_sink comp="271" pin=0"/></net>

<net id="279"><net_src comp="76" pin="1"/><net_sink comp="276" pin=0"/></net>

<net id="280"><net_src comp="276" pin="1"/><net_sink comp="226" pin=1"/></net>

<net id="281"><net_src comp="276" pin="1"/><net_sink comp="231" pin=0"/></net>

<net id="282"><net_src comp="276" pin="1"/><net_sink comp="271" pin=1"/></net>

<net id="286"><net_src comp="98" pin="2"/><net_sink comp="283" pin=0"/></net>

<net id="287"><net_src comp="283" pin="1"/><net_sink comp="253" pin=1"/></net>

<net id="291"><net_src comp="104" pin="2"/><net_sink comp="288" pin=0"/></net>

<net id="292"><net_src comp="288" pin="1"/><net_sink comp="146" pin=7"/></net>

<net id="296"><net_src comp="116" pin="2"/><net_sink comp="293" pin=0"/></net>

<net id="297"><net_src comp="293" pin="1"/><net_sink comp="146" pin=6"/></net>

<net id="301"><net_src comp="122" pin="2"/><net_sink comp="298" pin=0"/></net>

<net id="302"><net_src comp="298" pin="1"/><net_sink comp="146" pin=5"/></net>

<net id="306"><net_src comp="128" pin="2"/><net_sink comp="303" pin=0"/></net>

<net id="307"><net_src comp="303" pin="1"/><net_sink comp="146" pin=4"/></net>

<net id="311"><net_src comp="134" pin="2"/><net_sink comp="308" pin=0"/></net>

<net id="312"><net_src comp="308" pin="1"/><net_sink comp="234" pin=1"/></net>

<net id="316"><net_src comp="140" pin="2"/><net_sink comp="313" pin=0"/></net>

<net id="317"><net_src comp="313" pin="1"/><net_sink comp="146" pin=1"/></net>

<net id="321"><net_src comp="166" pin="1"/><net_sink comp="318" pin=0"/></net>

<net id="322"><net_src comp="318" pin="1"/><net_sink comp="146" pin=12"/></net>

<net id="326"><net_src comp="198" pin="2"/><net_sink comp="323" pin=0"/></net>

<net id="327"><net_src comp="323" pin="1"/><net_sink comp="265" pin=0"/></net>

<net id="331"><net_src comp="212" pin="2"/><net_sink comp="328" pin=0"/></net>

<net id="332"><net_src comp="328" pin="1"/><net_sink comp="146" pin=8"/></net>

<net id="336"><net_src comp="218" pin="3"/><net_sink comp="333" pin=0"/></net>

<net id="337"><net_src comp="333" pin="1"/><net_sink comp="146" pin=11"/></net>

<net id="344"><net_src comp="258" pin="2"/><net_sink comp="341" pin=0"/></net>

<net id="345"><net_src comp="341" pin="1"/><net_sink comp="146" pin=10"/></net>

<net id="349"><net_src comp="265" pin="2"/><net_sink comp="346" pin=0"/></net>

<net id="350"><net_src comp="346" pin="1"/><net_sink comp="146" pin=9"/></net>

</net_list>

</model> 
---------------- Datapath Model END ------------------

* FSMD analyzer results:
  - Output states:
	Port: outLayer1 | {2 3 }
 - Input state : 
	Port: v_mix_core_alpha<false, false> : outLayer0 | {2 3 }
	Port: v_mix_core_alpha<false, false> : srcLayer1x | {2 3 }
	Port: v_mix_core_alpha<false, false> : HwReg_width_val | {1 }
	Port: v_mix_core_alpha<false, false> : HwReg_height_val | {1 }
	Port: v_mix_core_alpha<false, false> : HwReg_background_Y_R_val12 | {1 }
	Port: v_mix_core_alpha<false, false> : HwReg_background_U_G_val13 | {1 }
	Port: v_mix_core_alpha<false, false> : HwReg_background_V_B_val14 | {1 }
	Port: v_mix_core_alpha<false, false> : HwReg_layerEnable_val16 | {1 }
	Port: v_mix_core_alpha<false, false> : HwReg_layerStartX_1_val18 | {1 }
	Port: v_mix_core_alpha<false, false> : HwReg_layerStartY_1_val20 | {1 }
	Port: v_mix_core_alpha<false, false> : HwReg_layerWidth_1_val | {1 }
	Port: v_mix_core_alpha<false, false> : HwReg_layerHeight_1_val | {1 }
	Port: v_mix_core_alpha<false, false> : HwReg_layerScaleFactor_1_val26 | {1 }
  - Chain level:
	State 1
		shl_ln449 : 1
		shl_ln450 : 1
		layerHeight_cast_i_i : 2
		add60_i_i : 3
		layerWidth_cast_i_i : 2
		add71_i_i : 3
		store_ln440 : 1
	State 2
		icmp_ln463 : 1
		add_ln463 : 1
		br_ln463 : 2
		zext_ln463 : 1
		zext_ln463_1 : 1
		ult : 2
		rev15 : 3
		cmp61_i_i : 2
		call_ln450 : 3
		store_ln440 : 2
	State 3


============================================================
+ Verbose Summary: Datapath Resource usage 
============================================================

* Functional unit list:
|----------|-------------------------------------------------------------------|---------|---------|
| Operation|                          Functional Unit                          |    FF   |   LUT   |
|----------|-------------------------------------------------------------------|---------|---------|
|   call   | grp_v_mix_core_alpha_false_false_Pipeline_VITIS_LOOP_465_3_fu_146 |    87   |    95   |
|----------|-------------------------------------------------------------------|---------|---------|
|    shl   |                          shl_ln449_fu_174                         |    0    |    35   |
|          |                          shl_ln450_fu_184                         |    0    |    35   |
|----------|-------------------------------------------------------------------|---------|---------|
|          |                         icmp_ln463_fu_234                         |    0    |    19   |
|   icmp   |                             ult_fu_253                            |    0    |    23   |
|          |                          cmp61_i_i_fu_265                         |    0    |    24   |
|----------|-------------------------------------------------------------------|---------|---------|
|          |                          add60_i_i_fu_198                         |    0    |    23   |
|    add   |                          add71_i_i_fu_212                         |    0    |    23   |
|          |                          add_ln463_fu_239                         |    0    |    19   |
|----------|-------------------------------------------------------------------|---------|---------|
|    xor   |                            rev15_fu_258                           |    0    |    2    |
|----------|-------------------------------------------------------------------|---------|---------|
|          |           HwReg_layerScaleFactor_1_val26_read_read_fu_80          |    0    |    0    |
|          |              HwReg_layerHeight_1_val_read_read_fu_86              |    0    |    0    |
|          |               HwReg_layerWidth_1_val_read_read_fu_92              |    0    |    0    |
|          |             HwReg_layerStartY_1_val20_read_read_fu_98             |    0    |    0    |
|          |             HwReg_layerStartX_1_val18_read_read_fu_104            |    0    |    0    |
|   read   |              HwReg_layerEnable_val16_read_read_fu_110             |    0    |    0    |
|          |            HwReg_background_V_B_val14_read_read_fu_116            |    0    |    0    |
|          |            HwReg_background_U_G_val13_read_read_fu_122            |    0    |    0    |
|          |            HwReg_background_Y_R_val12_read_read_fu_128            |    0    |    0    |
|          |                 HwReg_height_val_read_read_fu_134                 |    0    |    0    |
|          |                  HwReg_width_val_read_read_fu_140                 |    0    |    0    |
|----------|-------------------------------------------------------------------|---------|---------|
|   trunc  |                            empty_fu_166                           |    0    |    0    |
|----------|-------------------------------------------------------------------|---------|---------|
|          |           HwReg_layerScaleFactor_1_val26_readcast_fu_170          |    0    |    0    |
|          |          HwReg_layerScaleFactor_1_val26_readcast16_fu_180         |    0    |    0    |
|          |              hwReg_layerStartY_1_val_cast_i_i_fu_190              |    0    |    0    |
|   zext   |                    layerHeight_cast_i_i_fu_194                    |    0    |    0    |
|          |              hwReg_layerStartX_1_val_cast_i_i_fu_204              |    0    |    0    |
|          |                     layerWidth_cast_i_i_fu_208                    |    0    |    0    |
|          |                         zext_ln463_fu_245                         |    0    |    0    |
|          |                        zext_ln463_1_fu_249                        |    0    |    0    |
|----------|-------------------------------------------------------------------|---------|---------|
| bitselect|                           tmp_10_fu_218                           |    0    |    0    |
|----------|-------------------------------------------------------------------|---------|---------|
|   Total  |                                                                   |    87   |   298   |
|----------|-------------------------------------------------------------------|---------|---------|

Memories:
N/A

* Register list:
+---------------------------------------+--------+
|                                       |   FF   |
+---------------------------------------+--------+
|HwReg_background_U_G_val13_read_reg_298|    8   |
|HwReg_background_V_B_val14_read_reg_293|    8   |
|HwReg_background_Y_R_val12_read_reg_303|    8   |
|     HwReg_height_val_read_reg_308     |   12   |
| HwReg_layerStartX_1_val18_read_reg_288|   16   |
| HwReg_layerStartY_1_val20_read_reg_283|   16   |
|      HwReg_width_val_read_reg_313     |   12   |
|           add60_i_i_reg_323           |   17   |
|           add71_i_i_reg_328           |   17   |
|           cmp61_i_i_reg_346           |    1   |
|             empty_reg_318             |    1   |
|             rev15_reg_341             |    1   |
|             tmp_10_reg_333            |    1   |
|               y_reg_276               |   12   |
+---------------------------------------+--------+
|                 Total                 |   130  |
+---------------------------------------+--------+

* Multiplexer (MUX) list: 
|-------------------------------------------------------------------|------|------|------|--------||---------||---------||---------|
|                                Comp                               |  Pin | Size |  BW  | S x BW ||  Delay  ||    FF   ||   LUT   |
|-------------------------------------------------------------------|------|------|------|--------||---------||---------||---------|
| grp_v_mix_core_alpha_false_false_Pipeline_VITIS_LOOP_465_3_fu_146 |  p9  |   2  |   1  |    2   ||    0    ||    9    |
| grp_v_mix_core_alpha_false_false_Pipeline_VITIS_LOOP_465_3_fu_146 |  p10 |   2  |   1  |    2   ||    0    ||    9    |
|-------------------------------------------------------------------|------|------|------|--------||---------||---------||---------|
|                               Total                               |      |      |      |    4   ||  0.978  ||    0    ||    18   |
|-------------------------------------------------------------------|------|------|------|--------||---------||---------||---------|



* Summary:
+-----------+--------+--------+--------+
|           |  Delay |   FF   |   LUT  |
+-----------+--------+--------+--------+
|  Function |    -   |   87   |   298  |
|   Memory  |    -   |    -   |    -   |
|Multiplexer|    0   |    0   |   18   |
|  Register |    -   |   130  |    -   |
+-----------+--------+--------+--------+
|   Total   |    0   |   217  |   316  |
+-----------+--------+--------+--------+
