

================================================================
== Vitis HLS Report for 'v_mix_core_alpha_true_false_s'
================================================================
* Date:           Sat Sep  6 13:59:17 2025

* Version:        2025.1 (Build 6135595 on May 21 2025)
* Project:        prj
* Solution:       sol (Vivado IP Flow Target)
* Product family: zynquplus
* Target device:  xczu3eg-sfvc784-1-e


================================================================
== Performance Estimates
================================================================
+ Timing: 
    * Summary: 
    +--------+---------+----------+------------+
    |  Clock |  Target | Estimated| Uncertainty|
    +--------+---------+----------+------------+
    |ap_clk  |  5.00 ns|  3.195 ns|     1.35 ns|
    +--------+---------+----------+------------+

+ Latency: 
    * Summary: 
    +---------+---------+-----------+-----------+------+---------+---------+
    |  Latency (cycles) |   Latency (absolute)  |    Interval    | Pipeline|
    |   min   |   max   |    min    |    max    |  min |   max   |   Type  |
    +---------+---------+-----------+-----------+------+---------+---------+
    |     4610|  8311682|  23.050 us|  41.558 ms|  4610|  8311682|       no|
    +---------+---------+-----------+-----------+------+---------+---------+

    + Detail: 
        * Instance: 
        +------------------------------------------------------------------+-------------------------------------------------------+---------+---------+----------+-----------+-----+------+------------------------------------------------+
        |                                                                  |                                                       |  Latency (cycles) |  Latency (absolute)  |  Interval  |                    Pipeline                    |
        |                             Instance                             |                         Module                        |   min   |   max   |    min   |    max    | min |  max |                      Type                      |
        +------------------------------------------------------------------+-------------------------------------------------------+---------+---------+----------+-----------+-----+------+------------------------------------------------+
        |grp_v_mix_core_alpha_true_false_Pipeline_VITIS_LOOP_395_3_fu_148  |v_mix_core_alpha_true_false_Pipeline_VITIS_LOOP_395_3  |       70|     3846|  0.350 us|  19.230 us|   65|  3841|  loop auto-rewind stp (delay=0 clock cycles(s))|
        |grp_reg_unsigned_short_12_fu_168                                  |reg_unsigned_short_12                                  |        1|        1|  5.000 ns|   5.000 ns|    1|     1|                                             yes|
        +------------------------------------------------------------------+-------------------------------------------------------+---------+---------+----------+-----------+-----+------+------------------------------------------------+

        * Loop: 
        +--------------------+---------+---------+-----------+-----------+-----------+-----------+----------+
        |                    |  Latency (cycles) | Iteration |  Initiation Interval  |    Trip   |          |
        |      Loop Name     |   min   |   max   |  Latency  |  achieved |   target  |   Count   | Pipelined|
        +--------------------+---------+---------+-----------+-----------+-----------+-----------+----------+
        |- VITIS_LOOP_393_2  |     4608|  8311680|  72 ~ 3848|          -|          -|  64 ~ 2160|        no|
        +--------------------+---------+---------+-----------+-----------+-----------+-----------+----------+

============================================================
+ Verbose Summary: Synthesis Manager
============================================================
InlineROM: 1
ExposeGlobal: 0
============================================================
+ Verbose Summary: CDFG Model
============================================================
IsTopModel: 0
ResetActiveHigh: 1
IsCombinational: 2
IsDatapathOnly: 0
HasWiredReturn: 1
HasMFsm: 0
HasVarLatency: 1
IsPipeline: 0
IsRtlPipelined: 0
IsInstanceOverlapped: 0
IsDontTouch: 0
HasImplIP: 0
IsGatedGlobalClock: 0


============================================================
+ Verbose Summary: Schedule
============================================================
* Number of FSM states : 4
* Pipeline : 0
* Dataflow Pipeline: 0

* FSM state transitions: 
1 --> 2 
2 --> 3 
3 --> 4 
4 --> 3 

* FSM state operations: 

State 1 <SV = 0> <Delay = 0.48>
ST_1 : Operation 5 [1/1] (0.00ns)   --->   "%p_lcssa20 = alloca i32 1"   --->   Operation 5 'alloca' 'p_lcssa20' <Predicate = true> <Delay = 0.00>
ST_1 : Operation 6 [1/1] (0.00ns)   --->   "%p_lcssa1023 = alloca i32 1"   --->   Operation 6 'alloca' 'p_lcssa1023' <Predicate = true> <Delay = 0.00>
ST_1 : Operation 7 [1/1] (0.00ns)   --->   "%p_lcssa1126 = alloca i32 1"   --->   Operation 7 'alloca' 'p_lcssa1126' <Predicate = true> <Delay = 0.00>
ST_1 : Operation 8 [1/1] (0.00ns)   --->   "%y = alloca i32 1" [/home/e/Documents/research/byotee/OSDZU3_Ref_Design/OSDZU3_Ref_Design.runs/design_1_v_mix_0_0_synth_1/prj/sol/.autopilot/db/v_mix.cpp:366]   --->   Operation 8 'alloca' 'y' <Predicate = true> <Delay = 0.00>
ST_1 : Operation 9 [1/1] (0.00ns)   --->   "%hwReg_layerAlpha_2_val_read = read i9 @_ssdm_op_Read.ap_auto.i9, i9 %hwReg_layerAlpha_2_val"   --->   Operation 9 'read' 'hwReg_layerAlpha_2_val_read' <Predicate = true> <Delay = 0.00>
ST_1 : Operation 10 [2/2] (0.00ns)   --->   "%alpha = call i9 @reg<unsigned short>12, i9 %hwReg_layerAlpha_2_val_read" [/home/e/Documents/research/byotee/OSDZU3_Ref_Design/OSDZU3_Ref_Design.runs/design_1_v_mix_0_0_synth_1/prj/sol/.autopilot/db/v_mix.cpp:377]   --->   Operation 10 'call' 'alpha' <Predicate = true> <Delay = 0.00> <CoreType = "Generic">   --->   Generic Core
ST_1 : Operation 11 [1/1] (0.48ns)   --->   "%store_ln366 = store i12 0, i12 %y" [/home/e/Documents/research/byotee/OSDZU3_Ref_Design/OSDZU3_Ref_Design.runs/design_1_v_mix_0_0_synth_1/prj/sol/.autopilot/db/v_mix.cpp:366]   --->   Operation 11 'store' 'store_ln366' <Predicate = true> <Delay = 0.48>

State 2 <SV = 1> <Delay = 2.03>
ST_2 : Operation 12 [1/1] (0.00ns)   --->   "%hwReg_layerScaleFactor_2_val_read = read i8 @_ssdm_op_Read.ap_auto.i8, i8 %hwReg_layerScaleFactor_2_val"   --->   Operation 12 'read' 'hwReg_layerScaleFactor_2_val_read' <Predicate = true> <Delay = 0.00>
ST_2 : Operation 13 [1/1] (0.00ns)   --->   "%hwReg_layerHeight_2_val_read = read i16 @_ssdm_op_Read.ap_auto.i16, i16 %hwReg_layerHeight_2_val"   --->   Operation 13 'read' 'hwReg_layerHeight_2_val_read' <Predicate = true> <Delay = 0.00>
ST_2 : Operation 14 [1/1] (0.00ns)   --->   "%hwReg_layerWidth_2_val_read = read i16 @_ssdm_op_Read.ap_auto.i16, i16 %hwReg_layerWidth_2_val"   --->   Operation 14 'read' 'hwReg_layerWidth_2_val_read' <Predicate = true> <Delay = 0.00>
ST_2 : Operation 15 [1/1] (0.00ns)   --->   "%hwReg_layerStartY_2_val_read = read i16 @_ssdm_op_Read.ap_auto.i16, i16 %hwReg_layerStartY_2_val"   --->   Operation 15 'read' 'hwReg_layerStartY_2_val_read' <Predicate = true> <Delay = 0.00>
ST_2 : Operation 16 [1/1] (0.00ns)   --->   "%hwReg_layerStartX_2_val_read = read i16 @_ssdm_op_Read.ap_auto.i16, i16 %hwReg_layerStartX_2_val"   --->   Operation 16 'read' 'hwReg_layerStartX_2_val_read' <Predicate = true> <Delay = 0.00>
ST_2 : Operation 17 [1/1] (0.00ns)   --->   "%hwReg_layerEnable_val_read = read i3 @_ssdm_op_Read.ap_auto.i3, i3 %hwReg_layerEnable_val"   --->   Operation 17 'read' 'hwReg_layerEnable_val_read' <Predicate = true> <Delay = 0.00>
ST_2 : Operation 18 [1/1] (0.00ns)   --->   "%hwReg_height_val_read = read i12 @_ssdm_op_Read.ap_auto.i12, i12 %hwReg_height_val"   --->   Operation 18 'read' 'hwReg_height_val_read' <Predicate = true> <Delay = 0.00>
ST_2 : Operation 19 [1/1] (0.00ns)   --->   "%hwReg_width_val_read = read i12 @_ssdm_op_Read.ap_auto.i12, i12 %hwReg_width_val"   --->   Operation 19 'read' 'hwReg_width_val_read' <Predicate = true> <Delay = 0.00>
ST_2 : Operation 20 [1/1] (0.00ns)   --->   "%specstablecontent_ln0 = specstablecontent void @_ssdm_op_SpecStableContent, i8 %hwReg_layerScaleFactor_2_val, i1 1, void @p_str"   --->   Operation 20 'specstablecontent' 'specstablecontent_ln0' <Predicate = true> <Delay = 0.00>
ST_2 : Operation 21 [1/1] (0.00ns)   --->   "%specstablecontent_ln0 = specstablecontent void @_ssdm_op_SpecStableContent, i16 %hwReg_layerHeight_2_val, i1 1, void @p_str"   --->   Operation 21 'specstablecontent' 'specstablecontent_ln0' <Predicate = true> <Delay = 0.00>
ST_2 : Operation 22 [1/1] (0.00ns)   --->   "%specstablecontent_ln0 = specstablecontent void @_ssdm_op_SpecStableContent, i16 %hwReg_layerWidth_2_val, i1 1, void @p_str"   --->   Operation 22 'specstablecontent' 'specstablecontent_ln0' <Predicate = true> <Delay = 0.00>
ST_2 : Operation 23 [1/1] (0.00ns)   --->   "%specstablecontent_ln0 = specstablecontent void @_ssdm_op_SpecStableContent, i16 %hwReg_layerStartY_2_val, i1 1, void @p_str"   --->   Operation 23 'specstablecontent' 'specstablecontent_ln0' <Predicate = true> <Delay = 0.00>
ST_2 : Operation 24 [1/1] (0.00ns)   --->   "%specstablecontent_ln0 = specstablecontent void @_ssdm_op_SpecStableContent, i16 %hwReg_layerStartX_2_val, i1 1, void @p_str"   --->   Operation 24 'specstablecontent' 'specstablecontent_ln0' <Predicate = true> <Delay = 0.00>
ST_2 : Operation 25 [1/1] (0.00ns)   --->   "%specstablecontent_ln0 = specstablecontent void @_ssdm_op_SpecStableContent, i9 %hwReg_layerAlpha_2_val, i1 1, void @p_str"   --->   Operation 25 'specstablecontent' 'specstablecontent_ln0' <Predicate = true> <Delay = 0.00>
ST_2 : Operation 26 [1/1] (0.00ns)   --->   "%specstablecontent_ln0 = specstablecontent void @_ssdm_op_SpecStableContent, i3 %hwReg_layerEnable_val, i1 1, void @p_str"   --->   Operation 26 'specstablecontent' 'specstablecontent_ln0' <Predicate = true> <Delay = 0.00>
ST_2 : Operation 27 [1/1] (0.00ns)   --->   "%specstablecontent_ln0 = specstablecontent void @_ssdm_op_SpecStableContent, i12 %hwReg_height_val, i1 1, void "   --->   Operation 27 'specstablecontent' 'specstablecontent_ln0' <Predicate = true> <Delay = 0.00>
ST_2 : Operation 28 [1/1] (0.00ns)   --->   "%specstablecontent_ln0 = specstablecontent void @_ssdm_op_SpecStableContent, i12 %hwReg_width_val, i1 1, void "   --->   Operation 28 'specstablecontent' 'specstablecontent_ln0' <Predicate = true> <Delay = 0.00>
ST_2 : Operation 29 [1/1] (0.00ns)   --->   "%specinterface_ln0 = specinterface void @_ssdm_op_SpecInterface, i24 %outLayer2, void @empty_42, i32 0, i32 0, void @empty_0, i32 0, i32 0, void @empty_0, void @empty_0, void @empty_0, i32 0, i32 0, i32 0, i32 0, void @empty_0, void @empty_0, i32 4294967295, i32 0, i32 0"   --->   Operation 29 'specinterface' 'specinterface_ln0' <Predicate = true> <Delay = 0.00>
ST_2 : Operation 30 [1/1] (0.00ns)   --->   "%specinterface_ln0 = specinterface void @_ssdm_op_SpecInterface, i24 %srcLayer2x, void @empty_42, i32 0, i32 0, void @empty_0, i32 0, i32 0, void @empty_0, void @empty_0, void @empty_0, i32 0, i32 0, i32 0, i32 0, void @empty_0, void @empty_0, i32 4294967295, i32 0, i32 0"   --->   Operation 30 'specinterface' 'specinterface_ln0' <Predicate = true> <Delay = 0.00>
ST_2 : Operation 31 [1/1] (0.00ns)   --->   "%specinterface_ln0 = specinterface void @_ssdm_op_SpecInterface, i24 %outLayer1, void @empty_42, i32 0, i32 0, void @empty_0, i32 0, i32 0, void @empty_0, void @empty_0, void @empty_0, i32 0, i32 0, i32 0, i32 0, void @empty_0, void @empty_0, i32 4294967295, i32 0, i32 0"   --->   Operation 31 'specinterface' 'specinterface_ln0' <Predicate = true> <Delay = 0.00>
ST_2 : Operation 32 [1/1] (0.00ns)   --->   "%hwReg_layerScaleFactor_2_val_readcast = zext i8 %hwReg_layerScaleFactor_2_val_read" [/home/e/Documents/research/byotee/OSDZU3_Ref_Design/OSDZU3_Ref_Design.runs/design_1_v_mix_0_0_synth_1/prj/sol/.autopilot/db/v_mix.cpp:375]   --->   Operation 32 'zext' 'hwReg_layerScaleFactor_2_val_readcast' <Predicate = true> <Delay = 0.00>
ST_2 : Operation 33 [1/1] (1.01ns)   --->   "%shl_ln375 = shl i16 %hwReg_layerHeight_2_val_read, i16 %hwReg_layerScaleFactor_2_val_readcast" [/home/e/Documents/research/byotee/OSDZU3_Ref_Design/OSDZU3_Ref_Design.runs/design_1_v_mix_0_0_synth_1/prj/sol/.autopilot/db/v_mix.cpp:375]   --->   Operation 33 'shl' 'shl_ln375' <Predicate = true> <Delay = 1.01> <CoreInst = "Shifter">   --->   Core 75 'Shifter' <Latency = 0> <II = 1> <Delay = 1.01> <FuncUnit> <Opcode : 'shl' 'lshr' 'ashr'> <InPorts = 2> <OutPorts = 1>
ST_2 : Operation 34 [1/1] (0.00ns)   --->   "%hwReg_layerScaleFactor_2_val_readcast30 = zext i8 %hwReg_layerScaleFactor_2_val_read" [/home/e/Documents/research/byotee/OSDZU3_Ref_Design/OSDZU3_Ref_Design.runs/design_1_v_mix_0_0_synth_1/prj/sol/.autopilot/db/v_mix.cpp:376]   --->   Operation 34 'zext' 'hwReg_layerScaleFactor_2_val_readcast30' <Predicate = true> <Delay = 0.00>
ST_2 : Operation 35 [1/1] (1.01ns)   --->   "%shl_ln376 = shl i16 %hwReg_layerWidth_2_val_read, i16 %hwReg_layerScaleFactor_2_val_readcast30" [/home/e/Documents/research/byotee/OSDZU3_Ref_Design/OSDZU3_Ref_Design.runs/design_1_v_mix_0_0_synth_1/prj/sol/.autopilot/db/v_mix.cpp:376]   --->   Operation 35 'shl' 'shl_ln376' <Predicate = true> <Delay = 1.01> <CoreInst = "Shifter">   --->   Core 75 'Shifter' <Latency = 0> <II = 1> <Delay = 1.01> <FuncUnit> <Opcode : 'shl' 'lshr' 'ashr'> <InPorts = 2> <OutPorts = 1>
ST_2 : Operation 36 [1/2] (0.00ns)   --->   "%alpha = call i9 @reg<unsigned short>12, i9 %hwReg_layerAlpha_2_val_read" [/home/e/Documents/research/byotee/OSDZU3_Ref_Design/OSDZU3_Ref_Design.runs/design_1_v_mix_0_0_synth_1/prj/sol/.autopilot/db/v_mix.cpp:377]   --->   Operation 36 'call' 'alpha' <Predicate = true> <Delay = 0.00> <CoreType = "Generic">   --->   Generic Core
ST_2 : Operation 37 [1/1] (0.00ns)   --->   "%hwReg_layerStartY_2_val_cast = zext i16 %hwReg_layerStartY_2_val_read"   --->   Operation 37 'zext' 'hwReg_layerStartY_2_val_cast' <Predicate = true> <Delay = 0.00>
ST_2 : Operation 38 [1/1] (0.00ns)   --->   "%layerHeight_cast = zext i16 %shl_ln375" [/home/e/Documents/research/byotee/OSDZU3_Ref_Design/OSDZU3_Ref_Design.runs/design_1_v_mix_0_0_synth_1/prj/sol/.autopilot/db/v_mix.cpp:375]   --->   Operation 38 'zext' 'layerHeight_cast' <Predicate = true> <Delay = 0.00>
ST_2 : Operation 39 [1/1] (1.01ns)   --->   "%add64 = add i17 %layerHeight_cast, i17 %hwReg_layerStartY_2_val_cast" [/home/e/Documents/research/byotee/OSDZU3_Ref_Design/OSDZU3_Ref_Design.runs/design_1_v_mix_0_0_synth_1/prj/sol/.autopilot/db/v_mix.cpp:375]   --->   Operation 39 'add' 'add64' <Predicate = true> <Delay = 1.01> <CoreInst = "Adder">   --->   Core 1 'Adder' <Latency = 0> <II = 1> <Delay = 1.01> <FuncUnit> <Opcode : 'add' 'sub'> <InPorts = 2> <OutPorts = 1>
ST_2 : Operation 40 [1/1] (0.00ns)   --->   "%hwReg_layerStartX_2_val_cast = zext i16 %hwReg_layerStartX_2_val_read"   --->   Operation 40 'zext' 'hwReg_layerStartX_2_val_cast' <Predicate = true> <Delay = 0.00>
ST_2 : Operation 41 [1/1] (0.00ns)   --->   "%layerWidth_cast = zext i16 %shl_ln376" [/home/e/Documents/research/byotee/OSDZU3_Ref_Design/OSDZU3_Ref_Design.runs/design_1_v_mix_0_0_synth_1/prj/sol/.autopilot/db/v_mix.cpp:376]   --->   Operation 41 'zext' 'layerWidth_cast' <Predicate = true> <Delay = 0.00>
ST_2 : Operation 42 [1/1] (1.01ns)   --->   "%add75 = add i17 %layerWidth_cast, i17 %hwReg_layerStartX_2_val_cast" [/home/e/Documents/research/byotee/OSDZU3_Ref_Design/OSDZU3_Ref_Design.runs/design_1_v_mix_0_0_synth_1/prj/sol/.autopilot/db/v_mix.cpp:376]   --->   Operation 42 'add' 'add75' <Predicate = true> <Delay = 1.01> <CoreInst = "Adder">   --->   Core 1 'Adder' <Latency = 0> <II = 1> <Delay = 1.01> <FuncUnit> <Opcode : 'add' 'sub'> <InPorts = 2> <OutPorts = 1>
ST_2 : Operation 43 [1/1] (0.00ns)   --->   "%tmp_7 = bitselect i1 @_ssdm_op_BitSelect.i1.i3.i32, i3 %hwReg_layerEnable_val_read, i32 2"   --->   Operation 43 'bitselect' 'tmp_7' <Predicate = true> <Delay = 0.00>
ST_2 : Operation 44 [1/1] (0.00ns)   --->   "%br_ln393 = br void %VITIS_LOOP_395_3" [/home/e/Documents/research/byotee/OSDZU3_Ref_Design/OSDZU3_Ref_Design.runs/design_1_v_mix_0_0_synth_1/prj/sol/.autopilot/db/v_mix.cpp:393]   --->   Operation 44 'br' 'br_ln393' <Predicate = true> <Delay = 0.00>

State 3 <SV = 2> <Delay = 3.19>
ST_3 : Operation 45 [1/1] (0.00ns)   --->   "%y_13 = load i12 %y" [/home/e/Documents/research/byotee/OSDZU3_Ref_Design/OSDZU3_Ref_Design.runs/design_1_v_mix_0_0_synth_1/prj/sol/.autopilot/db/v_mix.cpp:393]   --->   Operation 45 'load' 'y_13' <Predicate = true> <Delay = 0.00>
ST_3 : Operation 46 [1/1] (0.96ns)   --->   "%icmp_ln393 = icmp_eq  i12 %y_13, i12 %hwReg_height_val_read" [/home/e/Documents/research/byotee/OSDZU3_Ref_Design/OSDZU3_Ref_Design.runs/design_1_v_mix_0_0_synth_1/prj/sol/.autopilot/db/v_mix.cpp:393]   --->   Operation 46 'icmp' 'icmp_ln393' <Predicate = true> <Delay = 0.96> <CoreInst = "Cmp">   --->   Core 9 'Cmp' <Latency = 0> <II = 1> <Delay = 0.96> <FuncUnit> <Opcode : 'seteq' 'setne' 'setle' 'setge' 'setlt' 'setgt'> <InPorts = 2> <OutPorts = 1>
ST_3 : Operation 47 [1/1] (0.00ns)   --->   "%speclooptripcount_ln0 = speclooptripcount void @_ssdm_op_SpecLoopTripCount, i64 64, i64 2160, i64 0"   --->   Operation 47 'speclooptripcount' 'speclooptripcount_ln0' <Predicate = true> <Delay = 0.00>
ST_3 : Operation 48 [1/1] (0.96ns)   --->   "%add_ln393 = add i12 %y_13, i12 1" [/home/e/Documents/research/byotee/OSDZU3_Ref_Design/OSDZU3_Ref_Design.runs/design_1_v_mix_0_0_synth_1/prj/sol/.autopilot/db/v_mix.cpp:393]   --->   Operation 48 'add' 'add_ln393' <Predicate = true> <Delay = 0.96> <CoreInst = "Adder">   --->   Core 1 'Adder' <Latency = 0> <II = 1> <Delay = 0.96> <FuncUnit> <Opcode : 'add' 'sub'> <InPorts = 2> <OutPorts = 1>
ST_3 : Operation 49 [1/1] (0.00ns)   --->   "%br_ln393 = br i1 %icmp_ln393, void %VITIS_LOOP_395_3.split, void %for.end138" [/home/e/Documents/research/byotee/OSDZU3_Ref_Design/OSDZU3_Ref_Design.runs/design_1_v_mix_0_0_synth_1/prj/sol/.autopilot/db/v_mix.cpp:393]   --->   Operation 49 'br' 'br_ln393' <Predicate = true> <Delay = 0.00>
ST_3 : Operation 50 [1/1] (0.00ns)   --->   "%zext_ln393 = zext i12 %y_13" [/home/e/Documents/research/byotee/OSDZU3_Ref_Design/OSDZU3_Ref_Design.runs/design_1_v_mix_0_0_synth_1/prj/sol/.autopilot/db/v_mix.cpp:393]   --->   Operation 50 'zext' 'zext_ln393' <Predicate = (!icmp_ln393)> <Delay = 0.00>
ST_3 : Operation 51 [1/1] (0.00ns)   --->   "%zext_ln393_1 = zext i12 %y_13" [/home/e/Documents/research/byotee/OSDZU3_Ref_Design/OSDZU3_Ref_Design.runs/design_1_v_mix_0_0_synth_1/prj/sol/.autopilot/db/v_mix.cpp:393]   --->   Operation 51 'zext' 'zext_ln393_1' <Predicate = (!icmp_ln393)> <Delay = 0.00>
ST_3 : Operation 52 [1/1] (1.01ns)   --->   "%ult = icmp_ult  i16 %zext_ln393_1, i16 %hwReg_layerStartY_2_val_read" [/home/e/Documents/research/byotee/OSDZU3_Ref_Design/OSDZU3_Ref_Design.runs/design_1_v_mix_0_0_synth_1/prj/sol/.autopilot/db/v_mix.cpp:393]   --->   Operation 52 'icmp' 'ult' <Predicate = (!icmp_ln393)> <Delay = 1.01> <CoreInst = "Cmp">   --->   Core 9 'Cmp' <Latency = 0> <II = 1> <Delay = 1.01> <FuncUnit> <Opcode : 'seteq' 'setne' 'setle' 'setge' 'setlt' 'setgt'> <InPorts = 2> <OutPorts = 1>
ST_3 : Operation 53 [1/1] (0.33ns)   --->   "%rev29 = xor i1 %ult, i1 1" [/home/e/Documents/research/byotee/OSDZU3_Ref_Design/OSDZU3_Ref_Design.runs/design_1_v_mix_0_0_synth_1/prj/sol/.autopilot/db/v_mix.cpp:393]   --->   Operation 53 'xor' 'rev29' <Predicate = (!icmp_ln393)> <Delay = 0.33> <CoreInst = "LogicGate">   --->   Core 74 'LogicGate' <Latency = 0> <II = 1> <Delay = 0.33> <FuncUnit> <Opcode : 'and' 'or' 'xor'> <InPorts = 2> <OutPorts = 1>
ST_3 : Operation 54 [1/1] (1.02ns)   --->   "%cmp65 = icmp_ugt  i17 %add64, i17 %zext_ln393" [/home/e/Documents/research/byotee/OSDZU3_Ref_Design/OSDZU3_Ref_Design.runs/design_1_v_mix_0_0_synth_1/prj/sol/.autopilot/db/v_mix.cpp:375]   --->   Operation 54 'icmp' 'cmp65' <Predicate = (!icmp_ln393)> <Delay = 1.02> <CoreInst = "Cmp">   --->   Core 9 'Cmp' <Latency = 0> <II = 1> <Delay = 1.02> <FuncUnit> <Opcode : 'seteq' 'setne' 'setle' 'setge' 'setlt' 'setgt'> <InPorts = 2> <OutPorts = 1>
ST_3 : Operation 55 [2/2] (1.84ns)   --->   "%call_ln377 = call void @v_mix_core_alpha<true, false>_Pipeline_VITIS_LOOP_395_3, i12 %hwReg_width_val_read, i9 %alpha, i24 %outLayer2, i24 %srcLayer2x, i24 %outLayer1, i16 %hwReg_layerStartX_2_val_read, i17 %add75, i1 %cmp65, i1 %rev29, i1 %tmp_7, i8 %p_lcssa1126, i8 %p_lcssa1023, i8 %p_lcssa20" [/home/e/Documents/research/byotee/OSDZU3_Ref_Design/OSDZU3_Ref_Design.runs/design_1_v_mix_0_0_synth_1/prj/sol/.autopilot/db/v_mix.cpp:377]   --->   Operation 55 'call' 'call_ln377' <Predicate = (!icmp_ln393)> <Delay = 1.84> <CoreType = "Generic">   --->   Generic Core
ST_3 : Operation 56 [1/1] (0.48ns)   --->   "%store_ln366 = store i12 %add_ln393, i12 %y" [/home/e/Documents/research/byotee/OSDZU3_Ref_Design/OSDZU3_Ref_Design.runs/design_1_v_mix_0_0_synth_1/prj/sol/.autopilot/db/v_mix.cpp:366]   --->   Operation 56 'store' 'store_ln366' <Predicate = (!icmp_ln393)> <Delay = 0.48>
ST_3 : Operation 57 [1/1] (0.00ns)   --->   "%ret_ln433 = ret" [/home/e/Documents/research/byotee/OSDZU3_Ref_Design/OSDZU3_Ref_Design.runs/design_1_v_mix_0_0_synth_1/prj/sol/.autopilot/db/v_mix.cpp:433]   --->   Operation 57 'ret' 'ret_ln433' <Predicate = (icmp_ln393)> <Delay = 0.00>

State 4 <SV = 3> <Delay = 0.00>
ST_4 : Operation 58 [1/1] (0.00ns)   --->   "%specloopname_ln393 = specloopname void @_ssdm_op_SpecLoopName, void @empty_55" [/home/e/Documents/research/byotee/OSDZU3_Ref_Design/OSDZU3_Ref_Design.runs/design_1_v_mix_0_0_synth_1/prj/sol/.autopilot/db/v_mix.cpp:393]   --->   Operation 58 'specloopname' 'specloopname_ln393' <Predicate = true> <Delay = 0.00>
ST_4 : Operation 59 [1/2] (0.00ns)   --->   "%call_ln377 = call void @v_mix_core_alpha<true, false>_Pipeline_VITIS_LOOP_395_3, i12 %hwReg_width_val_read, i9 %alpha, i24 %outLayer2, i24 %srcLayer2x, i24 %outLayer1, i16 %hwReg_layerStartX_2_val_read, i17 %add75, i1 %cmp65, i1 %rev29, i1 %tmp_7, i8 %p_lcssa1126, i8 %p_lcssa1023, i8 %p_lcssa20" [/home/e/Documents/research/byotee/OSDZU3_Ref_Design/OSDZU3_Ref_Design.runs/design_1_v_mix_0_0_synth_1/prj/sol/.autopilot/db/v_mix.cpp:377]   --->   Operation 59 'call' 'call_ln377' <Predicate = true> <Delay = 0.00> <CoreType = "Generic">   --->   Generic Core
ST_4 : Operation 60 [1/1] (0.00ns)   --->   "%br_ln393 = br void %VITIS_LOOP_395_3" [/home/e/Documents/research/byotee/OSDZU3_Ref_Design/OSDZU3_Ref_Design.runs/design_1_v_mix_0_0_synth_1/prj/sol/.autopilot/db/v_mix.cpp:393]   --->   Operation 60 'br' 'br_ln393' <Predicate = true> <Delay = 0.00>


============================================================
+ Verbose Summary: Binding
============================================================
STG Binding: 
---------------- STG Properties BEGIN ----------------
- Is combinational: 0
- Is one-state seq: 0
- Is datapath-only: 0
- Is pipelined: 0
- Is top level: 0
Port [ Return ] is wired: 1; IO mode=ap_ctrl_hs:ce=0
Port [ outLayer1]:  wired=1; compound=1; hidden=0; nouse=0; global=0; static=0; extern=0; dir=0; type=3; pingpong=0; private_global=0; IO mode=ap_fifo:ce=0
Port [ srcLayer2x]:  wired=1; compound=1; hidden=0; nouse=0; global=0; static=0; extern=0; dir=0; type=3; pingpong=0; private_global=0; IO mode=ap_fifo:ce=0
Port [ hwReg_width_val]:  wired=1; compound=0; hidden=0; nouse=0; global=0; static=0; extern=0; dir=0; type=0; pingpong=0; private_global=0; IO mode=ap_stable:ce=0
Port [ hwReg_height_val]:  wired=1; compound=0; hidden=0; nouse=0; global=0; static=0; extern=0; dir=0; type=0; pingpong=0; private_global=0; IO mode=ap_stable:ce=0
Port [ hwReg_layerEnable_val]:  wired=1; compound=0; hidden=0; nouse=0; global=0; static=0; extern=0; dir=0; type=0; pingpong=0; private_global=0; IO mode=ap_stable:ce=0
Port [ hwReg_layerAlpha_2_val]:  wired=1; compound=0; hidden=0; nouse=0; global=0; static=0; extern=0; dir=0; type=0; pingpong=0; private_global=0; IO mode=ap_stable:ce=0
Port [ hwReg_layerStartX_2_val]:  wired=1; compound=0; hidden=0; nouse=0; global=0; static=0; extern=0; dir=0; type=0; pingpong=0; private_global=0; IO mode=ap_stable:ce=0
Port [ hwReg_layerStartY_2_val]:  wired=1; compound=0; hidden=0; nouse=0; global=0; static=0; extern=0; dir=0; type=0; pingpong=0; private_global=0; IO mode=ap_stable:ce=0
Port [ hwReg_layerWidth_2_val]:  wired=1; compound=0; hidden=0; nouse=0; global=0; static=0; extern=0; dir=0; type=0; pingpong=0; private_global=0; IO mode=ap_stable:ce=0
Port [ hwReg_layerHeight_2_val]:  wired=1; compound=0; hidden=0; nouse=0; global=0; static=0; extern=0; dir=0; type=0; pingpong=0; private_global=0; IO mode=ap_stable:ce=0
Port [ hwReg_layerScaleFactor_2_val]:  wired=1; compound=0; hidden=0; nouse=0; global=0; static=0; extern=0; dir=0; type=0; pingpong=0; private_global=0; IO mode=ap_stable:ce=0
Port [ outLayer2]:  wired=1; compound=1; hidden=0; nouse=0; global=0; static=0; extern=0; dir=1; type=3; pingpong=0; private_global=0; IO mode=ap_fifo:ce=0
---------------- STG Properties END ------------------

---------------- Datapath Model BEGIN ----------------

<LifeTime>
<method=bitvector/>
p_lcssa20                               (alloca           ) [ 00111]
p_lcssa1023                             (alloca           ) [ 00111]
p_lcssa1126                             (alloca           ) [ 00111]
y                                       (alloca           ) [ 01111]
hwReg_layerAlpha_2_val_read             (read             ) [ 00100]
store_ln366                             (store            ) [ 00000]
hwReg_layerScaleFactor_2_val_read       (read             ) [ 00000]
hwReg_layerHeight_2_val_read            (read             ) [ 00000]
hwReg_layerWidth_2_val_read             (read             ) [ 00000]
hwReg_layerStartY_2_val_read            (read             ) [ 00011]
hwReg_layerStartX_2_val_read            (read             ) [ 00011]
hwReg_layerEnable_val_read              (read             ) [ 00000]
hwReg_height_val_read                   (read             ) [ 00011]
hwReg_width_val_read                    (read             ) [ 00011]
specstablecontent_ln0                   (specstablecontent) [ 00000]
specstablecontent_ln0                   (specstablecontent) [ 00000]
specstablecontent_ln0                   (specstablecontent) [ 00000]
specstablecontent_ln0                   (specstablecontent) [ 00000]
specstablecontent_ln0                   (specstablecontent) [ 00000]
specstablecontent_ln0                   (specstablecontent) [ 00000]
specstablecontent_ln0                   (specstablecontent) [ 00000]
specstablecontent_ln0                   (specstablecontent) [ 00000]
specstablecontent_ln0                   (specstablecontent) [ 00000]
specinterface_ln0                       (specinterface    ) [ 00000]
specinterface_ln0                       (specinterface    ) [ 00000]
specinterface_ln0                       (specinterface    ) [ 00000]
hwReg_layerScaleFactor_2_val_readcast   (zext             ) [ 00000]
shl_ln375                               (shl              ) [ 00000]
hwReg_layerScaleFactor_2_val_readcast30 (zext             ) [ 00000]
shl_ln376                               (shl              ) [ 00000]
alpha                                   (call             ) [ 00011]
hwReg_layerStartY_2_val_cast            (zext             ) [ 00000]
layerHeight_cast                        (zext             ) [ 00000]
add64                                   (add              ) [ 00011]
hwReg_layerStartX_2_val_cast            (zext             ) [ 00000]
layerWidth_cast                         (zext             ) [ 00000]
add75                                   (add              ) [ 00011]
tmp_7                                   (bitselect        ) [ 00011]
br_ln393                                (br               ) [ 00000]
y_13                                    (load             ) [ 00000]
icmp_ln393                              (icmp             ) [ 00011]
speclooptripcount_ln0                   (speclooptripcount) [ 00000]
add_ln393                               (add              ) [ 00000]
br_ln393                                (br               ) [ 00000]
zext_ln393                              (zext             ) [ 00000]
zext_ln393_1                            (zext             ) [ 00000]
ult                                     (icmp             ) [ 00000]
rev29                                   (xor              ) [ 00001]
cmp65                                   (icmp             ) [ 00001]
store_ln366                             (store            ) [ 00000]
ret_ln433                               (ret              ) [ 00000]
specloopname_ln393                      (specloopname     ) [ 00000]
call_ln377                              (call             ) [ 00000]
br_ln393                                (br               ) [ 00000]
</LifeTime>

<model>

<comp_list>
<comp id="0" class="1000" name="outLayer1">
<pin_list>
<pin id="1" dir="1" index="0" bw="1" slack="0"/>
</pin_list>
<bind>
<StgValue><ssdm name="outLayer1"/></StgValue>
</bind>
</comp>

<comp id="2" class="1000" name="srcLayer2x">
<pin_list>
<pin id="3" dir="1" index="0" bw="1" slack="0"/>
</pin_list>
<bind>
<StgValue><ssdm name="srcLayer2x"/></StgValue>
</bind>
</comp>

<comp id="4" class="1000" name="hwReg_width_val">
<pin_list>
<pin id="5" dir="1" index="0" bw="1" slack="0"/>
</pin_list>
<bind>
<StgValue><ssdm name="hwReg_width_val"/></StgValue>
</bind>
</comp>

<comp id="6" class="1000" name="hwReg_height_val">
<pin_list>
<pin id="7" dir="1" index="0" bw="1" slack="0"/>
</pin_list>
<bind>
<StgValue><ssdm name="hwReg_height_val"/></StgValue>
</bind>
</comp>

<comp id="8" class="1000" name="hwReg_layerEnable_val">
<pin_list>
<pin id="9" dir="1" index="0" bw="1" slack="0"/>
</pin_list>
<bind>
<StgValue><ssdm name="hwReg_layerEnable_val"/></StgValue>
</bind>
</comp>

<comp id="10" class="1000" name="hwReg_layerAlpha_2_val">
<pin_list>
<pin id="11" dir="1" index="0" bw="1" slack="0"/>
</pin_list>
<bind>
<StgValue><ssdm name="hwReg_layerAlpha_2_val"/></StgValue>
</bind>
</comp>

<comp id="12" class="1000" name="hwReg_layerStartX_2_val">
<pin_list>
<pin id="13" dir="1" index="0" bw="1" slack="0"/>
</pin_list>
<bind>
<StgValue><ssdm name="hwReg_layerStartX_2_val"/></StgValue>
</bind>
</comp>

<comp id="14" class="1000" name="hwReg_layerStartY_2_val">
<pin_list>
<pin id="15" dir="1" index="0" bw="1" slack="0"/>
</pin_list>
<bind>
<StgValue><ssdm name="hwReg_layerStartY_2_val"/></StgValue>
</bind>
</comp>

<comp id="16" class="1000" name="hwReg_layerWidth_2_val">
<pin_list>
<pin id="17" dir="1" index="0" bw="1" slack="0"/>
</pin_list>
<bind>
<StgValue><ssdm name="hwReg_layerWidth_2_val"/></StgValue>
</bind>
</comp>

<comp id="18" class="1000" name="hwReg_layerHeight_2_val">
<pin_list>
<pin id="19" dir="1" index="0" bw="1" slack="0"/>
</pin_list>
<bind>
<StgValue><ssdm name="hwReg_layerHeight_2_val"/></StgValue>
</bind>
</comp>

<comp id="20" class="1000" name="hwReg_layerScaleFactor_2_val">
<pin_list>
<pin id="21" dir="1" index="0" bw="1" slack="0"/>
</pin_list>
<bind>
<StgValue><ssdm name="hwReg_layerScaleFactor_2_val"/></StgValue>
</bind>
</comp>

<comp id="22" class="1000" name="outLayer2">
<pin_list>
<pin id="23" dir="1" index="0" bw="1" slack="0"/>
</pin_list>
<bind>
<StgValue><ssdm name="outLayer2"/></StgValue>
</bind>
</comp>

<comp id="24" class="1001" name="const_24">
<pin_list>
<pin id="25" dir="1" index="0" bw="1" slack="0"/>
</pin_list>
<bind>
<StgValue><ssdm name=""/></StgValue>
</bind>
</comp>

<comp id="26" class="1001" name="const_26">
<pin_list>
<pin id="27" dir="1" index="0" bw="1" slack="0"/>
</pin_list>
<bind>
<StgValue><ssdm name="_ssdm_op_Read.ap_auto.i9"/></StgValue>
</bind>
</comp>

<comp id="28" class="1001" name="const_28">
<pin_list>
<pin id="29" dir="1" index="0" bw="1" slack="0"/>
</pin_list>
<bind>
<StgValue><ssdm name="reg<unsigned short>12"/></StgValue>
</bind>
</comp>

<comp id="30" class="1001" name="const_30">
<pin_list>
<pin id="31" dir="1" index="0" bw="1" slack="0"/>
</pin_list>
<bind>
<StgValue><ssdm name=""/></StgValue>
</bind>
</comp>

<comp id="32" class="1001" name="const_32">
<pin_list>
<pin id="33" dir="1" index="0" bw="1" slack="0"/>
</pin_list>
<bind>
<StgValue><ssdm name="_ssdm_op_Read.ap_auto.i8"/></StgValue>
</bind>
</comp>

<comp id="34" class="1001" name="const_34">
<pin_list>
<pin id="35" dir="1" index="0" bw="1" slack="0"/>
</pin_list>
<bind>
<StgValue><ssdm name="_ssdm_op_Read.ap_auto.i16"/></StgValue>
</bind>
</comp>

<comp id="36" class="1001" name="const_36">
<pin_list>
<pin id="37" dir="1" index="0" bw="1" slack="0"/>
</pin_list>
<bind>
<StgValue><ssdm name="_ssdm_op_Read.ap_auto.i3"/></StgValue>
</bind>
</comp>

<comp id="38" class="1001" name="const_38">
<pin_list>
<pin id="39" dir="1" index="0" bw="1" slack="0"/>
</pin_list>
<bind>
<StgValue><ssdm name="_ssdm_op_Read.ap_auto.i12"/></StgValue>
</bind>
</comp>

<comp id="40" class="1001" name="const_40">
<pin_list>
<pin id="41" dir="1" index="0" bw="1" slack="2147483647"/>
</pin_list>
<bind>
<StgValue><ssdm name="_ssdm_op_SpecStableContent"/></StgValue>
</bind>
</comp>

<comp id="42" class="1001" name="const_42">
<pin_list>
<pin id="43" dir="1" index="0" bw="1" slack="0"/>
</pin_list>
<bind>
<StgValue><ssdm name=""/></StgValue>
</bind>
</comp>

<comp id="44" class="1001" name="const_44">
<pin_list>
<pin id="45" dir="1" index="0" bw="1" slack="2147483647"/>
</pin_list>
<bind>
<StgValue><ssdm name="p_str"/></StgValue>
</bind>
</comp>

<comp id="46" class="1001" name="const_46">
<pin_list>
<pin id="47" dir="1" index="0" bw="1" slack="2147483647"/>
</pin_list>
<bind>
<StgValue><ssdm name=""/></StgValue>
</bind>
</comp>

<comp id="48" class="1001" name="const_48">
<pin_list>
<pin id="49" dir="1" index="0" bw="1" slack="2147483647"/>
</pin_list>
<bind>
<StgValue><ssdm name="_ssdm_op_SpecInterface"/></StgValue>
</bind>
</comp>

<comp id="50" class="1001" name="const_50">
<pin_list>
<pin id="51" dir="1" index="0" bw="1" slack="2147483647"/>
</pin_list>
<bind>
<StgValue><ssdm name="empty_42"/></StgValue>
</bind>
</comp>

<comp id="52" class="1001" name="const_52">
<pin_list>
<pin id="53" dir="1" index="0" bw="1" slack="2147483647"/>
</pin_list>
<bind>
<StgValue><ssdm name=""/></StgValue>
</bind>
</comp>

<comp id="54" class="1001" name="const_54">
<pin_list>
<pin id="55" dir="1" index="0" bw="1" slack="2147483647"/>
</pin_list>
<bind>
<StgValue><ssdm name="empty_0"/></StgValue>
</bind>
</comp>

<comp id="56" class="1001" name="const_56">
<pin_list>
<pin id="57" dir="1" index="0" bw="1" slack="2147483647"/>
</pin_list>
<bind>
<StgValue><ssdm name=""/></StgValue>
</bind>
</comp>

<comp id="58" class="1001" name="const_58">
<pin_list>
<pin id="59" dir="1" index="0" bw="1" slack="0"/>
</pin_list>
<bind>
<StgValue><ssdm name="_ssdm_op_BitSelect.i1.i3.i32"/></StgValue>
</bind>
</comp>

<comp id="60" class="1001" name="const_60">
<pin_list>
<pin id="61" dir="1" index="0" bw="1" slack="0"/>
</pin_list>
<bind>
<StgValue><ssdm name=""/></StgValue>
</bind>
</comp>

<comp id="62" class="1001" name="const_62">
<pin_list>
<pin id="63" dir="1" index="0" bw="1" slack="2147483647"/>
</pin_list>
<bind>
<StgValue><ssdm name="_ssdm_op_SpecLoopTripCount"/></StgValue>
</bind>
</comp>

<comp id="64" class="1001" name="const_64">
<pin_list>
<pin id="65" dir="1" index="0" bw="1" slack="2147483647"/>
</pin_list>
<bind>
<StgValue><ssdm name=""/></StgValue>
</bind>
</comp>

<comp id="66" class="1001" name="const_66">
<pin_list>
<pin id="67" dir="1" index="0" bw="1" slack="2147483647"/>
</pin_list>
<bind>
<StgValue><ssdm name=""/></StgValue>
</bind>
</comp>

<comp id="68" class="1001" name="const_68">
<pin_list>
<pin id="69" dir="1" index="0" bw="1" slack="2147483647"/>
</pin_list>
<bind>
<StgValue><ssdm name=""/></StgValue>
</bind>
</comp>

<comp id="70" class="1001" name="const_70">
<pin_list>
<pin id="71" dir="1" index="0" bw="1" slack="0"/>
</pin_list>
<bind>
<StgValue><ssdm name=""/></StgValue>
</bind>
</comp>

<comp id="72" class="1001" name="const_72">
<pin_list>
<pin id="73" dir="1" index="0" bw="1" slack="0"/>
</pin_list>
<bind>
<StgValue><ssdm name="v_mix_core_alpha<true, false>_Pipeline_VITIS_LOOP_395_3"/></StgValue>
</bind>
</comp>

<comp id="74" class="1001" name="const_74">
<pin_list>
<pin id="75" dir="1" index="0" bw="1" slack="2147483647"/>
</pin_list>
<bind>
<StgValue><ssdm name="_ssdm_op_SpecLoopName"/></StgValue>
</bind>
</comp>

<comp id="76" class="1001" name="const_76">
<pin_list>
<pin id="77" dir="1" index="0" bw="1" slack="2147483647"/>
</pin_list>
<bind>
<StgValue><ssdm name="empty_55"/></StgValue>
</bind>
</comp>

<comp id="78" class="1004" name="p_lcssa20_fu_78">
<pin_list>
<pin id="79" dir="0" index="0" bw="1" slack="0"/>
<pin id="80" dir="1" index="1" bw="8" slack="2"/>
</pin_list>
<bind>
<opcode="alloca(26) " fcode="alloca"/>
<opset="p_lcssa20/1 "/>
</bind>
</comp>

<comp id="82" class="1004" name="p_lcssa1023_fu_82">
<pin_list>
<pin id="83" dir="0" index="0" bw="1" slack="0"/>
<pin id="84" dir="1" index="1" bw="8" slack="2"/>
</pin_list>
<bind>
<opcode="alloca(26) " fcode="alloca"/>
<opset="p_lcssa1023/1 "/>
</bind>
</comp>

<comp id="86" class="1004" name="p_lcssa1126_fu_86">
<pin_list>
<pin id="87" dir="0" index="0" bw="1" slack="0"/>
<pin id="88" dir="1" index="1" bw="8" slack="2"/>
</pin_list>
<bind>
<opcode="alloca(26) " fcode="alloca"/>
<opset="p_lcssa1126/1 "/>
</bind>
</comp>

<comp id="90" class="1004" name="y_fu_90">
<pin_list>
<pin id="91" dir="0" index="0" bw="1" slack="0"/>
<pin id="92" dir="1" index="1" bw="12" slack="0"/>
</pin_list>
<bind>
<opcode="alloca(26) " fcode="alloca"/>
<opset="y/1 "/>
</bind>
</comp>

<comp id="94" class="1004" name="hwReg_layerAlpha_2_val_read_read_fu_94">
<pin_list>
<pin id="95" dir="0" index="0" bw="9" slack="0"/>
<pin id="96" dir="0" index="1" bw="9" slack="0"/>
<pin id="97" dir="1" index="2" bw="9" slack="0"/>
</pin_list>
<bind>
<opcode="read(1150) " fcode="read"/>
<opset="hwReg_layerAlpha_2_val_read/1 "/>
</bind>
</comp>

<comp id="100" class="1004" name="hwReg_layerScaleFactor_2_val_read_read_fu_100">
<pin_list>
<pin id="101" dir="0" index="0" bw="8" slack="0"/>
<pin id="102" dir="0" index="1" bw="8" slack="0"/>
<pin id="103" dir="1" index="2" bw="8" slack="0"/>
</pin_list>
<bind>
<opcode="read(1150) " fcode="read"/>
<opset="hwReg_layerScaleFactor_2_val_read/2 "/>
</bind>
</comp>

<comp id="106" class="1004" name="hwReg_layerHeight_2_val_read_read_fu_106">
<pin_list>
<pin id="107" dir="0" index="0" bw="16" slack="0"/>
<pin id="108" dir="0" index="1" bw="16" slack="0"/>
<pin id="109" dir="1" index="2" bw="16" slack="0"/>
</pin_list>
<bind>
<opcode="read(1150) " fcode="read"/>
<opset="hwReg_layerHeight_2_val_read/2 "/>
</bind>
</comp>

<comp id="112" class="1004" name="hwReg_layerWidth_2_val_read_read_fu_112">
<pin_list>
<pin id="113" dir="0" index="0" bw="16" slack="0"/>
<pin id="114" dir="0" index="1" bw="16" slack="0"/>
<pin id="115" dir="1" index="2" bw="16" slack="0"/>
</pin_list>
<bind>
<opcode="read(1150) " fcode="read"/>
<opset="hwReg_layerWidth_2_val_read/2 "/>
</bind>
</comp>

<comp id="118" class="1004" name="hwReg_layerStartY_2_val_read_read_fu_118">
<pin_list>
<pin id="119" dir="0" index="0" bw="16" slack="0"/>
<pin id="120" dir="0" index="1" bw="16" slack="0"/>
<pin id="121" dir="1" index="2" bw="16" slack="0"/>
</pin_list>
<bind>
<opcode="read(1150) " fcode="read"/>
<opset="hwReg_layerStartY_2_val_read/2 "/>
</bind>
</comp>

<comp id="124" class="1004" name="hwReg_layerStartX_2_val_read_read_fu_124">
<pin_list>
<pin id="125" dir="0" index="0" bw="16" slack="0"/>
<pin id="126" dir="0" index="1" bw="16" slack="0"/>
<pin id="127" dir="1" index="2" bw="16" slack="0"/>
</pin_list>
<bind>
<opcode="read(1150) " fcode="read"/>
<opset="hwReg_layerStartX_2_val_read/2 "/>
</bind>
</comp>

<comp id="130" class="1004" name="hwReg_layerEnable_val_read_read_fu_130">
<pin_list>
<pin id="131" dir="0" index="0" bw="3" slack="0"/>
<pin id="132" dir="0" index="1" bw="3" slack="0"/>
<pin id="133" dir="1" index="2" bw="3" slack="0"/>
</pin_list>
<bind>
<opcode="read(1150) " fcode="read"/>
<opset="hwReg_layerEnable_val_read/2 "/>
</bind>
</comp>

<comp id="136" class="1004" name="hwReg_height_val_read_read_fu_136">
<pin_list>
<pin id="137" dir="0" index="0" bw="12" slack="0"/>
<pin id="138" dir="0" index="1" bw="12" slack="0"/>
<pin id="139" dir="1" index="2" bw="12" slack="1"/>
</pin_list>
<bind>
<opcode="read(1150) " fcode="read"/>
<opset="hwReg_height_val_read/2 "/>
</bind>
</comp>

<comp id="142" class="1004" name="hwReg_width_val_read_read_fu_142">
<pin_list>
<pin id="143" dir="0" index="0" bw="12" slack="0"/>
<pin id="144" dir="0" index="1" bw="12" slack="0"/>
<pin id="145" dir="1" index="2" bw="12" slack="1"/>
</pin_list>
<bind>
<opcode="read(1150) " fcode="read"/>
<opset="hwReg_width_val_read/2 "/>
</bind>
</comp>

<comp id="148" class="1004" name="grp_v_mix_core_alpha_true_false_Pipeline_VITIS_LOOP_395_3_fu_148">
<pin_list>
<pin id="149" dir="0" index="0" bw="0" slack="0"/>
<pin id="150" dir="0" index="1" bw="12" slack="1"/>
<pin id="151" dir="0" index="2" bw="9" slack="1"/>
<pin id="152" dir="0" index="3" bw="24" slack="0"/>
<pin id="153" dir="0" index="4" bw="24" slack="0"/>
<pin id="154" dir="0" index="5" bw="24" slack="0"/>
<pin id="155" dir="0" index="6" bw="16" slack="1"/>
<pin id="156" dir="0" index="7" bw="17" slack="1"/>
<pin id="157" dir="0" index="8" bw="1" slack="0"/>
<pin id="158" dir="0" index="9" bw="1" slack="0"/>
<pin id="159" dir="0" index="10" bw="1" slack="1"/>
<pin id="160" dir="0" index="11" bw="8" slack="2"/>
<pin id="161" dir="0" index="12" bw="8" slack="2"/>
<pin id="162" dir="0" index="13" bw="8" slack="2"/>
<pin id="163" dir="1" index="14" bw="0" slack="2147483647"/>
</pin_list>
<bind>
<opcode="call(48) " fcode="call"/>
<opset="call_ln377/3 "/>
</bind>
</comp>

<comp id="168" class="1004" name="grp_reg_unsigned_short_12_fu_168">
<pin_list>
<pin id="169" dir="0" index="0" bw="9" slack="0"/>
<pin id="170" dir="0" index="1" bw="9" slack="0"/>
<pin id="171" dir="1" index="2" bw="9" slack="1"/>
</pin_list>
<bind>
<opcode="call(48) " fcode="call"/>
<opset="alpha/1 "/>
</bind>
</comp>

<comp id="174" class="1004" name="store_ln366_store_fu_174">
<pin_list>
<pin id="175" dir="0" index="0" bw="1" slack="0"/>
<pin id="176" dir="0" index="1" bw="12" slack="0"/>
<pin id="177" dir="1" index="2" bw="0" slack="2147483647"/>
</pin_list>
<bind>
<opcode="store(28) " fcode="store"/>
<opset="store_ln366/1 "/>
</bind>
</comp>

<comp id="179" class="1004" name="hwReg_layerScaleFactor_2_val_readcast_fu_179">
<pin_list>
<pin id="180" dir="0" index="0" bw="8" slack="0"/>
<pin id="181" dir="1" index="1" bw="16" slack="0"/>
</pin_list>
<bind>
<opcode="zext(34) " fcode="zext"/>
<opset="hwReg_layerScaleFactor_2_val_readcast/2 "/>
</bind>
</comp>

<comp id="183" class="1004" name="shl_ln375_fu_183">
<pin_list>
<pin id="184" dir="0" index="0" bw="16" slack="0"/>
<pin id="185" dir="0" index="1" bw="8" slack="0"/>
<pin id="186" dir="1" index="2" bw="16" slack="0"/>
</pin_list>
<bind>
<opcode="shl(20) " fcode="shl"/>
<opset="shl_ln375/2 "/>
</bind>
</comp>

<comp id="189" class="1004" name="hwReg_layerScaleFactor_2_val_readcast30_fu_189">
<pin_list>
<pin id="190" dir="0" index="0" bw="8" slack="0"/>
<pin id="191" dir="1" index="1" bw="16" slack="0"/>
</pin_list>
<bind>
<opcode="zext(34) " fcode="zext"/>
<opset="hwReg_layerScaleFactor_2_val_readcast30/2 "/>
</bind>
</comp>

<comp id="193" class="1004" name="shl_ln376_fu_193">
<pin_list>
<pin id="194" dir="0" index="0" bw="16" slack="0"/>
<pin id="195" dir="0" index="1" bw="8" slack="0"/>
<pin id="196" dir="1" index="2" bw="16" slack="0"/>
</pin_list>
<bind>
<opcode="shl(20) " fcode="shl"/>
<opset="shl_ln376/2 "/>
</bind>
</comp>

<comp id="199" class="1004" name="hwReg_layerStartY_2_val_cast_fu_199">
<pin_list>
<pin id="200" dir="0" index="0" bw="16" slack="0"/>
<pin id="201" dir="1" index="1" bw="17" slack="0"/>
</pin_list>
<bind>
<opcode="zext(34) " fcode="zext"/>
<opset="hwReg_layerStartY_2_val_cast/2 "/>
</bind>
</comp>

<comp id="203" class="1004" name="layerHeight_cast_fu_203">
<pin_list>
<pin id="204" dir="0" index="0" bw="16" slack="0"/>
<pin id="205" dir="1" index="1" bw="17" slack="0"/>
</pin_list>
<bind>
<opcode="zext(34) " fcode="zext"/>
<opset="layerHeight_cast/2 "/>
</bind>
</comp>

<comp id="207" class="1004" name="add64_fu_207">
<pin_list>
<pin id="208" dir="0" index="0" bw="16" slack="0"/>
<pin id="209" dir="0" index="1" bw="16" slack="0"/>
<pin id="210" dir="1" index="2" bw="17" slack="1"/>
</pin_list>
<bind>
<opcode="add(8) " fcode="add"/>
<opset="add64/2 "/>
</bind>
</comp>

<comp id="213" class="1004" name="hwReg_layerStartX_2_val_cast_fu_213">
<pin_list>
<pin id="214" dir="0" index="0" bw="16" slack="0"/>
<pin id="215" dir="1" index="1" bw="17" slack="0"/>
</pin_list>
<bind>
<opcode="zext(34) " fcode="zext"/>
<opset="hwReg_layerStartX_2_val_cast/2 "/>
</bind>
</comp>

<comp id="217" class="1004" name="layerWidth_cast_fu_217">
<pin_list>
<pin id="218" dir="0" index="0" bw="16" slack="0"/>
<pin id="219" dir="1" index="1" bw="17" slack="0"/>
</pin_list>
<bind>
<opcode="zext(34) " fcode="zext"/>
<opset="layerWidth_cast/2 "/>
</bind>
</comp>

<comp id="221" class="1004" name="add75_fu_221">
<pin_list>
<pin id="222" dir="0" index="0" bw="16" slack="0"/>
<pin id="223" dir="0" index="1" bw="16" slack="0"/>
<pin id="224" dir="1" index="2" bw="17" slack="1"/>
</pin_list>
<bind>
<opcode="add(8) " fcode="add"/>
<opset="add75/2 "/>
</bind>
</comp>

<comp id="227" class="1004" name="tmp_7_fu_227">
<pin_list>
<pin id="228" dir="0" index="0" bw="1" slack="0"/>
<pin id="229" dir="0" index="1" bw="3" slack="0"/>
<pin id="230" dir="0" index="2" bw="3" slack="0"/>
<pin id="231" dir="1" index="3" bw="1" slack="1"/>
</pin_list>
<bind>
<opcode="bitselect(1000) " fcode="bitselect"/>
<opset="tmp_7/2 "/>
</bind>
</comp>

<comp id="235" class="1004" name="y_13_load_fu_235">
<pin_list>
<pin id="236" dir="0" index="0" bw="12" slack="2"/>
<pin id="237" dir="1" index="1" bw="12" slack="0"/>
</pin_list>
<bind>
<opcode="load(27) " fcode="load"/>
<opset="y_13/3 "/>
</bind>
</comp>

<comp id="238" class="1004" name="icmp_ln393_fu_238">
<pin_list>
<pin id="239" dir="0" index="0" bw="12" slack="0"/>
<pin id="240" dir="0" index="1" bw="12" slack="1"/>
<pin id="241" dir="1" index="2" bw="1" slack="2147483647"/>
</pin_list>
<bind>
<opcode="icmp(45) " fcode="icmp"/>
<opset="icmp_ln393/3 "/>
</bind>
</comp>

<comp id="243" class="1004" name="add_ln393_fu_243">
<pin_list>
<pin id="244" dir="0" index="0" bw="12" slack="0"/>
<pin id="245" dir="0" index="1" bw="1" slack="0"/>
<pin id="246" dir="1" index="2" bw="12" slack="0"/>
</pin_list>
<bind>
<opcode="add(8) " fcode="add"/>
<opset="add_ln393/3 "/>
</bind>
</comp>

<comp id="249" class="1004" name="zext_ln393_fu_249">
<pin_list>
<pin id="250" dir="0" index="0" bw="12" slack="0"/>
<pin id="251" dir="1" index="1" bw="17" slack="0"/>
</pin_list>
<bind>
<opcode="zext(34) " fcode="zext"/>
<opset="zext_ln393/3 "/>
</bind>
</comp>

<comp id="253" class="1004" name="zext_ln393_1_fu_253">
<pin_list>
<pin id="254" dir="0" index="0" bw="12" slack="0"/>
<pin id="255" dir="1" index="1" bw="16" slack="0"/>
</pin_list>
<bind>
<opcode="zext(34) " fcode="zext"/>
<opset="zext_ln393_1/3 "/>
</bind>
</comp>

<comp id="257" class="1004" name="ult_fu_257">
<pin_list>
<pin id="258" dir="0" index="0" bw="12" slack="0"/>
<pin id="259" dir="0" index="1" bw="16" slack="1"/>
<pin id="260" dir="1" index="2" bw="1" slack="0"/>
</pin_list>
<bind>
<opcode="icmp(45) " fcode="icmp"/>
<opset="ult/3 "/>
</bind>
</comp>

<comp id="262" class="1004" name="rev29_fu_262">
<pin_list>
<pin id="263" dir="0" index="0" bw="1" slack="0"/>
<pin id="264" dir="0" index="1" bw="1" slack="0"/>
<pin id="265" dir="1" index="2" bw="1" slack="0"/>
</pin_list>
<bind>
<opcode="xor(25) " fcode="xor"/>
<opset="rev29/3 "/>
</bind>
</comp>

<comp id="269" class="1004" name="cmp65_fu_269">
<pin_list>
<pin id="270" dir="0" index="0" bw="17" slack="1"/>
<pin id="271" dir="0" index="1" bw="12" slack="0"/>
<pin id="272" dir="1" index="2" bw="1" slack="0"/>
</pin_list>
<bind>
<opcode="icmp(45) " fcode="icmp"/>
<opset="cmp65/3 "/>
</bind>
</comp>

<comp id="275" class="1004" name="store_ln366_store_fu_275">
<pin_list>
<pin id="276" dir="0" index="0" bw="12" slack="0"/>
<pin id="277" dir="0" index="1" bw="12" slack="2"/>
<pin id="278" dir="1" index="2" bw="0" slack="2147483647"/>
</pin_list>
<bind>
<opcode="store(28) " fcode="store"/>
<opset="store_ln366/3 "/>
</bind>
</comp>

<comp id="280" class="1005" name="p_lcssa20_reg_280">
<pin_list>
<pin id="281" dir="0" index="0" bw="8" slack="2"/>
<pin id="282" dir="1" index="1" bw="8" slack="2"/>
</pin_list>
<bind>
<opset="p_lcssa20 "/>
</bind>
</comp>

<comp id="285" class="1005" name="p_lcssa1023_reg_285">
<pin_list>
<pin id="286" dir="0" index="0" bw="8" slack="2"/>
<pin id="287" dir="1" index="1" bw="8" slack="2"/>
</pin_list>
<bind>
<opset="p_lcssa1023 "/>
</bind>
</comp>

<comp id="290" class="1005" name="p_lcssa1126_reg_290">
<pin_list>
<pin id="291" dir="0" index="0" bw="8" slack="2"/>
<pin id="292" dir="1" index="1" bw="8" slack="2"/>
</pin_list>
<bind>
<opset="p_lcssa1126 "/>
</bind>
</comp>

<comp id="295" class="1005" name="y_reg_295">
<pin_list>
<pin id="296" dir="0" index="0" bw="12" slack="0"/>
<pin id="297" dir="1" index="1" bw="12" slack="0"/>
</pin_list>
<bind>
<opset="y "/>
</bind>
</comp>

<comp id="302" class="1005" name="hwReg_layerAlpha_2_val_read_reg_302">
<pin_list>
<pin id="303" dir="0" index="0" bw="9" slack="1"/>
<pin id="304" dir="1" index="1" bw="9" slack="1"/>
</pin_list>
<bind>
<opset="hwReg_layerAlpha_2_val_read "/>
</bind>
</comp>

<comp id="307" class="1005" name="hwReg_layerStartY_2_val_read_reg_307">
<pin_list>
<pin id="308" dir="0" index="0" bw="16" slack="1"/>
<pin id="309" dir="1" index="1" bw="16" slack="1"/>
</pin_list>
<bind>
<opset="hwReg_layerStartY_2_val_read "/>
</bind>
</comp>

<comp id="312" class="1005" name="hwReg_layerStartX_2_val_read_reg_312">
<pin_list>
<pin id="313" dir="0" index="0" bw="16" slack="1"/>
<pin id="314" dir="1" index="1" bw="16" slack="1"/>
</pin_list>
<bind>
<opset="hwReg_layerStartX_2_val_read "/>
</bind>
</comp>

<comp id="317" class="1005" name="hwReg_height_val_read_reg_317">
<pin_list>
<pin id="318" dir="0" index="0" bw="12" slack="1"/>
<pin id="319" dir="1" index="1" bw="12" slack="1"/>
</pin_list>
<bind>
<opset="hwReg_height_val_read "/>
</bind>
</comp>

<comp id="322" class="1005" name="hwReg_width_val_read_reg_322">
<pin_list>
<pin id="323" dir="0" index="0" bw="12" slack="1"/>
<pin id="324" dir="1" index="1" bw="12" slack="1"/>
</pin_list>
<bind>
<opset="hwReg_width_val_read "/>
</bind>
</comp>

<comp id="327" class="1005" name="alpha_reg_327">
<pin_list>
<pin id="328" dir="0" index="0" bw="9" slack="1"/>
<pin id="329" dir="1" index="1" bw="9" slack="1"/>
</pin_list>
<bind>
<opset="alpha "/>
</bind>
</comp>

<comp id="332" class="1005" name="add64_reg_332">
<pin_list>
<pin id="333" dir="0" index="0" bw="17" slack="1"/>
<pin id="334" dir="1" index="1" bw="17" slack="1"/>
</pin_list>
<bind>
<opset="add64 "/>
</bind>
</comp>

<comp id="337" class="1005" name="add75_reg_337">
<pin_list>
<pin id="338" dir="0" index="0" bw="17" slack="1"/>
<pin id="339" dir="1" index="1" bw="17" slack="1"/>
</pin_list>
<bind>
<opset="add75 "/>
</bind>
</comp>

<comp id="342" class="1005" name="tmp_7_reg_342">
<pin_list>
<pin id="343" dir="0" index="0" bw="1" slack="1"/>
<pin id="344" dir="1" index="1" bw="1" slack="1"/>
</pin_list>
<bind>
<opset="tmp_7 "/>
</bind>
</comp>

<comp id="350" class="1005" name="rev29_reg_350">
<pin_list>
<pin id="351" dir="0" index="0" bw="1" slack="1"/>
<pin id="352" dir="1" index="1" bw="1" slack="1"/>
</pin_list>
<bind>
<opset="rev29 "/>
</bind>
</comp>

<comp id="355" class="1005" name="cmp65_reg_355">
<pin_list>
<pin id="356" dir="0" index="0" bw="1" slack="1"/>
<pin id="357" dir="1" index="1" bw="1" slack="1"/>
</pin_list>
<bind>
<opset="cmp65 "/>
</bind>
</comp>

</comp_list>

<net_list>
<net id="81"><net_src comp="24" pin="0"/><net_sink comp="78" pin=0"/></net>

<net id="85"><net_src comp="24" pin="0"/><net_sink comp="82" pin=0"/></net>

<net id="89"><net_src comp="24" pin="0"/><net_sink comp="86" pin=0"/></net>

<net id="93"><net_src comp="24" pin="0"/><net_sink comp="90" pin=0"/></net>

<net id="98"><net_src comp="26" pin="0"/><net_sink comp="94" pin=0"/></net>

<net id="99"><net_src comp="10" pin="0"/><net_sink comp="94" pin=1"/></net>

<net id="104"><net_src comp="32" pin="0"/><net_sink comp="100" pin=0"/></net>

<net id="105"><net_src comp="20" pin="0"/><net_sink comp="100" pin=1"/></net>

<net id="110"><net_src comp="34" pin="0"/><net_sink comp="106" pin=0"/></net>

<net id="111"><net_src comp="18" pin="0"/><net_sink comp="106" pin=1"/></net>

<net id="116"><net_src comp="34" pin="0"/><net_sink comp="112" pin=0"/></net>

<net id="117"><net_src comp="16" pin="0"/><net_sink comp="112" pin=1"/></net>

<net id="122"><net_src comp="34" pin="0"/><net_sink comp="118" pin=0"/></net>

<net id="123"><net_src comp="14" pin="0"/><net_sink comp="118" pin=1"/></net>

<net id="128"><net_src comp="34" pin="0"/><net_sink comp="124" pin=0"/></net>

<net id="129"><net_src comp="12" pin="0"/><net_sink comp="124" pin=1"/></net>

<net id="134"><net_src comp="36" pin="0"/><net_sink comp="130" pin=0"/></net>

<net id="135"><net_src comp="8" pin="0"/><net_sink comp="130" pin=1"/></net>

<net id="140"><net_src comp="38" pin="0"/><net_sink comp="136" pin=0"/></net>

<net id="141"><net_src comp="6" pin="0"/><net_sink comp="136" pin=1"/></net>

<net id="146"><net_src comp="38" pin="0"/><net_sink comp="142" pin=0"/></net>

<net id="147"><net_src comp="4" pin="0"/><net_sink comp="142" pin=1"/></net>

<net id="164"><net_src comp="72" pin="0"/><net_sink comp="148" pin=0"/></net>

<net id="165"><net_src comp="22" pin="0"/><net_sink comp="148" pin=3"/></net>

<net id="166"><net_src comp="2" pin="0"/><net_sink comp="148" pin=4"/></net>

<net id="167"><net_src comp="0" pin="0"/><net_sink comp="148" pin=5"/></net>

<net id="172"><net_src comp="28" pin="0"/><net_sink comp="168" pin=0"/></net>

<net id="173"><net_src comp="94" pin="2"/><net_sink comp="168" pin=1"/></net>

<net id="178"><net_src comp="30" pin="0"/><net_sink comp="174" pin=0"/></net>

<net id="182"><net_src comp="100" pin="2"/><net_sink comp="179" pin=0"/></net>

<net id="187"><net_src comp="106" pin="2"/><net_sink comp="183" pin=0"/></net>

<net id="188"><net_src comp="179" pin="1"/><net_sink comp="183" pin=1"/></net>

<net id="192"><net_src comp="100" pin="2"/><net_sink comp="189" pin=0"/></net>

<net id="197"><net_src comp="112" pin="2"/><net_sink comp="193" pin=0"/></net>

<net id="198"><net_src comp="189" pin="1"/><net_sink comp="193" pin=1"/></net>

<net id="202"><net_src comp="118" pin="2"/><net_sink comp="199" pin=0"/></net>

<net id="206"><net_src comp="183" pin="2"/><net_sink comp="203" pin=0"/></net>

<net id="211"><net_src comp="203" pin="1"/><net_sink comp="207" pin=0"/></net>

<net id="212"><net_src comp="199" pin="1"/><net_sink comp="207" pin=1"/></net>

<net id="216"><net_src comp="124" pin="2"/><net_sink comp="213" pin=0"/></net>

<net id="220"><net_src comp="193" pin="2"/><net_sink comp="217" pin=0"/></net>

<net id="225"><net_src comp="217" pin="1"/><net_sink comp="221" pin=0"/></net>

<net id="226"><net_src comp="213" pin="1"/><net_sink comp="221" pin=1"/></net>

<net id="232"><net_src comp="58" pin="0"/><net_sink comp="227" pin=0"/></net>

<net id="233"><net_src comp="130" pin="2"/><net_sink comp="227" pin=1"/></net>

<net id="234"><net_src comp="60" pin="0"/><net_sink comp="227" pin=2"/></net>

<net id="242"><net_src comp="235" pin="1"/><net_sink comp="238" pin=0"/></net>

<net id="247"><net_src comp="235" pin="1"/><net_sink comp="243" pin=0"/></net>

<net id="248"><net_src comp="70" pin="0"/><net_sink comp="243" pin=1"/></net>

<net id="252"><net_src comp="235" pin="1"/><net_sink comp="249" pin=0"/></net>

<net id="256"><net_src comp="235" pin="1"/><net_sink comp="253" pin=0"/></net>

<net id="261"><net_src comp="253" pin="1"/><net_sink comp="257" pin=0"/></net>

<net id="266"><net_src comp="257" pin="2"/><net_sink comp="262" pin=0"/></net>

<net id="267"><net_src comp="42" pin="0"/><net_sink comp="262" pin=1"/></net>

<net id="268"><net_src comp="262" pin="2"/><net_sink comp="148" pin=9"/></net>

<net id="273"><net_src comp="249" pin="1"/><net_sink comp="269" pin=1"/></net>

<net id="274"><net_src comp="269" pin="2"/><net_sink comp="148" pin=8"/></net>

<net id="279"><net_src comp="243" pin="2"/><net_sink comp="275" pin=0"/></net>

<net id="283"><net_src comp="78" pin="1"/><net_sink comp="280" pin=0"/></net>

<net id="284"><net_src comp="280" pin="1"/><net_sink comp="148" pin=13"/></net>

<net id="288"><net_src comp="82" pin="1"/><net_sink comp="285" pin=0"/></net>

<net id="289"><net_src comp="285" pin="1"/><net_sink comp="148" pin=12"/></net>

<net id="293"><net_src comp="86" pin="1"/><net_sink comp="290" pin=0"/></net>

<net id="294"><net_src comp="290" pin="1"/><net_sink comp="148" pin=11"/></net>

<net id="298"><net_src comp="90" pin="1"/><net_sink comp="295" pin=0"/></net>

<net id="299"><net_src comp="295" pin="1"/><net_sink comp="174" pin=1"/></net>

<net id="300"><net_src comp="295" pin="1"/><net_sink comp="235" pin=0"/></net>

<net id="301"><net_src comp="295" pin="1"/><net_sink comp="275" pin=1"/></net>

<net id="305"><net_src comp="94" pin="2"/><net_sink comp="302" pin=0"/></net>

<net id="306"><net_src comp="302" pin="1"/><net_sink comp="168" pin=1"/></net>

<net id="310"><net_src comp="118" pin="2"/><net_sink comp="307" pin=0"/></net>

<net id="311"><net_src comp="307" pin="1"/><net_sink comp="257" pin=1"/></net>

<net id="315"><net_src comp="124" pin="2"/><net_sink comp="312" pin=0"/></net>

<net id="316"><net_src comp="312" pin="1"/><net_sink comp="148" pin=6"/></net>

<net id="320"><net_src comp="136" pin="2"/><net_sink comp="317" pin=0"/></net>

<net id="321"><net_src comp="317" pin="1"/><net_sink comp="238" pin=1"/></net>

<net id="325"><net_src comp="142" pin="2"/><net_sink comp="322" pin=0"/></net>

<net id="326"><net_src comp="322" pin="1"/><net_sink comp="148" pin=1"/></net>

<net id="330"><net_src comp="168" pin="2"/><net_sink comp="327" pin=0"/></net>

<net id="331"><net_src comp="327" pin="1"/><net_sink comp="148" pin=2"/></net>

<net id="335"><net_src comp="207" pin="2"/><net_sink comp="332" pin=0"/></net>

<net id="336"><net_src comp="332" pin="1"/><net_sink comp="269" pin=0"/></net>

<net id="340"><net_src comp="221" pin="2"/><net_sink comp="337" pin=0"/></net>

<net id="341"><net_src comp="337" pin="1"/><net_sink comp="148" pin=7"/></net>

<net id="345"><net_src comp="227" pin="3"/><net_sink comp="342" pin=0"/></net>

<net id="346"><net_src comp="342" pin="1"/><net_sink comp="148" pin=10"/></net>

<net id="353"><net_src comp="262" pin="2"/><net_sink comp="350" pin=0"/></net>

<net id="354"><net_src comp="350" pin="1"/><net_sink comp="148" pin=9"/></net>

<net id="358"><net_src comp="269" pin="2"/><net_sink comp="355" pin=0"/></net>

<net id="359"><net_src comp="355" pin="1"/><net_sink comp="148" pin=8"/></net>

</net_list>

</model> 
---------------- Datapath Model END ------------------

* FSMD analyzer results:
  - Output states:
	Port: outLayer2 | {3 4 }
 - Input state : 
	Port: v_mix_core_alpha<true, false> : outLayer1 | {3 4 }
	Port: v_mix_core_alpha<true, false> : srcLayer2x | {3 4 }
	Port: v_mix_core_alpha<true, false> : hwReg_width_val | {2 }
	Port: v_mix_core_alpha<true, false> : hwReg_height_val | {2 }
	Port: v_mix_core_alpha<true, false> : hwReg_layerEnable_val | {2 }
	Port: v_mix_core_alpha<true, false> : hwReg_layerAlpha_2_val | {1 }
	Port: v_mix_core_alpha<true, false> : hwReg_layerStartX_2_val | {2 }
	Port: v_mix_core_alpha<true, false> : hwReg_layerStartY_2_val | {2 }
	Port: v_mix_core_alpha<true, false> : hwReg_layerWidth_2_val | {2 }
	Port: v_mix_core_alpha<true, false> : hwReg_layerHeight_2_val | {2 }
	Port: v_mix_core_alpha<true, false> : hwReg_layerScaleFactor_2_val | {2 }
  - Chain level:
	State 1
		store_ln366 : 1
	State 2
		shl_ln375 : 1
		shl_ln376 : 1
		layerHeight_cast : 2
		add64 : 3
		layerWidth_cast : 2
		add75 : 3
	State 3
		icmp_ln393 : 1
		add_ln393 : 1
		br_ln393 : 2
		zext_ln393 : 1
		zext_ln393_1 : 1
		ult : 2
		rev29 : 3
		cmp65 : 2
		call_ln377 : 3
		store_ln366 : 2
	State 4


============================================================
+ Verbose Summary: Datapath Resource usage 
============================================================

* Functional unit list:
|----------|------------------------------------------------------------------|---------|---------|---------|---------|
| Operation|                          Functional Unit                         |   DSP   |  Delay  |    FF   |   LUT   |
|----------|------------------------------------------------------------------|---------|---------|---------|---------|
|   call   | grp_v_mix_core_alpha_true_false_Pipeline_VITIS_LOOP_395_3_fu_148 |    3    |  3.108  |   168   |   209   |
|          |                 grp_reg_unsigned_short_12_fu_168                 |    0    |    0    |    0    |    0    |
|----------|------------------------------------------------------------------|---------|---------|---------|---------|
|    shl   |                         shl_ln375_fu_183                         |    0    |    0    |    0    |    35   |
|          |                         shl_ln376_fu_193                         |    0    |    0    |    0    |    35   |
|----------|------------------------------------------------------------------|---------|---------|---------|---------|
|          |                         icmp_ln393_fu_238                        |    0    |    0    |    0    |    19   |
|   icmp   |                            ult_fu_257                            |    0    |    0    |    0    |    23   |
|          |                           cmp65_fu_269                           |    0    |    0    |    0    |    24   |
|----------|------------------------------------------------------------------|---------|---------|---------|---------|
|          |                           add64_fu_207                           |    0    |    0    |    0    |    23   |
|    add   |                           add75_fu_221                           |    0    |    0    |    0    |    23   |
|          |                         add_ln393_fu_243                         |    0    |    0    |    0    |    19   |
|----------|------------------------------------------------------------------|---------|---------|---------|---------|
|    xor   |                           rev29_fu_262                           |    0    |    0    |    0    |    2    |
|----------|------------------------------------------------------------------|---------|---------|---------|---------|
|          |              hwReg_layerAlpha_2_val_read_read_fu_94              |    0    |    0    |    0    |    0    |
|          |           hwReg_layerScaleFactor_2_val_read_read_fu_100          |    0    |    0    |    0    |    0    |
|          |             hwReg_layerHeight_2_val_read_read_fu_106             |    0    |    0    |    0    |    0    |
|          |              hwReg_layerWidth_2_val_read_read_fu_112             |    0    |    0    |    0    |    0    |
|   read   |             hwReg_layerStartY_2_val_read_read_fu_118             |    0    |    0    |    0    |    0    |
|          |             hwReg_layerStartX_2_val_read_read_fu_124             |    0    |    0    |    0    |    0    |
|          |              hwReg_layerEnable_val_read_read_fu_130              |    0    |    0    |    0    |    0    |
|          |                 hwReg_height_val_read_read_fu_136                |    0    |    0    |    0    |    0    |
|          |                 hwReg_width_val_read_read_fu_142                 |    0    |    0    |    0    |    0    |
|----------|------------------------------------------------------------------|---------|---------|---------|---------|
|          |           hwReg_layerScaleFactor_2_val_readcast_fu_179           |    0    |    0    |    0    |    0    |
|          |          hwReg_layerScaleFactor_2_val_readcast30_fu_189          |    0    |    0    |    0    |    0    |
|          |                hwReg_layerStartY_2_val_cast_fu_199               |    0    |    0    |    0    |    0    |
|   zext   |                      layerHeight_cast_fu_203                     |    0    |    0    |    0    |    0    |
|          |                hwReg_layerStartX_2_val_cast_fu_213               |    0    |    0    |    0    |    0    |
|          |                      layerWidth_cast_fu_217                      |    0    |    0    |    0    |    0    |
|          |                         zext_ln393_fu_249                        |    0    |    0    |    0    |    0    |
|          |                        zext_ln393_1_fu_253                       |    0    |    0    |    0    |    0    |
|----------|------------------------------------------------------------------|---------|---------|---------|---------|
| bitselect|                           tmp_7_fu_227                           |    0    |    0    |    0    |    0    |
|----------|------------------------------------------------------------------|---------|---------|---------|---------|
|   Total  |                                                                  |    3    |  3.108  |   168   |   412   |
|----------|------------------------------------------------------------------|---------|---------|---------|---------|

Memories:
N/A

* Register list:
+------------------------------------+--------+
|                                    |   FF   |
+------------------------------------+--------+
|            add64_reg_332           |   17   |
|            add75_reg_337           |   17   |
|            alpha_reg_327           |    9   |
|            cmp65_reg_355           |    1   |
|    hwReg_height_val_read_reg_317   |   12   |
| hwReg_layerAlpha_2_val_read_reg_302|    9   |
|hwReg_layerStartX_2_val_read_reg_312|   16   |
|hwReg_layerStartY_2_val_read_reg_307|   16   |
|    hwReg_width_val_read_reg_322    |   12   |
|         p_lcssa1023_reg_285        |    8   |
|         p_lcssa1126_reg_290        |    8   |
|          p_lcssa20_reg_280         |    8   |
|            rev29_reg_350           |    1   |
|            tmp_7_reg_342           |    1   |
|              y_reg_295             |   12   |
+------------------------------------+--------+
|                Total               |   147  |
+------------------------------------+--------+

* Multiplexer (MUX) list: 
|------------------------------------------------------------------|------|------|------|--------||---------||---------||---------|
|                               Comp                               |  Pin | Size |  BW  | S x BW ||  Delay  ||    FF   ||   LUT   |
|------------------------------------------------------------------|------|------|------|--------||---------||---------||---------|
| grp_v_mix_core_alpha_true_false_Pipeline_VITIS_LOOP_395_3_fu_148 |  p8  |   2  |   1  |    2   ||    0    ||    9    |
| grp_v_mix_core_alpha_true_false_Pipeline_VITIS_LOOP_395_3_fu_148 |  p9  |   2  |   1  |    2   ||    0    ||    9    |
|                 grp_reg_unsigned_short_12_fu_168                 |  p1  |   2  |   9  |   18   ||    0    ||    9    |
|------------------------------------------------------------------|------|------|------|--------||---------||---------||---------|
|                               Total                              |      |      |      |   22   ||  1.467  ||    0    ||    27   |
|------------------------------------------------------------------|------|------|------|--------||---------||---------||---------|



* Summary:
+-----------+--------+--------+--------+--------+
|           |   DSP  |  Delay |   FF   |   LUT  |
+-----------+--------+--------+--------+--------+
|  Function |    3   |    3   |   168  |   412  |
|   Memory  |    -   |    -   |    -   |    -   |
|Multiplexer|    -   |    1   |    0   |   27   |
|  Register |    -   |    -   |   147  |    -   |
+-----------+--------+--------+--------+--------+
|   Total   |    3   |    4   |   315  |   439  |
+-----------+--------+--------+--------+--------+
