

================================================================
== Vitis HLS Report for 'v_mix_422_to_444_true_s'
================================================================
* Date:           Sat Sep  6 13:59:18 2025

* Version:        2025.1 (Build 6135595 on May 21 2025)
* Project:        prj
* Solution:       sol (Vivado IP Flow Target)
* Product family: zynquplus
* Target device:  xczu3eg-sfvc784-1-e


================================================================
== Performance Estimates
================================================================
+ Timing: 
    * Summary: 
    +--------+---------+----------+------------+
    |  Clock |  Target | Estimated| Uncertainty|
    +--------+---------+----------+------------+
    |ap_clk  |  5.00 ns|  2.314 ns|     1.35 ns|
    +--------+---------+----------+------------+

+ Latency: 
    * Summary: 
    +---------+------------+----------+-----------+-----+------------+---------+
    |   Latency (cycles)   |  Latency (absolute)  |     Interval     | Pipeline|
    |   min   |     max    |    min   |    max    | min |     max    |   Type  |
    +---------+------------+----------+-----------+-----+------------+---------+
    |        1|  1073938426|  5.000 ns|  5.370 sec|    1|  1073938426|       no|
    +---------+------------+----------+-----------+-----+------------+---------+

    + Detail: 
        * Instance: 
        +------------------------------------------------------------+-------------------------------------------------+---------+---------+-----------+----------+-----+-------+------------------------------------------------+
        |                                                            |                                                 |  Latency (cycles) |  Latency (absolute)  |   Interval  |                    Pipeline                    |
        |                          Instance                          |                      Module                     |   min   |   max   |    min    |    max   | min |  max  |                      Type                      |
        +------------------------------------------------------------+-------------------------------------------------+---------+---------+-----------+----------+-----+-------+------------------------------------------------+
        |grp_v_mix_422_to_444_true_Pipeline_VITIS_LOOP_161_2_fu_134  |v_mix_422_to_444_true_Pipeline_VITIS_LOOP_161_2  |        4|    32771|  20.000 ns|  0.164 ms|    1|  32768|  loop auto-rewind stp (delay=0 clock cycles(s))|
        +------------------------------------------------------------+-------------------------------------------------+---------+---------+-----------+----------+-----+-------+------------------------------------------------+

        * Loop: 
        +--------------------+---------+------------+-----------+-----------+-----------+-----------+----------+
        |                    |   Latency (cycles)   | Iteration |  Initiation Interval  |    Trip   |          |
        |      Loop Name     |   min   |     max    |  Latency  |  achieved |   target  |   Count   | Pipelined|
        +--------------------+---------+------------+-----------+-----------+-----------+-----------+----------+
        |- VITIS_LOOP_159_1  |        0|  1073938425|  8 ~ 32775|          -|          -|  0 ~ 32767|        no|
        +--------------------+---------+------------+-----------+-----------+-----------+-----------+----------+



================================================================
== Utilization Estimates
================================================================
* Summary: 
+-----------------+---------+-----+--------+-------+-----+
|       Name      | BRAM_18K| DSP |   FF   |  LUT  | URAM|
+-----------------+---------+-----+--------+-------+-----+
|DSP              |        -|    -|       -|      -|    -|
|Expression       |        -|    -|       0|    101|    -|
|FIFO             |        -|    -|       -|      -|    -|
|Instance         |        -|    -|     161|    537|    -|
|Memory           |        -|    -|       -|      -|    -|
|Multiplexer      |        -|    -|       0|     58|    -|
|Register         |        -|    -|     209|      -|    -|
+-----------------+---------+-----+--------+-------+-----+
|Total            |        0|    0|     370|    696|    0|
+-----------------+---------+-----+--------+-------+-----+
|Available        |      432|  360|  141120|  70560|    0|
+-----------------+---------+-----+--------+-------+-----+
|Utilization (%)  |        0|    0|      ~0|     ~0|    0|
+-----------------+---------+-----+--------+-------+-----+

+ Detail: 
    * Instance: 
    +------------------------------------------------------------+-------------------------------------------------+---------+----+-----+-----+-----+
    |                          Instance                          |                      Module                     | BRAM_18K| DSP|  FF | LUT | URAM|
    +------------------------------------------------------------+-------------------------------------------------+---------+----+-----+-----+-----+
    |grp_v_mix_422_to_444_true_Pipeline_VITIS_LOOP_161_2_fu_134  |v_mix_422_to_444_true_Pipeline_VITIS_LOOP_161_2  |        0|   0|  161|  537|    0|
    +------------------------------------------------------------+-------------------------------------------------+---------+----+-----+-----+-----+
    |Total                                                       |                                                 |        0|   0|  161|  537|    0|
    +------------------------------------------------------------+-------------------------------------------------+---------+----+-----+-----+-----+

    * DSP: 
    N/A

    * Memory: 
    N/A

    * FIFO: 
    N/A

    * Expression: 
    +------------------------+----------+----+---+----+------------+------------+
    |      Variable Name     | Operation| DSP| FF| LUT| Bitwidth P0| Bitwidth P1|
    +------------------------+----------+----+---+----+------------+------------+
    |add_ln159_fu_191_p2     |         +|   0|  0|  22|          15|           1|
    |loopWidth_fu_162_p2     |         +|   0|  0|  23|          16|           3|
    |cmp28336_fu_168_p2      |      icmp|   0|  0|  23|          16|           1|
    |icmp_ln159_fu_186_p2    |      icmp|   0|  0|  23|          16|          16|
    |ap_block_state1         |        or|   0|  0|   2|           1|           1|
    |select_ln159_fu_222_p3  |    select|   0|  0|   8|           1|           8|
    +------------------------+----------+----+---+----+------------+------------+
    |Total                   |          |   0|  0| 101|          65|          30|
    +------------------------+----------+----+---+----+------------+------------+

    * Multiplexer: 
    +------------+----+-----------+-----+-----------+
    |    Name    | LUT| Input Size| Bits| Total Bits|
    +------------+----+-----------+-----+-----------+
    |ap_NS_fsm   |  31|          6|    1|          6|
    |ap_done     |   9|          2|    1|          2|
    |real_start  |   9|          2|    1|          2|
    |y_9_fu_56   |   9|          2|   15|         30|
    +------------+----+-----------+-----+-----------+
    |Total       |  58|         12|   18|         40|
    +------------+----+-----------+-----+-----------+

    * Register: 
    +-------------------------------------------------------------------------+----+----+-----+-----------+
    |                                   Name                                  | FF | LUT| Bits| Const Bits|
    +-------------------------------------------------------------------------+----+----+-----+-----------+
    |ap_CS_fsm                                                                |   5|   0|    5|          0|
    |ap_done_reg                                                              |   1|   0|    1|          0|
    |cmp28336_reg_345                                                         |   1|   0|    1|          0|
    |grp_v_mix_422_to_444_true_Pipeline_VITIS_LOOP_161_2_fu_134_ap_start_reg  |   1|   0|    1|          0|
    |height_read_reg_247                                                      |  16|   0|   16|          0|
    |layerEnableFlag_read_reg_238                                             |   1|   0|    1|          0|
    |loopWidth_reg_258                                                        |  16|   0|   16|          0|
    |p_0_0_0199355388_lcssa450_fu_112                                         |   8|   0|    8|          0|
    |p_0_0_0199355_lcssa407_fu_64                                             |   8|   0|    8|          0|
    |p_0_0_0200353385_lcssa447_fu_108                                         |   8|   0|    8|          0|
    |p_0_0_0200353_lcssa404_fu_60                                             |   8|   0|    8|          0|
    |p_0_0_0206358_lcssa364426_fu_88                                          |   8|   0|    8|          0|
    |p_0_0_0206358_lcssa409_fu_68                                             |   8|   0|    8|          0|
    |p_0_0_0_0_0205_1365_lcssa429_fu_92                                       |   8|   0|    8|          0|
    |p_0_0_0_0_0205_2379_lcssa441_fu_100                                      |   8|   0|    8|          0|
    |p_0_0_0_0_0207_1_lcssa412_fu_72                                          |   8|   0|    8|          0|
    |p_0_0_0_0_0207_2_lcssa417_fu_76                                          |   8|   0|    8|          0|
    |p_0_0_0_0_0207_2_lcssa417_load_reg_353                                   |   8|   0|    8|          0|
    |p_0_0_0_0_0207_3_lcssa420_fu_80                                          |   8|   0|    8|          0|
    |p_0_0_0_0_0207_3_lcssa420_load_reg_358                                   |   8|   0|    8|          0|
    |p_0_0_0_0_0207_4_lcssa423_fu_84                                          |   8|   0|    8|          0|
    |p_0_0_0_0_0207_4_lcssa423_load_reg_363                                   |   8|   0|    8|          0|
    |p_0_0_0_0_0_1372_lcssa435_fu_96                                          |   8|   0|    8|          0|
    |p_0_0_0_0_0_2382_lcssa444_fu_104                                         |   8|   0|    8|          0|
    |start_once_reg                                                           |   1|   0|    1|          0|
    |width_read_reg_242                                                       |  16|   0|   16|          0|
    |y_9_fu_56                                                                |  15|   0|   15|          0|
    +-------------------------------------------------------------------------+----+----+-----+-----------+
    |Total                                                                    | 209|   0|  209|          0|
    +-------------------------------------------------------------------------+----+----+-----+-----------+



================================================================
== Interface
================================================================
* Summary: 
+--------------------------------+-----+-----+------------+------------------------+--------------+
|            RTL Ports           | Dir | Bits|  Protocol  |      Source Object     |    C Type    |
+--------------------------------+-----+-----+------------+------------------------+--------------+
|ap_clk                          |   in|    1|  ap_ctrl_hs|  v_mix_422_to_444<true>|  return value|
|ap_rst                          |   in|    1|  ap_ctrl_hs|  v_mix_422_to_444<true>|  return value|
|ap_start                        |   in|    1|  ap_ctrl_hs|  v_mix_422_to_444<true>|  return value|
|start_full_n                    |   in|    1|  ap_ctrl_hs|  v_mix_422_to_444<true>|  return value|
|ap_done                         |  out|    1|  ap_ctrl_hs|  v_mix_422_to_444<true>|  return value|
|ap_continue                     |   in|    1|  ap_ctrl_hs|  v_mix_422_to_444<true>|  return value|
|ap_idle                         |  out|    1|  ap_ctrl_hs|  v_mix_422_to_444<true>|  return value|
|ap_ready                        |  out|    1|  ap_ctrl_hs|  v_mix_422_to_444<true>|  return value|
|start_out                       |  out|    1|  ap_ctrl_hs|  v_mix_422_to_444<true>|  return value|
|start_write                     |  out|    1|  ap_ctrl_hs|  v_mix_422_to_444<true>|  return value|
|srcLayer1Yuv422_dout            |   in|   24|     ap_fifo|         srcLayer1Yuv422|       pointer|
|srcLayer1Yuv422_empty_n         |   in|    1|     ap_fifo|         srcLayer1Yuv422|       pointer|
|srcLayer1Yuv422_read            |  out|    1|     ap_fifo|         srcLayer1Yuv422|       pointer|
|srcLayer1Yuv422_num_data_valid  |   in|    3|     ap_fifo|         srcLayer1Yuv422|       pointer|
|srcLayer1Yuv422_fifo_cap        |   in|    3|     ap_fifo|         srcLayer1Yuv422|       pointer|
|height                          |   in|   16|   ap_stable|                  height|        scalar|
|width                           |   in|   16|   ap_stable|                   width|        scalar|
|layerEnableFlag                 |   in|    1|   ap_stable|         layerEnableFlag|        scalar|
|srcLayer1Yuv_din                |  out|   24|     ap_fifo|            srcLayer1Yuv|       pointer|
|srcLayer1Yuv_full_n             |   in|    1|     ap_fifo|            srcLayer1Yuv|       pointer|
|srcLayer1Yuv_write              |  out|    1|     ap_fifo|            srcLayer1Yuv|       pointer|
|srcLayer1Yuv_num_data_valid     |   in|   32|     ap_fifo|            srcLayer1Yuv|       pointer|
|srcLayer1Yuv_fifo_cap           |   in|   32|     ap_fifo|            srcLayer1Yuv|       pointer|
+--------------------------------+-----+-----+------------+------------------------+--------------+

============================================================
+ Verbose Summary: Synthesis Manager
============================================================
InlineROM: 1
ExposeGlobal: 0
============================================================
+ Verbose Summary: CDFG Model
============================================================
IsTopModel: 0
ResetActiveHigh: 1
IsCombinational: 2
IsDatapathOnly: 0
HasWiredReturn: 1
HasMFsm: 0
HasVarLatency: 1
IsPipeline: 0
IsRtlPipelined: 0
IsInstanceOverlapped: 0
IsDontTouch: 0
HasImplIP: 0
IsGatedGlobalClock: 0


============================================================
+ Verbose Summary: Schedule
============================================================
* Number of FSM states : 5
* Pipeline : 0
* Dataflow Pipeline: 0

* FSM state transitions: 
1 --> 2 
2 --> 3 
3 --> 4 
4 --> 5 
5 --> 2 

* FSM state operations: 

State 1 <SV = 0> <Delay = 2.03>
ST_1 : Operation 6 [1/1] (0.00ns)   --->   "%layerEnableFlag_read = read i1 @_ssdm_op_Read.ap_auto.i1, i1 %layerEnableFlag"   --->   Operation 6 'read' 'layerEnableFlag_read' <Predicate = true> <Delay = 0.00>
ST_1 : Operation 7 [1/1] (0.00ns)   --->   "%width_read = read i16 @_ssdm_op_Read.ap_auto.i16, i16 %width"   --->   Operation 7 'read' 'width_read' <Predicate = true> <Delay = 0.00>
ST_1 : Operation 8 [1/1] (0.00ns)   --->   "%height_read = read i16 @_ssdm_op_Read.ap_auto.i16, i16 %height"   --->   Operation 8 'read' 'height_read' <Predicate = true> <Delay = 0.00>
ST_1 : Operation 9 [1/1] (0.00ns)   --->   "%p_0_0_0206358363_loc = alloca i32 1"   --->   Operation 9 'alloca' 'p_0_0_0206358363_loc' <Predicate = true> <Delay = 0.00>
ST_1 : Operation 10 [1/1] (0.00ns)   --->   "%specstablecontent_ln0 = specstablecontent void @_ssdm_op_SpecStableContent, i16 %height, i1 1, void @p_str"   --->   Operation 10 'specstablecontent' 'specstablecontent_ln0' <Predicate = true> <Delay = 0.00>
ST_1 : Operation 11 [1/1] (0.00ns)   --->   "%specstablecontent_ln0 = specstablecontent void @_ssdm_op_SpecStableContent, i16 %width, i1 1, void @p_str"   --->   Operation 11 'specstablecontent' 'specstablecontent_ln0' <Predicate = true> <Delay = 0.00>
ST_1 : Operation 12 [1/1] (0.00ns)   --->   "%specstablecontent_ln0 = specstablecontent void @_ssdm_op_SpecStableContent, i1 %layerEnableFlag, i1 1, void @p_str"   --->   Operation 12 'specstablecontent' 'specstablecontent_ln0' <Predicate = true> <Delay = 0.00>
ST_1 : Operation 13 [1/1] (0.00ns)   --->   "%specinterface_ln0 = specinterface void @_ssdm_op_SpecInterface, i24 %srcLayer1Yuv422, void @empty_42, i32 0, i32 0, void @empty_0, i32 0, i32 0, void @empty_0, void @empty_0, void @empty_0, i32 0, i32 0, i32 0, i32 0, void @empty_0, void @empty_0, i32 4294967295, i32 0, i32 0"   --->   Operation 13 'specinterface' 'specinterface_ln0' <Predicate = true> <Delay = 0.00>
ST_1 : Operation 14 [1/1] (0.00ns)   --->   "%specinterface_ln0 = specinterface void @_ssdm_op_SpecInterface, i24 %srcLayer1Yuv, void @empty_42, i32 0, i32 0, void @empty_0, i32 0, i32 0, void @empty_0, void @empty_0, void @empty_0, i32 0, i32 0, i32 0, i32 0, void @empty_0, void @empty_0, i32 4294967295, i32 0, i32 0"   --->   Operation 14 'specinterface' 'specinterface_ln0' <Predicate = true> <Delay = 0.00>
ST_1 : Operation 15 [1/1] (1.01ns)   --->   "%loopWidth = add i16 %width_read, i16 5" [/home/e/Documents/research/byotee/OSDZU3_Ref_Design/OSDZU3_Ref_Design.runs/design_1_v_mix_0_0_synth_1/prj/sol/.autopilot/db/v_csc.cpp:155]   --->   Operation 15 'add' 'loopWidth' <Predicate = true> <Delay = 1.01> <CoreInst = "Adder">   --->   Core 1 'Adder' <Latency = 0> <II = 1> <Delay = 1.01> <FuncUnit> <Opcode : 'add' 'sub'> <InPorts = 2> <OutPorts = 1>
ST_1 : Operation 16 [1/1] (0.00ns)   --->   "%br_ln157 = br i1 %layerEnableFlag_read, void %if.end322, void %VITIS_LOOP_159_1" [/home/e/Documents/research/byotee/OSDZU3_Ref_Design/OSDZU3_Ref_Design.runs/design_1_v_mix_0_0_synth_1/prj/sol/.autopilot/db/v_csc.cpp:157]   --->   Operation 16 'br' 'br_ln157' <Predicate = true> <Delay = 0.00>
ST_1 : Operation 17 [1/1] (0.00ns)   --->   "%y_9 = alloca i32 1"   --->   Operation 17 'alloca' 'y_9' <Predicate = (layerEnableFlag_read)> <Delay = 0.00>
ST_1 : Operation 18 [1/1] (0.00ns)   --->   "%p_0_0_0200353_lcssa404 = alloca i32 1"   --->   Operation 18 'alloca' 'p_0_0_0200353_lcssa404' <Predicate = (layerEnableFlag_read)> <Delay = 0.00>
ST_1 : Operation 19 [1/1] (0.00ns)   --->   "%p_0_0_0199355_lcssa407 = alloca i32 1"   --->   Operation 19 'alloca' 'p_0_0_0199355_lcssa407' <Predicate = (layerEnableFlag_read)> <Delay = 0.00>
ST_1 : Operation 20 [1/1] (0.00ns)   --->   "%p_0_0_0206358_lcssa409 = alloca i32 1"   --->   Operation 20 'alloca' 'p_0_0_0206358_lcssa409' <Predicate = (layerEnableFlag_read)> <Delay = 0.00>
ST_1 : Operation 21 [1/1] (0.00ns)   --->   "%p_0_0_0_0_0207_1_lcssa412 = alloca i32 1"   --->   Operation 21 'alloca' 'p_0_0_0_0_0207_1_lcssa412' <Predicate = (layerEnableFlag_read)> <Delay = 0.00>
ST_1 : Operation 22 [1/1] (0.00ns)   --->   "%p_0_0_0_0_0207_2_lcssa417 = alloca i32 1"   --->   Operation 22 'alloca' 'p_0_0_0_0_0207_2_lcssa417' <Predicate = (layerEnableFlag_read)> <Delay = 0.00>
ST_1 : Operation 23 [1/1] (0.00ns)   --->   "%p_0_0_0_0_0207_3_lcssa420 = alloca i32 1"   --->   Operation 23 'alloca' 'p_0_0_0_0_0207_3_lcssa420' <Predicate = (layerEnableFlag_read)> <Delay = 0.00>
ST_1 : Operation 24 [1/1] (0.00ns)   --->   "%p_0_0_0_0_0207_4_lcssa423 = alloca i32 1"   --->   Operation 24 'alloca' 'p_0_0_0_0_0207_4_lcssa423' <Predicate = (layerEnableFlag_read)> <Delay = 0.00>
ST_1 : Operation 25 [1/1] (0.00ns)   --->   "%p_0_0_0206358_lcssa364426 = alloca i32 1"   --->   Operation 25 'alloca' 'p_0_0_0206358_lcssa364426' <Predicate = (layerEnableFlag_read)> <Delay = 0.00>
ST_1 : Operation 26 [1/1] (0.00ns)   --->   "%p_0_0_0_0_0205_1365_lcssa429 = alloca i32 1"   --->   Operation 26 'alloca' 'p_0_0_0_0_0205_1365_lcssa429' <Predicate = (layerEnableFlag_read)> <Delay = 0.00>
ST_1 : Operation 27 [1/1] (0.00ns)   --->   "%p_0_0_0_0_0_1372_lcssa435 = alloca i32 1"   --->   Operation 27 'alloca' 'p_0_0_0_0_0_1372_lcssa435' <Predicate = (layerEnableFlag_read)> <Delay = 0.00>
ST_1 : Operation 28 [1/1] (0.00ns)   --->   "%p_0_0_0_0_0205_2379_lcssa441 = alloca i32 1"   --->   Operation 28 'alloca' 'p_0_0_0_0_0205_2379_lcssa441' <Predicate = (layerEnableFlag_read)> <Delay = 0.00>
ST_1 : Operation 29 [1/1] (0.00ns)   --->   "%p_0_0_0_0_0_2382_lcssa444 = alloca i32 1"   --->   Operation 29 'alloca' 'p_0_0_0_0_0_2382_lcssa444' <Predicate = (layerEnableFlag_read)> <Delay = 0.00>
ST_1 : Operation 30 [1/1] (0.00ns)   --->   "%p_0_0_0200353385_lcssa447 = alloca i32 1"   --->   Operation 30 'alloca' 'p_0_0_0200353385_lcssa447' <Predicate = (layerEnableFlag_read)> <Delay = 0.00>
ST_1 : Operation 31 [1/1] (0.00ns)   --->   "%p_0_0_0199355388_lcssa450 = alloca i32 1"   --->   Operation 31 'alloca' 'p_0_0_0199355388_lcssa450' <Predicate = (layerEnableFlag_read)> <Delay = 0.00>
ST_1 : Operation 32 [1/1] (1.01ns)   --->   "%cmp28336 = icmp_sgt  i16 %loopWidth, i16 0" [/home/e/Documents/research/byotee/OSDZU3_Ref_Design/OSDZU3_Ref_Design.runs/design_1_v_mix_0_0_synth_1/prj/sol/.autopilot/db/v_csc.cpp:155]   --->   Operation 32 'icmp' 'cmp28336' <Predicate = (layerEnableFlag_read)> <Delay = 1.01> <CoreInst = "Cmp">   --->   Core 9 'Cmp' <Latency = 0> <II = 1> <Delay = 1.01> <FuncUnit> <Opcode : 'seteq' 'setne' 'setle' 'setge' 'setlt' 'setgt'> <InPorts = 2> <OutPorts = 1>
ST_1 : Operation 33 [1/1] (0.48ns)   --->   "%store_ln0 = store i15 0, i15 %y_9"   --->   Operation 33 'store' 'store_ln0' <Predicate = (layerEnableFlag_read)> <Delay = 0.48>
ST_1 : Operation 34 [1/1] (0.00ns)   --->   "%br_ln159 = br void %VITIS_LOOP_161_2" [/home/e/Documents/research/byotee/OSDZU3_Ref_Design/OSDZU3_Ref_Design.runs/design_1_v_mix_0_0_synth_1/prj/sol/.autopilot/db/v_csc.cpp:159]   --->   Operation 34 'br' 'br_ln159' <Predicate = (layerEnableFlag_read)> <Delay = 0.00>

State 2 <SV = 1> <Delay = 1.50>
ST_2 : Operation 35 [1/1] (0.00ns)   --->   "%y_9_load = load i15 %y_9" [/home/e/Documents/research/byotee/OSDZU3_Ref_Design/OSDZU3_Ref_Design.runs/design_1_v_mix_0_0_synth_1/prj/sol/.autopilot/db/v_csc.cpp:159]   --->   Operation 35 'load' 'y_9_load' <Predicate = (layerEnableFlag_read)> <Delay = 0.00>
ST_2 : Operation 36 [1/1] (0.00ns)   --->   "%zext_ln159 = zext i15 %y_9_load" [/home/e/Documents/research/byotee/OSDZU3_Ref_Design/OSDZU3_Ref_Design.runs/design_1_v_mix_0_0_synth_1/prj/sol/.autopilot/db/v_csc.cpp:159]   --->   Operation 36 'zext' 'zext_ln159' <Predicate = (layerEnableFlag_read)> <Delay = 0.00>
ST_2 : Operation 37 [1/1] (1.01ns)   --->   "%icmp_ln159 = icmp_slt  i16 %zext_ln159, i16 %height_read" [/home/e/Documents/research/byotee/OSDZU3_Ref_Design/OSDZU3_Ref_Design.runs/design_1_v_mix_0_0_synth_1/prj/sol/.autopilot/db/v_csc.cpp:159]   --->   Operation 37 'icmp' 'icmp_ln159' <Predicate = (layerEnableFlag_read)> <Delay = 1.01> <CoreInst = "Cmp">   --->   Core 9 'Cmp' <Latency = 0> <II = 1> <Delay = 1.01> <FuncUnit> <Opcode : 'seteq' 'setne' 'setle' 'setge' 'setlt' 'setgt'> <InPorts = 2> <OutPorts = 1>
ST_2 : Operation 38 [1/1] (0.00ns)   --->   "%speclooptripcount_ln0 = speclooptripcount void @_ssdm_op_SpecLoopTripCount, i64 0, i64 32767, i64 32767"   --->   Operation 38 'speclooptripcount' 'speclooptripcount_ln0' <Predicate = (layerEnableFlag_read)> <Delay = 0.00>
ST_2 : Operation 39 [1/1] (1.00ns)   --->   "%add_ln159 = add i15 %y_9_load, i15 1" [/home/e/Documents/research/byotee/OSDZU3_Ref_Design/OSDZU3_Ref_Design.runs/design_1_v_mix_0_0_synth_1/prj/sol/.autopilot/db/v_csc.cpp:159]   --->   Operation 39 'add' 'add_ln159' <Predicate = (layerEnableFlag_read)> <Delay = 1.00> <CoreInst = "Adder">   --->   Core 1 'Adder' <Latency = 0> <II = 1> <Delay = 1.00> <FuncUnit> <Opcode : 'add' 'sub'> <InPorts = 2> <OutPorts = 1>
ST_2 : Operation 40 [1/1] (0.00ns)   --->   "%br_ln159 = br i1 %icmp_ln159, void %if.end322.loopexit, void %for.body29.lr.ph" [/home/e/Documents/research/byotee/OSDZU3_Ref_Design/OSDZU3_Ref_Design.runs/design_1_v_mix_0_0_synth_1/prj/sol/.autopilot/db/v_csc.cpp:159]   --->   Operation 40 'br' 'br_ln159' <Predicate = (layerEnableFlag_read)> <Delay = 0.00>
ST_2 : Operation 41 [1/1] (0.00ns)   --->   "%p_0_0_0_0_0207_2_lcssa417_load = load i8 %p_0_0_0_0_0207_2_lcssa417"   --->   Operation 41 'load' 'p_0_0_0_0_0207_2_lcssa417_load' <Predicate = (layerEnableFlag_read & icmp_ln159)> <Delay = 0.00>
ST_2 : Operation 42 [1/1] (0.00ns)   --->   "%p_0_0_0_0_0207_3_lcssa420_load = load i8 %p_0_0_0_0_0207_3_lcssa420"   --->   Operation 42 'load' 'p_0_0_0_0_0207_3_lcssa420_load' <Predicate = (layerEnableFlag_read & icmp_ln159)> <Delay = 0.00>
ST_2 : Operation 43 [1/1] (0.00ns)   --->   "%p_0_0_0_0_0207_4_lcssa423_load = load i8 %p_0_0_0_0_0207_4_lcssa423"   --->   Operation 43 'load' 'p_0_0_0_0_0207_4_lcssa423_load' <Predicate = (layerEnableFlag_read & icmp_ln159)> <Delay = 0.00>
ST_2 : Operation 44 [1/1] (0.48ns)   --->   "%store_ln159 = store i15 %add_ln159, i15 %y_9" [/home/e/Documents/research/byotee/OSDZU3_Ref_Design/OSDZU3_Ref_Design.runs/design_1_v_mix_0_0_synth_1/prj/sol/.autopilot/db/v_csc.cpp:159]   --->   Operation 44 'store' 'store_ln159' <Predicate = (layerEnableFlag_read & icmp_ln159)> <Delay = 0.48>
ST_2 : Operation 45 [1/1] (0.00ns)   --->   "%br_ln0 = br void %if.end322"   --->   Operation 45 'br' 'br_ln0' <Predicate = (layerEnableFlag_read & !icmp_ln159)> <Delay = 0.00>
ST_2 : Operation 46 [1/1] (0.00ns)   --->   "%ret_ln288 = ret" [/home/e/Documents/research/byotee/OSDZU3_Ref_Design/OSDZU3_Ref_Design.runs/design_1_v_mix_0_0_synth_1/prj/sol/.autopilot/db/v_csc.cpp:288]   --->   Operation 46 'ret' 'ret_ln288' <Predicate = (!icmp_ln159) | (!layerEnableFlag_read)> <Delay = 0.00>

State 3 <SV = 2> <Delay = 1.50>
ST_3 : Operation 47 [1/1] (0.00ns)   --->   "%p_0_0_0206358_lcssa409_load = load i8 %p_0_0_0206358_lcssa409"   --->   Operation 47 'load' 'p_0_0_0206358_lcssa409_load' <Predicate = true> <Delay = 0.00>
ST_3 : Operation 48 [1/1] (0.00ns)   --->   "%p_0_0_0206358_lcssa364426_load = load i8 %p_0_0_0206358_lcssa364426"   --->   Operation 48 'load' 'p_0_0_0206358_lcssa364426_load' <Predicate = true> <Delay = 0.00>
ST_3 : Operation 49 [2/2] (1.50ns)   --->   "%call_ln155 = call void @v_mix_422_to_444<true>_Pipeline_VITIS_LOOP_161_2, i8 %p_0_0_0206358_lcssa364426_load, i8 %p_0_0_0_0_0207_4_lcssa423_load, i8 %p_0_0_0_0_0207_3_lcssa420_load, i8 %p_0_0_0_0_0207_2_lcssa417_load, i8 %p_0_0_0206358_lcssa409_load, i16 %loopWidth, i24 %srcLayer1Yuv, i16 %width_read, i24 %srcLayer1Yuv422, i8 %p_0_0_0199355388_lcssa450, i8 %p_0_0_0200353385_lcssa447, i8 %p_0_0_0_0_0_2382_lcssa444, i8 %p_0_0_0_0_0205_2379_lcssa441, i8 %p_0_0_0_0_0_1372_lcssa435, i8 %p_0_0_0_0_0205_1365_lcssa429, i8 %p_0_0_0206358363_loc, i8 %p_0_0_0_0_0207_4_lcssa423, i8 %p_0_0_0_0_0207_3_lcssa420, i8 %p_0_0_0_0_0207_2_lcssa417, i8 %p_0_0_0_0_0207_1_lcssa412, i8 %p_0_0_0199355_lcssa407, i8 %p_0_0_0200353_lcssa404" [/home/e/Documents/research/byotee/OSDZU3_Ref_Design/OSDZU3_Ref_Design.runs/design_1_v_mix_0_0_synth_1/prj/sol/.autopilot/db/v_csc.cpp:155]   --->   Operation 49 'call' 'call_ln155' <Predicate = true> <Delay = 1.50> <CoreType = "Generic">   --->   Generic Core

State 4 <SV = 3> <Delay = 0.00>
ST_4 : Operation 50 [1/2] (0.00ns)   --->   "%call_ln155 = call void @v_mix_422_to_444<true>_Pipeline_VITIS_LOOP_161_2, i8 %p_0_0_0206358_lcssa364426_load, i8 %p_0_0_0_0_0207_4_lcssa423_load, i8 %p_0_0_0_0_0207_3_lcssa420_load, i8 %p_0_0_0_0_0207_2_lcssa417_load, i8 %p_0_0_0206358_lcssa409_load, i16 %loopWidth, i24 %srcLayer1Yuv, i16 %width_read, i24 %srcLayer1Yuv422, i8 %p_0_0_0199355388_lcssa450, i8 %p_0_0_0200353385_lcssa447, i8 %p_0_0_0_0_0_2382_lcssa444, i8 %p_0_0_0_0_0205_2379_lcssa441, i8 %p_0_0_0_0_0_1372_lcssa435, i8 %p_0_0_0_0_0205_1365_lcssa429, i8 %p_0_0_0206358363_loc, i8 %p_0_0_0_0_0207_4_lcssa423, i8 %p_0_0_0_0_0207_3_lcssa420, i8 %p_0_0_0_0_0207_2_lcssa417, i8 %p_0_0_0_0_0207_1_lcssa412, i8 %p_0_0_0199355_lcssa407, i8 %p_0_0_0200353_lcssa404" [/home/e/Documents/research/byotee/OSDZU3_Ref_Design/OSDZU3_Ref_Design.runs/design_1_v_mix_0_0_synth_1/prj/sol/.autopilot/db/v_csc.cpp:155]   --->   Operation 50 'call' 'call_ln155' <Predicate = true> <Delay = 0.00> <CoreType = "Generic">   --->   Generic Core

State 5 <SV = 4> <Delay = 0.44>
ST_5 : Operation 51 [1/1] (0.00ns)   --->   "%specloopname_ln159 = specloopname void @_ssdm_op_SpecLoopName, void @empty_53" [/home/e/Documents/research/byotee/OSDZU3_Ref_Design/OSDZU3_Ref_Design.runs/design_1_v_mix_0_0_synth_1/prj/sol/.autopilot/db/v_csc.cpp:159]   --->   Operation 51 'specloopname' 'specloopname_ln159' <Predicate = true> <Delay = 0.00>
ST_5 : Operation 52 [1/1] (0.00ns)   --->   "%p_0_0_0206358363_loc_load = load i8 %p_0_0_0206358363_loc"   --->   Operation 52 'load' 'p_0_0_0206358363_loc_load' <Predicate = true> <Delay = 0.00>
ST_5 : Operation 53 [1/1] (0.44ns)   --->   "%select_ln159 = select i1 %cmp28336, i8 %p_0_0_0206358363_loc_load, i8 %p_0_0_0206358_lcssa409_load" [/home/e/Documents/research/byotee/OSDZU3_Ref_Design/OSDZU3_Ref_Design.runs/design_1_v_mix_0_0_synth_1/prj/sol/.autopilot/db/v_csc.cpp:159]   --->   Operation 53 'select' 'select_ln159' <Predicate = true> <Delay = 0.44> <CoreInst = "Sel">   --->   Core 73 'Sel' <Latency = 0> <II = 1> <Delay = 0.44> <FuncUnit> <Opcode : 'select'> <InPorts = 3> <OutPorts = 1>
ST_5 : Operation 54 [1/1] (0.00ns)   --->   "%store_ln0 = store i8 %p_0_0_0206358363_loc_load, i8 %p_0_0_0206358_lcssa364426"   --->   Operation 54 'store' 'store_ln0' <Predicate = true> <Delay = 0.00>
ST_5 : Operation 55 [1/1] (0.00ns)   --->   "%store_ln159 = store i8 %select_ln159, i8 %p_0_0_0206358_lcssa409" [/home/e/Documents/research/byotee/OSDZU3_Ref_Design/OSDZU3_Ref_Design.runs/design_1_v_mix_0_0_synth_1/prj/sol/.autopilot/db/v_csc.cpp:159]   --->   Operation 55 'store' 'store_ln159' <Predicate = true> <Delay = 0.00>
ST_5 : Operation 56 [1/1] (0.00ns)   --->   "%br_ln159 = br void %VITIS_LOOP_161_2" [/home/e/Documents/research/byotee/OSDZU3_Ref_Design/OSDZU3_Ref_Design.runs/design_1_v_mix_0_0_synth_1/prj/sol/.autopilot/db/v_csc.cpp:159]   --->   Operation 56 'br' 'br_ln159' <Predicate = true> <Delay = 0.00>


============================================================
+ Verbose Summary: Binding
============================================================
STG Binding: 
---------------- STG Properties BEGIN ----------------
- Is combinational: 0
- Is one-state seq: 0
- Is datapath-only: 0
- Is pipelined: 0
- Is top level: 0
Port [ Return ] is wired: 1; IO mode=ap_ctrl_hs:ce=0
Port [ srcLayer1Yuv422]:  wired=1; compound=1; hidden=0; nouse=0; global=0; static=0; extern=0; dir=0; type=3; pingpong=0; private_global=0; IO mode=ap_fifo:ce=0
Port [ height]:  wired=1; compound=0; hidden=0; nouse=0; global=0; static=0; extern=0; dir=0; type=0; pingpong=0; private_global=0; IO mode=ap_stable:ce=0
Port [ width]:  wired=1; compound=0; hidden=0; nouse=0; global=0; static=0; extern=0; dir=0; type=0; pingpong=0; private_global=0; IO mode=ap_stable:ce=0
Port [ layerEnableFlag]:  wired=1; compound=0; hidden=0; nouse=0; global=0; static=0; extern=0; dir=0; type=0; pingpong=0; private_global=0; IO mode=ap_stable:ce=0
Port [ srcLayer1Yuv]:  wired=1; compound=1; hidden=0; nouse=0; global=0; static=0; extern=0; dir=1; type=3; pingpong=0; private_global=0; IO mode=ap_fifo:ce=0
---------------- STG Properties END ------------------

---------------- Datapath Model BEGIN ----------------

<LifeTime>
<method=bitvector/>
layerEnableFlag_read           (read             ) [ 011111]
width_read                     (read             ) [ 001111]
height_read                    (read             ) [ 001111]
p_0_0_0206358363_loc           (alloca           ) [ 001111]
specstablecontent_ln0          (specstablecontent) [ 000000]
specstablecontent_ln0          (specstablecontent) [ 000000]
specstablecontent_ln0          (specstablecontent) [ 000000]
specinterface_ln0              (specinterface    ) [ 000000]
specinterface_ln0              (specinterface    ) [ 000000]
loopWidth                      (add              ) [ 001111]
br_ln157                       (br               ) [ 000000]
y_9                            (alloca           ) [ 011111]
p_0_0_0200353_lcssa404         (alloca           ) [ 001111]
p_0_0_0199355_lcssa407         (alloca           ) [ 001111]
p_0_0_0206358_lcssa409         (alloca           ) [ 001111]
p_0_0_0_0_0207_1_lcssa412      (alloca           ) [ 001111]
p_0_0_0_0_0207_2_lcssa417      (alloca           ) [ 001111]
p_0_0_0_0_0207_3_lcssa420      (alloca           ) [ 001111]
p_0_0_0_0_0207_4_lcssa423      (alloca           ) [ 001111]
p_0_0_0206358_lcssa364426      (alloca           ) [ 001111]
p_0_0_0_0_0205_1365_lcssa429   (alloca           ) [ 001111]
p_0_0_0_0_0_1372_lcssa435      (alloca           ) [ 001111]
p_0_0_0_0_0205_2379_lcssa441   (alloca           ) [ 001111]
p_0_0_0_0_0_2382_lcssa444      (alloca           ) [ 001111]
p_0_0_0200353385_lcssa447      (alloca           ) [ 001111]
p_0_0_0199355388_lcssa450      (alloca           ) [ 001111]
cmp28336                       (icmp             ) [ 001111]
store_ln0                      (store            ) [ 000000]
br_ln159                       (br               ) [ 000000]
y_9_load                       (load             ) [ 000000]
zext_ln159                     (zext             ) [ 000000]
icmp_ln159                     (icmp             ) [ 001111]
speclooptripcount_ln0          (speclooptripcount) [ 000000]
add_ln159                      (add              ) [ 000000]
br_ln159                       (br               ) [ 000000]
p_0_0_0_0_0207_2_lcssa417_load (load             ) [ 000110]
p_0_0_0_0_0207_3_lcssa420_load (load             ) [ 000110]
p_0_0_0_0_0207_4_lcssa423_load (load             ) [ 000110]
store_ln159                    (store            ) [ 000000]
br_ln0                         (br               ) [ 000000]
ret_ln288                      (ret              ) [ 000000]
p_0_0_0206358_lcssa409_load    (load             ) [ 000011]
p_0_0_0206358_lcssa364426_load (load             ) [ 000010]
call_ln155                     (call             ) [ 000000]
specloopname_ln159             (specloopname     ) [ 000000]
p_0_0_0206358363_loc_load      (load             ) [ 000000]
select_ln159                   (select           ) [ 000000]
store_ln0                      (store            ) [ 000000]
store_ln159                    (store            ) [ 000000]
br_ln159                       (br               ) [ 000000]
</LifeTime>

<model>

<comp_list>
<comp id="0" class="1000" name="srcLayer1Yuv422">
<pin_list>
<pin id="1" dir="1" index="0" bw="1" slack="0"/>
</pin_list>
<bind>
<StgValue><ssdm name="srcLayer1Yuv422"/></StgValue>
</bind>
</comp>

<comp id="2" class="1000" name="height">
<pin_list>
<pin id="3" dir="1" index="0" bw="1" slack="0"/>
</pin_list>
<bind>
<StgValue><ssdm name="height"/></StgValue>
</bind>
</comp>

<comp id="4" class="1000" name="width">
<pin_list>
<pin id="5" dir="1" index="0" bw="1" slack="0"/>
</pin_list>
<bind>
<StgValue><ssdm name="width"/></StgValue>
</bind>
</comp>

<comp id="6" class="1000" name="layerEnableFlag">
<pin_list>
<pin id="7" dir="1" index="0" bw="1" slack="0"/>
</pin_list>
<bind>
<StgValue><ssdm name="layerEnableFlag"/></StgValue>
</bind>
</comp>

<comp id="8" class="1000" name="srcLayer1Yuv">
<pin_list>
<pin id="9" dir="1" index="0" bw="1" slack="0"/>
</pin_list>
<bind>
<StgValue><ssdm name="srcLayer1Yuv"/></StgValue>
</bind>
</comp>

<comp id="10" class="1001" name="const_10">
<pin_list>
<pin id="11" dir="1" index="0" bw="1" slack="0"/>
</pin_list>
<bind>
<StgValue><ssdm name="_ssdm_op_Read.ap_auto.i1"/></StgValue>
</bind>
</comp>

<comp id="12" class="1001" name="const_12">
<pin_list>
<pin id="13" dir="1" index="0" bw="1" slack="0"/>
</pin_list>
<bind>
<StgValue><ssdm name="_ssdm_op_Read.ap_auto.i16"/></StgValue>
</bind>
</comp>

<comp id="14" class="1001" name="const_14">
<pin_list>
<pin id="15" dir="1" index="0" bw="1" slack="0"/>
</pin_list>
<bind>
<StgValue><ssdm name=""/></StgValue>
</bind>
</comp>

<comp id="16" class="1001" name="const_16">
<pin_list>
<pin id="17" dir="1" index="0" bw="1" slack="2147483647"/>
</pin_list>
<bind>
<StgValue><ssdm name="_ssdm_op_SpecStableContent"/></StgValue>
</bind>
</comp>

<comp id="18" class="1001" name="const_18">
<pin_list>
<pin id="19" dir="1" index="0" bw="1" slack="2147483647"/>
</pin_list>
<bind>
<StgValue><ssdm name=""/></StgValue>
</bind>
</comp>

<comp id="20" class="1001" name="const_20">
<pin_list>
<pin id="21" dir="1" index="0" bw="1" slack="2147483647"/>
</pin_list>
<bind>
<StgValue><ssdm name="p_str"/></StgValue>
</bind>
</comp>

<comp id="22" class="1001" name="const_22">
<pin_list>
<pin id="23" dir="1" index="0" bw="1" slack="2147483647"/>
</pin_list>
<bind>
<StgValue><ssdm name="_ssdm_op_SpecInterface"/></StgValue>
</bind>
</comp>

<comp id="24" class="1001" name="const_24">
<pin_list>
<pin id="25" dir="1" index="0" bw="1" slack="2147483647"/>
</pin_list>
<bind>
<StgValue><ssdm name="empty_42"/></StgValue>
</bind>
</comp>

<comp id="26" class="1001" name="const_26">
<pin_list>
<pin id="27" dir="1" index="0" bw="1" slack="2147483647"/>
</pin_list>
<bind>
<StgValue><ssdm name=""/></StgValue>
</bind>
</comp>

<comp id="28" class="1001" name="const_28">
<pin_list>
<pin id="29" dir="1" index="0" bw="1" slack="2147483647"/>
</pin_list>
<bind>
<StgValue><ssdm name="empty_0"/></StgValue>
</bind>
</comp>

<comp id="30" class="1001" name="const_30">
<pin_list>
<pin id="31" dir="1" index="0" bw="1" slack="2147483647"/>
</pin_list>
<bind>
<StgValue><ssdm name=""/></StgValue>
</bind>
</comp>

<comp id="32" class="1001" name="const_32">
<pin_list>
<pin id="33" dir="1" index="0" bw="1" slack="0"/>
</pin_list>
<bind>
<StgValue><ssdm name=""/></StgValue>
</bind>
</comp>

<comp id="34" class="1001" name="const_34">
<pin_list>
<pin id="35" dir="1" index="0" bw="1" slack="0"/>
</pin_list>
<bind>
<StgValue><ssdm name=""/></StgValue>
</bind>
</comp>

<comp id="36" class="1001" name="const_36">
<pin_list>
<pin id="37" dir="1" index="0" bw="1" slack="0"/>
</pin_list>
<bind>
<StgValue><ssdm name=""/></StgValue>
</bind>
</comp>

<comp id="38" class="1001" name="const_38">
<pin_list>
<pin id="39" dir="1" index="0" bw="1" slack="2147483647"/>
</pin_list>
<bind>
<StgValue><ssdm name="_ssdm_op_SpecLoopTripCount"/></StgValue>
</bind>
</comp>

<comp id="40" class="1001" name="const_40">
<pin_list>
<pin id="41" dir="1" index="0" bw="1" slack="2147483647"/>
</pin_list>
<bind>
<StgValue><ssdm name=""/></StgValue>
</bind>
</comp>

<comp id="42" class="1001" name="const_42">
<pin_list>
<pin id="43" dir="1" index="0" bw="1" slack="2147483647"/>
</pin_list>
<bind>
<StgValue><ssdm name=""/></StgValue>
</bind>
</comp>

<comp id="44" class="1001" name="const_44">
<pin_list>
<pin id="45" dir="1" index="0" bw="1" slack="0"/>
</pin_list>
<bind>
<StgValue><ssdm name=""/></StgValue>
</bind>
</comp>

<comp id="46" class="1001" name="const_46">
<pin_list>
<pin id="47" dir="1" index="0" bw="1" slack="0"/>
</pin_list>
<bind>
<StgValue><ssdm name="v_mix_422_to_444<true>_Pipeline_VITIS_LOOP_161_2"/></StgValue>
</bind>
</comp>

<comp id="48" class="1001" name="const_48">
<pin_list>
<pin id="49" dir="1" index="0" bw="1" slack="2147483647"/>
</pin_list>
<bind>
<StgValue><ssdm name="_ssdm_op_SpecLoopName"/></StgValue>
</bind>
</comp>

<comp id="50" class="1001" name="const_50">
<pin_list>
<pin id="51" dir="1" index="0" bw="1" slack="2147483647"/>
</pin_list>
<bind>
<StgValue><ssdm name="empty_53"/></StgValue>
</bind>
</comp>

<comp id="52" class="1004" name="p_0_0_0206358363_loc_fu_52">
<pin_list>
<pin id="53" dir="0" index="0" bw="1" slack="0"/>
<pin id="54" dir="1" index="1" bw="8" slack="2"/>
</pin_list>
<bind>
<opcode="alloca(26) " fcode="alloca"/>
<opset="p_0_0_0206358363_loc/1 "/>
</bind>
</comp>

<comp id="56" class="1004" name="y_9_fu_56">
<pin_list>
<pin id="57" dir="0" index="0" bw="1" slack="0"/>
<pin id="58" dir="1" index="1" bw="15" slack="0"/>
</pin_list>
<bind>
<opcode="alloca(26) " fcode="alloca"/>
<opset="y_9/1 "/>
</bind>
</comp>

<comp id="60" class="1004" name="p_0_0_0200353_lcssa404_fu_60">
<pin_list>
<pin id="61" dir="0" index="0" bw="1" slack="0"/>
<pin id="62" dir="1" index="1" bw="8" slack="2"/>
</pin_list>
<bind>
<opcode="alloca(26) " fcode="alloca"/>
<opset="p_0_0_0200353_lcssa404/1 "/>
</bind>
</comp>

<comp id="64" class="1004" name="p_0_0_0199355_lcssa407_fu_64">
<pin_list>
<pin id="65" dir="0" index="0" bw="1" slack="0"/>
<pin id="66" dir="1" index="1" bw="8" slack="2"/>
</pin_list>
<bind>
<opcode="alloca(26) " fcode="alloca"/>
<opset="p_0_0_0199355_lcssa407/1 "/>
</bind>
</comp>

<comp id="68" class="1004" name="p_0_0_0206358_lcssa409_fu_68">
<pin_list>
<pin id="69" dir="0" index="0" bw="1" slack="0"/>
<pin id="70" dir="1" index="1" bw="8" slack="2"/>
</pin_list>
<bind>
<opcode="alloca(26) " fcode="alloca"/>
<opset="p_0_0_0206358_lcssa409/1 "/>
</bind>
</comp>

<comp id="72" class="1004" name="p_0_0_0_0_0207_1_lcssa412_fu_72">
<pin_list>
<pin id="73" dir="0" index="0" bw="1" slack="0"/>
<pin id="74" dir="1" index="1" bw="8" slack="2"/>
</pin_list>
<bind>
<opcode="alloca(26) " fcode="alloca"/>
<opset="p_0_0_0_0_0207_1_lcssa412/1 "/>
</bind>
</comp>

<comp id="76" class="1004" name="p_0_0_0_0_0207_2_lcssa417_fu_76">
<pin_list>
<pin id="77" dir="0" index="0" bw="1" slack="0"/>
<pin id="78" dir="1" index="1" bw="8" slack="1"/>
</pin_list>
<bind>
<opcode="alloca(26) " fcode="alloca"/>
<opset="p_0_0_0_0_0207_2_lcssa417/1 "/>
</bind>
</comp>

<comp id="80" class="1004" name="p_0_0_0_0_0207_3_lcssa420_fu_80">
<pin_list>
<pin id="81" dir="0" index="0" bw="1" slack="0"/>
<pin id="82" dir="1" index="1" bw="8" slack="1"/>
</pin_list>
<bind>
<opcode="alloca(26) " fcode="alloca"/>
<opset="p_0_0_0_0_0207_3_lcssa420/1 "/>
</bind>
</comp>

<comp id="84" class="1004" name="p_0_0_0_0_0207_4_lcssa423_fu_84">
<pin_list>
<pin id="85" dir="0" index="0" bw="1" slack="0"/>
<pin id="86" dir="1" index="1" bw="8" slack="1"/>
</pin_list>
<bind>
<opcode="alloca(26) " fcode="alloca"/>
<opset="p_0_0_0_0_0207_4_lcssa423/1 "/>
</bind>
</comp>

<comp id="88" class="1004" name="p_0_0_0206358_lcssa364426_fu_88">
<pin_list>
<pin id="89" dir="0" index="0" bw="1" slack="0"/>
<pin id="90" dir="1" index="1" bw="8" slack="2"/>
</pin_list>
<bind>
<opcode="alloca(26) " fcode="alloca"/>
<opset="p_0_0_0206358_lcssa364426/1 "/>
</bind>
</comp>

<comp id="92" class="1004" name="p_0_0_0_0_0205_1365_lcssa429_fu_92">
<pin_list>
<pin id="93" dir="0" index="0" bw="1" slack="0"/>
<pin id="94" dir="1" index="1" bw="8" slack="2"/>
</pin_list>
<bind>
<opcode="alloca(26) " fcode="alloca"/>
<opset="p_0_0_0_0_0205_1365_lcssa429/1 "/>
</bind>
</comp>

<comp id="96" class="1004" name="p_0_0_0_0_0_1372_lcssa435_fu_96">
<pin_list>
<pin id="97" dir="0" index="0" bw="1" slack="0"/>
<pin id="98" dir="1" index="1" bw="8" slack="2"/>
</pin_list>
<bind>
<opcode="alloca(26) " fcode="alloca"/>
<opset="p_0_0_0_0_0_1372_lcssa435/1 "/>
</bind>
</comp>

<comp id="100" class="1004" name="p_0_0_0_0_0205_2379_lcssa441_fu_100">
<pin_list>
<pin id="101" dir="0" index="0" bw="1" slack="0"/>
<pin id="102" dir="1" index="1" bw="8" slack="2"/>
</pin_list>
<bind>
<opcode="alloca(26) " fcode="alloca"/>
<opset="p_0_0_0_0_0205_2379_lcssa441/1 "/>
</bind>
</comp>

<comp id="104" class="1004" name="p_0_0_0_0_0_2382_lcssa444_fu_104">
<pin_list>
<pin id="105" dir="0" index="0" bw="1" slack="0"/>
<pin id="106" dir="1" index="1" bw="8" slack="2"/>
</pin_list>
<bind>
<opcode="alloca(26) " fcode="alloca"/>
<opset="p_0_0_0_0_0_2382_lcssa444/1 "/>
</bind>
</comp>

<comp id="108" class="1004" name="p_0_0_0200353385_lcssa447_fu_108">
<pin_list>
<pin id="109" dir="0" index="0" bw="1" slack="0"/>
<pin id="110" dir="1" index="1" bw="8" slack="2"/>
</pin_list>
<bind>
<opcode="alloca(26) " fcode="alloca"/>
<opset="p_0_0_0200353385_lcssa447/1 "/>
</bind>
</comp>

<comp id="112" class="1004" name="p_0_0_0199355388_lcssa450_fu_112">
<pin_list>
<pin id="113" dir="0" index="0" bw="1" slack="0"/>
<pin id="114" dir="1" index="1" bw="8" slack="2"/>
</pin_list>
<bind>
<opcode="alloca(26) " fcode="alloca"/>
<opset="p_0_0_0199355388_lcssa450/1 "/>
</bind>
</comp>

<comp id="116" class="1004" name="layerEnableFlag_read_read_fu_116">
<pin_list>
<pin id="117" dir="0" index="0" bw="1" slack="0"/>
<pin id="118" dir="0" index="1" bw="1" slack="0"/>
<pin id="119" dir="1" index="2" bw="1" slack="1"/>
</pin_list>
<bind>
<opcode="read(1150) " fcode="read"/>
<opset="layerEnableFlag_read/1 "/>
</bind>
</comp>

<comp id="122" class="1004" name="width_read_read_fu_122">
<pin_list>
<pin id="123" dir="0" index="0" bw="16" slack="0"/>
<pin id="124" dir="0" index="1" bw="16" slack="0"/>
<pin id="125" dir="1" index="2" bw="16" slack="0"/>
</pin_list>
<bind>
<opcode="read(1150) " fcode="read"/>
<opset="width_read/1 "/>
</bind>
</comp>

<comp id="128" class="1004" name="height_read_read_fu_128">
<pin_list>
<pin id="129" dir="0" index="0" bw="16" slack="0"/>
<pin id="130" dir="0" index="1" bw="16" slack="0"/>
<pin id="131" dir="1" index="2" bw="16" slack="1"/>
</pin_list>
<bind>
<opcode="read(1150) " fcode="read"/>
<opset="height_read/1 "/>
</bind>
</comp>

<comp id="134" class="1004" name="grp_v_mix_422_to_444_true_Pipeline_VITIS_LOOP_161_2_fu_134">
<pin_list>
<pin id="135" dir="0" index="0" bw="0" slack="0"/>
<pin id="136" dir="0" index="1" bw="8" slack="0"/>
<pin id="137" dir="0" index="2" bw="8" slack="2"/>
<pin id="138" dir="0" index="3" bw="8" slack="2"/>
<pin id="139" dir="0" index="4" bw="8" slack="2"/>
<pin id="140" dir="0" index="5" bw="8" slack="0"/>
<pin id="141" dir="0" index="6" bw="16" slack="2"/>
<pin id="142" dir="0" index="7" bw="24" slack="0"/>
<pin id="143" dir="0" index="8" bw="16" slack="2"/>
<pin id="144" dir="0" index="9" bw="24" slack="0"/>
<pin id="145" dir="0" index="10" bw="8" slack="2"/>
<pin id="146" dir="0" index="11" bw="8" slack="2"/>
<pin id="147" dir="0" index="12" bw="8" slack="2"/>
<pin id="148" dir="0" index="13" bw="8" slack="2"/>
<pin id="149" dir="0" index="14" bw="8" slack="2"/>
<pin id="150" dir="0" index="15" bw="8" slack="2"/>
<pin id="151" dir="0" index="16" bw="8" slack="2"/>
<pin id="152" dir="0" index="17" bw="8" slack="2"/>
<pin id="153" dir="0" index="18" bw="8" slack="2"/>
<pin id="154" dir="0" index="19" bw="8" slack="2"/>
<pin id="155" dir="0" index="20" bw="8" slack="2"/>
<pin id="156" dir="0" index="21" bw="8" slack="2"/>
<pin id="157" dir="0" index="22" bw="8" slack="2"/>
<pin id="158" dir="1" index="23" bw="0" slack="2147483647"/>
</pin_list>
<bind>
<opcode="call(48) " fcode="call"/>
<opset="call_ln155/3 "/>
</bind>
</comp>

<comp id="162" class="1004" name="loopWidth_fu_162">
<pin_list>
<pin id="163" dir="0" index="0" bw="16" slack="0"/>
<pin id="164" dir="0" index="1" bw="4" slack="0"/>
<pin id="165" dir="1" index="2" bw="16" slack="0"/>
</pin_list>
<bind>
<opcode="add(8) " fcode="add"/>
<opset="loopWidth/1 "/>
</bind>
</comp>

<comp id="168" class="1004" name="cmp28336_fu_168">
<pin_list>
<pin id="169" dir="0" index="0" bw="16" slack="0"/>
<pin id="170" dir="0" index="1" bw="16" slack="0"/>
<pin id="171" dir="1" index="2" bw="1" slack="4"/>
</pin_list>
<bind>
<opcode="icmp(45) " fcode="icmp"/>
<opset="cmp28336/1 "/>
</bind>
</comp>

<comp id="174" class="1004" name="store_ln0_store_fu_174">
<pin_list>
<pin id="175" dir="0" index="0" bw="1" slack="0"/>
<pin id="176" dir="0" index="1" bw="15" slack="0"/>
<pin id="177" dir="1" index="2" bw="0" slack="2147483647"/>
</pin_list>
<bind>
<opcode="store(28) " fcode="store"/>
<opset="store_ln0/1 "/>
</bind>
</comp>

<comp id="179" class="1004" name="y_9_load_load_fu_179">
<pin_list>
<pin id="180" dir="0" index="0" bw="15" slack="1"/>
<pin id="181" dir="1" index="1" bw="15" slack="0"/>
</pin_list>
<bind>
<opcode="load(27) " fcode="load"/>
<opset="y_9_load/2 "/>
</bind>
</comp>

<comp id="182" class="1004" name="zext_ln159_fu_182">
<pin_list>
<pin id="183" dir="0" index="0" bw="15" slack="0"/>
<pin id="184" dir="1" index="1" bw="16" slack="0"/>
</pin_list>
<bind>
<opcode="zext(34) " fcode="zext"/>
<opset="zext_ln159/2 "/>
</bind>
</comp>

<comp id="186" class="1004" name="icmp_ln159_fu_186">
<pin_list>
<pin id="187" dir="0" index="0" bw="16" slack="0"/>
<pin id="188" dir="0" index="1" bw="16" slack="1"/>
<pin id="189" dir="1" index="2" bw="1" slack="2147483647"/>
</pin_list>
<bind>
<opcode="icmp(45) " fcode="icmp"/>
<opset="icmp_ln159/2 "/>
</bind>
</comp>

<comp id="191" class="1004" name="add_ln159_fu_191">
<pin_list>
<pin id="192" dir="0" index="0" bw="15" slack="0"/>
<pin id="193" dir="0" index="1" bw="1" slack="0"/>
<pin id="194" dir="1" index="2" bw="15" slack="0"/>
</pin_list>
<bind>
<opcode="add(8) " fcode="add"/>
<opset="add_ln159/2 "/>
</bind>
</comp>

<comp id="197" class="1004" name="p_0_0_0_0_0207_2_lcssa417_load_load_fu_197">
<pin_list>
<pin id="198" dir="0" index="0" bw="8" slack="1"/>
<pin id="199" dir="1" index="1" bw="8" slack="2"/>
</pin_list>
<bind>
<opcode="load(27) " fcode="load"/>
<opset="p_0_0_0_0_0207_2_lcssa417_load/2 "/>
</bind>
</comp>

<comp id="200" class="1004" name="p_0_0_0_0_0207_3_lcssa420_load_load_fu_200">
<pin_list>
<pin id="201" dir="0" index="0" bw="8" slack="1"/>
<pin id="202" dir="1" index="1" bw="8" slack="2"/>
</pin_list>
<bind>
<opcode="load(27) " fcode="load"/>
<opset="p_0_0_0_0_0207_3_lcssa420_load/2 "/>
</bind>
</comp>

<comp id="203" class="1004" name="p_0_0_0_0_0207_4_lcssa423_load_load_fu_203">
<pin_list>
<pin id="204" dir="0" index="0" bw="8" slack="1"/>
<pin id="205" dir="1" index="1" bw="8" slack="2"/>
</pin_list>
<bind>
<opcode="load(27) " fcode="load"/>
<opset="p_0_0_0_0_0207_4_lcssa423_load/2 "/>
</bind>
</comp>

<comp id="206" class="1004" name="store_ln159_store_fu_206">
<pin_list>
<pin id="207" dir="0" index="0" bw="15" slack="0"/>
<pin id="208" dir="0" index="1" bw="15" slack="1"/>
<pin id="209" dir="1" index="2" bw="0" slack="2147483647"/>
</pin_list>
<bind>
<opcode="store(28) " fcode="store"/>
<opset="store_ln159/2 "/>
</bind>
</comp>

<comp id="211" class="1004" name="p_0_0_0206358_lcssa409_load_load_fu_211">
<pin_list>
<pin id="212" dir="0" index="0" bw="8" slack="2"/>
<pin id="213" dir="1" index="1" bw="8" slack="0"/>
</pin_list>
<bind>
<opcode="load(27) " fcode="load"/>
<opset="p_0_0_0206358_lcssa409_load/3 "/>
</bind>
</comp>

<comp id="215" class="1004" name="p_0_0_0206358_lcssa364426_load_load_fu_215">
<pin_list>
<pin id="216" dir="0" index="0" bw="8" slack="2"/>
<pin id="217" dir="1" index="1" bw="8" slack="0"/>
</pin_list>
<bind>
<opcode="load(27) " fcode="load"/>
<opset="p_0_0_0206358_lcssa364426_load/3 "/>
</bind>
</comp>

<comp id="219" class="1004" name="p_0_0_0206358363_loc_load_load_fu_219">
<pin_list>
<pin id="220" dir="0" index="0" bw="8" slack="4"/>
<pin id="221" dir="1" index="1" bw="8" slack="0"/>
</pin_list>
<bind>
<opcode="load(27) " fcode="load"/>
<opset="p_0_0_0206358363_loc_load/5 "/>
</bind>
</comp>

<comp id="222" class="1004" name="select_ln159_fu_222">
<pin_list>
<pin id="223" dir="0" index="0" bw="1" slack="4"/>
<pin id="224" dir="0" index="1" bw="8" slack="0"/>
<pin id="225" dir="0" index="2" bw="8" slack="2147483647"/>
<pin id="226" dir="1" index="3" bw="8" slack="0"/>
</pin_list>
<bind>
<opcode="select(49) " fcode="select"/>
<opset="select_ln159/5 "/>
</bind>
</comp>

<comp id="228" class="1004" name="store_ln0_store_fu_228">
<pin_list>
<pin id="229" dir="0" index="0" bw="8" slack="0"/>
<pin id="230" dir="0" index="1" bw="8" slack="4"/>
<pin id="231" dir="1" index="2" bw="0" slack="2147483647"/>
</pin_list>
<bind>
<opcode="store(28) " fcode="store"/>
<opset="store_ln0/5 "/>
</bind>
</comp>

<comp id="233" class="1004" name="store_ln159_store_fu_233">
<pin_list>
<pin id="234" dir="0" index="0" bw="8" slack="0"/>
<pin id="235" dir="0" index="1" bw="8" slack="4"/>
<pin id="236" dir="1" index="2" bw="0" slack="2147483647"/>
</pin_list>
<bind>
<opcode="store(28) " fcode="store"/>
<opset="store_ln159/5 "/>
</bind>
</comp>

<comp id="238" class="1005" name="layerEnableFlag_read_reg_238">
<pin_list>
<pin id="239" dir="0" index="0" bw="1" slack="1"/>
<pin id="240" dir="1" index="1" bw="1" slack="2147483647"/>
</pin_list>
<bind>
<opset="layerEnableFlag_read "/>
</bind>
</comp>

<comp id="242" class="1005" name="width_read_reg_242">
<pin_list>
<pin id="243" dir="0" index="0" bw="16" slack="2"/>
<pin id="244" dir="1" index="1" bw="16" slack="2"/>
</pin_list>
<bind>
<opset="width_read "/>
</bind>
</comp>

<comp id="247" class="1005" name="height_read_reg_247">
<pin_list>
<pin id="248" dir="0" index="0" bw="16" slack="1"/>
<pin id="249" dir="1" index="1" bw="16" slack="1"/>
</pin_list>
<bind>
<opset="height_read "/>
</bind>
</comp>

<comp id="252" class="1005" name="p_0_0_0206358363_loc_reg_252">
<pin_list>
<pin id="253" dir="0" index="0" bw="8" slack="2"/>
<pin id="254" dir="1" index="1" bw="8" slack="2"/>
</pin_list>
<bind>
<opset="p_0_0_0206358363_loc "/>
</bind>
</comp>

<comp id="258" class="1005" name="loopWidth_reg_258">
<pin_list>
<pin id="259" dir="0" index="0" bw="16" slack="2"/>
<pin id="260" dir="1" index="1" bw="16" slack="2"/>
</pin_list>
<bind>
<opset="loopWidth "/>
</bind>
</comp>

<comp id="263" class="1005" name="y_9_reg_263">
<pin_list>
<pin id="264" dir="0" index="0" bw="15" slack="0"/>
<pin id="265" dir="1" index="1" bw="15" slack="0"/>
</pin_list>
<bind>
<opset="y_9 "/>
</bind>
</comp>

<comp id="270" class="1005" name="p_0_0_0200353_lcssa404_reg_270">
<pin_list>
<pin id="271" dir="0" index="0" bw="8" slack="2"/>
<pin id="272" dir="1" index="1" bw="8" slack="2"/>
</pin_list>
<bind>
<opset="p_0_0_0200353_lcssa404 "/>
</bind>
</comp>

<comp id="275" class="1005" name="p_0_0_0199355_lcssa407_reg_275">
<pin_list>
<pin id="276" dir="0" index="0" bw="8" slack="2"/>
<pin id="277" dir="1" index="1" bw="8" slack="2"/>
</pin_list>
<bind>
<opset="p_0_0_0199355_lcssa407 "/>
</bind>
</comp>

<comp id="280" class="1005" name="p_0_0_0206358_lcssa409_reg_280">
<pin_list>
<pin id="281" dir="0" index="0" bw="8" slack="2"/>
<pin id="282" dir="1" index="1" bw="8" slack="2"/>
</pin_list>
<bind>
<opset="p_0_0_0206358_lcssa409 "/>
</bind>
</comp>

<comp id="286" class="1005" name="p_0_0_0_0_0207_1_lcssa412_reg_286">
<pin_list>
<pin id="287" dir="0" index="0" bw="8" slack="2"/>
<pin id="288" dir="1" index="1" bw="8" slack="2"/>
</pin_list>
<bind>
<opset="p_0_0_0_0_0207_1_lcssa412 "/>
</bind>
</comp>

<comp id="291" class="1005" name="p_0_0_0_0_0207_2_lcssa417_reg_291">
<pin_list>
<pin id="292" dir="0" index="0" bw="8" slack="1"/>
<pin id="293" dir="1" index="1" bw="8" slack="1"/>
</pin_list>
<bind>
<opset="p_0_0_0_0_0207_2_lcssa417 "/>
</bind>
</comp>

<comp id="297" class="1005" name="p_0_0_0_0_0207_3_lcssa420_reg_297">
<pin_list>
<pin id="298" dir="0" index="0" bw="8" slack="1"/>
<pin id="299" dir="1" index="1" bw="8" slack="1"/>
</pin_list>
<bind>
<opset="p_0_0_0_0_0207_3_lcssa420 "/>
</bind>
</comp>

<comp id="303" class="1005" name="p_0_0_0_0_0207_4_lcssa423_reg_303">
<pin_list>
<pin id="304" dir="0" index="0" bw="8" slack="1"/>
<pin id="305" dir="1" index="1" bw="8" slack="1"/>
</pin_list>
<bind>
<opset="p_0_0_0_0_0207_4_lcssa423 "/>
</bind>
</comp>

<comp id="309" class="1005" name="p_0_0_0206358_lcssa364426_reg_309">
<pin_list>
<pin id="310" dir="0" index="0" bw="8" slack="2"/>
<pin id="311" dir="1" index="1" bw="8" slack="2"/>
</pin_list>
<bind>
<opset="p_0_0_0206358_lcssa364426 "/>
</bind>
</comp>

<comp id="315" class="1005" name="p_0_0_0_0_0205_1365_lcssa429_reg_315">
<pin_list>
<pin id="316" dir="0" index="0" bw="8" slack="2"/>
<pin id="317" dir="1" index="1" bw="8" slack="2"/>
</pin_list>
<bind>
<opset="p_0_0_0_0_0205_1365_lcssa429 "/>
</bind>
</comp>

<comp id="320" class="1005" name="p_0_0_0_0_0_1372_lcssa435_reg_320">
<pin_list>
<pin id="321" dir="0" index="0" bw="8" slack="2"/>
<pin id="322" dir="1" index="1" bw="8" slack="2"/>
</pin_list>
<bind>
<opset="p_0_0_0_0_0_1372_lcssa435 "/>
</bind>
</comp>

<comp id="325" class="1005" name="p_0_0_0_0_0205_2379_lcssa441_reg_325">
<pin_list>
<pin id="326" dir="0" index="0" bw="8" slack="2"/>
<pin id="327" dir="1" index="1" bw="8" slack="2"/>
</pin_list>
<bind>
<opset="p_0_0_0_0_0205_2379_lcssa441 "/>
</bind>
</comp>

<comp id="330" class="1005" name="p_0_0_0_0_0_2382_lcssa444_reg_330">
<pin_list>
<pin id="331" dir="0" index="0" bw="8" slack="2"/>
<pin id="332" dir="1" index="1" bw="8" slack="2"/>
</pin_list>
<bind>
<opset="p_0_0_0_0_0_2382_lcssa444 "/>
</bind>
</comp>

<comp id="335" class="1005" name="p_0_0_0200353385_lcssa447_reg_335">
<pin_list>
<pin id="336" dir="0" index="0" bw="8" slack="2"/>
<pin id="337" dir="1" index="1" bw="8" slack="2"/>
</pin_list>
<bind>
<opset="p_0_0_0200353385_lcssa447 "/>
</bind>
</comp>

<comp id="340" class="1005" name="p_0_0_0199355388_lcssa450_reg_340">
<pin_list>
<pin id="341" dir="0" index="0" bw="8" slack="2"/>
<pin id="342" dir="1" index="1" bw="8" slack="2"/>
</pin_list>
<bind>
<opset="p_0_0_0199355388_lcssa450 "/>
</bind>
</comp>

<comp id="345" class="1005" name="cmp28336_reg_345">
<pin_list>
<pin id="346" dir="0" index="0" bw="1" slack="4"/>
<pin id="347" dir="1" index="1" bw="1" slack="4"/>
</pin_list>
<bind>
<opset="cmp28336 "/>
</bind>
</comp>

<comp id="353" class="1005" name="p_0_0_0_0_0207_2_lcssa417_load_reg_353">
<pin_list>
<pin id="354" dir="0" index="0" bw="8" slack="2"/>
<pin id="355" dir="1" index="1" bw="8" slack="2"/>
</pin_list>
<bind>
<opset="p_0_0_0_0_0207_2_lcssa417_load "/>
</bind>
</comp>

<comp id="358" class="1005" name="p_0_0_0_0_0207_3_lcssa420_load_reg_358">
<pin_list>
<pin id="359" dir="0" index="0" bw="8" slack="2"/>
<pin id="360" dir="1" index="1" bw="8" slack="2"/>
</pin_list>
<bind>
<opset="p_0_0_0_0_0207_3_lcssa420_load "/>
</bind>
</comp>

<comp id="363" class="1005" name="p_0_0_0_0_0207_4_lcssa423_load_reg_363">
<pin_list>
<pin id="364" dir="0" index="0" bw="8" slack="2"/>
<pin id="365" dir="1" index="1" bw="8" slack="2"/>
</pin_list>
<bind>
<opset="p_0_0_0_0_0207_4_lcssa423_load "/>
</bind>
</comp>

</comp_list>

<net_list>
<net id="55"><net_src comp="14" pin="0"/><net_sink comp="52" pin=0"/></net>

<net id="59"><net_src comp="14" pin="0"/><net_sink comp="56" pin=0"/></net>

<net id="63"><net_src comp="14" pin="0"/><net_sink comp="60" pin=0"/></net>

<net id="67"><net_src comp="14" pin="0"/><net_sink comp="64" pin=0"/></net>

<net id="71"><net_src comp="14" pin="0"/><net_sink comp="68" pin=0"/></net>

<net id="75"><net_src comp="14" pin="0"/><net_sink comp="72" pin=0"/></net>

<net id="79"><net_src comp="14" pin="0"/><net_sink comp="76" pin=0"/></net>

<net id="83"><net_src comp="14" pin="0"/><net_sink comp="80" pin=0"/></net>

<net id="87"><net_src comp="14" pin="0"/><net_sink comp="84" pin=0"/></net>

<net id="91"><net_src comp="14" pin="0"/><net_sink comp="88" pin=0"/></net>

<net id="95"><net_src comp="14" pin="0"/><net_sink comp="92" pin=0"/></net>

<net id="99"><net_src comp="14" pin="0"/><net_sink comp="96" pin=0"/></net>

<net id="103"><net_src comp="14" pin="0"/><net_sink comp="100" pin=0"/></net>

<net id="107"><net_src comp="14" pin="0"/><net_sink comp="104" pin=0"/></net>

<net id="111"><net_src comp="14" pin="0"/><net_sink comp="108" pin=0"/></net>

<net id="115"><net_src comp="14" pin="0"/><net_sink comp="112" pin=0"/></net>

<net id="120"><net_src comp="10" pin="0"/><net_sink comp="116" pin=0"/></net>

<net id="121"><net_src comp="6" pin="0"/><net_sink comp="116" pin=1"/></net>

<net id="126"><net_src comp="12" pin="0"/><net_sink comp="122" pin=0"/></net>

<net id="127"><net_src comp="4" pin="0"/><net_sink comp="122" pin=1"/></net>

<net id="132"><net_src comp="12" pin="0"/><net_sink comp="128" pin=0"/></net>

<net id="133"><net_src comp="2" pin="0"/><net_sink comp="128" pin=1"/></net>

<net id="159"><net_src comp="46" pin="0"/><net_sink comp="134" pin=0"/></net>

<net id="160"><net_src comp="8" pin="0"/><net_sink comp="134" pin=7"/></net>

<net id="161"><net_src comp="0" pin="0"/><net_sink comp="134" pin=9"/></net>

<net id="166"><net_src comp="122" pin="2"/><net_sink comp="162" pin=0"/></net>

<net id="167"><net_src comp="32" pin="0"/><net_sink comp="162" pin=1"/></net>

<net id="172"><net_src comp="162" pin="2"/><net_sink comp="168" pin=0"/></net>

<net id="173"><net_src comp="34" pin="0"/><net_sink comp="168" pin=1"/></net>

<net id="178"><net_src comp="36" pin="0"/><net_sink comp="174" pin=0"/></net>

<net id="185"><net_src comp="179" pin="1"/><net_sink comp="182" pin=0"/></net>

<net id="190"><net_src comp="182" pin="1"/><net_sink comp="186" pin=0"/></net>

<net id="195"><net_src comp="179" pin="1"/><net_sink comp="191" pin=0"/></net>

<net id="196"><net_src comp="44" pin="0"/><net_sink comp="191" pin=1"/></net>

<net id="210"><net_src comp="191" pin="2"/><net_sink comp="206" pin=0"/></net>

<net id="214"><net_src comp="211" pin="1"/><net_sink comp="134" pin=5"/></net>

<net id="218"><net_src comp="215" pin="1"/><net_sink comp="134" pin=1"/></net>

<net id="227"><net_src comp="219" pin="1"/><net_sink comp="222" pin=1"/></net>

<net id="232"><net_src comp="219" pin="1"/><net_sink comp="228" pin=0"/></net>

<net id="237"><net_src comp="222" pin="3"/><net_sink comp="233" pin=0"/></net>

<net id="241"><net_src comp="116" pin="2"/><net_sink comp="238" pin=0"/></net>

<net id="245"><net_src comp="122" pin="2"/><net_sink comp="242" pin=0"/></net>

<net id="246"><net_src comp="242" pin="1"/><net_sink comp="134" pin=8"/></net>

<net id="250"><net_src comp="128" pin="2"/><net_sink comp="247" pin=0"/></net>

<net id="251"><net_src comp="247" pin="1"/><net_sink comp="186" pin=1"/></net>

<net id="255"><net_src comp="52" pin="1"/><net_sink comp="252" pin=0"/></net>

<net id="256"><net_src comp="252" pin="1"/><net_sink comp="134" pin=16"/></net>

<net id="257"><net_src comp="252" pin="1"/><net_sink comp="219" pin=0"/></net>

<net id="261"><net_src comp="162" pin="2"/><net_sink comp="258" pin=0"/></net>

<net id="262"><net_src comp="258" pin="1"/><net_sink comp="134" pin=6"/></net>

<net id="266"><net_src comp="56" pin="1"/><net_sink comp="263" pin=0"/></net>

<net id="267"><net_src comp="263" pin="1"/><net_sink comp="174" pin=1"/></net>

<net id="268"><net_src comp="263" pin="1"/><net_sink comp="179" pin=0"/></net>

<net id="269"><net_src comp="263" pin="1"/><net_sink comp="206" pin=1"/></net>

<net id="273"><net_src comp="60" pin="1"/><net_sink comp="270" pin=0"/></net>

<net id="274"><net_src comp="270" pin="1"/><net_sink comp="134" pin=22"/></net>

<net id="278"><net_src comp="64" pin="1"/><net_sink comp="275" pin=0"/></net>

<net id="279"><net_src comp="275" pin="1"/><net_sink comp="134" pin=21"/></net>

<net id="283"><net_src comp="68" pin="1"/><net_sink comp="280" pin=0"/></net>

<net id="284"><net_src comp="280" pin="1"/><net_sink comp="211" pin=0"/></net>

<net id="285"><net_src comp="280" pin="1"/><net_sink comp="233" pin=1"/></net>

<net id="289"><net_src comp="72" pin="1"/><net_sink comp="286" pin=0"/></net>

<net id="290"><net_src comp="286" pin="1"/><net_sink comp="134" pin=20"/></net>

<net id="294"><net_src comp="76" pin="1"/><net_sink comp="291" pin=0"/></net>

<net id="295"><net_src comp="291" pin="1"/><net_sink comp="197" pin=0"/></net>

<net id="296"><net_src comp="291" pin="1"/><net_sink comp="134" pin=19"/></net>

<net id="300"><net_src comp="80" pin="1"/><net_sink comp="297" pin=0"/></net>

<net id="301"><net_src comp="297" pin="1"/><net_sink comp="200" pin=0"/></net>

<net id="302"><net_src comp="297" pin="1"/><net_sink comp="134" pin=18"/></net>

<net id="306"><net_src comp="84" pin="1"/><net_sink comp="303" pin=0"/></net>

<net id="307"><net_src comp="303" pin="1"/><net_sink comp="203" pin=0"/></net>

<net id="308"><net_src comp="303" pin="1"/><net_sink comp="134" pin=17"/></net>

<net id="312"><net_src comp="88" pin="1"/><net_sink comp="309" pin=0"/></net>

<net id="313"><net_src comp="309" pin="1"/><net_sink comp="215" pin=0"/></net>

<net id="314"><net_src comp="309" pin="1"/><net_sink comp="228" pin=1"/></net>

<net id="318"><net_src comp="92" pin="1"/><net_sink comp="315" pin=0"/></net>

<net id="319"><net_src comp="315" pin="1"/><net_sink comp="134" pin=15"/></net>

<net id="323"><net_src comp="96" pin="1"/><net_sink comp="320" pin=0"/></net>

<net id="324"><net_src comp="320" pin="1"/><net_sink comp="134" pin=14"/></net>

<net id="328"><net_src comp="100" pin="1"/><net_sink comp="325" pin=0"/></net>

<net id="329"><net_src comp="325" pin="1"/><net_sink comp="134" pin=13"/></net>

<net id="333"><net_src comp="104" pin="1"/><net_sink comp="330" pin=0"/></net>

<net id="334"><net_src comp="330" pin="1"/><net_sink comp="134" pin=12"/></net>

<net id="338"><net_src comp="108" pin="1"/><net_sink comp="335" pin=0"/></net>

<net id="339"><net_src comp="335" pin="1"/><net_sink comp="134" pin=11"/></net>

<net id="343"><net_src comp="112" pin="1"/><net_sink comp="340" pin=0"/></net>

<net id="344"><net_src comp="340" pin="1"/><net_sink comp="134" pin=10"/></net>

<net id="348"><net_src comp="168" pin="2"/><net_sink comp="345" pin=0"/></net>

<net id="349"><net_src comp="345" pin="1"/><net_sink comp="222" pin=0"/></net>

<net id="356"><net_src comp="197" pin="1"/><net_sink comp="353" pin=0"/></net>

<net id="357"><net_src comp="353" pin="1"/><net_sink comp="134" pin=4"/></net>

<net id="361"><net_src comp="200" pin="1"/><net_sink comp="358" pin=0"/></net>

<net id="362"><net_src comp="358" pin="1"/><net_sink comp="134" pin=3"/></net>

<net id="366"><net_src comp="203" pin="1"/><net_sink comp="363" pin=0"/></net>

<net id="367"><net_src comp="363" pin="1"/><net_sink comp="134" pin=2"/></net>

</net_list>

</model> 
---------------- Datapath Model END ------------------

* FSMD analyzer results:
  - Output states:
	Port: srcLayer1Yuv | {3 4 }
 - Input state : 
	Port: v_mix_422_to_444<true> : srcLayer1Yuv422 | {3 4 }
	Port: v_mix_422_to_444<true> : height | {1 }
	Port: v_mix_422_to_444<true> : width | {1 }
	Port: v_mix_422_to_444<true> : layerEnableFlag | {1 }
  - Chain level:
	State 1
		cmp28336 : 1
		store_ln0 : 1
	State 2
		zext_ln159 : 1
		icmp_ln159 : 2
		add_ln159 : 1
		br_ln159 : 3
		store_ln159 : 2
	State 3
		call_ln155 : 1
	State 4
	State 5
		select_ln159 : 1
		store_ln0 : 1
		store_ln159 : 2


============================================================
+ Verbose Summary: Datapath Resource usage 
============================================================

* Functional unit list:
|----------|------------------------------------------------------------|---------|---------|
| Operation|                       Functional Unit                      |    FF   |   LUT   |
|----------|------------------------------------------------------------|---------|---------|
|   call   | grp_v_mix_422_to_444_true_Pipeline_VITIS_LOOP_161_2_fu_134 |    86   |   314   |
|----------|------------------------------------------------------------|---------|---------|
|   icmp   |                       cmp28336_fu_168                      |    0    |    23   |
|          |                      icmp_ln159_fu_186                     |    0    |    23   |
|----------|------------------------------------------------------------|---------|---------|
|    add   |                      loopWidth_fu_162                      |    0    |    23   |
|          |                      add_ln159_fu_191                      |    0    |    22   |
|----------|------------------------------------------------------------|---------|---------|
|  select  |                     select_ln159_fu_222                    |    0    |    8    |
|----------|------------------------------------------------------------|---------|---------|
|          |              layerEnableFlag_read_read_fu_116              |    0    |    0    |
|   read   |                   width_read_read_fu_122                   |    0    |    0    |
|          |                   height_read_read_fu_128                  |    0    |    0    |
|----------|------------------------------------------------------------|---------|---------|
|   zext   |                      zext_ln159_fu_182                     |    0    |    0    |
|----------|------------------------------------------------------------|---------|---------|
|   Total  |                                                            |    86   |   413   |
|----------|------------------------------------------------------------|---------|---------|

Memories:
N/A

* Register list:
+--------------------------------------+--------+
|                                      |   FF   |
+--------------------------------------+--------+
|           cmp28336_reg_345           |    1   |
|          height_read_reg_247         |   16   |
|     layerEnableFlag_read_reg_238     |    1   |
|           loopWidth_reg_258          |   16   |
|   p_0_0_0199355388_lcssa450_reg_340  |    8   |
|    p_0_0_0199355_lcssa407_reg_275    |    8   |
|   p_0_0_0200353385_lcssa447_reg_335  |    8   |
|    p_0_0_0200353_lcssa404_reg_270    |    8   |
|     p_0_0_0206358363_loc_reg_252     |    8   |
|   p_0_0_0206358_lcssa364426_reg_309  |    8   |
|    p_0_0_0206358_lcssa409_reg_280    |    8   |
| p_0_0_0_0_0205_1365_lcssa429_reg_315 |    8   |
| p_0_0_0_0_0205_2379_lcssa441_reg_325 |    8   |
|   p_0_0_0_0_0207_1_lcssa412_reg_286  |    8   |
|p_0_0_0_0_0207_2_lcssa417_load_reg_353|    8   |
|   p_0_0_0_0_0207_2_lcssa417_reg_291  |    8   |
|p_0_0_0_0_0207_3_lcssa420_load_reg_358|    8   |
|   p_0_0_0_0_0207_3_lcssa420_reg_297  |    8   |
|p_0_0_0_0_0207_4_lcssa423_load_reg_363|    8   |
|   p_0_0_0_0_0207_4_lcssa423_reg_303  |    8   |
|   p_0_0_0_0_0_1372_lcssa435_reg_320  |    8   |
|   p_0_0_0_0_0_2382_lcssa444_reg_330  |    8   |
|          width_read_reg_242          |   16   |
|              y_9_reg_263             |   15   |
+--------------------------------------+--------+
|                 Total                |   209  |
+--------------------------------------+--------+

* Multiplexer (MUX) list: 
|--------|------|------|------|--------|
|  Comp  |  Pin | Size |  BW  | S x BW |
|--------|------|------|------|--------|
|  Total |      |      |      |    0   |
|--------|------|------|------|--------|



* Summary:
+-----------+--------+--------+
|           |   FF   |   LUT  |
+-----------+--------+--------+
|  Function |   86   |   413  |
|   Memory  |    -   |    -   |
|Multiplexer|    -   |    -   |
|  Register |   209  |    -   |
+-----------+--------+--------+
|   Total   |   295  |   413  |
+-----------+--------+--------+
