

================================================================
== Vitis HLS Report for 'v_mix_core_alpha_true_false_Pipeline_VITIS_LOOP_395_3'
================================================================
* Date:           Sat Sep  6 13:59:17 2025

* Version:        2025.1 (Build 6135595 on May 21 2025)
* Project:        prj
* Solution:       sol (Vivado IP Flow Target)
* Product family: zynquplus
* Target device:  xczu3eg-sfvc784-1-e


================================================================
== Performance Estimates
================================================================
+ Timing: 
    * Summary: 
    +--------+---------+----------+------------+
    |  Clock |  Target | Estimated| Uncertainty|
    +--------+---------+----------+------------+
    |ap_clk  |  5.00 ns|  2.656 ns|     1.35 ns|
    +--------+---------+----------+------------+

+ Latency: 
    * Summary: 
    +---------+---------+----------+-----------+-----+------+------------------------------------------------+
    |  Latency (cycles) |  Latency (absolute)  |  Interval  |                    Pipeline                    |
    |   min   |   max   |    min   |    max    | min |  max |                      Type                      |
    +---------+---------+----------+-----------+-----+------+------------------------------------------------+
    |       70|     3846|  0.350 us|  19.230 us|   65|  3841|  loop auto-rewind stp (delay=0 clock cycles(s))|
    +---------+---------+----------+-----------+-----+------+------------------------------------------------+

    + Detail: 
        * Instance: 
        N/A

        * Loop: 
        +--------------------+---------+---------+----------+-----------+-----------+-----------+----------+
        |                    |  Latency (cycles) | Iteration|  Initiation Interval  |    Trip   |          |
        |      Loop Name     |   min   |   max   |  Latency |  achieved |   target  |   Count   | Pipelined|
        +--------------------+---------+---------+----------+-----------+-----------+-----------+----------+
        |- VITIS_LOOP_395_3  |       68|     3844|         6|          1|          1|  64 ~ 3840|       yes|
        +--------------------+---------+---------+----------+-----------+-----------+-----------+----------+

============================================================
+ Verbose Summary: Synthesis Manager
============================================================
InlineROM: 1
ExposeGlobal: 0
============================================================
+ Verbose Summary: CDFG Model
============================================================
IsTopModel: 0
ResetActiveHigh: 1
IsCombinational: 0
IsDatapathOnly: 0
HasWiredReturn: 1
HasMFsm: 2
HasVarLatency: 1
IsPipeline: 0
IsRtlPipelined: 0
IsInstanceOverlapped: 0
IsDontTouch: 0
HasImplIP: 0
IsGatedGlobalClock: 0

+ Individual pipeline summary: 
  * Pipeline-0: initiation interval (II) = 1, depth = 6


============================================================
+ Verbose Summary: Schedule
============================================================
* Number of FSM states : 6
* Pipeline : 1
  Pipeline-0 : II = 1, D = 6, States = { 1 2 3 4 5 6 }
* Dataflow Pipeline: 0

* FSM state transitions: 
1 --> 2 
2 --> 3 
3 --> 4 
4 --> 5 
5 --> 6 
6 --> 

* FSM state operations: 

State 1 <SV = 0> <Delay = 2.33>
ST_1 : Operation 9 [1/1] (0.00ns)   --->   "%x = alloca i32 1" [/home/e/Documents/research/byotee/OSDZU3_Ref_Design/OSDZU3_Ref_Design.runs/design_1_v_mix_0_0_synth_1/prj/sol/.autopilot/db/v_mix.cpp:366]   --->   Operation 9 'alloca' 'x' <Predicate = true> <Delay = 0.00>
ST_1 : Operation 10 [1/1] (0.00ns)   --->   "%specstablecontent_ln0 = specstablecontent void @_ssdm_op_SpecStableContent, i12 %hwReg_width_val, i1 1, void "   --->   Operation 10 'specstablecontent' 'specstablecontent_ln0' <Predicate = true> <Delay = 0.00>
ST_1 : Operation 11 [1/1] (0.00ns)   --->   "%specstablecontent_ln0 = specstablecontent void @_ssdm_op_SpecStableContent, i16 %hwReg_layerStartX_2_val, i1 1, void @p_str"   --->   Operation 11 'specstablecontent' 'specstablecontent_ln0' <Predicate = true> <Delay = 0.00>
ST_1 : Operation 12 [1/1] (0.00ns)   --->   "%specinterface_ln0 = specinterface void @_ssdm_op_SpecInterface, i24 %outLayer1, void @empty_42, i32 0, i32 0, void @empty_0, i32 0, i32 0, void @empty_0, void @empty_0, void @empty_0, i32 0, i32 0, i32 0, i32 0, void @empty_0, void @empty_0, i32 4294967295, i32 0, i32 0"   --->   Operation 12 'specinterface' 'specinterface_ln0' <Predicate = true> <Delay = 0.00>
ST_1 : Operation 13 [1/1] (0.00ns)   --->   "%specinterface_ln0 = specinterface void @_ssdm_op_SpecInterface, i24 %srcLayer2x, void @empty_42, i32 0, i32 0, void @empty_0, i32 0, i32 0, void @empty_0, void @empty_0, void @empty_0, i32 0, i32 0, i32 0, i32 0, void @empty_0, void @empty_0, i32 4294967295, i32 0, i32 0"   --->   Operation 13 'specinterface' 'specinterface_ln0' <Predicate = true> <Delay = 0.00>
ST_1 : Operation 14 [1/1] (0.00ns)   --->   "%specinterface_ln0 = specinterface void @_ssdm_op_SpecInterface, i24 %outLayer2, void @empty_42, i32 0, i32 0, void @empty_0, i32 0, i32 0, void @empty_0, void @empty_0, void @empty_0, i32 0, i32 0, i32 0, i32 0, void @empty_0, void @empty_0, i32 4294967295, i32 0, i32 0"   --->   Operation 14 'specinterface' 'specinterface_ln0' <Predicate = true> <Delay = 0.00>
ST_1 : Operation 15 [1/1] (0.00ns)   --->   "%tmp = read i1 @_ssdm_op_Read.ap_auto.i1, i1 %empty" [/home/e/Documents/research/byotee/OSDZU3_Ref_Design/OSDZU3_Ref_Design.runs/design_1_v_mix_0_0_synth_1/prj/sol/.autopilot/db/v_mix.cpp:371]   --->   Operation 15 'read' 'tmp' <Predicate = true> <Delay = 0.00>
ST_1 : Operation 16 [1/1] (0.00ns)   --->   "%rev7_read = read i1 @_ssdm_op_Read.ap_auto.i1, i1 %rev7" [/home/e/Documents/research/byotee/OSDZU3_Ref_Design/OSDZU3_Ref_Design.runs/design_1_v_mix_0_0_synth_1/prj/sol/.autopilot/db/v_mix.cpp:371]   --->   Operation 16 'read' 'rev7_read' <Predicate = true> <Delay = 0.00>
ST_1 : Operation 17 [1/1] (0.00ns)   --->   "%cmp65_read = read i1 @_ssdm_op_Read.ap_auto.i1, i1 %cmp65" [/home/e/Documents/research/byotee/OSDZU3_Ref_Design/OSDZU3_Ref_Design.runs/design_1_v_mix_0_0_synth_1/prj/sol/.autopilot/db/v_mix.cpp:371]   --->   Operation 17 'read' 'cmp65_read' <Predicate = true> <Delay = 0.00>
ST_1 : Operation 18 [1/1] (0.00ns)   --->   "%add75_read = read i17 @_ssdm_op_Read.ap_auto.i17, i17 %add75" [/home/e/Documents/research/byotee/OSDZU3_Ref_Design/OSDZU3_Ref_Design.runs/design_1_v_mix_0_0_synth_1/prj/sol/.autopilot/db/v_mix.cpp:371]   --->   Operation 18 'read' 'add75_read' <Predicate = true> <Delay = 0.00>
ST_1 : Operation 19 [1/1] (0.00ns)   --->   "%hwReg_layerStartX_2_val_read = read i16 @_ssdm_op_Read.ap_auto.i16, i16 %hwReg_layerStartX_2_val" [/home/e/Documents/research/byotee/OSDZU3_Ref_Design/OSDZU3_Ref_Design.runs/design_1_v_mix_0_0_synth_1/prj/sol/.autopilot/db/v_mix.cpp:371]   --->   Operation 19 'read' 'hwReg_layerStartX_2_val_read' <Predicate = true> <Delay = 0.00>
ST_1 : Operation 20 [1/1] (0.00ns)   --->   "%alpha_read = read i9 @_ssdm_op_Read.ap_auto.i9, i9 %alpha" [/home/e/Documents/research/byotee/OSDZU3_Ref_Design/OSDZU3_Ref_Design.runs/design_1_v_mix_0_0_synth_1/prj/sol/.autopilot/db/v_mix.cpp:371]   --->   Operation 20 'read' 'alpha_read' <Predicate = true> <Delay = 0.00>
ST_1 : Operation 21 [1/1] (0.00ns)   --->   "%hwReg_width_val_read = read i12 @_ssdm_op_Read.ap_auto.i12, i12 %hwReg_width_val" [/home/e/Documents/research/byotee/OSDZU3_Ref_Design/OSDZU3_Ref_Design.runs/design_1_v_mix_0_0_synth_1/prj/sol/.autopilot/db/v_mix.cpp:371]   --->   Operation 21 'read' 'hwReg_width_val_read' <Predicate = true> <Delay = 0.00>
ST_1 : Operation 22 [1/1] (0.48ns)   --->   "%store_ln366 = store i12 0, i12 %x" [/home/e/Documents/research/byotee/OSDZU3_Ref_Design/OSDZU3_Ref_Design.runs/design_1_v_mix_0_0_synth_1/prj/sol/.autopilot/db/v_mix.cpp:366]   --->   Operation 22 'store' 'store_ln366' <Predicate = true> <Delay = 0.48>
ST_1 : Operation 23 [1/1] (0.00ns)   --->   "%br_ln395 = br void %if.end" [/home/e/Documents/research/byotee/OSDZU3_Ref_Design/OSDZU3_Ref_Design.runs/design_1_v_mix_0_0_synth_1/prj/sol/.autopilot/db/v_mix.cpp:395]   --->   Operation 23 'br' 'br_ln395' <Predicate = true> <Delay = 0.00>
ST_1 : Operation 24 [1/1] (0.00ns)   --->   "%x_12 = load i12 %x" [/home/e/Documents/research/byotee/OSDZU3_Ref_Design/OSDZU3_Ref_Design.runs/design_1_v_mix_0_0_synth_1/prj/sol/.autopilot/db/v_mix.cpp:395]   --->   Operation 24 'load' 'x_12' <Predicate = true> <Delay = 0.00>
ST_1 : Operation 25 [1/1] (0.96ns)   --->   "%icmp_ln395 = icmp_eq  i12 %x_12, i12 %hwReg_width_val_read" [/home/e/Documents/research/byotee/OSDZU3_Ref_Design/OSDZU3_Ref_Design.runs/design_1_v_mix_0_0_synth_1/prj/sol/.autopilot/db/v_mix.cpp:395]   --->   Operation 25 'icmp' 'icmp_ln395' <Predicate = true> <Delay = 0.96> <CoreInst = "Cmp">   --->   Core 9 'Cmp' <Latency = 0> <II = 1> <Delay = 0.96> <FuncUnit> <Opcode : 'seteq' 'setne' 'setle' 'setge' 'setlt' 'setgt'> <InPorts = 2> <OutPorts = 1>
ST_1 : Operation 26 [1/1] (0.00ns)   --->   "%speclooptripcount_ln0 = speclooptripcount void @_ssdm_op_SpecLoopTripCount, i64 64, i64 3840, i64 0"   --->   Operation 26 'speclooptripcount' 'speclooptripcount_ln0' <Predicate = true> <Delay = 0.00>
ST_1 : Operation 27 [1/1] (0.96ns)   --->   "%add_ln395 = add i12 %x_12, i12 1" [/home/e/Documents/research/byotee/OSDZU3_Ref_Design/OSDZU3_Ref_Design.runs/design_1_v_mix_0_0_synth_1/prj/sol/.autopilot/db/v_mix.cpp:395]   --->   Operation 27 'add' 'add_ln395' <Predicate = true> <Delay = 0.96> <CoreInst = "Adder">   --->   Core 1 'Adder' <Latency = 0> <II = 1> <Delay = 0.96> <FuncUnit> <Opcode : 'add' 'sub'> <InPorts = 2> <OutPorts = 1>
ST_1 : Operation 28 [1/1] (0.00ns)   --->   "%br_ln395 = br i1 %icmp_ln395, void %if.end.split, void %for.inc136.exitStub" [/home/e/Documents/research/byotee/OSDZU3_Ref_Design/OSDZU3_Ref_Design.runs/design_1_v_mix_0_0_synth_1/prj/sol/.autopilot/db/v_mix.cpp:395]   --->   Operation 28 'br' 'br_ln395' <Predicate = true> <Delay = 0.00>
ST_1 : Operation 29 [1/1] (0.00ns)   --->   "%zext_ln395 = zext i12 %x_12" [/home/e/Documents/research/byotee/OSDZU3_Ref_Design/OSDZU3_Ref_Design.runs/design_1_v_mix_0_0_synth_1/prj/sol/.autopilot/db/v_mix.cpp:395]   --->   Operation 29 'zext' 'zext_ln395' <Predicate = (!icmp_ln395)> <Delay = 0.00>
ST_1 : Operation 30 [1/1] (0.00ns)   --->   "%zext_ln395_1 = zext i12 %x_12" [/home/e/Documents/research/byotee/OSDZU3_Ref_Design/OSDZU3_Ref_Design.runs/design_1_v_mix_0_0_synth_1/prj/sol/.autopilot/db/v_mix.cpp:395]   --->   Operation 30 'zext' 'zext_ln395_1' <Predicate = (!icmp_ln395)> <Delay = 0.00>
ST_1 : Operation 31 [1/1] (1.01ns)   --->   "%icmp_ln408 = icmp_ult  i16 %zext_ln395_1, i16 %hwReg_layerStartX_2_val_read" [/home/e/Documents/research/byotee/OSDZU3_Ref_Design/OSDZU3_Ref_Design.runs/design_1_v_mix_0_0_synth_1/prj/sol/.autopilot/db/v_mix.cpp:408]   --->   Operation 31 'icmp' 'icmp_ln408' <Predicate = (!icmp_ln395)> <Delay = 1.01> <CoreInst = "Cmp">   --->   Core 9 'Cmp' <Latency = 0> <II = 1> <Delay = 1.01> <FuncUnit> <Opcode : 'seteq' 'setne' 'setle' 'setge' 'setlt' 'setgt'> <InPorts = 2> <OutPorts = 1>
ST_1 : Operation 32 [1/1] (0.00ns) (grouped into LUT with out node and_ln407_3)   --->   "%xor_ln408 = xor i1 %icmp_ln408, i1 1" [/home/e/Documents/research/byotee/OSDZU3_Ref_Design/OSDZU3_Ref_Design.runs/design_1_v_mix_0_0_synth_1/prj/sol/.autopilot/db/v_mix.cpp:408]   --->   Operation 32 'xor' 'xor_ln408' <Predicate = (!icmp_ln395)> <Delay = 0.00> <CoreInst = "LogicGate">   --->   Core 74 'LogicGate' <Latency = 0> <II = 1> <Delay = 0.33> <FuncUnit> <Opcode : 'and' 'or' 'xor'> <InPorts = 2> <OutPorts = 1>
ST_1 : Operation 33 [1/1] (1.02ns)   --->   "%icmp_ln409 = icmp_ugt  i17 %add75_read, i17 %zext_ln395" [/home/e/Documents/research/byotee/OSDZU3_Ref_Design/OSDZU3_Ref_Design.runs/design_1_v_mix_0_0_synth_1/prj/sol/.autopilot/db/v_mix.cpp:409]   --->   Operation 33 'icmp' 'icmp_ln409' <Predicate = (!icmp_ln395)> <Delay = 1.02> <CoreInst = "Cmp">   --->   Core 9 'Cmp' <Latency = 0> <II = 1> <Delay = 1.02> <FuncUnit> <Opcode : 'seteq' 'setne' 'setle' 'setge' 'setlt' 'setgt'> <InPorts = 2> <OutPorts = 1>
ST_1 : Operation 34 [1/1] (0.00ns) (grouped into LUT with out node and_ln407_3)   --->   "%and_ln407 = and i1 %cmp65_read, i1 %rev7_read" [/home/e/Documents/research/byotee/OSDZU3_Ref_Design/OSDZU3_Ref_Design.runs/design_1_v_mix_0_0_synth_1/prj/sol/.autopilot/db/v_mix.cpp:407]   --->   Operation 34 'and' 'and_ln407' <Predicate = (!icmp_ln395)> <Delay = 0.00> <CoreInst = "LogicGate">   --->   Core 74 'LogicGate' <Latency = 0> <II = 1> <Delay = 0.33> <FuncUnit> <Opcode : 'and' 'or' 'xor'> <InPorts = 2> <OutPorts = 1>
ST_1 : Operation 35 [1/1] (0.00ns) (grouped into LUT with out node and_ln407_3)   --->   "%and_ln407_2 = and i1 %tmp, i1 %and_ln407" [/home/e/Documents/research/byotee/OSDZU3_Ref_Design/OSDZU3_Ref_Design.runs/design_1_v_mix_0_0_synth_1/prj/sol/.autopilot/db/v_mix.cpp:407]   --->   Operation 35 'and' 'and_ln407_2' <Predicate = (!icmp_ln395)> <Delay = 0.00> <CoreInst = "LogicGate">   --->   Core 74 'LogicGate' <Latency = 0> <II = 1> <Delay = 0.33> <FuncUnit> <Opcode : 'and' 'or' 'xor'> <InPorts = 2> <OutPorts = 1>
ST_1 : Operation 36 [1/1] (0.00ns) (grouped into LUT with out node and_ln407_3)   --->   "%and_ln407_1 = and i1 %icmp_ln409, i1 %and_ln407_2" [/home/e/Documents/research/byotee/OSDZU3_Ref_Design/OSDZU3_Ref_Design.runs/design_1_v_mix_0_0_synth_1/prj/sol/.autopilot/db/v_mix.cpp:407]   --->   Operation 36 'and' 'and_ln407_1' <Predicate = (!icmp_ln395)> <Delay = 0.00> <CoreInst = "LogicGate">   --->   Core 74 'LogicGate' <Latency = 0> <II = 1> <Delay = 0.33> <FuncUnit> <Opcode : 'and' 'or' 'xor'> <InPorts = 2> <OutPorts = 1>
ST_1 : Operation 37 [1/1] (0.33ns) (out node of the LUT)   --->   "%and_ln407_3 = and i1 %and_ln407_1, i1 %xor_ln408" [/home/e/Documents/research/byotee/OSDZU3_Ref_Design/OSDZU3_Ref_Design.runs/design_1_v_mix_0_0_synth_1/prj/sol/.autopilot/db/v_mix.cpp:407]   --->   Operation 37 'and' 'and_ln407_3' <Predicate = (!icmp_ln395)> <Delay = 0.33> <CoreInst = "LogicGate">   --->   Core 74 'LogicGate' <Latency = 0> <II = 1> <Delay = 0.33> <FuncUnit> <Opcode : 'and' 'or' 'xor'> <InPorts = 2> <OutPorts = 1>
ST_1 : Operation 38 [1/1] (0.48ns)   --->   "%br_ln407 = br i1 %and_ln407_3, void %VITIS_LOOP_419_4, void %if.then84" [/home/e/Documents/research/byotee/OSDZU3_Ref_Design/OSDZU3_Ref_Design.runs/design_1_v_mix_0_0_synth_1/prj/sol/.autopilot/db/v_mix.cpp:407]   --->   Operation 38 'br' 'br_ln407' <Predicate = (!icmp_ln395)> <Delay = 0.48>
ST_1 : Operation 39 [1/1] (0.48ns)   --->   "%store_ln366 = store i12 %add_ln395, i12 %x" [/home/e/Documents/research/byotee/OSDZU3_Ref_Design/OSDZU3_Ref_Design.runs/design_1_v_mix_0_0_synth_1/prj/sol/.autopilot/db/v_mix.cpp:366]   --->   Operation 39 'store' 'store_ln366' <Predicate = (!icmp_ln395)> <Delay = 0.48>

State 2 <SV = 1> <Delay = 1.82>
ST_2 : Operation 40 [1/1] (0.00ns)   --->   "%specpipeline_ln398 = specpipeline void @_ssdm_op_SpecPipeline, i32 4294967295, i32 0, i32 0, i32 0, void @empty_0" [/home/e/Documents/research/byotee/OSDZU3_Ref_Design/OSDZU3_Ref_Design.runs/design_1_v_mix_0_0_synth_1/prj/sol/.autopilot/db/v_mix.cpp:398]   --->   Operation 40 'specpipeline' 'specpipeline_ln398' <Predicate = (!icmp_ln395)> <Delay = 0.00>
ST_2 : Operation 41 [1/1] (0.00ns)   --->   "%specloopname_ln395 = specloopname void @_ssdm_op_SpecLoopName, void @empty_41" [/home/e/Documents/research/byotee/OSDZU3_Ref_Design/OSDZU3_Ref_Design.runs/design_1_v_mix_0_0_synth_1/prj/sol/.autopilot/db/v_mix.cpp:395]   --->   Operation 41 'specloopname' 'specloopname_ln395' <Predicate = (!icmp_ln395)> <Delay = 0.00>
ST_2 : Operation 42 [1/1] ( I:1.82ns O:1.82ns )   --->   "%outLayer1_read = read i24 @_ssdm_op_Read.ap_fifo.volatile.i24P0A, i24 %outLayer1" [/home/e/Documents/research/byotee/OSDZU3_Ref_Design/OSDZU3_Ref_Design.runs/design_1_v_mix_0_0_synth_1/prj/sol/.autopilot/db/v_mix.cpp:400]   --->   Operation 42 'read' 'outLayer1_read' <Predicate = (!icmp_ln395)> <Delay = 1.82> <CoreInst = "FIFO_SRL">   --->   Core 80 'FIFO_SRL' <Latency = 0> <II = 1> <Delay = 2.16> <Storage> <Opcode : 'read' 'write' 'nbread' 'nbwrite'> <Ports = 0> <Width = 24> <Depth = 2> <FIFO>
ST_2 : Operation 43 [1/1] (0.00ns)   --->   "%trunc_ln400 = trunc i24 %outLayer1_read" [/home/e/Documents/research/byotee/OSDZU3_Ref_Design/OSDZU3_Ref_Design.runs/design_1_v_mix_0_0_synth_1/prj/sol/.autopilot/db/v_mix.cpp:400]   --->   Operation 43 'trunc' 'trunc_ln400' <Predicate = (!icmp_ln395)> <Delay = 0.00>
ST_2 : Operation 44 [1/1] ( I:1.82ns O:1.82ns )   --->   "%srcLayer2x_read = read i24 @_ssdm_op_Read.ap_fifo.volatile.i24P0A, i24 %srcLayer2x" [/home/e/Documents/research/byotee/OSDZU3_Ref_Design/OSDZU3_Ref_Design.runs/design_1_v_mix_0_0_synth_1/prj/sol/.autopilot/db/v_mix.cpp:414]   --->   Operation 44 'read' 'srcLayer2x_read' <Predicate = (!icmp_ln395 & and_ln407_3)> <Delay = 1.82> <CoreInst = "FIFO_SRL">   --->   Core 80 'FIFO_SRL' <Latency = 0> <II = 1> <Delay = 2.16> <Storage> <Opcode : 'read' 'write' 'nbread' 'nbwrite'> <Ports = 0> <Width = 24> <Depth = 2> <FIFO>
ST_2 : Operation 45 [1/1] (0.00ns)   --->   "%trunc_ln414 = trunc i24 %srcLayer2x_read" [/home/e/Documents/research/byotee/OSDZU3_Ref_Design/OSDZU3_Ref_Design.runs/design_1_v_mix_0_0_synth_1/prj/sol/.autopilot/db/v_mix.cpp:414]   --->   Operation 45 'trunc' 'trunc_ln414' <Predicate = (!icmp_ln395 & and_ln407_3)> <Delay = 0.00>
ST_2 : Operation 46 [1/1] (0.00ns)   --->   "%trunc_ln414_1 = partselect i8 @_ssdm_op_PartSelect.i8.i24.i32.i32, i24 %srcLayer2x_read, i32 8, i32 15" [/home/e/Documents/research/byotee/OSDZU3_Ref_Design/OSDZU3_Ref_Design.runs/design_1_v_mix_0_0_synth_1/prj/sol/.autopilot/db/v_mix.cpp:414]   --->   Operation 46 'partselect' 'trunc_ln414_1' <Predicate = (!icmp_ln395 & and_ln407_3)> <Delay = 0.00>
ST_2 : Operation 47 [1/1] (0.00ns)   --->   "%trunc_ln414_2 = partselect i8 @_ssdm_op_PartSelect.i8.i24.i32.i32, i24 %srcLayer2x_read, i32 16, i32 23" [/home/e/Documents/research/byotee/OSDZU3_Ref_Design/OSDZU3_Ref_Design.runs/design_1_v_mix_0_0_synth_1/prj/sol/.autopilot/db/v_mix.cpp:414]   --->   Operation 47 'partselect' 'trunc_ln414_2' <Predicate = (!icmp_ln395 & and_ln407_3)> <Delay = 0.00>
ST_2 : Operation 48 [1/1] (0.00ns)   --->   "%store_ln414 = store i8 %trunc_ln414_2, i8 %p_out" [/home/e/Documents/research/byotee/OSDZU3_Ref_Design/OSDZU3_Ref_Design.runs/design_1_v_mix_0_0_synth_1/prj/sol/.autopilot/db/v_mix.cpp:414]   --->   Operation 48 'store' 'store_ln414' <Predicate = (!icmp_ln395 & and_ln407_3)> <Delay = 0.00>
ST_2 : Operation 49 [1/1] (0.00ns)   --->   "%store_ln414 = store i8 %trunc_ln414_1, i8 %p_out1" [/home/e/Documents/research/byotee/OSDZU3_Ref_Design/OSDZU3_Ref_Design.runs/design_1_v_mix_0_0_synth_1/prj/sol/.autopilot/db/v_mix.cpp:414]   --->   Operation 49 'store' 'store_ln414' <Predicate = (!icmp_ln395 & and_ln407_3)> <Delay = 0.00>
ST_2 : Operation 50 [1/1] (0.00ns)   --->   "%store_ln414 = store i8 %trunc_ln414, i8 %p_out2" [/home/e/Documents/research/byotee/OSDZU3_Ref_Design/OSDZU3_Ref_Design.runs/design_1_v_mix_0_0_synth_1/prj/sol/.autopilot/db/v_mix.cpp:414]   --->   Operation 50 'store' 'store_ln414' <Predicate = (!icmp_ln395 & and_ln407_3)> <Delay = 0.00>
ST_2 : Operation 51 [1/1] (0.48ns)   --->   "%br_ln416 = br void %VITIS_LOOP_419_4" [/home/e/Documents/research/byotee/OSDZU3_Ref_Design/OSDZU3_Ref_Design.runs/design_1_v_mix_0_0_synth_1/prj/sol/.autopilot/db/v_mix.cpp:416]   --->   Operation 51 'br' 'br_ln416' <Predicate = (!icmp_ln395 & and_ln407_3)> <Delay = 0.48>
ST_2 : Operation 52 [1/1] (0.00ns)   --->   "%tmp_1 = partselect i8 @_ssdm_op_PartSelect.i8.i24.i32.i32, i24 %outLayer1_read, i32 8, i32 15" [/home/e/Documents/research/byotee/OSDZU3_Ref_Design/OSDZU3_Ref_Design.runs/design_1_v_mix_0_0_synth_1/prj/sol/.autopilot/db/v_mix.cpp:426]   --->   Operation 52 'partselect' 'tmp_1' <Predicate = true> <Delay = 0.00>
ST_2 : Operation 53 [1/1] (0.00ns)   --->   "%tmp_4 = partselect i8 @_ssdm_op_PartSelect.i8.i24.i32.i32, i24 %outLayer1_read, i32 16, i32 23" [/home/e/Documents/research/byotee/OSDZU3_Ref_Design/OSDZU3_Ref_Design.runs/design_1_v_mix_0_0_synth_1/prj/sol/.autopilot/db/v_mix.cpp:426]   --->   Operation 53 'partselect' 'tmp_4' <Predicate = true> <Delay = 0.00>

State 3 <SV = 2> <Delay = 1.99>
ST_3 : Operation 54 [1/1] (0.00ns)   --->   "%a = phi i9 %alpha_read, void %if.then84, i9 0, void %if.end.split" [/home/e/Documents/research/byotee/OSDZU3_Ref_Design/OSDZU3_Ref_Design.runs/design_1_v_mix_0_0_synth_1/prj/sol/.autopilot/db/v_mix.cpp:371]   --->   Operation 54 'phi' 'a' <Predicate = true> <Delay = 0.00>
ST_3 : Operation 55 [1/1] (0.00ns)   --->   "%p_out2_load = load i8 %p_out2" [/home/e/Documents/research/byotee/OSDZU3_Ref_Design/OSDZU3_Ref_Design.runs/design_1_v_mix_0_0_synth_1/prj/sol/.autopilot/db/v_mix.cpp:426]   --->   Operation 55 'load' 'p_out2_load' <Predicate = true> <Delay = 0.00>
ST_3 : Operation 56 [1/1] (0.00ns)   --->   "%p_out1_load = load i8 %p_out1" [/home/e/Documents/research/byotee/OSDZU3_Ref_Design/OSDZU3_Ref_Design.runs/design_1_v_mix_0_0_synth_1/prj/sol/.autopilot/db/v_mix.cpp:426]   --->   Operation 56 'load' 'p_out1_load' <Predicate = true> <Delay = 0.00>
ST_3 : Operation 57 [1/1] (0.00ns)   --->   "%p_out_load = load i8 %p_out" [/home/e/Documents/research/byotee/OSDZU3_Ref_Design/OSDZU3_Ref_Design.runs/design_1_v_mix_0_0_synth_1/prj/sol/.autopilot/db/v_mix.cpp:426]   --->   Operation 57 'load' 'p_out_load' <Predicate = true> <Delay = 0.00>
ST_3 : Operation 58 [1/1] (0.00ns)   --->   "%zext_ln426 = zext i8 %p_out2_load" [/home/e/Documents/research/byotee/OSDZU3_Ref_Design/OSDZU3_Ref_Design.runs/design_1_v_mix_0_0_synth_1/prj/sol/.autopilot/db/v_mix.cpp:426]   --->   Operation 58 'zext' 'zext_ln426' <Predicate = true> <Delay = 0.00>
ST_3 : Operation 59 [1/1] (0.00ns)   --->   "%zext_ln426_1 = zext i8 %trunc_ln400" [/home/e/Documents/research/byotee/OSDZU3_Ref_Design/OSDZU3_Ref_Design.runs/design_1_v_mix_0_0_synth_1/prj/sol/.autopilot/db/v_mix.cpp:426]   --->   Operation 59 'zext' 'zext_ln426_1' <Predicate = true> <Delay = 0.00>
ST_3 : Operation 60 [1/1] (0.90ns)   --->   "%sub_ln426 = sub i9 %zext_ln426, i9 %zext_ln426_1" [/home/e/Documents/research/byotee/OSDZU3_Ref_Design/OSDZU3_Ref_Design.runs/design_1_v_mix_0_0_synth_1/prj/sol/.autopilot/db/v_mix.cpp:426]   --->   Operation 60 'sub' 'sub_ln426' <Predicate = true> <Delay = 0.90> <CoreInst = "Adder">   --->   Core 1 'Adder' <Latency = 0> <II = 1> <Delay = 0.90> <FuncUnit> <Opcode : 'add' 'sub'> <InPorts = 2> <OutPorts = 1>
ST_3 : Operation 61 [1/1] (0.00ns)   --->   "%sext_ln425 = sext i9 %sub_ln426" [/home/e/Documents/research/byotee/OSDZU3_Ref_Design/OSDZU3_Ref_Design.runs/design_1_v_mix_0_0_synth_1/prj/sol/.autopilot/db/v_mix.cpp:425]   --->   Operation 61 'sext' 'sext_ln425' <Predicate = true> <Delay = 0.00>
ST_3 : Operation 62 [1/1] (0.00ns)   --->   "%zext_ln425 = zext i9 %a" [/home/e/Documents/research/byotee/OSDZU3_Ref_Design/OSDZU3_Ref_Design.runs/design_1_v_mix_0_0_synth_1/prj/sol/.autopilot/db/v_mix.cpp:425]   --->   Operation 62 'zext' 'zext_ln425' <Predicate = true> <Delay = 0.00>
ST_3 : Operation 63 [3/3] (1.08ns) (grouped into DSP with root node add_ln427)   --->   "%mul_ln427 = mul i16 %sext_ln425, i16 %zext_ln425" [/home/e/Documents/research/byotee/OSDZU3_Ref_Design/OSDZU3_Ref_Design.runs/design_1_v_mix_0_0_synth_1/prj/sol/.autopilot/db/v_mix.cpp:427]   --->   Operation 63 'mul' 'mul_ln427' <Predicate = true> <Delay = 1.08> <CoreInst = "DSP48">   --->   Core 124 'DSP48' <Latency = 3> <II = 1> <Delay = 0.69> <IPBlock> <Opcode : 'add' 'sub' 'mul' 'select'> <InPorts = 0> <OutPorts = 1> <Sync> <CReg>
ST_3 : Operation 64 [1/1] (0.00ns)   --->   "%zext_ln426_2 = zext i8 %p_out1_load" [/home/e/Documents/research/byotee/OSDZU3_Ref_Design/OSDZU3_Ref_Design.runs/design_1_v_mix_0_0_synth_1/prj/sol/.autopilot/db/v_mix.cpp:426]   --->   Operation 64 'zext' 'zext_ln426_2' <Predicate = true> <Delay = 0.00>
ST_3 : Operation 65 [1/1] (0.00ns)   --->   "%zext_ln426_4 = zext i8 %tmp_1" [/home/e/Documents/research/byotee/OSDZU3_Ref_Design/OSDZU3_Ref_Design.runs/design_1_v_mix_0_0_synth_1/prj/sol/.autopilot/db/v_mix.cpp:426]   --->   Operation 65 'zext' 'zext_ln426_4' <Predicate = true> <Delay = 0.00>
ST_3 : Operation 66 [1/1] (0.90ns)   --->   "%sub_ln426_1 = sub i9 %zext_ln426_2, i9 %zext_ln426_4" [/home/e/Documents/research/byotee/OSDZU3_Ref_Design/OSDZU3_Ref_Design.runs/design_1_v_mix_0_0_synth_1/prj/sol/.autopilot/db/v_mix.cpp:426]   --->   Operation 66 'sub' 'sub_ln426_1' <Predicate = true> <Delay = 0.90> <CoreInst = "Adder">   --->   Core 1 'Adder' <Latency = 0> <II = 1> <Delay = 0.90> <FuncUnit> <Opcode : 'add' 'sub'> <InPorts = 2> <OutPorts = 1>
ST_3 : Operation 67 [1/1] (0.00ns)   --->   "%sext_ln425_1 = sext i9 %sub_ln426_1" [/home/e/Documents/research/byotee/OSDZU3_Ref_Design/OSDZU3_Ref_Design.runs/design_1_v_mix_0_0_synth_1/prj/sol/.autopilot/db/v_mix.cpp:425]   --->   Operation 67 'sext' 'sext_ln425_1' <Predicate = true> <Delay = 0.00>
ST_3 : Operation 68 [3/3] (1.08ns) (grouped into DSP with root node add_ln427_1)   --->   "%mul_ln427_1 = mul i16 %zext_ln425, i16 %sext_ln425_1" [/home/e/Documents/research/byotee/OSDZU3_Ref_Design/OSDZU3_Ref_Design.runs/design_1_v_mix_0_0_synth_1/prj/sol/.autopilot/db/v_mix.cpp:427]   --->   Operation 68 'mul' 'mul_ln427_1' <Predicate = true> <Delay = 1.08> <CoreInst = "DSP48">   --->   Core 124 'DSP48' <Latency = 3> <II = 1> <Delay = 0.69> <IPBlock> <Opcode : 'add' 'sub' 'mul' 'select'> <InPorts = 0> <OutPorts = 1> <Sync> <CReg>
ST_3 : Operation 69 [1/1] (0.00ns)   --->   "%zext_ln426_3 = zext i8 %p_out_load" [/home/e/Documents/research/byotee/OSDZU3_Ref_Design/OSDZU3_Ref_Design.runs/design_1_v_mix_0_0_synth_1/prj/sol/.autopilot/db/v_mix.cpp:426]   --->   Operation 69 'zext' 'zext_ln426_3' <Predicate = true> <Delay = 0.00>
ST_3 : Operation 70 [1/1] (0.00ns)   --->   "%zext_ln426_5 = zext i8 %tmp_4" [/home/e/Documents/research/byotee/OSDZU3_Ref_Design/OSDZU3_Ref_Design.runs/design_1_v_mix_0_0_synth_1/prj/sol/.autopilot/db/v_mix.cpp:426]   --->   Operation 70 'zext' 'zext_ln426_5' <Predicate = true> <Delay = 0.00>
ST_3 : Operation 71 [1/1] (0.90ns)   --->   "%sub_ln426_2 = sub i9 %zext_ln426_3, i9 %zext_ln426_5" [/home/e/Documents/research/byotee/OSDZU3_Ref_Design/OSDZU3_Ref_Design.runs/design_1_v_mix_0_0_synth_1/prj/sol/.autopilot/db/v_mix.cpp:426]   --->   Operation 71 'sub' 'sub_ln426_2' <Predicate = true> <Delay = 0.90> <CoreInst = "Adder">   --->   Core 1 'Adder' <Latency = 0> <II = 1> <Delay = 0.90> <FuncUnit> <Opcode : 'add' 'sub'> <InPorts = 2> <OutPorts = 1>
ST_3 : Operation 72 [1/1] (0.00ns)   --->   "%sext_ln425_2 = sext i9 %sub_ln426_2" [/home/e/Documents/research/byotee/OSDZU3_Ref_Design/OSDZU3_Ref_Design.runs/design_1_v_mix_0_0_synth_1/prj/sol/.autopilot/db/v_mix.cpp:425]   --->   Operation 72 'sext' 'sext_ln425_2' <Predicate = true> <Delay = 0.00>
ST_3 : Operation 73 [3/3] (1.08ns) (grouped into DSP with root node add_ln427_2)   --->   "%mul_ln427_2 = mul i16 %zext_ln425, i16 %sext_ln425_2" [/home/e/Documents/research/byotee/OSDZU3_Ref_Design/OSDZU3_Ref_Design.runs/design_1_v_mix_0_0_synth_1/prj/sol/.autopilot/db/v_mix.cpp:427]   --->   Operation 73 'mul' 'mul_ln427_2' <Predicate = true> <Delay = 1.08> <CoreInst = "DSP48">   --->   Core 124 'DSP48' <Latency = 3> <II = 1> <Delay = 0.69> <IPBlock> <Opcode : 'add' 'sub' 'mul' 'select'> <InPorts = 0> <OutPorts = 1> <Sync> <CReg>

State 4 <SV = 3> <Delay = 1.08>
ST_4 : Operation 74 [2/3] (1.08ns) (grouped into DSP with root node add_ln427)   --->   "%mul_ln427 = mul i16 %sext_ln425, i16 %zext_ln425" [/home/e/Documents/research/byotee/OSDZU3_Ref_Design/OSDZU3_Ref_Design.runs/design_1_v_mix_0_0_synth_1/prj/sol/.autopilot/db/v_mix.cpp:427]   --->   Operation 74 'mul' 'mul_ln427' <Predicate = true> <Delay = 1.08> <CoreInst = "DSP48">   --->   Core 124 'DSP48' <Latency = 3> <II = 1> <Delay = 0.69> <IPBlock> <Opcode : 'add' 'sub' 'mul' 'select'> <InPorts = 0> <OutPorts = 1> <Sync> <CReg>
ST_4 : Operation 75 [2/3] (1.08ns) (grouped into DSP with root node add_ln427_1)   --->   "%mul_ln427_1 = mul i16 %zext_ln425, i16 %sext_ln425_1" [/home/e/Documents/research/byotee/OSDZU3_Ref_Design/OSDZU3_Ref_Design.runs/design_1_v_mix_0_0_synth_1/prj/sol/.autopilot/db/v_mix.cpp:427]   --->   Operation 75 'mul' 'mul_ln427_1' <Predicate = true> <Delay = 1.08> <CoreInst = "DSP48">   --->   Core 124 'DSP48' <Latency = 3> <II = 1> <Delay = 0.69> <IPBlock> <Opcode : 'add' 'sub' 'mul' 'select'> <InPorts = 0> <OutPorts = 1> <Sync> <CReg>
ST_4 : Operation 76 [2/3] (1.08ns) (grouped into DSP with root node add_ln427_2)   --->   "%mul_ln427_2 = mul i16 %zext_ln425, i16 %sext_ln425_2" [/home/e/Documents/research/byotee/OSDZU3_Ref_Design/OSDZU3_Ref_Design.runs/design_1_v_mix_0_0_synth_1/prj/sol/.autopilot/db/v_mix.cpp:427]   --->   Operation 76 'mul' 'mul_ln427_2' <Predicate = true> <Delay = 1.08> <CoreInst = "DSP48">   --->   Core 124 'DSP48' <Latency = 3> <II = 1> <Delay = 0.69> <IPBlock> <Opcode : 'add' 'sub' 'mul' 'select'> <InPorts = 0> <OutPorts = 1> <Sync> <CReg>

State 5 <SV = 4> <Delay = 0.83>
ST_5 : Operation 77 [1/1] (0.00ns)   --->   "%shl_ln = bitconcatenate i16 @_ssdm_op_BitConcatenate.i16.i8.i8, i8 %trunc_ln400, i8 0" [/home/e/Documents/research/byotee/OSDZU3_Ref_Design/OSDZU3_Ref_Design.runs/design_1_v_mix_0_0_synth_1/prj/sol/.autopilot/db/v_mix.cpp:427]   --->   Operation 77 'bitconcatenate' 'shl_ln' <Predicate = true> <Delay = 0.00>
ST_5 : Operation 78 [1/3] (0.00ns) (grouped into DSP with root node add_ln427)   --->   "%mul_ln427 = mul i16 %sext_ln425, i16 %zext_ln425" [/home/e/Documents/research/byotee/OSDZU3_Ref_Design/OSDZU3_Ref_Design.runs/design_1_v_mix_0_0_synth_1/prj/sol/.autopilot/db/v_mix.cpp:427]   --->   Operation 78 'mul' 'mul_ln427' <Predicate = true> <Delay = 0.00> <CoreInst = "DSP48">   --->   Core 124 'DSP48' <Latency = 3> <II = 1> <Delay = 0.69> <IPBlock> <Opcode : 'add' 'sub' 'mul' 'select'> <InPorts = 0> <OutPorts = 1> <Sync> <CReg>
ST_5 : Operation 79 [2/2] (0.83ns) (root node of the DSP)   --->   "%add_ln427 = add i16 %mul_ln427, i16 %shl_ln" [/home/e/Documents/research/byotee/OSDZU3_Ref_Design/OSDZU3_Ref_Design.runs/design_1_v_mix_0_0_synth_1/prj/sol/.autopilot/db/v_mix.cpp:427]   --->   Operation 79 'add' 'add_ln427' <Predicate = true> <Delay = 0.83> <CoreInst = "DSP48">   --->   Core 124 'DSP48' <Latency = 3> <II = 1> <Delay = 0.69> <IPBlock> <Opcode : 'add' 'sub' 'mul' 'select'> <InPorts = 0> <OutPorts = 1> <Sync> <CReg>
ST_5 : Operation 80 [1/1] (0.00ns)   --->   "%and_ln = bitconcatenate i16 @_ssdm_op_BitConcatenate.i16.i8.i8, i8 %tmp_1, i8 0" [/home/e/Documents/research/byotee/OSDZU3_Ref_Design/OSDZU3_Ref_Design.runs/design_1_v_mix_0_0_synth_1/prj/sol/.autopilot/db/v_mix.cpp:427]   --->   Operation 80 'bitconcatenate' 'and_ln' <Predicate = true> <Delay = 0.00>
ST_5 : Operation 81 [1/3] (0.00ns) (grouped into DSP with root node add_ln427_1)   --->   "%mul_ln427_1 = mul i16 %zext_ln425, i16 %sext_ln425_1" [/home/e/Documents/research/byotee/OSDZU3_Ref_Design/OSDZU3_Ref_Design.runs/design_1_v_mix_0_0_synth_1/prj/sol/.autopilot/db/v_mix.cpp:427]   --->   Operation 81 'mul' 'mul_ln427_1' <Predicate = true> <Delay = 0.00> <CoreInst = "DSP48">   --->   Core 124 'DSP48' <Latency = 3> <II = 1> <Delay = 0.69> <IPBlock> <Opcode : 'add' 'sub' 'mul' 'select'> <InPorts = 0> <OutPorts = 1> <Sync> <CReg>
ST_5 : Operation 82 [2/2] (0.83ns) (root node of the DSP)   --->   "%add_ln427_1 = add i16 %mul_ln427_1, i16 %and_ln" [/home/e/Documents/research/byotee/OSDZU3_Ref_Design/OSDZU3_Ref_Design.runs/design_1_v_mix_0_0_synth_1/prj/sol/.autopilot/db/v_mix.cpp:427]   --->   Operation 82 'add' 'add_ln427_1' <Predicate = true> <Delay = 0.83> <CoreInst = "DSP48">   --->   Core 124 'DSP48' <Latency = 3> <II = 1> <Delay = 0.69> <IPBlock> <Opcode : 'add' 'sub' 'mul' 'select'> <InPorts = 0> <OutPorts = 1> <Sync> <CReg>
ST_5 : Operation 83 [1/1] (0.00ns)   --->   "%and_ln427_1 = bitconcatenate i16 @_ssdm_op_BitConcatenate.i16.i8.i8, i8 %tmp_4, i8 0" [/home/e/Documents/research/byotee/OSDZU3_Ref_Design/OSDZU3_Ref_Design.runs/design_1_v_mix_0_0_synth_1/prj/sol/.autopilot/db/v_mix.cpp:427]   --->   Operation 83 'bitconcatenate' 'and_ln427_1' <Predicate = true> <Delay = 0.00>
ST_5 : Operation 84 [1/3] (0.00ns) (grouped into DSP with root node add_ln427_2)   --->   "%mul_ln427_2 = mul i16 %zext_ln425, i16 %sext_ln425_2" [/home/e/Documents/research/byotee/OSDZU3_Ref_Design/OSDZU3_Ref_Design.runs/design_1_v_mix_0_0_synth_1/prj/sol/.autopilot/db/v_mix.cpp:427]   --->   Operation 84 'mul' 'mul_ln427_2' <Predicate = true> <Delay = 0.00> <CoreInst = "DSP48">   --->   Core 124 'DSP48' <Latency = 3> <II = 1> <Delay = 0.69> <IPBlock> <Opcode : 'add' 'sub' 'mul' 'select'> <InPorts = 0> <OutPorts = 1> <Sync> <CReg>
ST_5 : Operation 85 [2/2] (0.83ns) (root node of the DSP)   --->   "%add_ln427_2 = add i16 %mul_ln427_2, i16 %and_ln427_1" [/home/e/Documents/research/byotee/OSDZU3_Ref_Design/OSDZU3_Ref_Design.runs/design_1_v_mix_0_0_synth_1/prj/sol/.autopilot/db/v_mix.cpp:427]   --->   Operation 85 'add' 'add_ln427_2' <Predicate = true> <Delay = 0.83> <CoreInst = "DSP48">   --->   Core 124 'DSP48' <Latency = 3> <II = 1> <Delay = 0.69> <IPBlock> <Opcode : 'add' 'sub' 'mul' 'select'> <InPorts = 0> <OutPorts = 1> <Sync> <CReg>
ST_5 : Operation 95 [1/1] (0.48ns)   --->   "%ret_ln0 = ret"   --->   Operation 95 'ret' 'ret_ln0' <Predicate = (icmp_ln395)> <Delay = 0.48>

State 6 <SV = 5> <Delay = 2.65>
ST_6 : Operation 86 [1/2] (0.83ns) (root node of the DSP)   --->   "%add_ln427 = add i16 %mul_ln427, i16 %shl_ln" [/home/e/Documents/research/byotee/OSDZU3_Ref_Design/OSDZU3_Ref_Design.runs/design_1_v_mix_0_0_synth_1/prj/sol/.autopilot/db/v_mix.cpp:427]   --->   Operation 86 'add' 'add_ln427' <Predicate = true> <Delay = 0.83> <CoreInst = "DSP48">   --->   Core 124 'DSP48' <Latency = 3> <II = 1> <Delay = 0.69> <IPBlock> <Opcode : 'add' 'sub' 'mul' 'select'> <InPorts = 0> <OutPorts = 1> <Sync> <CReg>
ST_6 : Operation 87 [1/1] (0.00ns)   --->   "%trunc_ln7 = partselect i8 @_ssdm_op_PartSelect.i8.i16.i32.i32, i16 %add_ln427, i32 8, i32 15" [/home/e/Documents/research/byotee/OSDZU3_Ref_Design/OSDZU3_Ref_Design.runs/design_1_v_mix_0_0_synth_1/prj/sol/.autopilot/db/v_mix.cpp:424]   --->   Operation 87 'partselect' 'trunc_ln7' <Predicate = true> <Delay = 0.00>
ST_6 : Operation 88 [1/2] (0.83ns) (root node of the DSP)   --->   "%add_ln427_1 = add i16 %mul_ln427_1, i16 %and_ln" [/home/e/Documents/research/byotee/OSDZU3_Ref_Design/OSDZU3_Ref_Design.runs/design_1_v_mix_0_0_synth_1/prj/sol/.autopilot/db/v_mix.cpp:427]   --->   Operation 88 'add' 'add_ln427_1' <Predicate = true> <Delay = 0.83> <CoreInst = "DSP48">   --->   Core 124 'DSP48' <Latency = 3> <II = 1> <Delay = 0.69> <IPBlock> <Opcode : 'add' 'sub' 'mul' 'select'> <InPorts = 0> <OutPorts = 1> <Sync> <CReg>
ST_6 : Operation 89 [1/1] (0.00ns)   --->   "%tmp_3 = partselect i8 @_ssdm_op_PartSelect.i8.i16.i32.i32, i16 %add_ln427_1, i32 8, i32 15" [/home/e/Documents/research/byotee/OSDZU3_Ref_Design/OSDZU3_Ref_Design.runs/design_1_v_mix_0_0_synth_1/prj/sol/.autopilot/db/v_mix.cpp:430]   --->   Operation 89 'partselect' 'tmp_3' <Predicate = true> <Delay = 0.00>
ST_6 : Operation 90 [1/2] (0.83ns) (root node of the DSP)   --->   "%add_ln427_2 = add i16 %mul_ln427_2, i16 %and_ln427_1" [/home/e/Documents/research/byotee/OSDZU3_Ref_Design/OSDZU3_Ref_Design.runs/design_1_v_mix_0_0_synth_1/prj/sol/.autopilot/db/v_mix.cpp:427]   --->   Operation 90 'add' 'add_ln427_2' <Predicate = true> <Delay = 0.83> <CoreInst = "DSP48">   --->   Core 124 'DSP48' <Latency = 3> <II = 1> <Delay = 0.69> <IPBlock> <Opcode : 'add' 'sub' 'mul' 'select'> <InPorts = 0> <OutPorts = 1> <Sync> <CReg>
ST_6 : Operation 91 [1/1] (0.00ns)   --->   "%trunc_ln8 = partselect i8 @_ssdm_op_PartSelect.i8.i16.i32.i32, i16 %add_ln427_2, i32 8, i32 15" [/home/e/Documents/research/byotee/OSDZU3_Ref_Design/OSDZU3_Ref_Design.runs/design_1_v_mix_0_0_synth_1/prj/sol/.autopilot/db/v_mix.cpp:430]   --->   Operation 91 'partselect' 'trunc_ln8' <Predicate = true> <Delay = 0.00>
ST_6 : Operation 92 [1/1] (0.00ns)   --->   "%or_ln430_3 = bitconcatenate i24 @_ssdm_op_BitConcatenate.i24.i8.i8.i8, i8 %trunc_ln8, i8 %tmp_3, i8 %trunc_ln7" [/home/e/Documents/research/byotee/OSDZU3_Ref_Design/OSDZU3_Ref_Design.runs/design_1_v_mix_0_0_synth_1/prj/sol/.autopilot/db/v_mix.cpp:430]   --->   Operation 92 'bitconcatenate' 'or_ln430_3' <Predicate = true> <Delay = 0.00>
ST_6 : Operation 93 [1/1] ( I:1.82ns O:1.82ns )   --->   "%write_ln430 = write void @_ssdm_op_Write.ap_fifo.volatile.i24P0A, i24 %outLayer2, i24 %or_ln430_3" [/home/e/Documents/research/byotee/OSDZU3_Ref_Design/OSDZU3_Ref_Design.runs/design_1_v_mix_0_0_synth_1/prj/sol/.autopilot/db/v_mix.cpp:430]   --->   Operation 93 'write' 'write_ln430' <Predicate = true> <Delay = 1.82> <CoreInst = "FIFO_SRL">   --->   Core 80 'FIFO_SRL' <Latency = 0> <II = 1> <Delay = 2.16> <Storage> <Opcode : 'read' 'write' 'nbread' 'nbwrite'> <Ports = 0> <Width = 24> <Depth = 2> <FIFO>
ST_6 : Operation 94 [1/1] (0.00ns)   --->   "%br_ln395 = br void %if.end" [/home/e/Documents/research/byotee/OSDZU3_Ref_Design/OSDZU3_Ref_Design.runs/design_1_v_mix_0_0_synth_1/prj/sol/.autopilot/db/v_mix.cpp:395]   --->   Operation 94 'br' 'br_ln395' <Predicate = true> <Delay = 0.00>


============================================================
+ Verbose Summary: Binding
============================================================
STG Binding: 
---------------- STG Properties BEGIN ----------------
- Is combinational: 0
- Is one-state seq: 0
- Is datapath-only: 0
- Is pipelined: 0
- Is top level: 0
Port [ Return ] is wired: 1; IO mode=ap_ctrl_hs:ce=0
Port [ hwReg_width_val]:  wired=1; compound=0; hidden=0; nouse=0; global=0; static=0; extern=0; dir=0; type=0; pingpong=0; private_global=0; IO mode=ap_stable:ce=0
Port [ alpha]:  wired=1; compound=0; hidden=0; nouse=0; global=0; static=0; extern=0; dir=0; type=0; pingpong=0; private_global=0; IO mode=ap_none:ce=0
Port [ outLayer2]:  wired=1; compound=1; hidden=0; nouse=0; global=0; static=0; extern=0; dir=1; type=3; pingpong=0; private_global=0; IO mode=ap_fifo:ce=0
Port [ srcLayer2x]:  wired=1; compound=1; hidden=0; nouse=0; global=0; static=0; extern=0; dir=0; type=3; pingpong=0; private_global=0; IO mode=ap_fifo:ce=0
Port [ outLayer1]:  wired=1; compound=1; hidden=0; nouse=0; global=0; static=0; extern=0; dir=0; type=3; pingpong=0; private_global=0; IO mode=ap_fifo:ce=0
Port [ hwReg_layerStartX_2_val]:  wired=1; compound=0; hidden=0; nouse=0; global=0; static=0; extern=0; dir=0; type=0; pingpong=0; private_global=0; IO mode=ap_stable:ce=0
Port [ add75]:  wired=1; compound=0; hidden=0; nouse=0; global=0; static=0; extern=0; dir=0; type=0; pingpong=0; private_global=0; IO mode=ap_stable:ce=0
Port [ cmp65]:  wired=1; compound=0; hidden=0; nouse=0; global=0; static=0; extern=0; dir=0; type=0; pingpong=0; private_global=0; IO mode=ap_none:ce=0
Port [ rev7]:  wired=1; compound=0; hidden=0; nouse=0; global=0; static=0; extern=0; dir=0; type=0; pingpong=0; private_global=0; IO mode=ap_none:ce=0
Port [ empty]:  wired=1; compound=0; hidden=0; nouse=0; global=0; static=0; extern=0; dir=0; type=0; pingpong=0; private_global=0; IO mode=ap_stable:ce=0
Port [ p_out]:  wired=1; compound=0; hidden=0; nouse=0; global=0; static=0; extern=0; dir=2; type=0; pingpong=0; private_global=0; IO mode=ap_ovld:ce=0
Port [ p_out1]:  wired=1; compound=0; hidden=0; nouse=0; global=0; static=0; extern=0; dir=2; type=0; pingpong=0; private_global=0; IO mode=ap_ovld:ce=0
Port [ p_out2]:  wired=1; compound=0; hidden=0; nouse=0; global=0; static=0; extern=0; dir=2; type=0; pingpong=0; private_global=0; IO mode=ap_ovld:ce=0
---------------- STG Properties END ------------------

---------------- Datapath Model BEGIN ----------------

<LifeTime>
<method=bitvector/>
x                            (alloca           ) [ 0100000]
specstablecontent_ln0        (specstablecontent) [ 0000000]
specstablecontent_ln0        (specstablecontent) [ 0000000]
specinterface_ln0            (specinterface    ) [ 0000000]
specinterface_ln0            (specinterface    ) [ 0000000]
specinterface_ln0            (specinterface    ) [ 0000000]
tmp                          (read             ) [ 0000000]
rev7_read                    (read             ) [ 0000000]
cmp65_read                   (read             ) [ 0000000]
add75_read                   (read             ) [ 0000000]
hwReg_layerStartX_2_val_read (read             ) [ 0000000]
alpha_read                   (read             ) [ 0111000]
hwReg_width_val_read         (read             ) [ 0000000]
store_ln366                  (store            ) [ 0000000]
br_ln395                     (br               ) [ 0000000]
x_12                         (load             ) [ 0000000]
icmp_ln395                   (icmp             ) [ 0111111]
speclooptripcount_ln0        (speclooptripcount) [ 0000000]
add_ln395                    (add              ) [ 0000000]
br_ln395                     (br               ) [ 0000000]
zext_ln395                   (zext             ) [ 0000000]
zext_ln395_1                 (zext             ) [ 0000000]
icmp_ln408                   (icmp             ) [ 0000000]
xor_ln408                    (xor              ) [ 0000000]
icmp_ln409                   (icmp             ) [ 0000000]
and_ln407                    (and              ) [ 0000000]
and_ln407_2                  (and              ) [ 0000000]
and_ln407_1                  (and              ) [ 0000000]
and_ln407_3                  (and              ) [ 0111111]
br_ln407                     (br               ) [ 0111000]
store_ln366                  (store            ) [ 0000000]
specpipeline_ln398           (specpipeline     ) [ 0000000]
specloopname_ln395           (specloopname     ) [ 0000000]
outLayer1_read               (read             ) [ 0000000]
trunc_ln400                  (trunc            ) [ 0101110]
srcLayer2x_read              (read             ) [ 0000000]
trunc_ln414                  (trunc            ) [ 0000000]
trunc_ln414_1                (partselect       ) [ 0000000]
trunc_ln414_2                (partselect       ) [ 0000000]
store_ln414                  (store            ) [ 0000000]
store_ln414                  (store            ) [ 0000000]
store_ln414                  (store            ) [ 0000000]
br_ln416                     (br               ) [ 0111000]
tmp_1                        (partselect       ) [ 0101110]
tmp_4                        (partselect       ) [ 0101110]
a                            (phi              ) [ 0101000]
p_out2_load                  (load             ) [ 0000000]
p_out1_load                  (load             ) [ 0000000]
p_out_load                   (load             ) [ 0000000]
zext_ln426                   (zext             ) [ 0000000]
zext_ln426_1                 (zext             ) [ 0000000]
sub_ln426                    (sub              ) [ 0000000]
sext_ln425                   (sext             ) [ 0100110]
zext_ln425                   (zext             ) [ 0100110]
zext_ln426_2                 (zext             ) [ 0000000]
zext_ln426_4                 (zext             ) [ 0000000]
sub_ln426_1                  (sub              ) [ 0000000]
sext_ln425_1                 (sext             ) [ 0100110]
zext_ln426_3                 (zext             ) [ 0000000]
zext_ln426_5                 (zext             ) [ 0000000]
sub_ln426_2                  (sub              ) [ 0000000]
sext_ln425_2                 (sext             ) [ 0100110]
shl_ln                       (bitconcatenate   ) [ 0100001]
mul_ln427                    (mul              ) [ 0100001]
and_ln                       (bitconcatenate   ) [ 0100001]
mul_ln427_1                  (mul              ) [ 0100001]
and_ln427_1                  (bitconcatenate   ) [ 0100001]
mul_ln427_2                  (mul              ) [ 0100001]
add_ln427                    (add              ) [ 0000000]
trunc_ln7                    (partselect       ) [ 0000000]
add_ln427_1                  (add              ) [ 0000000]
tmp_3                        (partselect       ) [ 0000000]
add_ln427_2                  (add              ) [ 0000000]
trunc_ln8                    (partselect       ) [ 0000000]
or_ln430_3                   (bitconcatenate   ) [ 0000000]
write_ln430                  (write            ) [ 0000000]
br_ln395                     (br               ) [ 0000000]
ret_ln0                      (ret              ) [ 0000000]
</LifeTime>

<model>

<comp_list>
<comp id="0" class="1000" name="hwReg_width_val">
<pin_list>
<pin id="1" dir="1" index="0" bw="1" slack="0"/>
</pin_list>
<bind>
<StgValue><ssdm name="hwReg_width_val"/></StgValue>
</bind>
</comp>

<comp id="2" class="1000" name="alpha">
<pin_list>
<pin id="3" dir="1" index="0" bw="1" slack="0"/>
</pin_list>
<bind>
<StgValue><ssdm name="alpha"/></StgValue>
</bind>
</comp>

<comp id="4" class="1000" name="outLayer2">
<pin_list>
<pin id="5" dir="1" index="0" bw="1" slack="0"/>
</pin_list>
<bind>
<StgValue><ssdm name="outLayer2"/></StgValue>
</bind>
</comp>

<comp id="6" class="1000" name="srcLayer2x">
<pin_list>
<pin id="7" dir="1" index="0" bw="1" slack="0"/>
</pin_list>
<bind>
<StgValue><ssdm name="srcLayer2x"/></StgValue>
</bind>
</comp>

<comp id="8" class="1000" name="outLayer1">
<pin_list>
<pin id="9" dir="1" index="0" bw="1" slack="0"/>
</pin_list>
<bind>
<StgValue><ssdm name="outLayer1"/></StgValue>
</bind>
</comp>

<comp id="10" class="1000" name="hwReg_layerStartX_2_val">
<pin_list>
<pin id="11" dir="1" index="0" bw="1" slack="0"/>
</pin_list>
<bind>
<StgValue><ssdm name="hwReg_layerStartX_2_val"/></StgValue>
</bind>
</comp>

<comp id="12" class="1000" name="add75">
<pin_list>
<pin id="13" dir="1" index="0" bw="1" slack="0"/>
</pin_list>
<bind>
<StgValue><ssdm name="add75"/></StgValue>
</bind>
</comp>

<comp id="14" class="1000" name="cmp65">
<pin_list>
<pin id="15" dir="1" index="0" bw="1" slack="0"/>
</pin_list>
<bind>
<StgValue><ssdm name="cmp65"/></StgValue>
</bind>
</comp>

<comp id="16" class="1000" name="rev7">
<pin_list>
<pin id="17" dir="1" index="0" bw="1" slack="0"/>
</pin_list>
<bind>
<StgValue><ssdm name="rev7"/></StgValue>
</bind>
</comp>

<comp id="18" class="1000" name="empty">
<pin_list>
<pin id="19" dir="1" index="0" bw="1" slack="0"/>
</pin_list>
<bind>
<StgValue><ssdm name="empty"/></StgValue>
</bind>
</comp>

<comp id="20" class="1000" name="p_out">
<pin_list>
<pin id="21" dir="1" index="0" bw="1" slack="0"/>
</pin_list>
<bind>
<StgValue><ssdm name="p_out"/></StgValue>
</bind>
</comp>

<comp id="22" class="1000" name="p_out1">
<pin_list>
<pin id="23" dir="1" index="0" bw="1" slack="0"/>
</pin_list>
<bind>
<StgValue><ssdm name="p_out1"/></StgValue>
</bind>
</comp>

<comp id="24" class="1000" name="p_out2">
<pin_list>
<pin id="25" dir="1" index="0" bw="1" slack="0"/>
</pin_list>
<bind>
<StgValue><ssdm name="p_out2"/></StgValue>
</bind>
</comp>

<comp id="26" class="1001" name="const_26">
<pin_list>
<pin id="27" dir="1" index="0" bw="1" slack="0"/>
</pin_list>
<bind>
<StgValue><ssdm name=""/></StgValue>
</bind>
</comp>

<comp id="28" class="1001" name="const_28">
<pin_list>
<pin id="29" dir="1" index="0" bw="1" slack="2147483647"/>
</pin_list>
<bind>
<StgValue><ssdm name="_ssdm_op_SpecStableContent"/></StgValue>
</bind>
</comp>

<comp id="30" class="1001" name="const_30">
<pin_list>
<pin id="31" dir="1" index="0" bw="1" slack="0"/>
</pin_list>
<bind>
<StgValue><ssdm name=""/></StgValue>
</bind>
</comp>

<comp id="32" class="1001" name="const_32">
<pin_list>
<pin id="33" dir="1" index="0" bw="1" slack="2147483647"/>
</pin_list>
<bind>
<StgValue><ssdm name=""/></StgValue>
</bind>
</comp>

<comp id="34" class="1001" name="const_34">
<pin_list>
<pin id="35" dir="1" index="0" bw="1" slack="2147483647"/>
</pin_list>
<bind>
<StgValue><ssdm name="p_str"/></StgValue>
</bind>
</comp>

<comp id="36" class="1001" name="const_36">
<pin_list>
<pin id="37" dir="1" index="0" bw="1" slack="2147483647"/>
</pin_list>
<bind>
<StgValue><ssdm name="_ssdm_op_SpecInterface"/></StgValue>
</bind>
</comp>

<comp id="38" class="1001" name="const_38">
<pin_list>
<pin id="39" dir="1" index="0" bw="1" slack="2147483647"/>
</pin_list>
<bind>
<StgValue><ssdm name="empty_42"/></StgValue>
</bind>
</comp>

<comp id="40" class="1001" name="const_40">
<pin_list>
<pin id="41" dir="1" index="0" bw="1" slack="2147483647"/>
</pin_list>
<bind>
<StgValue><ssdm name=""/></StgValue>
</bind>
</comp>

<comp id="42" class="1001" name="const_42">
<pin_list>
<pin id="43" dir="1" index="0" bw="1" slack="2147483647"/>
</pin_list>
<bind>
<StgValue><ssdm name="empty_0"/></StgValue>
</bind>
</comp>

<comp id="44" class="1001" name="const_44">
<pin_list>
<pin id="45" dir="1" index="0" bw="1" slack="2147483647"/>
</pin_list>
<bind>
<StgValue><ssdm name=""/></StgValue>
</bind>
</comp>

<comp id="46" class="1001" name="const_46">
<pin_list>
<pin id="47" dir="1" index="0" bw="1" slack="0"/>
</pin_list>
<bind>
<StgValue><ssdm name="_ssdm_op_Read.ap_auto.i1"/></StgValue>
</bind>
</comp>

<comp id="48" class="1001" name="const_48">
<pin_list>
<pin id="49" dir="1" index="0" bw="1" slack="0"/>
</pin_list>
<bind>
<StgValue><ssdm name="_ssdm_op_Read.ap_auto.i17"/></StgValue>
</bind>
</comp>

<comp id="50" class="1001" name="const_50">
<pin_list>
<pin id="51" dir="1" index="0" bw="1" slack="0"/>
</pin_list>
<bind>
<StgValue><ssdm name="_ssdm_op_Read.ap_auto.i16"/></StgValue>
</bind>
</comp>

<comp id="52" class="1001" name="const_52">
<pin_list>
<pin id="53" dir="1" index="0" bw="1" slack="0"/>
</pin_list>
<bind>
<StgValue><ssdm name="_ssdm_op_Read.ap_auto.i9"/></StgValue>
</bind>
</comp>

<comp id="54" class="1001" name="const_54">
<pin_list>
<pin id="55" dir="1" index="0" bw="1" slack="0"/>
</pin_list>
<bind>
<StgValue><ssdm name="_ssdm_op_Read.ap_auto.i12"/></StgValue>
</bind>
</comp>

<comp id="56" class="1001" name="const_56">
<pin_list>
<pin id="57" dir="1" index="0" bw="1" slack="0"/>
</pin_list>
<bind>
<StgValue><ssdm name=""/></StgValue>
</bind>
</comp>

<comp id="58" class="1001" name="const_58">
<pin_list>
<pin id="59" dir="1" index="0" bw="1" slack="2147483647"/>
</pin_list>
<bind>
<StgValue><ssdm name="_ssdm_op_SpecLoopTripCount"/></StgValue>
</bind>
</comp>

<comp id="60" class="1001" name="const_60">
<pin_list>
<pin id="61" dir="1" index="0" bw="1" slack="2147483647"/>
</pin_list>
<bind>
<StgValue><ssdm name=""/></StgValue>
</bind>
</comp>

<comp id="62" class="1001" name="const_62">
<pin_list>
<pin id="63" dir="1" index="0" bw="1" slack="2147483647"/>
</pin_list>
<bind>
<StgValue><ssdm name=""/></StgValue>
</bind>
</comp>

<comp id="64" class="1001" name="const_64">
<pin_list>
<pin id="65" dir="1" index="0" bw="1" slack="2147483647"/>
</pin_list>
<bind>
<StgValue><ssdm name=""/></StgValue>
</bind>
</comp>

<comp id="66" class="1001" name="const_66">
<pin_list>
<pin id="67" dir="1" index="0" bw="1" slack="0"/>
</pin_list>
<bind>
<StgValue><ssdm name=""/></StgValue>
</bind>
</comp>

<comp id="68" class="1001" name="const_68">
<pin_list>
<pin id="69" dir="1" index="0" bw="1" slack="2147483647"/>
</pin_list>
<bind>
<StgValue><ssdm name="_ssdm_op_SpecPipeline"/></StgValue>
</bind>
</comp>

<comp id="70" class="1001" name="const_70">
<pin_list>
<pin id="71" dir="1" index="0" bw="1" slack="2147483647"/>
</pin_list>
<bind>
<StgValue><ssdm name="_ssdm_op_SpecLoopName"/></StgValue>
</bind>
</comp>

<comp id="72" class="1001" name="const_72">
<pin_list>
<pin id="73" dir="1" index="0" bw="1" slack="2147483647"/>
</pin_list>
<bind>
<StgValue><ssdm name="empty_41"/></StgValue>
</bind>
</comp>

<comp id="74" class="1001" name="const_74">
<pin_list>
<pin id="75" dir="1" index="0" bw="1" slack="0"/>
</pin_list>
<bind>
<StgValue><ssdm name="_ssdm_op_Read.ap_fifo.volatile.i24P0A"/></StgValue>
</bind>
</comp>

<comp id="76" class="1001" name="const_76">
<pin_list>
<pin id="77" dir="1" index="0" bw="1" slack="0"/>
</pin_list>
<bind>
<StgValue><ssdm name="_ssdm_op_PartSelect.i8.i24.i32.i32"/></StgValue>
</bind>
</comp>

<comp id="78" class="1001" name="const_78">
<pin_list>
<pin id="79" dir="1" index="0" bw="1" slack="0"/>
</pin_list>
<bind>
<StgValue><ssdm name=""/></StgValue>
</bind>
</comp>

<comp id="80" class="1001" name="const_80">
<pin_list>
<pin id="81" dir="1" index="0" bw="1" slack="0"/>
</pin_list>
<bind>
<StgValue><ssdm name=""/></StgValue>
</bind>
</comp>

<comp id="82" class="1001" name="const_82">
<pin_list>
<pin id="83" dir="1" index="0" bw="1" slack="0"/>
</pin_list>
<bind>
<StgValue><ssdm name=""/></StgValue>
</bind>
</comp>

<comp id="84" class="1001" name="const_84">
<pin_list>
<pin id="85" dir="1" index="0" bw="1" slack="0"/>
</pin_list>
<bind>
<StgValue><ssdm name=""/></StgValue>
</bind>
</comp>

<comp id="86" class="1001" name="const_86">
<pin_list>
<pin id="87" dir="1" index="0" bw="1" slack="2"/>
</pin_list>
<bind>
<StgValue><ssdm name=""/></StgValue>
</bind>
</comp>

<comp id="88" class="1001" name="const_88">
<pin_list>
<pin id="89" dir="1" index="0" bw="1" slack="0"/>
</pin_list>
<bind>
<StgValue><ssdm name="_ssdm_op_BitConcatenate.i16.i8.i8"/></StgValue>
</bind>
</comp>

<comp id="90" class="1001" name="const_90">
<pin_list>
<pin id="91" dir="1" index="0" bw="1" slack="0"/>
</pin_list>
<bind>
<StgValue><ssdm name=""/></StgValue>
</bind>
</comp>

<comp id="92" class="1001" name="const_92">
<pin_list>
<pin id="93" dir="1" index="0" bw="1" slack="0"/>
</pin_list>
<bind>
<StgValue><ssdm name="_ssdm_op_PartSelect.i8.i16.i32.i32"/></StgValue>
</bind>
</comp>

<comp id="94" class="1001" name="const_94">
<pin_list>
<pin id="95" dir="1" index="0" bw="1" slack="0"/>
</pin_list>
<bind>
<StgValue><ssdm name="_ssdm_op_BitConcatenate.i24.i8.i8.i8"/></StgValue>
</bind>
</comp>

<comp id="96" class="1001" name="const_96">
<pin_list>
<pin id="97" dir="1" index="0" bw="1" slack="0"/>
</pin_list>
<bind>
<StgValue><ssdm name="_ssdm_op_Write.ap_fifo.volatile.i24P0A"/></StgValue>
</bind>
</comp>

<comp id="98" class="1004" name="x_fu_98">
<pin_list>
<pin id="99" dir="0" index="0" bw="1" slack="0"/>
<pin id="100" dir="1" index="1" bw="12" slack="0"/>
</pin_list>
<bind>
<opcode="alloca(26) " fcode="alloca"/>
<opset="x/1 "/>
</bind>
</comp>

<comp id="102" class="1004" name="tmp_read_fu_102">
<pin_list>
<pin id="103" dir="0" index="0" bw="1" slack="0"/>
<pin id="104" dir="0" index="1" bw="1" slack="0"/>
<pin id="105" dir="1" index="2" bw="1" slack="0"/>
</pin_list>
<bind>
<opcode="read(1150) " fcode="read"/>
<opset="tmp/1 "/>
</bind>
</comp>

<comp id="108" class="1004" name="rev7_read_read_fu_108">
<pin_list>
<pin id="109" dir="0" index="0" bw="1" slack="0"/>
<pin id="110" dir="0" index="1" bw="1" slack="0"/>
<pin id="111" dir="1" index="2" bw="1" slack="0"/>
</pin_list>
<bind>
<opcode="read(1150) " fcode="read"/>
<opset="rev7_read/1 "/>
</bind>
</comp>

<comp id="114" class="1004" name="cmp65_read_read_fu_114">
<pin_list>
<pin id="115" dir="0" index="0" bw="1" slack="0"/>
<pin id="116" dir="0" index="1" bw="1" slack="0"/>
<pin id="117" dir="1" index="2" bw="1" slack="0"/>
</pin_list>
<bind>
<opcode="read(1150) " fcode="read"/>
<opset="cmp65_read/1 "/>
</bind>
</comp>

<comp id="120" class="1004" name="add75_read_read_fu_120">
<pin_list>
<pin id="121" dir="0" index="0" bw="17" slack="0"/>
<pin id="122" dir="0" index="1" bw="17" slack="0"/>
<pin id="123" dir="1" index="2" bw="17" slack="0"/>
</pin_list>
<bind>
<opcode="read(1150) " fcode="read"/>
<opset="add75_read/1 "/>
</bind>
</comp>

<comp id="126" class="1004" name="hwReg_layerStartX_2_val_read_read_fu_126">
<pin_list>
<pin id="127" dir="0" index="0" bw="16" slack="0"/>
<pin id="128" dir="0" index="1" bw="16" slack="0"/>
<pin id="129" dir="1" index="2" bw="16" slack="0"/>
</pin_list>
<bind>
<opcode="read(1150) " fcode="read"/>
<opset="hwReg_layerStartX_2_val_read/1 "/>
</bind>
</comp>

<comp id="132" class="1004" name="alpha_read_read_fu_132">
<pin_list>
<pin id="133" dir="0" index="0" bw="9" slack="0"/>
<pin id="134" dir="0" index="1" bw="9" slack="0"/>
<pin id="135" dir="1" index="2" bw="9" slack="2"/>
</pin_list>
<bind>
<opcode="read(1150) " fcode="read"/>
<opset="alpha_read/1 "/>
</bind>
</comp>

<comp id="138" class="1004" name="hwReg_width_val_read_read_fu_138">
<pin_list>
<pin id="139" dir="0" index="0" bw="12" slack="0"/>
<pin id="140" dir="0" index="1" bw="12" slack="0"/>
<pin id="141" dir="1" index="2" bw="12" slack="0"/>
</pin_list>
<bind>
<opcode="read(1150) " fcode="read"/>
<opset="hwReg_width_val_read/1 "/>
</bind>
</comp>

<comp id="144" class="1004" name="outLayer1_read_read_fu_144">
<pin_list>
<pin id="145" dir="0" index="0" bw="24" slack="0"/>
<pin id="146" dir="0" index="1" bw="24" slack="0"/>
<pin id="147" dir="1" index="2" bw="24" slack="0"/>
</pin_list>
<bind>
<opcode="read(1150) " fcode="read"/>
<opset="outLayer1_read/2 "/>
</bind>
</comp>

<comp id="150" class="1004" name="srcLayer2x_read_read_fu_150">
<pin_list>
<pin id="151" dir="0" index="0" bw="24" slack="0"/>
<pin id="152" dir="0" index="1" bw="24" slack="0"/>
<pin id="153" dir="1" index="2" bw="24" slack="0"/>
</pin_list>
<bind>
<opcode="read(1150) " fcode="read"/>
<opset="srcLayer2x_read/2 "/>
</bind>
</comp>

<comp id="156" class="1004" name="write_ln430_write_fu_156">
<pin_list>
<pin id="157" dir="0" index="0" bw="0" slack="0"/>
<pin id="158" dir="0" index="1" bw="24" slack="0"/>
<pin id="159" dir="0" index="2" bw="24" slack="0"/>
<pin id="160" dir="1" index="3" bw="0" slack="2147483647"/>
</pin_list>
<bind>
<opcode="write(1151) " fcode="write"/>
<opset="write_ln430/6 "/>
</bind>
</comp>

<comp id="163" class="1005" name="a_reg_163">
<pin_list>
<pin id="164" dir="0" index="0" bw="9" slack="2"/>
<pin id="165" dir="1" index="1" bw="9" slack="2"/>
</pin_list>
<bind>
<opset="a (phireg) "/>
</bind>
</comp>

<comp id="167" class="1004" name="a_phi_fu_167">
<pin_list>
<pin id="168" dir="0" index="0" bw="9" slack="2"/>
<pin id="169" dir="0" index="1" bw="0" slack="2147483647"/>
<pin id="170" dir="0" index="2" bw="1" slack="2"/>
<pin id="171" dir="0" index="3" bw="0" slack="2147483647"/>
<pin id="172" dir="1" index="4" bw="9" slack="0"/>
</pin_list>
<bind>
<opcode="phi(47) " fcode="phi"/>
<opset="a/3 "/>
</bind>
</comp>

<comp id="174" class="1004" name="store_ln366_store_fu_174">
<pin_list>
<pin id="175" dir="0" index="0" bw="1" slack="0"/>
<pin id="176" dir="0" index="1" bw="12" slack="0"/>
<pin id="177" dir="1" index="2" bw="0" slack="2147483647"/>
</pin_list>
<bind>
<opcode="store(28) " fcode="store"/>
<opset="store_ln366/1 "/>
</bind>
</comp>

<comp id="179" class="1004" name="x_12_load_fu_179">
<pin_list>
<pin id="180" dir="0" index="0" bw="12" slack="0"/>
<pin id="181" dir="1" index="1" bw="12" slack="0"/>
</pin_list>
<bind>
<opcode="load(27) " fcode="load"/>
<opset="x_12/1 "/>
</bind>
</comp>

<comp id="182" class="1004" name="icmp_ln395_fu_182">
<pin_list>
<pin id="183" dir="0" index="0" bw="12" slack="0"/>
<pin id="184" dir="0" index="1" bw="12" slack="0"/>
<pin id="185" dir="1" index="2" bw="1" slack="1"/>
</pin_list>
<bind>
<opcode="icmp(45) " fcode="icmp"/>
<opset="icmp_ln395/1 "/>
</bind>
</comp>

<comp id="188" class="1004" name="add_ln395_fu_188">
<pin_list>
<pin id="189" dir="0" index="0" bw="12" slack="0"/>
<pin id="190" dir="0" index="1" bw="1" slack="0"/>
<pin id="191" dir="1" index="2" bw="12" slack="0"/>
</pin_list>
<bind>
<opcode="add(8) " fcode="add"/>
<opset="add_ln395/1 "/>
</bind>
</comp>

<comp id="194" class="1004" name="zext_ln395_fu_194">
<pin_list>
<pin id="195" dir="0" index="0" bw="12" slack="0"/>
<pin id="196" dir="1" index="1" bw="17" slack="0"/>
</pin_list>
<bind>
<opcode="zext(34) " fcode="zext"/>
<opset="zext_ln395/1 "/>
</bind>
</comp>

<comp id="198" class="1004" name="zext_ln395_1_fu_198">
<pin_list>
<pin id="199" dir="0" index="0" bw="12" slack="0"/>
<pin id="200" dir="1" index="1" bw="16" slack="0"/>
</pin_list>
<bind>
<opcode="zext(34) " fcode="zext"/>
<opset="zext_ln395_1/1 "/>
</bind>
</comp>

<comp id="202" class="1004" name="icmp_ln408_fu_202">
<pin_list>
<pin id="203" dir="0" index="0" bw="12" slack="0"/>
<pin id="204" dir="0" index="1" bw="16" slack="0"/>
<pin id="205" dir="1" index="2" bw="1" slack="0"/>
</pin_list>
<bind>
<opcode="icmp(45) " fcode="icmp"/>
<opset="icmp_ln408/1 "/>
</bind>
</comp>

<comp id="208" class="1004" name="xor_ln408_fu_208">
<pin_list>
<pin id="209" dir="0" index="0" bw="1" slack="0"/>
<pin id="210" dir="0" index="1" bw="1" slack="0"/>
<pin id="211" dir="1" index="2" bw="1" slack="0"/>
</pin_list>
<bind>
<opcode="xor(25) " fcode="xor"/>
<opset="xor_ln408/1 "/>
</bind>
</comp>

<comp id="214" class="1004" name="icmp_ln409_fu_214">
<pin_list>
<pin id="215" dir="0" index="0" bw="17" slack="0"/>
<pin id="216" dir="0" index="1" bw="12" slack="0"/>
<pin id="217" dir="1" index="2" bw="1" slack="0"/>
</pin_list>
<bind>
<opcode="icmp(45) " fcode="icmp"/>
<opset="icmp_ln409/1 "/>
</bind>
</comp>

<comp id="220" class="1004" name="and_ln407_fu_220">
<pin_list>
<pin id="221" dir="0" index="0" bw="1" slack="0"/>
<pin id="222" dir="0" index="1" bw="1" slack="0"/>
<pin id="223" dir="1" index="2" bw="1" slack="0"/>
</pin_list>
<bind>
<opcode="and(23) " fcode="and"/>
<opset="and_ln407/1 "/>
</bind>
</comp>

<comp id="226" class="1004" name="and_ln407_2_fu_226">
<pin_list>
<pin id="227" dir="0" index="0" bw="1" slack="0"/>
<pin id="228" dir="0" index="1" bw="1" slack="0"/>
<pin id="229" dir="1" index="2" bw="1" slack="0"/>
</pin_list>
<bind>
<opcode="and(23) " fcode="and"/>
<opset="and_ln407_2/1 "/>
</bind>
</comp>

<comp id="232" class="1004" name="and_ln407_1_fu_232">
<pin_list>
<pin id="233" dir="0" index="0" bw="1" slack="0"/>
<pin id="234" dir="0" index="1" bw="1" slack="0"/>
<pin id="235" dir="1" index="2" bw="1" slack="0"/>
</pin_list>
<bind>
<opcode="and(23) " fcode="and"/>
<opset="and_ln407_1/1 "/>
</bind>
</comp>

<comp id="238" class="1004" name="and_ln407_3_fu_238">
<pin_list>
<pin id="239" dir="0" index="0" bw="1" slack="0"/>
<pin id="240" dir="0" index="1" bw="1" slack="0"/>
<pin id="241" dir="1" index="2" bw="1" slack="1"/>
</pin_list>
<bind>
<opcode="and(23) " fcode="and"/>
<opset="and_ln407_3/1 "/>
</bind>
</comp>

<comp id="244" class="1004" name="store_ln366_store_fu_244">
<pin_list>
<pin id="245" dir="0" index="0" bw="12" slack="0"/>
<pin id="246" dir="0" index="1" bw="12" slack="0"/>
<pin id="247" dir="1" index="2" bw="0" slack="2147483647"/>
</pin_list>
<bind>
<opcode="store(28) " fcode="store"/>
<opset="store_ln366/1 "/>
</bind>
</comp>

<comp id="249" class="1004" name="trunc_ln400_fu_249">
<pin_list>
<pin id="250" dir="0" index="0" bw="24" slack="0"/>
<pin id="251" dir="1" index="1" bw="8" slack="1"/>
</pin_list>
<bind>
<opcode="trunc(33) " fcode="trunc"/>
<opset="trunc_ln400/2 "/>
</bind>
</comp>

<comp id="253" class="1004" name="trunc_ln414_fu_253">
<pin_list>
<pin id="254" dir="0" index="0" bw="24" slack="0"/>
<pin id="255" dir="1" index="1" bw="8" slack="0"/>
</pin_list>
<bind>
<opcode="trunc(33) " fcode="trunc"/>
<opset="trunc_ln414/2 "/>
</bind>
</comp>

<comp id="257" class="1004" name="trunc_ln414_1_fu_257">
<pin_list>
<pin id="258" dir="0" index="0" bw="8" slack="0"/>
<pin id="259" dir="0" index="1" bw="24" slack="0"/>
<pin id="260" dir="0" index="2" bw="5" slack="0"/>
<pin id="261" dir="0" index="3" bw="5" slack="0"/>
<pin id="262" dir="1" index="4" bw="8" slack="0"/>
</pin_list>
<bind>
<opcode="partselect(1002) " fcode="partselect"/>
<opset="trunc_ln414_1/2 "/>
</bind>
</comp>

<comp id="267" class="1004" name="trunc_ln414_2_fu_267">
<pin_list>
<pin id="268" dir="0" index="0" bw="8" slack="0"/>
<pin id="269" dir="0" index="1" bw="24" slack="0"/>
<pin id="270" dir="0" index="2" bw="6" slack="0"/>
<pin id="271" dir="0" index="3" bw="6" slack="0"/>
<pin id="272" dir="1" index="4" bw="8" slack="0"/>
</pin_list>
<bind>
<opcode="partselect(1002) " fcode="partselect"/>
<opset="trunc_ln414_2/2 "/>
</bind>
</comp>

<comp id="277" class="1004" name="store_ln414_store_fu_277">
<pin_list>
<pin id="278" dir="0" index="0" bw="8" slack="0"/>
<pin id="279" dir="0" index="1" bw="8" slack="0"/>
<pin id="280" dir="1" index="2" bw="0" slack="2147483647"/>
</pin_list>
<bind>
<opcode="store(28) " fcode="store"/>
<opset="store_ln414/2 "/>
</bind>
</comp>

<comp id="283" class="1004" name="store_ln414_store_fu_283">
<pin_list>
<pin id="284" dir="0" index="0" bw="8" slack="0"/>
<pin id="285" dir="0" index="1" bw="8" slack="0"/>
<pin id="286" dir="1" index="2" bw="0" slack="2147483647"/>
</pin_list>
<bind>
<opcode="store(28) " fcode="store"/>
<opset="store_ln414/2 "/>
</bind>
</comp>

<comp id="289" class="1004" name="store_ln414_store_fu_289">
<pin_list>
<pin id="290" dir="0" index="0" bw="8" slack="0"/>
<pin id="291" dir="0" index="1" bw="8" slack="0"/>
<pin id="292" dir="1" index="2" bw="0" slack="2147483647"/>
</pin_list>
<bind>
<opcode="store(28) " fcode="store"/>
<opset="store_ln414/2 "/>
</bind>
</comp>

<comp id="295" class="1004" name="tmp_1_fu_295">
<pin_list>
<pin id="296" dir="0" index="0" bw="8" slack="0"/>
<pin id="297" dir="0" index="1" bw="24" slack="0"/>
<pin id="298" dir="0" index="2" bw="5" slack="0"/>
<pin id="299" dir="0" index="3" bw="5" slack="0"/>
<pin id="300" dir="1" index="4" bw="8" slack="1"/>
</pin_list>
<bind>
<opcode="partselect(1002) " fcode="partselect"/>
<opset="tmp_1/2 "/>
</bind>
</comp>

<comp id="305" class="1004" name="tmp_4_fu_305">
<pin_list>
<pin id="306" dir="0" index="0" bw="8" slack="0"/>
<pin id="307" dir="0" index="1" bw="24" slack="0"/>
<pin id="308" dir="0" index="2" bw="6" slack="0"/>
<pin id="309" dir="0" index="3" bw="6" slack="0"/>
<pin id="310" dir="1" index="4" bw="8" slack="1"/>
</pin_list>
<bind>
<opcode="partselect(1002) " fcode="partselect"/>
<opset="tmp_4/2 "/>
</bind>
</comp>

<comp id="315" class="1004" name="p_out2_load_load_fu_315">
<pin_list>
<pin id="316" dir="0" index="0" bw="8" slack="0"/>
<pin id="317" dir="1" index="1" bw="8" slack="0"/>
</pin_list>
<bind>
<opcode="load(27) " fcode="load"/>
<opset="p_out2_load/3 "/>
</bind>
</comp>

<comp id="319" class="1004" name="p_out1_load_load_fu_319">
<pin_list>
<pin id="320" dir="0" index="0" bw="8" slack="0"/>
<pin id="321" dir="1" index="1" bw="8" slack="0"/>
</pin_list>
<bind>
<opcode="load(27) " fcode="load"/>
<opset="p_out1_load/3 "/>
</bind>
</comp>

<comp id="323" class="1004" name="p_out_load_load_fu_323">
<pin_list>
<pin id="324" dir="0" index="0" bw="8" slack="0"/>
<pin id="325" dir="1" index="1" bw="8" slack="0"/>
</pin_list>
<bind>
<opcode="load(27) " fcode="load"/>
<opset="p_out_load/3 "/>
</bind>
</comp>

<comp id="327" class="1004" name="zext_ln426_fu_327">
<pin_list>
<pin id="328" dir="0" index="0" bw="8" slack="0"/>
<pin id="329" dir="1" index="1" bw="9" slack="0"/>
</pin_list>
<bind>
<opcode="zext(34) " fcode="zext"/>
<opset="zext_ln426/3 "/>
</bind>
</comp>

<comp id="331" class="1004" name="zext_ln426_1_fu_331">
<pin_list>
<pin id="332" dir="0" index="0" bw="8" slack="1"/>
<pin id="333" dir="1" index="1" bw="9" slack="0"/>
</pin_list>
<bind>
<opcode="zext(34) " fcode="zext"/>
<opset="zext_ln426_1/3 "/>
</bind>
</comp>

<comp id="334" class="1004" name="sub_ln426_fu_334">
<pin_list>
<pin id="335" dir="0" index="0" bw="8" slack="0"/>
<pin id="336" dir="0" index="1" bw="8" slack="0"/>
<pin id="337" dir="1" index="2" bw="9" slack="0"/>
</pin_list>
<bind>
<opcode="sub(10) " fcode="sub"/>
<opset="sub_ln426/3 "/>
</bind>
</comp>

<comp id="340" class="1004" name="sext_ln425_fu_340">
<pin_list>
<pin id="341" dir="0" index="0" bw="9" slack="0"/>
<pin id="342" dir="1" index="1" bw="16" slack="0"/>
</pin_list>
<bind>
<opcode="sext(35) " fcode="sext"/>
<opset="sext_ln425/3 "/>
</bind>
</comp>

<comp id="344" class="1004" name="zext_ln425_fu_344">
<pin_list>
<pin id="345" dir="0" index="0" bw="9" slack="0"/>
<pin id="346" dir="1" index="1" bw="16" slack="0"/>
</pin_list>
<bind>
<opcode="zext(34) " fcode="zext"/>
<opset="zext_ln425/3 "/>
</bind>
</comp>

<comp id="348" class="1004" name="zext_ln426_2_fu_348">
<pin_list>
<pin id="349" dir="0" index="0" bw="8" slack="0"/>
<pin id="350" dir="1" index="1" bw="9" slack="0"/>
</pin_list>
<bind>
<opcode="zext(34) " fcode="zext"/>
<opset="zext_ln426_2/3 "/>
</bind>
</comp>

<comp id="352" class="1004" name="zext_ln426_4_fu_352">
<pin_list>
<pin id="353" dir="0" index="0" bw="8" slack="1"/>
<pin id="354" dir="1" index="1" bw="9" slack="0"/>
</pin_list>
<bind>
<opcode="zext(34) " fcode="zext"/>
<opset="zext_ln426_4/3 "/>
</bind>
</comp>

<comp id="355" class="1004" name="sub_ln426_1_fu_355">
<pin_list>
<pin id="356" dir="0" index="0" bw="8" slack="0"/>
<pin id="357" dir="0" index="1" bw="8" slack="0"/>
<pin id="358" dir="1" index="2" bw="9" slack="0"/>
</pin_list>
<bind>
<opcode="sub(10) " fcode="sub"/>
<opset="sub_ln426_1/3 "/>
</bind>
</comp>

<comp id="361" class="1004" name="sext_ln425_1_fu_361">
<pin_list>
<pin id="362" dir="0" index="0" bw="9" slack="0"/>
<pin id="363" dir="1" index="1" bw="16" slack="0"/>
</pin_list>
<bind>
<opcode="sext(35) " fcode="sext"/>
<opset="sext_ln425_1/3 "/>
</bind>
</comp>

<comp id="365" class="1004" name="zext_ln426_3_fu_365">
<pin_list>
<pin id="366" dir="0" index="0" bw="8" slack="0"/>
<pin id="367" dir="1" index="1" bw="9" slack="0"/>
</pin_list>
<bind>
<opcode="zext(34) " fcode="zext"/>
<opset="zext_ln426_3/3 "/>
</bind>
</comp>

<comp id="369" class="1004" name="zext_ln426_5_fu_369">
<pin_list>
<pin id="370" dir="0" index="0" bw="8" slack="1"/>
<pin id="371" dir="1" index="1" bw="9" slack="0"/>
</pin_list>
<bind>
<opcode="zext(34) " fcode="zext"/>
<opset="zext_ln426_5/3 "/>
</bind>
</comp>

<comp id="372" class="1004" name="sub_ln426_2_fu_372">
<pin_list>
<pin id="373" dir="0" index="0" bw="8" slack="0"/>
<pin id="374" dir="0" index="1" bw="8" slack="0"/>
<pin id="375" dir="1" index="2" bw="9" slack="0"/>
</pin_list>
<bind>
<opcode="sub(10) " fcode="sub"/>
<opset="sub_ln426_2/3 "/>
</bind>
</comp>

<comp id="378" class="1004" name="sext_ln425_2_fu_378">
<pin_list>
<pin id="379" dir="0" index="0" bw="9" slack="0"/>
<pin id="380" dir="1" index="1" bw="16" slack="0"/>
</pin_list>
<bind>
<opcode="sext(35) " fcode="sext"/>
<opset="sext_ln425_2/3 "/>
</bind>
</comp>

<comp id="382" class="1004" name="shl_ln_fu_382">
<pin_list>
<pin id="383" dir="0" index="0" bw="16" slack="0"/>
<pin id="384" dir="0" index="1" bw="8" slack="3"/>
<pin id="385" dir="0" index="2" bw="1" slack="0"/>
<pin id="386" dir="1" index="3" bw="16" slack="0"/>
</pin_list>
<bind>
<opcode="bitconcatenate(1004) " fcode="bitconcatenate"/>
<opset="shl_ln/5 "/>
</bind>
</comp>

<comp id="389" class="1004" name="and_ln_fu_389">
<pin_list>
<pin id="390" dir="0" index="0" bw="16" slack="0"/>
<pin id="391" dir="0" index="1" bw="8" slack="3"/>
<pin id="392" dir="0" index="2" bw="1" slack="0"/>
<pin id="393" dir="1" index="3" bw="16" slack="0"/>
</pin_list>
<bind>
<opcode="bitconcatenate(1004) " fcode="bitconcatenate"/>
<opset="and_ln/5 "/>
</bind>
</comp>

<comp id="396" class="1004" name="and_ln427_1_fu_396">
<pin_list>
<pin id="397" dir="0" index="0" bw="16" slack="0"/>
<pin id="398" dir="0" index="1" bw="8" slack="3"/>
<pin id="399" dir="0" index="2" bw="1" slack="0"/>
<pin id="400" dir="1" index="3" bw="16" slack="0"/>
</pin_list>
<bind>
<opcode="bitconcatenate(1004) " fcode="bitconcatenate"/>
<opset="and_ln427_1/5 "/>
</bind>
</comp>

<comp id="403" class="1004" name="trunc_ln7_fu_403">
<pin_list>
<pin id="404" dir="0" index="0" bw="8" slack="0"/>
<pin id="405" dir="0" index="1" bw="16" slack="0"/>
<pin id="406" dir="0" index="2" bw="5" slack="0"/>
<pin id="407" dir="0" index="3" bw="5" slack="0"/>
<pin id="408" dir="1" index="4" bw="8" slack="0"/>
</pin_list>
<bind>
<opcode="partselect(1002) " fcode="partselect"/>
<opset="trunc_ln7/6 "/>
</bind>
</comp>

<comp id="412" class="1004" name="tmp_3_fu_412">
<pin_list>
<pin id="413" dir="0" index="0" bw="8" slack="0"/>
<pin id="414" dir="0" index="1" bw="16" slack="0"/>
<pin id="415" dir="0" index="2" bw="5" slack="0"/>
<pin id="416" dir="0" index="3" bw="5" slack="0"/>
<pin id="417" dir="1" index="4" bw="8" slack="0"/>
</pin_list>
<bind>
<opcode="partselect(1002) " fcode="partselect"/>
<opset="tmp_3/6 "/>
</bind>
</comp>

<comp id="421" class="1004" name="trunc_ln8_fu_421">
<pin_list>
<pin id="422" dir="0" index="0" bw="8" slack="0"/>
<pin id="423" dir="0" index="1" bw="16" slack="0"/>
<pin id="424" dir="0" index="2" bw="5" slack="0"/>
<pin id="425" dir="0" index="3" bw="5" slack="0"/>
<pin id="426" dir="1" index="4" bw="8" slack="0"/>
</pin_list>
<bind>
<opcode="partselect(1002) " fcode="partselect"/>
<opset="trunc_ln8/6 "/>
</bind>
</comp>

<comp id="430" class="1004" name="or_ln430_3_fu_430">
<pin_list>
<pin id="431" dir="0" index="0" bw="24" slack="0"/>
<pin id="432" dir="0" index="1" bw="8" slack="0"/>
<pin id="433" dir="0" index="2" bw="8" slack="0"/>
<pin id="434" dir="0" index="3" bw="8" slack="0"/>
<pin id="435" dir="1" index="4" bw="24" slack="0"/>
</pin_list>
<bind>
<opcode="bitconcatenate(1004) " fcode="bitconcatenate"/>
<opset="or_ln430_3/6 "/>
</bind>
</comp>

<comp id="441" class="1007" name="grp_fu_441">
<pin_list>
<pin id="442" dir="0" index="0" bw="9" slack="0"/>
<pin id="443" dir="0" index="1" bw="9" slack="0"/>
<pin id="444" dir="0" index="2" bw="16" slack="0"/>
<pin id="445" dir="1" index="3" bw="16" slack="0"/>
</pin_list>
<bind>
<opcode="muladd(1172) " fcode="muladd"/>
<opset="mul_ln427/3 add_ln427/5 "/>
</bind>
</comp>

<comp id="450" class="1007" name="grp_fu_450">
<pin_list>
<pin id="451" dir="0" index="0" bw="9" slack="0"/>
<pin id="452" dir="0" index="1" bw="9" slack="0"/>
<pin id="453" dir="0" index="2" bw="16" slack="0"/>
<pin id="454" dir="1" index="3" bw="16" slack="0"/>
</pin_list>
<bind>
<opcode="muladd(1172) " fcode="muladd"/>
<opset="mul_ln427_1/3 add_ln427_1/5 "/>
</bind>
</comp>

<comp id="459" class="1007" name="grp_fu_459">
<pin_list>
<pin id="460" dir="0" index="0" bw="9" slack="0"/>
<pin id="461" dir="0" index="1" bw="9" slack="0"/>
<pin id="462" dir="0" index="2" bw="16" slack="0"/>
<pin id="463" dir="1" index="3" bw="16" slack="0"/>
</pin_list>
<bind>
<opcode="muladd(1172) " fcode="muladd"/>
<opset="mul_ln427_2/3 add_ln427_2/5 "/>
</bind>
</comp>

<comp id="468" class="1005" name="x_reg_468">
<pin_list>
<pin id="469" dir="0" index="0" bw="12" slack="0"/>
<pin id="470" dir="1" index="1" bw="12" slack="0"/>
</pin_list>
<bind>
<opset="x "/>
</bind>
</comp>

<comp id="475" class="1005" name="alpha_read_reg_475">
<pin_list>
<pin id="476" dir="0" index="0" bw="9" slack="2"/>
<pin id="477" dir="1" index="1" bw="9" slack="2"/>
</pin_list>
<bind>
<opset="alpha_read "/>
</bind>
</comp>

<comp id="480" class="1005" name="icmp_ln395_reg_480">
<pin_list>
<pin id="481" dir="0" index="0" bw="1" slack="1"/>
<pin id="482" dir="1" index="1" bw="1" slack="2147483647"/>
</pin_list>
<bind>
<opset="icmp_ln395 "/>
</bind>
</comp>

<comp id="484" class="1005" name="and_ln407_3_reg_484">
<pin_list>
<pin id="485" dir="0" index="0" bw="1" slack="1"/>
<pin id="486" dir="1" index="1" bw="1" slack="2147483647"/>
</pin_list>
<bind>
<opset="and_ln407_3 "/>
</bind>
</comp>

<comp id="488" class="1005" name="trunc_ln400_reg_488">
<pin_list>
<pin id="489" dir="0" index="0" bw="8" slack="1"/>
<pin id="490" dir="1" index="1" bw="8" slack="1"/>
</pin_list>
<bind>
<opset="trunc_ln400 "/>
</bind>
</comp>

<comp id="494" class="1005" name="tmp_1_reg_494">
<pin_list>
<pin id="495" dir="0" index="0" bw="8" slack="1"/>
<pin id="496" dir="1" index="1" bw="8" slack="1"/>
</pin_list>
<bind>
<opset="tmp_1 "/>
</bind>
</comp>

<comp id="500" class="1005" name="tmp_4_reg_500">
<pin_list>
<pin id="501" dir="0" index="0" bw="8" slack="1"/>
<pin id="502" dir="1" index="1" bw="8" slack="1"/>
</pin_list>
<bind>
<opset="tmp_4 "/>
</bind>
</comp>

<comp id="506" class="1005" name="sext_ln425_reg_506">
<pin_list>
<pin id="507" dir="0" index="0" bw="16" slack="1"/>
<pin id="508" dir="1" index="1" bw="16" slack="1"/>
</pin_list>
<bind>
<opset="sext_ln425 "/>
</bind>
</comp>

<comp id="511" class="1005" name="zext_ln425_reg_511">
<pin_list>
<pin id="512" dir="0" index="0" bw="16" slack="1"/>
<pin id="513" dir="1" index="1" bw="16" slack="1"/>
</pin_list>
<bind>
<opset="zext_ln425 "/>
</bind>
</comp>

<comp id="518" class="1005" name="sext_ln425_1_reg_518">
<pin_list>
<pin id="519" dir="0" index="0" bw="16" slack="1"/>
<pin id="520" dir="1" index="1" bw="16" slack="1"/>
</pin_list>
<bind>
<opset="sext_ln425_1 "/>
</bind>
</comp>

<comp id="523" class="1005" name="sext_ln425_2_reg_523">
<pin_list>
<pin id="524" dir="0" index="0" bw="16" slack="1"/>
<pin id="525" dir="1" index="1" bw="16" slack="1"/>
</pin_list>
<bind>
<opset="sext_ln425_2 "/>
</bind>
</comp>

<comp id="528" class="1005" name="shl_ln_reg_528">
<pin_list>
<pin id="529" dir="0" index="0" bw="16" slack="1"/>
<pin id="530" dir="1" index="1" bw="16" slack="1"/>
</pin_list>
<bind>
<opset="shl_ln "/>
</bind>
</comp>

<comp id="533" class="1005" name="and_ln_reg_533">
<pin_list>
<pin id="534" dir="0" index="0" bw="16" slack="1"/>
<pin id="535" dir="1" index="1" bw="16" slack="1"/>
</pin_list>
<bind>
<opset="and_ln "/>
</bind>
</comp>

<comp id="538" class="1005" name="and_ln427_1_reg_538">
<pin_list>
<pin id="539" dir="0" index="0" bw="16" slack="1"/>
<pin id="540" dir="1" index="1" bw="16" slack="1"/>
</pin_list>
<bind>
<opset="and_ln427_1 "/>
</bind>
</comp>

</comp_list>

<net_list>
<net id="101"><net_src comp="26" pin="0"/><net_sink comp="98" pin=0"/></net>

<net id="106"><net_src comp="46" pin="0"/><net_sink comp="102" pin=0"/></net>

<net id="107"><net_src comp="18" pin="0"/><net_sink comp="102" pin=1"/></net>

<net id="112"><net_src comp="46" pin="0"/><net_sink comp="108" pin=0"/></net>

<net id="113"><net_src comp="16" pin="0"/><net_sink comp="108" pin=1"/></net>

<net id="118"><net_src comp="46" pin="0"/><net_sink comp="114" pin=0"/></net>

<net id="119"><net_src comp="14" pin="0"/><net_sink comp="114" pin=1"/></net>

<net id="124"><net_src comp="48" pin="0"/><net_sink comp="120" pin=0"/></net>

<net id="125"><net_src comp="12" pin="0"/><net_sink comp="120" pin=1"/></net>

<net id="130"><net_src comp="50" pin="0"/><net_sink comp="126" pin=0"/></net>

<net id="131"><net_src comp="10" pin="0"/><net_sink comp="126" pin=1"/></net>

<net id="136"><net_src comp="52" pin="0"/><net_sink comp="132" pin=0"/></net>

<net id="137"><net_src comp="2" pin="0"/><net_sink comp="132" pin=1"/></net>

<net id="142"><net_src comp="54" pin="0"/><net_sink comp="138" pin=0"/></net>

<net id="143"><net_src comp="0" pin="0"/><net_sink comp="138" pin=1"/></net>

<net id="148"><net_src comp="74" pin="0"/><net_sink comp="144" pin=0"/></net>

<net id="149"><net_src comp="8" pin="0"/><net_sink comp="144" pin=1"/></net>

<net id="154"><net_src comp="74" pin="0"/><net_sink comp="150" pin=0"/></net>

<net id="155"><net_src comp="6" pin="0"/><net_sink comp="150" pin=1"/></net>

<net id="161"><net_src comp="96" pin="0"/><net_sink comp="156" pin=0"/></net>

<net id="162"><net_src comp="4" pin="0"/><net_sink comp="156" pin=1"/></net>

<net id="166"><net_src comp="86" pin="0"/><net_sink comp="163" pin=0"/></net>

<net id="173"><net_src comp="163" pin="1"/><net_sink comp="167" pin=2"/></net>

<net id="178"><net_src comp="56" pin="0"/><net_sink comp="174" pin=0"/></net>

<net id="186"><net_src comp="179" pin="1"/><net_sink comp="182" pin=0"/></net>

<net id="187"><net_src comp="138" pin="2"/><net_sink comp="182" pin=1"/></net>

<net id="192"><net_src comp="179" pin="1"/><net_sink comp="188" pin=0"/></net>

<net id="193"><net_src comp="66" pin="0"/><net_sink comp="188" pin=1"/></net>

<net id="197"><net_src comp="179" pin="1"/><net_sink comp="194" pin=0"/></net>

<net id="201"><net_src comp="179" pin="1"/><net_sink comp="198" pin=0"/></net>

<net id="206"><net_src comp="198" pin="1"/><net_sink comp="202" pin=0"/></net>

<net id="207"><net_src comp="126" pin="2"/><net_sink comp="202" pin=1"/></net>

<net id="212"><net_src comp="202" pin="2"/><net_sink comp="208" pin=0"/></net>

<net id="213"><net_src comp="30" pin="0"/><net_sink comp="208" pin=1"/></net>

<net id="218"><net_src comp="120" pin="2"/><net_sink comp="214" pin=0"/></net>

<net id="219"><net_src comp="194" pin="1"/><net_sink comp="214" pin=1"/></net>

<net id="224"><net_src comp="114" pin="2"/><net_sink comp="220" pin=0"/></net>

<net id="225"><net_src comp="108" pin="2"/><net_sink comp="220" pin=1"/></net>

<net id="230"><net_src comp="102" pin="2"/><net_sink comp="226" pin=0"/></net>

<net id="231"><net_src comp="220" pin="2"/><net_sink comp="226" pin=1"/></net>

<net id="236"><net_src comp="214" pin="2"/><net_sink comp="232" pin=0"/></net>

<net id="237"><net_src comp="226" pin="2"/><net_sink comp="232" pin=1"/></net>

<net id="242"><net_src comp="232" pin="2"/><net_sink comp="238" pin=0"/></net>

<net id="243"><net_src comp="208" pin="2"/><net_sink comp="238" pin=1"/></net>

<net id="248"><net_src comp="188" pin="2"/><net_sink comp="244" pin=0"/></net>

<net id="252"><net_src comp="144" pin="2"/><net_sink comp="249" pin=0"/></net>

<net id="256"><net_src comp="150" pin="2"/><net_sink comp="253" pin=0"/></net>

<net id="263"><net_src comp="76" pin="0"/><net_sink comp="257" pin=0"/></net>

<net id="264"><net_src comp="150" pin="2"/><net_sink comp="257" pin=1"/></net>

<net id="265"><net_src comp="78" pin="0"/><net_sink comp="257" pin=2"/></net>

<net id="266"><net_src comp="80" pin="0"/><net_sink comp="257" pin=3"/></net>

<net id="273"><net_src comp="76" pin="0"/><net_sink comp="267" pin=0"/></net>

<net id="274"><net_src comp="150" pin="2"/><net_sink comp="267" pin=1"/></net>

<net id="275"><net_src comp="82" pin="0"/><net_sink comp="267" pin=2"/></net>

<net id="276"><net_src comp="84" pin="0"/><net_sink comp="267" pin=3"/></net>

<net id="281"><net_src comp="267" pin="4"/><net_sink comp="277" pin=0"/></net>

<net id="282"><net_src comp="20" pin="0"/><net_sink comp="277" pin=1"/></net>

<net id="287"><net_src comp="257" pin="4"/><net_sink comp="283" pin=0"/></net>

<net id="288"><net_src comp="22" pin="0"/><net_sink comp="283" pin=1"/></net>

<net id="293"><net_src comp="253" pin="1"/><net_sink comp="289" pin=0"/></net>

<net id="294"><net_src comp="24" pin="0"/><net_sink comp="289" pin=1"/></net>

<net id="301"><net_src comp="76" pin="0"/><net_sink comp="295" pin=0"/></net>

<net id="302"><net_src comp="144" pin="2"/><net_sink comp="295" pin=1"/></net>

<net id="303"><net_src comp="78" pin="0"/><net_sink comp="295" pin=2"/></net>

<net id="304"><net_src comp="80" pin="0"/><net_sink comp="295" pin=3"/></net>

<net id="311"><net_src comp="76" pin="0"/><net_sink comp="305" pin=0"/></net>

<net id="312"><net_src comp="144" pin="2"/><net_sink comp="305" pin=1"/></net>

<net id="313"><net_src comp="82" pin="0"/><net_sink comp="305" pin=2"/></net>

<net id="314"><net_src comp="84" pin="0"/><net_sink comp="305" pin=3"/></net>

<net id="318"><net_src comp="24" pin="0"/><net_sink comp="315" pin=0"/></net>

<net id="322"><net_src comp="22" pin="0"/><net_sink comp="319" pin=0"/></net>

<net id="326"><net_src comp="20" pin="0"/><net_sink comp="323" pin=0"/></net>

<net id="330"><net_src comp="315" pin="1"/><net_sink comp="327" pin=0"/></net>

<net id="338"><net_src comp="327" pin="1"/><net_sink comp="334" pin=0"/></net>

<net id="339"><net_src comp="331" pin="1"/><net_sink comp="334" pin=1"/></net>

<net id="343"><net_src comp="334" pin="2"/><net_sink comp="340" pin=0"/></net>

<net id="347"><net_src comp="167" pin="4"/><net_sink comp="344" pin=0"/></net>

<net id="351"><net_src comp="319" pin="1"/><net_sink comp="348" pin=0"/></net>

<net id="359"><net_src comp="348" pin="1"/><net_sink comp="355" pin=0"/></net>

<net id="360"><net_src comp="352" pin="1"/><net_sink comp="355" pin=1"/></net>

<net id="364"><net_src comp="355" pin="2"/><net_sink comp="361" pin=0"/></net>

<net id="368"><net_src comp="323" pin="1"/><net_sink comp="365" pin=0"/></net>

<net id="376"><net_src comp="365" pin="1"/><net_sink comp="372" pin=0"/></net>

<net id="377"><net_src comp="369" pin="1"/><net_sink comp="372" pin=1"/></net>

<net id="381"><net_src comp="372" pin="2"/><net_sink comp="378" pin=0"/></net>

<net id="387"><net_src comp="88" pin="0"/><net_sink comp="382" pin=0"/></net>

<net id="388"><net_src comp="90" pin="0"/><net_sink comp="382" pin=2"/></net>

<net id="394"><net_src comp="88" pin="0"/><net_sink comp="389" pin=0"/></net>

<net id="395"><net_src comp="90" pin="0"/><net_sink comp="389" pin=2"/></net>

<net id="401"><net_src comp="88" pin="0"/><net_sink comp="396" pin=0"/></net>

<net id="402"><net_src comp="90" pin="0"/><net_sink comp="396" pin=2"/></net>

<net id="409"><net_src comp="92" pin="0"/><net_sink comp="403" pin=0"/></net>

<net id="410"><net_src comp="78" pin="0"/><net_sink comp="403" pin=2"/></net>

<net id="411"><net_src comp="80" pin="0"/><net_sink comp="403" pin=3"/></net>

<net id="418"><net_src comp="92" pin="0"/><net_sink comp="412" pin=0"/></net>

<net id="419"><net_src comp="78" pin="0"/><net_sink comp="412" pin=2"/></net>

<net id="420"><net_src comp="80" pin="0"/><net_sink comp="412" pin=3"/></net>

<net id="427"><net_src comp="92" pin="0"/><net_sink comp="421" pin=0"/></net>

<net id="428"><net_src comp="78" pin="0"/><net_sink comp="421" pin=2"/></net>

<net id="429"><net_src comp="80" pin="0"/><net_sink comp="421" pin=3"/></net>

<net id="436"><net_src comp="94" pin="0"/><net_sink comp="430" pin=0"/></net>

<net id="437"><net_src comp="421" pin="4"/><net_sink comp="430" pin=1"/></net>

<net id="438"><net_src comp="412" pin="4"/><net_sink comp="430" pin=2"/></net>

<net id="439"><net_src comp="403" pin="4"/><net_sink comp="430" pin=3"/></net>

<net id="440"><net_src comp="430" pin="4"/><net_sink comp="156" pin=2"/></net>

<net id="446"><net_src comp="340" pin="1"/><net_sink comp="441" pin=0"/></net>

<net id="447"><net_src comp="344" pin="1"/><net_sink comp="441" pin=1"/></net>

<net id="448"><net_src comp="382" pin="3"/><net_sink comp="441" pin=2"/></net>

<net id="449"><net_src comp="441" pin="3"/><net_sink comp="403" pin=1"/></net>

<net id="455"><net_src comp="344" pin="1"/><net_sink comp="450" pin=0"/></net>

<net id="456"><net_src comp="361" pin="1"/><net_sink comp="450" pin=1"/></net>

<net id="457"><net_src comp="389" pin="3"/><net_sink comp="450" pin=2"/></net>

<net id="458"><net_src comp="450" pin="3"/><net_sink comp="412" pin=1"/></net>

<net id="464"><net_src comp="344" pin="1"/><net_sink comp="459" pin=0"/></net>

<net id="465"><net_src comp="378" pin="1"/><net_sink comp="459" pin=1"/></net>

<net id="466"><net_src comp="396" pin="3"/><net_sink comp="459" pin=2"/></net>

<net id="467"><net_src comp="459" pin="3"/><net_sink comp="421" pin=1"/></net>

<net id="471"><net_src comp="98" pin="1"/><net_sink comp="468" pin=0"/></net>

<net id="472"><net_src comp="468" pin="1"/><net_sink comp="174" pin=1"/></net>

<net id="473"><net_src comp="468" pin="1"/><net_sink comp="179" pin=0"/></net>

<net id="474"><net_src comp="468" pin="1"/><net_sink comp="244" pin=1"/></net>

<net id="478"><net_src comp="132" pin="2"/><net_sink comp="475" pin=0"/></net>

<net id="479"><net_src comp="475" pin="1"/><net_sink comp="167" pin=0"/></net>

<net id="483"><net_src comp="182" pin="2"/><net_sink comp="480" pin=0"/></net>

<net id="487"><net_src comp="238" pin="2"/><net_sink comp="484" pin=0"/></net>

<net id="491"><net_src comp="249" pin="1"/><net_sink comp="488" pin=0"/></net>

<net id="492"><net_src comp="488" pin="1"/><net_sink comp="331" pin=0"/></net>

<net id="493"><net_src comp="488" pin="1"/><net_sink comp="382" pin=1"/></net>

<net id="497"><net_src comp="295" pin="4"/><net_sink comp="494" pin=0"/></net>

<net id="498"><net_src comp="494" pin="1"/><net_sink comp="352" pin=0"/></net>

<net id="499"><net_src comp="494" pin="1"/><net_sink comp="389" pin=1"/></net>

<net id="503"><net_src comp="305" pin="4"/><net_sink comp="500" pin=0"/></net>

<net id="504"><net_src comp="500" pin="1"/><net_sink comp="369" pin=0"/></net>

<net id="505"><net_src comp="500" pin="1"/><net_sink comp="396" pin=1"/></net>

<net id="509"><net_src comp="340" pin="1"/><net_sink comp="506" pin=0"/></net>

<net id="510"><net_src comp="506" pin="1"/><net_sink comp="441" pin=0"/></net>

<net id="514"><net_src comp="344" pin="1"/><net_sink comp="511" pin=0"/></net>

<net id="515"><net_src comp="511" pin="1"/><net_sink comp="441" pin=1"/></net>

<net id="516"><net_src comp="511" pin="1"/><net_sink comp="450" pin=0"/></net>

<net id="517"><net_src comp="511" pin="1"/><net_sink comp="459" pin=0"/></net>

<net id="521"><net_src comp="361" pin="1"/><net_sink comp="518" pin=0"/></net>

<net id="522"><net_src comp="518" pin="1"/><net_sink comp="450" pin=1"/></net>

<net id="526"><net_src comp="378" pin="1"/><net_sink comp="523" pin=0"/></net>

<net id="527"><net_src comp="523" pin="1"/><net_sink comp="459" pin=1"/></net>

<net id="531"><net_src comp="382" pin="3"/><net_sink comp="528" pin=0"/></net>

<net id="532"><net_src comp="528" pin="1"/><net_sink comp="441" pin=1"/></net>

<net id="536"><net_src comp="389" pin="3"/><net_sink comp="533" pin=0"/></net>

<net id="537"><net_src comp="533" pin="1"/><net_sink comp="450" pin=1"/></net>

<net id="541"><net_src comp="396" pin="3"/><net_sink comp="538" pin=0"/></net>

<net id="542"><net_src comp="538" pin="1"/><net_sink comp="459" pin=1"/></net>

</net_list>

</model> 
---------------- Datapath Model END ------------------

* FSMD analyzer results:
  - Output states:
	Port: outLayer2 | {6 }
	Port: p_out | {2 }
	Port: p_out1 | {2 }
	Port: p_out2 | {2 }
 - Input state : 
	Port: v_mix_core_alpha<true, false>_Pipeline_VITIS_LOOP_395_3 : hwReg_width_val | {1 }
	Port: v_mix_core_alpha<true, false>_Pipeline_VITIS_LOOP_395_3 : alpha | {1 }
	Port: v_mix_core_alpha<true, false>_Pipeline_VITIS_LOOP_395_3 : srcLayer2x | {2 }
	Port: v_mix_core_alpha<true, false>_Pipeline_VITIS_LOOP_395_3 : outLayer1 | {2 }
	Port: v_mix_core_alpha<true, false>_Pipeline_VITIS_LOOP_395_3 : hwReg_layerStartX_2_val | {1 }
	Port: v_mix_core_alpha<true, false>_Pipeline_VITIS_LOOP_395_3 : add75 | {1 }
	Port: v_mix_core_alpha<true, false>_Pipeline_VITIS_LOOP_395_3 : cmp65 | {1 }
	Port: v_mix_core_alpha<true, false>_Pipeline_VITIS_LOOP_395_3 : rev7 | {1 }
	Port: v_mix_core_alpha<true, false>_Pipeline_VITIS_LOOP_395_3 : empty | {1 }
	Port: v_mix_core_alpha<true, false>_Pipeline_VITIS_LOOP_395_3 : p_out | {3 }
	Port: v_mix_core_alpha<true, false>_Pipeline_VITIS_LOOP_395_3 : p_out1 | {3 }
	Port: v_mix_core_alpha<true, false>_Pipeline_VITIS_LOOP_395_3 : p_out2 | {3 }
  - Chain level:
	State 1
		store_ln366 : 1
		x_12 : 1
		icmp_ln395 : 2
		add_ln395 : 2
		br_ln395 : 3
		zext_ln395 : 2
		zext_ln395_1 : 2
		icmp_ln408 : 3
		xor_ln408 : 4
		icmp_ln409 : 3
		and_ln407_1 : 4
		and_ln407_3 : 4
		br_ln407 : 4
		store_ln366 : 3
	State 2
		store_ln414 : 1
		store_ln414 : 1
		store_ln414 : 1
	State 3
		zext_ln426 : 1
		sub_ln426 : 2
		sext_ln425 : 3
		zext_ln425 : 1
		mul_ln427 : 4
		zext_ln426_2 : 1
		sub_ln426_1 : 2
		sext_ln425_1 : 3
		mul_ln427_1 : 4
		zext_ln426_3 : 1
		sub_ln426_2 : 2
		sext_ln425_2 : 3
		mul_ln427_2 : 4
	State 4
	State 5
		add_ln427 : 1
		add_ln427_1 : 1
		add_ln427_2 : 1
	State 6
		trunc_ln7 : 1
		tmp_3 : 1
		trunc_ln8 : 1
		or_ln430_3 : 2
		write_ln430 : 3


============================================================
+ Verbose Summary: Datapath Resource usage 
============================================================

* Functional unit list:
|----------|------------------------------------------|---------|---------|---------|
| Operation|              Functional Unit             |   DSP   |    FF   |   LUT   |
|----------|------------------------------------------|---------|---------|---------|
|          |             icmp_ln395_fu_182            |    0    |    0    |    19   |
|   icmp   |             icmp_ln408_fu_202            |    0    |    0    |    23   |
|          |             icmp_ln409_fu_214            |    0    |    0    |    24   |
|----------|------------------------------------------|---------|---------|---------|
|          |             sub_ln426_fu_334             |    0    |    0    |    15   |
|    sub   |            sub_ln426_1_fu_355            |    0    |    0    |    15   |
|          |            sub_ln426_2_fu_372            |    0    |    0    |    15   |
|----------|------------------------------------------|---------|---------|---------|
|    add   |             add_ln395_fu_188             |    0    |    0    |    19   |
|----------|------------------------------------------|---------|---------|---------|
|          |             and_ln407_fu_220             |    0    |    0    |    2    |
|    and   |            and_ln407_2_fu_226            |    0    |    0    |    2    |
|          |            and_ln407_1_fu_232            |    0    |    0    |    2    |
|          |            and_ln407_3_fu_238            |    0    |    0    |    2    |
|----------|------------------------------------------|---------|---------|---------|
|          |                grp_fu_441                |    1    |    0    |    0    |
|  muladd  |                grp_fu_450                |    1    |    0    |    0    |
|          |                grp_fu_459                |    1    |    0    |    0    |
|----------|------------------------------------------|---------|---------|---------|
|    xor   |             xor_ln408_fu_208             |    0    |    0    |    2    |
|----------|------------------------------------------|---------|---------|---------|
|          |              tmp_read_fu_102             |    0    |    0    |    0    |
|          |           rev7_read_read_fu_108          |    0    |    0    |    0    |
|          |          cmp65_read_read_fu_114          |    0    |    0    |    0    |
|          |          add75_read_read_fu_120          |    0    |    0    |    0    |
|   read   | hwReg_layerStartX_2_val_read_read_fu_126 |    0    |    0    |    0    |
|          |          alpha_read_read_fu_132          |    0    |    0    |    0    |
|          |     hwReg_width_val_read_read_fu_138     |    0    |    0    |    0    |
|          |        outLayer1_read_read_fu_144        |    0    |    0    |    0    |
|          |        srcLayer2x_read_read_fu_150       |    0    |    0    |    0    |
|----------|------------------------------------------|---------|---------|---------|
|   write  |         write_ln430_write_fu_156         |    0    |    0    |    0    |
|----------|------------------------------------------|---------|---------|---------|
|          |             zext_ln395_fu_194            |    0    |    0    |    0    |
|          |            zext_ln395_1_fu_198           |    0    |    0    |    0    |
|          |             zext_ln426_fu_327            |    0    |    0    |    0    |
|          |            zext_ln426_1_fu_331           |    0    |    0    |    0    |
|   zext   |             zext_ln425_fu_344            |    0    |    0    |    0    |
|          |            zext_ln426_2_fu_348           |    0    |    0    |    0    |
|          |            zext_ln426_4_fu_352           |    0    |    0    |    0    |
|          |            zext_ln426_3_fu_365           |    0    |    0    |    0    |
|          |            zext_ln426_5_fu_369           |    0    |    0    |    0    |
|----------|------------------------------------------|---------|---------|---------|
|   trunc  |            trunc_ln400_fu_249            |    0    |    0    |    0    |
|          |            trunc_ln414_fu_253            |    0    |    0    |    0    |
|----------|------------------------------------------|---------|---------|---------|
|          |           trunc_ln414_1_fu_257           |    0    |    0    |    0    |
|          |           trunc_ln414_2_fu_267           |    0    |    0    |    0    |
|          |               tmp_1_fu_295               |    0    |    0    |    0    |
|partselect|               tmp_4_fu_305               |    0    |    0    |    0    |
|          |             trunc_ln7_fu_403             |    0    |    0    |    0    |
|          |               tmp_3_fu_412               |    0    |    0    |    0    |
|          |             trunc_ln8_fu_421             |    0    |    0    |    0    |
|----------|------------------------------------------|---------|---------|---------|
|          |             sext_ln425_fu_340            |    0    |    0    |    0    |
|   sext   |            sext_ln425_1_fu_361           |    0    |    0    |    0    |
|          |            sext_ln425_2_fu_378           |    0    |    0    |    0    |
|----------|------------------------------------------|---------|---------|---------|
|          |               shl_ln_fu_382              |    0    |    0    |    0    |
|bitconcatenate|               and_ln_fu_389              |    0    |    0    |    0    |
|          |            and_ln427_1_fu_396            |    0    |    0    |    0    |
|          |             or_ln430_3_fu_430            |    0    |    0    |    0    |
|----------|------------------------------------------|---------|---------|---------|
|   Total  |                                          |    3    |    0    |   140   |
|----------|------------------------------------------|---------|---------|---------|

Memories:
N/A

* Register list:
+--------------------+--------+
|                    |   FF   |
+--------------------+--------+
|      a_reg_163     |    9   |
| alpha_read_reg_475 |    9   |
| and_ln407_3_reg_484|    1   |
| and_ln427_1_reg_538|   16   |
|   and_ln_reg_533   |   16   |
| icmp_ln395_reg_480 |    1   |
|sext_ln425_1_reg_518|   16   |
|sext_ln425_2_reg_523|   16   |
| sext_ln425_reg_506 |   16   |
|   shl_ln_reg_528   |   16   |
|    tmp_1_reg_494   |    8   |
|    tmp_4_reg_500   |    8   |
| trunc_ln400_reg_488|    8   |
|      x_reg_468     |   12   |
| zext_ln425_reg_511 |   16   |
+--------------------+--------+
|        Total       |   168  |
+--------------------+--------+

* Multiplexer (MUX) list: 
|------------|------|------|------|--------||---------||---------||---------|
|    Comp    |  Pin | Size |  BW  | S x BW ||  Delay  ||    FF   ||   LUT   |
|------------|------|------|------|--------||---------||---------||---------|
| grp_fu_441 |  p0  |   2  |   9  |   18   ||    0    ||    9    |
| grp_fu_441 |  p1  |   3  |   9  |   27   ||    0    ||    14   |
| grp_fu_450 |  p0  |   2  |   9  |   18   ||    0    ||    9    |
| grp_fu_450 |  p1  |   3  |   9  |   27   ||    0    ||    14   |
| grp_fu_459 |  p0  |   2  |   9  |   18   ||    0    ||    9    |
| grp_fu_459 |  p1  |   3  |   9  |   27   ||    0    ||    14   |
|------------|------|------|------|--------||---------||---------||---------|
|    Total   |      |      |      |   135  ||  3.108  ||    0    ||    69   |
|------------|------|------|------|--------||---------||---------||---------|



* Summary:
+-----------+--------+--------+--------+--------+
|           |   DSP  |  Delay |   FF   |   LUT  |
+-----------+--------+--------+--------+--------+
|  Function |    3   |    -   |    0   |   140  |
|   Memory  |    -   |    -   |    -   |    -   |
|Multiplexer|    -   |    3   |    0   |   69   |
|  Register |    -   |    -   |   168  |    -   |
+-----------+--------+--------+--------+--------+
|   Total   |    3   |    3   |   168  |   209  |
+-----------+--------+--------+--------+--------+
