

================================================================
== Vitis HLS Report for 'v_mix_core_alpha_true_false_s'
================================================================
* Date:           Sat Sep  6 13:59:17 2025

* Version:        2025.1 (Build 6135595 on May 21 2025)
* Project:        prj
* Solution:       sol (Vivado IP Flow Target)
* Product family: zynquplus
* Target device:  xczu3eg-sfvc784-1-e


================================================================
== Performance Estimates
================================================================
+ Timing: 
    * Summary: 
    +--------+---------+----------+------------+
    |  Clock |  Target | Estimated| Uncertainty|
    +--------+---------+----------+------------+
    |ap_clk  |  5.00 ns|  3.195 ns|     1.35 ns|
    +--------+---------+----------+------------+

+ Latency: 
    * Summary: 
    +---------+---------+-----------+-----------+------+---------+---------+
    |  Latency (cycles) |   Latency (absolute)  |    Interval    | Pipeline|
    |   min   |   max   |    min    |    max    |  min |   max   |   Type  |
    +---------+---------+-----------+-----------+------+---------+---------+
    |     4610|  8311682|  23.050 us|  41.558 ms|  4610|  8311682|       no|
    +---------+---------+-----------+-----------+------+---------+---------+

    + Detail: 
        * Instance: 
        N/A

        * Loop: 
        +--------------------+---------+---------+-----------+-----------+-----------+-----------+----------+
        |                    |  Latency (cycles) | Iteration |  Initiation Interval  |    Trip   |          |
        |      Loop Name     |   min   |   max   |  Latency  |  achieved |   target  |   Count   | Pipelined|
        +--------------------+---------+---------+-----------+-----------+-----------+-----------+----------+
        |- VITIS_LOOP_393_2  |     4608|  8311680|  72 ~ 3848|          -|          -|  64 ~ 2160|        no|
        +--------------------+---------+---------+-----------+-----------+-----------+-----------+----------+

============================================================
+ Verbose Summary: Synthesis Manager
============================================================
InlineROM: 1
ExposeGlobal: 0
============================================================
+ Verbose Summary: CDFG Model
============================================================
IsTopModel: 0
ResetActiveHigh: 1
IsCombinational: 2
IsDatapathOnly: 0
HasWiredReturn: 1
HasMFsm: 0
HasVarLatency: 1
IsPipeline: 0
IsRtlPipelined: 0
IsInstanceOverlapped: 0
IsDontTouch: 0
HasImplIP: 0
IsGatedGlobalClock: 0


============================================================
+ Verbose Summary: Schedule
============================================================
* Number of FSM states : 4
* Pipeline : 0
* Dataflow Pipeline: 0

* FSM state transitions: 
1 --> 2 
2 --> 3 
3 --> 4 
4 --> 3 

* FSM state operations: 

State 1 <SV = 0> <Delay = 0.48>
ST_1 : Operation 5 [1/1] (0.00ns)   --->   "%p_lcssa20 = alloca i32 1"   --->   Operation 5 'alloca' 'p_lcssa20' <Predicate = true> <Delay = 0.00>
ST_1 : Operation 6 [1/1] (0.00ns)   --->   "%p_lcssa1023 = alloca i32 1"   --->   Operation 6 'alloca' 'p_lcssa1023' <Predicate = true> <Delay = 0.00>
ST_1 : Operation 7 [1/1] (0.00ns)   --->   "%p_lcssa1126 = alloca i32 1"   --->   Operation 7 'alloca' 'p_lcssa1126' <Predicate = true> <Delay = 0.00>
ST_1 : Operation 8 [1/1] (0.00ns)   --->   "%y = alloca i32 1" [/home/e/Documents/research/byotee/OSDZU3_Ref_Design/OSDZU3_Ref_Design.runs/design_1_v_mix_0_0_synth_1/prj/sol/.autopilot/db/v_mix.cpp:366]   --->   Operation 8 'alloca' 'y' <Predicate = true> <Delay = 0.00>
ST_1 : Operation 9 [1/1] (0.00ns)   --->   "%hwReg_layerAlpha_2_val_read = read i9 @_ssdm_op_Read.ap_auto.i9, i9 %hwReg_layerAlpha_2_val"   --->   Operation 9 'read' 'hwReg_layerAlpha_2_val_read' <Predicate = true> <Delay = 0.00>
ST_1 : Operation 10 [2/2] (0.00ns)   --->   "%alpha = call i9 @reg<unsigned short>12, i9 %hwReg_layerAlpha_2_val_read" [/home/e/Documents/research/byotee/OSDZU3_Ref_Design/OSDZU3_Ref_Design.runs/design_1_v_mix_0_0_synth_1/prj/sol/.autopilot/db/v_mix.cpp:377]   --->   Operation 10 'call' 'alpha' <Predicate = true> <Delay = 0.00> <CoreType = "Generic">   --->   Generic Core
ST_1 : Operation 11 [1/1] (0.48ns)   --->   "%store_ln366 = store i12 0, i12 %y" [/home/e/Documents/research/byotee/OSDZU3_Ref_Design/OSDZU3_Ref_Design.runs/design_1_v_mix_0_0_synth_1/prj/sol/.autopilot/db/v_mix.cpp:366]   --->   Operation 11 'store' 'store_ln366' <Predicate = true> <Delay = 0.48>

State 2 <SV = 1> <Delay = 2.03>
ST_2 : Operation 12 [1/1] (0.00ns)   --->   "%hwReg_layerScaleFactor_2_val_read = read i8 @_ssdm_op_Read.ap_auto.i8, i8 %hwReg_layerScaleFactor_2_val"   --->   Operation 12 'read' 'hwReg_layerScaleFactor_2_val_read' <Predicate = true> <Delay = 0.00>
ST_2 : Operation 13 [1/1] (0.00ns)   --->   "%hwReg_layerHeight_2_val_read = read i16 @_ssdm_op_Read.ap_auto.i16, i16 %hwReg_layerHeight_2_val"   --->   Operation 13 'read' 'hwReg_layerHeight_2_val_read' <Predicate = true> <Delay = 0.00>
ST_2 : Operation 14 [1/1] (0.00ns)   --->   "%hwReg_layerWidth_2_val_read = read i16 @_ssdm_op_Read.ap_auto.i16, i16 %hwReg_layerWidth_2_val"   --->   Operation 14 'read' 'hwReg_layerWidth_2_val_read' <Predicate = true> <Delay = 0.00>
ST_2 : Operation 15 [1/1] (0.00ns)   --->   "%hwReg_layerStartY_2_val_read = read i16 @_ssdm_op_Read.ap_auto.i16, i16 %hwReg_layerStartY_2_val"   --->   Operation 15 'read' 'hwReg_layerStartY_2_val_read' <Predicate = true> <Delay = 0.00>
ST_2 : Operation 16 [1/1] (0.00ns)   --->   "%hwReg_layerStartX_2_val_read = read i16 @_ssdm_op_Read.ap_auto.i16, i16 %hwReg_layerStartX_2_val"   --->   Operation 16 'read' 'hwReg_layerStartX_2_val_read' <Predicate = true> <Delay = 0.00>
ST_2 : Operation 17 [1/1] (0.00ns)   --->   "%hwReg_layerEnable_val_read = read i3 @_ssdm_op_Read.ap_auto.i3, i3 %hwReg_layerEnable_val"   --->   Operation 17 'read' 'hwReg_layerEnable_val_read' <Predicate = true> <Delay = 0.00>
ST_2 : Operation 18 [1/1] (0.00ns)   --->   "%hwReg_height_val_read = read i12 @_ssdm_op_Read.ap_auto.i12, i12 %hwReg_height_val"   --->   Operation 18 'read' 'hwReg_height_val_read' <Predicate = true> <Delay = 0.00>
ST_2 : Operation 19 [1/1] (0.00ns)   --->   "%hwReg_width_val_read = read i12 @_ssdm_op_Read.ap_auto.i12, i12 %hwReg_width_val"   --->   Operation 19 'read' 'hwReg_width_val_read' <Predicate = true> <Delay = 0.00>
ST_2 : Operation 20 [1/1] (0.00ns)   --->   "%specstablecontent_ln0 = specstablecontent void @_ssdm_op_SpecStableContent, i8 %hwReg_layerScaleFactor_2_val, i1 1, void @p_str"   --->   Operation 20 'specstablecontent' 'specstablecontent_ln0' <Predicate = true> <Delay = 0.00>
ST_2 : Operation 21 [1/1] (0.00ns)   --->   "%specstablecontent_ln0 = specstablecontent void @_ssdm_op_SpecStableContent, i16 %hwReg_layerHeight_2_val, i1 1, void @p_str"   --->   Operation 21 'specstablecontent' 'specstablecontent_ln0' <Predicate = true> <Delay = 0.00>
ST_2 : Operation 22 [1/1] (0.00ns)   --->   "%specstablecontent_ln0 = specstablecontent void @_ssdm_op_SpecStableContent, i16 %hwReg_layerWidth_2_val, i1 1, void @p_str"   --->   Operation 22 'specstablecontent' 'specstablecontent_ln0' <Predicate = true> <Delay = 0.00>
ST_2 : Operation 23 [1/1] (0.00ns)   --->   "%specstablecontent_ln0 = specstablecontent void @_ssdm_op_SpecStableContent, i16 %hwReg_layerStartY_2_val, i1 1, void @p_str"   --->   Operation 23 'specstablecontent' 'specstablecontent_ln0' <Predicate = true> <Delay = 0.00>
ST_2 : Operation 24 [1/1] (0.00ns)   --->   "%specstablecontent_ln0 = specstablecontent void @_ssdm_op_SpecStableContent, i16 %hwReg_layerStartX_2_val, i1 1, void @p_str"   --->   Operation 24 'specstablecontent' 'specstablecontent_ln0' <Predicate = true> <Delay = 0.00>
ST_2 : Operation 25 [1/1] (0.00ns)   --->   "%specstablecontent_ln0 = specstablecontent void @_ssdm_op_SpecStableContent, i9 %hwReg_layerAlpha_2_val, i1 1, void @p_str"   --->   Operation 25 'specstablecontent' 'specstablecontent_ln0' <Predicate = true> <Delay = 0.00>
ST_2 : Operation 26 [1/1] (0.00ns)   --->   "%specstablecontent_ln0 = specstablecontent void @_ssdm_op_SpecStableContent, i3 %hwReg_layerEnable_val, i1 1, void @p_str"   --->   Operation 26 'specstablecontent' 'specstablecontent_ln0' <Predicate = true> <Delay = 0.00>
ST_2 : Operation 27 [1/1] (0.00ns)   --->   "%specstablecontent_ln0 = specstablecontent void @_ssdm_op_SpecStableContent, i12 %hwReg_height_val, i1 1, void "   --->   Operation 27 'specstablecontent' 'specstablecontent_ln0' <Predicate = true> <Delay = 0.00>
ST_2 : Operation 28 [1/1] (0.00ns)   --->   "%specstablecontent_ln0 = specstablecontent void @_ssdm_op_SpecStableContent, i12 %hwReg_width_val, i1 1, void "   --->   Operation 28 'specstablecontent' 'specstablecontent_ln0' <Predicate = true> <Delay = 0.00>
ST_2 : Operation 29 [1/1] (0.00ns)   --->   "%specinterface_ln0 = specinterface void @_ssdm_op_SpecInterface, i24 %outLayer2, void @empty_42, i32 0, i32 0, void @empty_0, i32 0, i32 0, void @empty_0, void @empty_0, void @empty_0, i32 0, i32 0, i32 0, i32 0, void @empty_0, void @empty_0, i32 4294967295, i32 0, i32 0"   --->   Operation 29 'specinterface' 'specinterface_ln0' <Predicate = true> <Delay = 0.00>
ST_2 : Operation 30 [1/1] (0.00ns)   --->   "%specinterface_ln0 = specinterface void @_ssdm_op_SpecInterface, i24 %srcLayer2x, void @empty_42, i32 0, i32 0, void @empty_0, i32 0, i32 0, void @empty_0, void @empty_0, void @empty_0, i32 0, i32 0, i32 0, i32 0, void @empty_0, void @empty_0, i32 4294967295, i32 0, i32 0"   --->   Operation 30 'specinterface' 'specinterface_ln0' <Predicate = true> <Delay = 0.00>
ST_2 : Operation 31 [1/1] (0.00ns)   --->   "%specinterface_ln0 = specinterface void @_ssdm_op_SpecInterface, i24 %outLayer1, void @empty_42, i32 0, i32 0, void @empty_0, i32 0, i32 0, void @empty_0, void @empty_0, void @empty_0, i32 0, i32 0, i32 0, i32 0, void @empty_0, void @empty_0, i32 4294967295, i32 0, i32 0"   --->   Operation 31 'specinterface' 'specinterface_ln0' <Predicate = true> <Delay = 0.00>
ST_2 : Operation 32 [1/1] (0.00ns)   --->   "%hwReg_layerScaleFactor_2_val_readcast = zext i8 %hwReg_layerScaleFactor_2_val_read" [/home/e/Documents/research/byotee/OSDZU3_Ref_Design/OSDZU3_Ref_Design.runs/design_1_v_mix_0_0_synth_1/prj/sol/.autopilot/db/v_mix.cpp:375]   --->   Operation 32 'zext' 'hwReg_layerScaleFactor_2_val_readcast' <Predicate = true> <Delay = 0.00>
ST_2 : Operation 33 [1/1] (1.01ns)   --->   "%shl_ln375 = shl i16 %hwReg_layerHeight_2_val_read, i16 %hwReg_layerScaleFactor_2_val_readcast" [/home/e/Documents/research/byotee/OSDZU3_Ref_Design/OSDZU3_Ref_Design.runs/design_1_v_mix_0_0_synth_1/prj/sol/.autopilot/db/v_mix.cpp:375]   --->   Operation 33 'shl' 'shl_ln375' <Predicate = true> <Delay = 1.01> <CoreInst = "Shifter">   --->   Core 75 'Shifter' <Latency = 0> <II = 1> <Delay = 1.01> <FuncUnit> <Opcode : 'shl' 'lshr' 'ashr'> <InPorts = 2> <OutPorts = 1>
ST_2 : Operation 34 [1/1] (0.00ns)   --->   "%hwReg_layerScaleFactor_2_val_readcast30 = zext i8 %hwReg_layerScaleFactor_2_val_read" [/home/e/Documents/research/byotee/OSDZU3_Ref_Design/OSDZU3_Ref_Design.runs/design_1_v_mix_0_0_synth_1/prj/sol/.autopilot/db/v_mix.cpp:376]   --->   Operation 34 'zext' 'hwReg_layerScaleFactor_2_val_readcast30' <Predicate = true> <Delay = 0.00>
ST_2 : Operation 35 [1/1] (1.01ns)   --->   "%shl_ln376 = shl i16 %hwReg_layerWidth_2_val_read, i16 %hwReg_layerScaleFactor_2_val_readcast30" [/home/e/Documents/research/byotee/OSDZU3_Ref_Design/OSDZU3_Ref_Design.runs/design_1_v_mix_0_0_synth_1/prj/sol/.autopilot/db/v_mix.cpp:376]   --->   Operation 35 'shl' 'shl_ln376' <Predicate = true> <Delay = 1.01> <CoreInst = "Shifter">   --->   Core 75 'Shifter' <Latency = 0> <II = 1> <Delay = 1.01> <FuncUnit> <Opcode : 'shl' 'lshr' 'ashr'> <InPorts = 2> <OutPorts = 1>
ST_2 : Operation 36 [1/2] (0.00ns)   --->   "%alpha = call i9 @reg<unsigned short>12, i9 %hwReg_layerAlpha_2_val_read" [/home/e/Documents/research/byotee/OSDZU3_Ref_Design/OSDZU3_Ref_Design.runs/design_1_v_mix_0_0_synth_1/prj/sol/.autopilot/db/v_mix.cpp:377]   --->   Operation 36 'call' 'alpha' <Predicate = true> <Delay = 0.00> <CoreType = "Generic">   --->   Generic Core
ST_2 : Operation 37 [1/1] (0.00ns)   --->   "%hwReg_layerStartY_2_val_cast = zext i16 %hwReg_layerStartY_2_val_read"   --->   Operation 37 'zext' 'hwReg_layerStartY_2_val_cast' <Predicate = true> <Delay = 0.00>
ST_2 : Operation 38 [1/1] (0.00ns)   --->   "%layerHeight_cast = zext i16 %shl_ln375" [/home/e/Documents/research/byotee/OSDZU3_Ref_Design/OSDZU3_Ref_Design.runs/design_1_v_mix_0_0_synth_1/prj/sol/.autopilot/db/v_mix.cpp:375]   --->   Operation 38 'zext' 'layerHeight_cast' <Predicate = true> <Delay = 0.00>
ST_2 : Operation 39 [1/1] (1.01ns)   --->   "%add64 = add i17 %layerHeight_cast, i17 %hwReg_layerStartY_2_val_cast" [/home/e/Documents/research/byotee/OSDZU3_Ref_Design/OSDZU3_Ref_Design.runs/design_1_v_mix_0_0_synth_1/prj/sol/.autopilot/db/v_mix.cpp:375]   --->   Operation 39 'add' 'add64' <Predicate = true> <Delay = 1.01> <CoreInst = "Adder">   --->   Core 1 'Adder' <Latency = 0> <II = 1> <Delay = 1.01> <FuncUnit> <Opcode : 'add' 'sub'> <InPorts = 2> <OutPorts = 1>
ST_2 : Operation 40 [1/1] (0.00ns)   --->   "%hwReg_layerStartX_2_val_cast = zext i16 %hwReg_layerStartX_2_val_read"   --->   Operation 40 'zext' 'hwReg_layerStartX_2_val_cast' <Predicate = true> <Delay = 0.00>
ST_2 : Operation 41 [1/1] (0.00ns)   --->   "%layerWidth_cast = zext i16 %shl_ln376" [/home/e/Documents/research/byotee/OSDZU3_Ref_Design/OSDZU3_Ref_Design.runs/design_1_v_mix_0_0_synth_1/prj/sol/.autopilot/db/v_mix.cpp:376]   --->   Operation 41 'zext' 'layerWidth_cast' <Predicate = true> <Delay = 0.00>
ST_2 : Operation 42 [1/1] (1.01ns)   --->   "%add75 = add i17 %layerWidth_cast, i17 %hwReg_layerStartX_2_val_cast" [/home/e/Documents/research/byotee/OSDZU3_Ref_Design/OSDZU3_Ref_Design.runs/design_1_v_mix_0_0_synth_1/prj/sol/.autopilot/db/v_mix.cpp:376]   --->   Operation 42 'add' 'add75' <Predicate = true> <Delay = 1.01> <CoreInst = "Adder">   --->   Core 1 'Adder' <Latency = 0> <II = 1> <Delay = 1.01> <FuncUnit> <Opcode : 'add' 'sub'> <InPorts = 2> <OutPorts = 1>
ST_2 : Operation 43 [1/1] (0.00ns)   --->   "%tmp_7 = bitselect i1 @_ssdm_op_BitSelect.i1.i3.i32, i3 %hwReg_layerEnable_val_read, i32 2"   --->   Operation 43 'bitselect' 'tmp_7' <Predicate = true> <Delay = 0.00>
ST_2 : Operation 44 [1/1] (0.00ns)   --->   "%br_ln393 = br void %VITIS_LOOP_395_3" [/home/e/Documents/research/byotee/OSDZU3_Ref_Design/OSDZU3_Ref_Design.runs/design_1_v_mix_0_0_synth_1/prj/sol/.autopilot/db/v_mix.cpp:393]   --->   Operation 44 'br' 'br_ln393' <Predicate = true> <Delay = 0.00>

State 3 <SV = 2> <Delay = 3.19>
ST_3 : Operation 45 [1/1] (0.00ns)   --->   "%y_13 = load i12 %y" [/home/e/Documents/research/byotee/OSDZU3_Ref_Design/OSDZU3_Ref_Design.runs/design_1_v_mix_0_0_synth_1/prj/sol/.autopilot/db/v_mix.cpp:393]   --->   Operation 45 'load' 'y_13' <Predicate = true> <Delay = 0.00>
ST_3 : Operation 46 [1/1] (0.96ns)   --->   "%icmp_ln393 = icmp_eq  i12 %y_13, i12 %hwReg_height_val_read" [/home/e/Documents/research/byotee/OSDZU3_Ref_Design/OSDZU3_Ref_Design.runs/design_1_v_mix_0_0_synth_1/prj/sol/.autopilot/db/v_mix.cpp:393]   --->   Operation 46 'icmp' 'icmp_ln393' <Predicate = true> <Delay = 0.96> <CoreInst = "Cmp">   --->   Core 9 'Cmp' <Latency = 0> <II = 1> <Delay = 0.96> <FuncUnit> <Opcode : 'seteq' 'setne' 'setle' 'setge' 'setlt' 'setgt'> <InPorts = 2> <OutPorts = 1>
ST_3 : Operation 47 [1/1] (0.00ns)   --->   "%speclooptripcount_ln0 = speclooptripcount void @_ssdm_op_SpecLoopTripCount, i64 64, i64 2160, i64 0"   --->   Operation 47 'speclooptripcount' 'speclooptripcount_ln0' <Predicate = true> <Delay = 0.00>
ST_3 : Operation 48 [1/1] (0.96ns)   --->   "%add_ln393 = add i12 %y_13, i12 1" [/home/e/Documents/research/byotee/OSDZU3_Ref_Design/OSDZU3_Ref_Design.runs/design_1_v_mix_0_0_synth_1/prj/sol/.autopilot/db/v_mix.cpp:393]   --->   Operation 48 'add' 'add_ln393' <Predicate = true> <Delay = 0.96> <CoreInst = "Adder">   --->   Core 1 'Adder' <Latency = 0> <II = 1> <Delay = 0.96> <FuncUnit> <Opcode : 'add' 'sub'> <InPorts = 2> <OutPorts = 1>
ST_3 : Operation 49 [1/1] (0.00ns)   --->   "%br_ln393 = br i1 %icmp_ln393, void %VITIS_LOOP_395_3.split, void %for.end138" [/home/e/Documents/research/byotee/OSDZU3_Ref_Design/OSDZU3_Ref_Design.runs/design_1_v_mix_0_0_synth_1/prj/sol/.autopilot/db/v_mix.cpp:393]   --->   Operation 49 'br' 'br_ln393' <Predicate = true> <Delay = 0.00>
ST_3 : Operation 50 [1/1] (0.00ns)   --->   "%zext_ln393 = zext i12 %y_13" [/home/e/Documents/research/byotee/OSDZU3_Ref_Design/OSDZU3_Ref_Design.runs/design_1_v_mix_0_0_synth_1/prj/sol/.autopilot/db/v_mix.cpp:393]   --->   Operation 50 'zext' 'zext_ln393' <Predicate = (!icmp_ln393)> <Delay = 0.00>
ST_3 : Operation 51 [1/1] (0.00ns)   --->   "%zext_ln393_1 = zext i12 %y_13" [/home/e/Documents/research/byotee/OSDZU3_Ref_Design/OSDZU3_Ref_Design.runs/design_1_v_mix_0_0_synth_1/prj/sol/.autopilot/db/v_mix.cpp:393]   --->   Operation 51 'zext' 'zext_ln393_1' <Predicate = (!icmp_ln393)> <Delay = 0.00>
ST_3 : Operation 52 [1/1] (1.01ns)   --->   "%ult = icmp_ult  i16 %zext_ln393_1, i16 %hwReg_layerStartY_2_val_read" [/home/e/Documents/research/byotee/OSDZU3_Ref_Design/OSDZU3_Ref_Design.runs/design_1_v_mix_0_0_synth_1/prj/sol/.autopilot/db/v_mix.cpp:393]   --->   Operation 52 'icmp' 'ult' <Predicate = (!icmp_ln393)> <Delay = 1.01> <CoreInst = "Cmp">   --->   Core 9 'Cmp' <Latency = 0> <II = 1> <Delay = 1.01> <FuncUnit> <Opcode : 'seteq' 'setne' 'setle' 'setge' 'setlt' 'setgt'> <InPorts = 2> <OutPorts = 1>
ST_3 : Operation 53 [1/1] (0.33ns)   --->   "%rev29 = xor i1 %ult, i1 1" [/home/e/Documents/research/byotee/OSDZU3_Ref_Design/OSDZU3_Ref_Design.runs/design_1_v_mix_0_0_synth_1/prj/sol/.autopilot/db/v_mix.cpp:393]   --->   Operation 53 'xor' 'rev29' <Predicate = (!icmp_ln393)> <Delay = 0.33> <CoreInst = "LogicGate">   --->   Core 74 'LogicGate' <Latency = 0> <II = 1> <Delay = 0.33> <FuncUnit> <Opcode : 'and' 'or' 'xor'> <InPorts = 2> <OutPorts = 1>
ST_3 : Operation 54 [1/1] (1.02ns)   --->   "%cmp65 = icmp_ugt  i17 %add64, i17 %zext_ln393" [/home/e/Documents/research/byotee/OSDZU3_Ref_Design/OSDZU3_Ref_Design.runs/design_1_v_mix_0_0_synth_1/prj/sol/.autopilot/db/v_mix.cpp:375]   --->   Operation 54 'icmp' 'cmp65' <Predicate = (!icmp_ln393)> <Delay = 1.02> <CoreInst = "Cmp">   --->   Core 9 'Cmp' <Latency = 0> <II = 1> <Delay = 1.02> <FuncUnit> <Opcode : 'seteq' 'setne' 'setle' 'setge' 'setlt' 'setgt'> <InPorts = 2> <OutPorts = 1>
ST_3 : Operation 55 [2/2] (1.84ns)   --->   "%call_ln377 = call void @v_mix_core_alpha<true, false>_Pipeline_VITIS_LOOP_395_3, i12 %hwReg_width_val_read, i9 %alpha, i24 %outLayer2, i24 %srcLayer2x, i24 %outLayer1, i16 %hwReg_layerStartX_2_val_read, i17 %add75, i1 %cmp65, i1 %rev29, i1 %tmp_7, i8 %p_lcssa1126, i8 %p_lcssa1023, i8 %p_lcssa20" [/home/e/Documents/research/byotee/OSDZU3_Ref_Design/OSDZU3_Ref_Design.runs/design_1_v_mix_0_0_synth_1/prj/sol/.autopilot/db/v_mix.cpp:377]   --->   Operation 55 'call' 'call_ln377' <Predicate = (!icmp_ln393)> <Delay = 1.84> <CoreType = "Generic">   --->   Generic Core
ST_3 : Operation 56 [1/1] (0.48ns)   --->   "%store_ln366 = store i12 %add_ln393, i12 %y" [/home/e/Documents/research/byotee/OSDZU3_Ref_Design/OSDZU3_Ref_Design.runs/design_1_v_mix_0_0_synth_1/prj/sol/.autopilot/db/v_mix.cpp:366]   --->   Operation 56 'store' 'store_ln366' <Predicate = (!icmp_ln393)> <Delay = 0.48>
ST_3 : Operation 57 [1/1] (0.00ns)   --->   "%ret_ln433 = ret" [/home/e/Documents/research/byotee/OSDZU3_Ref_Design/OSDZU3_Ref_Design.runs/design_1_v_mix_0_0_synth_1/prj/sol/.autopilot/db/v_mix.cpp:433]   --->   Operation 57 'ret' 'ret_ln433' <Predicate = (icmp_ln393)> <Delay = 0.00>

State 4 <SV = 3> <Delay = 0.00>
ST_4 : Operation 58 [1/1] (0.00ns)   --->   "%specloopname_ln393 = specloopname void @_ssdm_op_SpecLoopName, void @empty_55" [/home/e/Documents/research/byotee/OSDZU3_Ref_Design/OSDZU3_Ref_Design.runs/design_1_v_mix_0_0_synth_1/prj/sol/.autopilot/db/v_mix.cpp:393]   --->   Operation 58 'specloopname' 'specloopname_ln393' <Predicate = true> <Delay = 0.00>
ST_4 : Operation 59 [1/2] (0.00ns)   --->   "%call_ln377 = call void @v_mix_core_alpha<true, false>_Pipeline_VITIS_LOOP_395_3, i12 %hwReg_width_val_read, i9 %alpha, i24 %outLayer2, i24 %srcLayer2x, i24 %outLayer1, i16 %hwReg_layerStartX_2_val_read, i17 %add75, i1 %cmp65, i1 %rev29, i1 %tmp_7, i8 %p_lcssa1126, i8 %p_lcssa1023, i8 %p_lcssa20" [/home/e/Documents/research/byotee/OSDZU3_Ref_Design/OSDZU3_Ref_Design.runs/design_1_v_mix_0_0_synth_1/prj/sol/.autopilot/db/v_mix.cpp:377]   --->   Operation 59 'call' 'call_ln377' <Predicate = true> <Delay = 0.00> <CoreType = "Generic">   --->   Generic Core
ST_4 : Operation 60 [1/1] (0.00ns)   --->   "%br_ln393 = br void %VITIS_LOOP_395_3" [/home/e/Documents/research/byotee/OSDZU3_Ref_Design/OSDZU3_Ref_Design.runs/design_1_v_mix_0_0_synth_1/prj/sol/.autopilot/db/v_mix.cpp:393]   --->   Operation 60 'br' 'br_ln393' <Predicate = true> <Delay = 0.00>


============================================================
+ Verbose Summary: Timing violations
============================================================
Target clock period: 5.000ns, clock uncertainty: 1.350ns.

 <State 1>: 0.489ns
The critical path consists of the following:
	'alloca' operation 12 bit ('y', /home/e/Documents/research/byotee/OSDZU3_Ref_Design/OSDZU3_Ref_Design.runs/design_1_v_mix_0_0_synth_1/prj/sol/.autopilot/db/v_mix.cpp:366) [16]  (0.000 ns)
	'store' operation 0 bit ('store_ln366', /home/e/Documents/research/byotee/OSDZU3_Ref_Design/OSDZU3_Ref_Design.runs/design_1_v_mix_0_0_synth_1/prj/sol/.autopilot/db/v_mix.cpp:366) of constant 0 on local variable 'y', /home/e/Documents/research/byotee/OSDZU3_Ref_Design/OSDZU3_Ref_Design.runs/design_1_v_mix_0_0_synth_1/prj/sol/.autopilot/db/v_mix.cpp:366 [50]  (0.489 ns)

 <State 2>: 2.033ns
The critical path consists of the following:
	wire read operation ('hwReg_layerScaleFactor_2_val_read') on port 'hwReg_layerScaleFactor_2_val' [17]  (0.000 ns)
	'shl' operation 16 bit ('layerHeight', /home/e/Documents/research/byotee/OSDZU3_Ref_Design/OSDZU3_Ref_Design.runs/design_1_v_mix_0_0_synth_1/prj/sol/.autopilot/db/v_mix.cpp:375) [39]  (1.017 ns)
	'add' operation 17 bit ('add64', /home/e/Documents/research/byotee/OSDZU3_Ref_Design/OSDZU3_Ref_Design.runs/design_1_v_mix_0_0_synth_1/prj/sol/.autopilot/db/v_mix.cpp:375) [45]  (1.016 ns)

 <State 3>: 3.195ns
The critical path consists of the following:
	'load' operation 12 bit ('y', /home/e/Documents/research/byotee/OSDZU3_Ref_Design/OSDZU3_Ref_Design.runs/design_1_v_mix_0_0_synth_1/prj/sol/.autopilot/db/v_mix.cpp:393) on local variable 'y', /home/e/Documents/research/byotee/OSDZU3_Ref_Design/OSDZU3_Ref_Design.runs/design_1_v_mix_0_0_synth_1/prj/sol/.autopilot/db/v_mix.cpp:366 [53]  (0.000 ns)
	'icmp' operation 1 bit ('ult', /home/e/Documents/research/byotee/OSDZU3_Ref_Design/OSDZU3_Ref_Design.runs/design_1_v_mix_0_0_synth_1/prj/sol/.autopilot/db/v_mix.cpp:393) [62]  (1.016 ns)
	'xor' operation 1 bit ('rev29', /home/e/Documents/research/byotee/OSDZU3_Ref_Design/OSDZU3_Ref_Design.runs/design_1_v_mix_0_0_synth_1/prj/sol/.autopilot/db/v_mix.cpp:393) [63]  (0.331 ns)
	'call' operation 0 bit ('call_ln377', /home/e/Documents/research/byotee/OSDZU3_Ref_Design/OSDZU3_Ref_Design.runs/design_1_v_mix_0_0_synth_1/prj/sol/.autopilot/db/v_mix.cpp:377) to 'v_mix_core_alpha<true, false>_Pipeline_VITIS_LOOP_395_3' [65]  (1.848 ns)

 <State 4>: 0.000ns
The critical path consists of the following:


============================================================
+ Verbose Summary: Binding
============================================================
N/A
* FSMD analyzer results:
  - Output states:
 - Input state : 
  - Chain level:
	State 1
	State 2
	State 3
	State 4


============================================================
+ Verbose Summary: Datapath Resource usage 
============================================================
N/A
