

================================================================
== Vitis HLS Report for 'v_mix_yuv2rgb_false_4'
================================================================
* Date:           Sat Sep  6 13:59:18 2025

* Version:        2025.1 (Build 6135595 on May 21 2025)
* Project:        prj
* Solution:       sol (Vivado IP Flow Target)
* Product family: zynquplus
* Target device:  xczu3eg-sfvc784-1-e


================================================================
== Performance Estimates
================================================================
+ Timing: 
    * Summary: 
    +--------+---------+----------+------------+
    |  Clock |  Target | Estimated| Uncertainty|
    +--------+---------+----------+------------+
    |ap_clk  |  5.00 ns|  3.650 ns|     1.35 ns|
    +--------+---------+----------+------------+

+ Latency: 
    * Summary: 
    +---------+---------+----------+-----------+-----+---------+---------+
    |  Latency (cycles) |  Latency (absolute)  |    Interval   | Pipeline|
    |   min   |   max   |    min   |    max    | min |   max   |   Type  |
    +---------+---------+----------+-----------+-----+---------+---------+
    |        1|  8303041|  5.000 ns|  41.515 ms|    1|  8303041|       no|
    +---------+---------+----------+-----------+-----+---------+---------+

    + Detail: 
        * Instance: 
        +-----------------------------------------------------------+-------------------------------------------------+---------+---------+----------+-----------+-----+------+------------------------------------------------+
        |                                                           |                                                 |  Latency (cycles) |  Latency (absolute)  |  Interval  |                    Pipeline                    |
        |                          Instance                         |                      Module                     |   min   |   max   |    min   |    max    | min |  max |                      Type                      |
        +-----------------------------------------------------------+-------------------------------------------------+---------+---------+----------+-----------+-----+------+------------------------------------------------+
        |grp_v_mix_yuv2rgb_false_4_Pipeline_VITIS_LOOP_897_2_fu_74  |v_mix_yuv2rgb_false_4_Pipeline_VITIS_LOOP_897_2  |       66|     3842|  0.330 us|  19.210 us|   65|  3841|  loop auto-rewind stp (delay=0 clock cycles(s))|
        +-----------------------------------------------------------+-------------------------------------------------+---------+---------+----------+-----------+-----+------+------------------------------------------------+

        * Loop: 
        +--------------------+---------+---------+-----------+-----------+-----------+-----------+----------+
        |                    |  Latency (cycles) | Iteration |  Initiation Interval  |    Trip   |          |
        |      Loop Name     |   min   |   max   |  Latency  |  achieved |   target  |   Count   | Pipelined|
        +--------------------+---------+---------+-----------+-----------+-----------+-----------+----------+
        |- VITIS_LOOP_895_1  |     4352|  8303040|  68 ~ 3844|          -|          -|  64 ~ 2160|        no|
        +--------------------+---------+---------+-----------+-----------+-----------+-----------+----------+



================================================================
== Utilization Estimates
================================================================
* Summary: 
+-----------------+---------+-----+--------+-------+-----+
|       Name      | BRAM_18K| DSP |   FF   |  LUT  | URAM|
+-----------------+---------+-----+--------+-------+-----+
|DSP              |        -|    -|       -|      -|    -|
|Expression       |        -|    -|       0|     40|    -|
|FIFO             |        -|    -|       -|      -|    -|
|Instance         |        -|    -|      15|     98|    -|
|Memory           |        -|    -|       -|      -|    -|
|Multiplexer      |        -|    -|       0|     47|    -|
|Register         |        -|    -|      43|      -|    -|
+-----------------+---------+-----+--------+-------+-----+
|Total            |        0|    0|      58|    185|    0|
+-----------------+---------+-----+--------+-------+-----+
|Available        |      432|  360|  141120|  70560|    0|
+-----------------+---------+-----+--------+-------+-----+
|Utilization (%)  |        0|    0|      ~0|     ~0|    0|
+-----------------+---------+-----+--------+-------+-----+

+ Detail: 
    * Instance: 
    +-----------------------------------------------------------+-------------------------------------------------+---------+----+----+----+-----+
    |                          Instance                         |                      Module                     | BRAM_18K| DSP| FF | LUT| URAM|
    +-----------------------------------------------------------+-------------------------------------------------+---------+----+----+----+-----+
    |grp_v_mix_yuv2rgb_false_4_Pipeline_VITIS_LOOP_897_2_fu_74  |v_mix_yuv2rgb_false_4_Pipeline_VITIS_LOOP_897_2  |        0|   0|  15|  98|    0|
    +-----------------------------------------------------------+-------------------------------------------------+---------+----+----+----+-----+
    |Total                                                      |                                                 |        0|   0|  15|  98|    0|
    +-----------------------------------------------------------+-------------------------------------------------+---------+----+----+----+-----+

    * DSP: 
    N/A

    * Memory: 
    N/A

    * FIFO: 
    N/A

    * Expression: 
    +---------------------+----------+----+---+----+------------+------------+
    |    Variable Name    | Operation| DSP| FF| LUT| Bitwidth P0| Bitwidth P1|
    +---------------------+----------+----+---+----+------------+------------+
    |y_4_fu_96_p2         |         +|   0|  0|  19|          12|           1|
    |icmp_ln895_fu_91_p2  |      icmp|   0|  0|  19|          12|          12|
    |ap_block_state1      |        or|   0|  0|   2|           1|           1|
    +---------------------+----------+----+---+----+------------+------------+
    |Total                |          |   0|  0|  40|          25|          14|
    +---------------------+----------+----+---+----+------------+------------+

    * Multiplexer: 
    +------------+----+-----------+-----+-----------+
    |    Name    | LUT| Input Size| Bits| Total Bits|
    +------------+----+-----------+-----+-----------+
    |ap_NS_fsm   |  20|          4|    1|          4|
    |ap_done     |   9|          2|    1|          2|
    |real_start  |   9|          2|    1|          2|
    |y_fu_52     |   9|          2|   12|         24|
    +------------+----+-----------+-----+-----------+
    |Total       |  47|         10|   15|         32|
    +------------+----+-----------+-----+-----------+

    * Register: 
    +------------------------------------------------------------------------+----+----+-----+-----------+
    |                                  Name                                  | FF | LUT| Bits| Const Bits|
    +------------------------------------------------------------------------+----+----+-----+-----------+
    |ap_CS_fsm                                                               |   3|   0|    3|          0|
    |ap_done_reg                                                             |   1|   0|    1|          0|
    |grp_v_mix_yuv2rgb_false_4_Pipeline_VITIS_LOOP_897_2_fu_74_ap_start_reg  |   1|   0|    1|          0|
    |height_read_reg_116                                                     |  12|   0|   12|          0|
    |layerEnableFlag_read_reg_107                                            |   1|   0|    1|          0|
    |start_once_reg                                                          |   1|   0|    1|          0|
    |width_read_reg_111                                                      |  12|   0|   12|          0|
    |y_fu_52                                                                 |  12|   0|   12|          0|
    +------------------------------------------------------------------------+----+----+-----+-----------+
    |Total                                                                   |  43|   0|   43|          0|
    +------------------------------------------------------------------------+----+----+-----+-----------+



================================================================
== Interface
================================================================
* Summary: 
+-----------------------------+-----+-----+------------+------------------------+--------------+
|          RTL Ports          | Dir | Bits|  Protocol  |      Source Object     |    C Type    |
+-----------------------------+-----+-----+------------+------------------------+--------------+
|ap_clk                       |   in|    1|  ap_ctrl_hs|  v_mix_yuv2rgb<false>.4|  return value|
|ap_rst                       |   in|    1|  ap_ctrl_hs|  v_mix_yuv2rgb<false>.4|  return value|
|ap_start                     |   in|    1|  ap_ctrl_hs|  v_mix_yuv2rgb<false>.4|  return value|
|start_full_n                 |   in|    1|  ap_ctrl_hs|  v_mix_yuv2rgb<false>.4|  return value|
|ap_done                      |  out|    1|  ap_ctrl_hs|  v_mix_yuv2rgb<false>.4|  return value|
|ap_continue                  |   in|    1|  ap_ctrl_hs|  v_mix_yuv2rgb<false>.4|  return value|
|ap_idle                      |  out|    1|  ap_ctrl_hs|  v_mix_yuv2rgb<false>.4|  return value|
|ap_ready                     |  out|    1|  ap_ctrl_hs|  v_mix_yuv2rgb<false>.4|  return value|
|start_out                    |  out|    1|  ap_ctrl_hs|  v_mix_yuv2rgb<false>.4|  return value|
|start_write                  |  out|    1|  ap_ctrl_hs|  v_mix_yuv2rgb<false>.4|  return value|
|srcLayer0Yuv_dout            |   in|   24|     ap_fifo|            srcLayer0Yuv|       pointer|
|srcLayer0Yuv_empty_n         |   in|    1|     ap_fifo|            srcLayer0Yuv|       pointer|
|srcLayer0Yuv_read            |  out|    1|     ap_fifo|            srcLayer0Yuv|       pointer|
|srcLayer0Yuv_num_data_valid  |   in|    3|     ap_fifo|            srcLayer0Yuv|       pointer|
|srcLayer0Yuv_fifo_cap        |   in|    3|     ap_fifo|            srcLayer0Yuv|       pointer|
|height                       |   in|   12|   ap_stable|                  height|        scalar|
|width                        |   in|   12|   ap_stable|                   width|        scalar|
|layerEnableFlag              |   in|    1|   ap_stable|         layerEnableFlag|        scalar|
|outLayer0_din                |  out|   24|     ap_fifo|               outLayer0|       pointer|
|outLayer0_full_n             |   in|    1|     ap_fifo|               outLayer0|       pointer|
|outLayer0_write              |  out|    1|     ap_fifo|               outLayer0|       pointer|
|outLayer0_num_data_valid     |   in|   32|     ap_fifo|               outLayer0|       pointer|
|outLayer0_fifo_cap           |   in|   32|     ap_fifo|               outLayer0|       pointer|
+-----------------------------+-----+-----+------------+------------------------+--------------+

============================================================
+ Verbose Summary: Synthesis Manager
============================================================
InlineROM: 1
ExposeGlobal: 0
============================================================
+ Verbose Summary: CDFG Model
============================================================
IsTopModel: 0
ResetActiveHigh: 1
IsCombinational: 2
IsDatapathOnly: 0
HasWiredReturn: 1
HasMFsm: 0
HasVarLatency: 1
IsPipeline: 0
IsRtlPipelined: 0
IsInstanceOverlapped: 0
IsDontTouch: 0
HasImplIP: 0
IsGatedGlobalClock: 0


============================================================
+ Verbose Summary: Schedule
============================================================
* Number of FSM states : 3
* Pipeline : 0
* Dataflow Pipeline: 0

* FSM state transitions: 
1 --> 2 
2 --> 3 
3 --> 2 

* FSM state operations: 

State 1 <SV = 0> <Delay = 0.48>
ST_1 : Operation 4 [1/1] (0.00ns)   --->   "%specstablecontent_ln0 = specstablecontent void @_ssdm_op_SpecStableContent, i1 %layerEnableFlag, i1 1, void @p_str"   --->   Operation 4 'specstablecontent' 'specstablecontent_ln0' <Predicate = true> <Delay = 0.00>
ST_1 : Operation 5 [1/1] (0.00ns)   --->   "%layerEnableFlag_read = read i1 @_ssdm_op_Read.ap_auto.i1, i1 %layerEnableFlag"   --->   Operation 5 'read' 'layerEnableFlag_read' <Predicate = true> <Delay = 0.00>
ST_1 : Operation 6 [1/1] (0.00ns)   --->   "%width_read = read i12 @_ssdm_op_Read.ap_auto.i12, i12 %width"   --->   Operation 6 'read' 'width_read' <Predicate = true> <Delay = 0.00>
ST_1 : Operation 7 [1/1] (0.00ns)   --->   "%height_read = read i12 @_ssdm_op_Read.ap_auto.i12, i12 %height"   --->   Operation 7 'read' 'height_read' <Predicate = true> <Delay = 0.00>
ST_1 : Operation 8 [1/1] (0.00ns)   --->   "%specstablecontent_ln0 = specstablecontent void @_ssdm_op_SpecStableContent, i12 %height, i1 1, void "   --->   Operation 8 'specstablecontent' 'specstablecontent_ln0' <Predicate = true> <Delay = 0.00>
ST_1 : Operation 9 [1/1] (0.00ns)   --->   "%specstablecontent_ln0 = specstablecontent void @_ssdm_op_SpecStableContent, i12 %width, i1 1, void "   --->   Operation 9 'specstablecontent' 'specstablecontent_ln0' <Predicate = true> <Delay = 0.00>
ST_1 : Operation 10 [1/1] (0.00ns)   --->   "%specinterface_ln0 = specinterface void @_ssdm_op_SpecInterface, i24 %outLayer0, void @empty_42, i32 0, i32 0, void @empty_0, i32 0, i32 0, void @empty_0, void @empty_0, void @empty_0, i32 0, i32 0, i32 0, i32 0, void @empty_0, void @empty_0, i32 4294967295, i32 0, i32 0"   --->   Operation 10 'specinterface' 'specinterface_ln0' <Predicate = true> <Delay = 0.00>
ST_1 : Operation 11 [1/1] (0.00ns)   --->   "%specinterface_ln0 = specinterface void @_ssdm_op_SpecInterface, i24 %srcLayer0Yuv, void @empty_42, i32 0, i32 0, void @empty_0, i32 0, i32 0, void @empty_0, void @empty_0, void @empty_0, i32 0, i32 0, i32 0, i32 0, void @empty_0, void @empty_0, i32 4294967295, i32 0, i32 0"   --->   Operation 11 'specinterface' 'specinterface_ln0' <Predicate = true> <Delay = 0.00>
ST_1 : Operation 12 [1/1] (0.00ns)   --->   "%br_ln893 = br i1 %layerEnableFlag_read, void %if.end, void %VITIS_LOOP_897_2.preheader" [/home/e/Documents/research/byotee/OSDZU3_Ref_Design/OSDZU3_Ref_Design.runs/design_1_v_mix_0_0_synth_1/prj/sol/.autopilot/db/v_csc.cpp:893]   --->   Operation 12 'br' 'br_ln893' <Predicate = true> <Delay = 0.00>
ST_1 : Operation 13 [1/1] (0.00ns)   --->   "%y = alloca i32 1" [/home/e/Documents/research/byotee/OSDZU3_Ref_Design/OSDZU3_Ref_Design.runs/design_1_v_mix_0_0_synth_1/prj/sol/.autopilot/db/v_csc.cpp:887]   --->   Operation 13 'alloca' 'y' <Predicate = (layerEnableFlag_read)> <Delay = 0.00>
ST_1 : Operation 14 [1/1] (0.48ns)   --->   "%store_ln887 = store i12 0, i12 %y" [/home/e/Documents/research/byotee/OSDZU3_Ref_Design/OSDZU3_Ref_Design.runs/design_1_v_mix_0_0_synth_1/prj/sol/.autopilot/db/v_csc.cpp:887]   --->   Operation 14 'store' 'store_ln887' <Predicate = (layerEnableFlag_read)> <Delay = 0.48>
ST_1 : Operation 15 [1/1] (0.00ns)   --->   "%br_ln895 = br void %VITIS_LOOP_897_2" [/home/e/Documents/research/byotee/OSDZU3_Ref_Design/OSDZU3_Ref_Design.runs/design_1_v_mix_0_0_synth_1/prj/sol/.autopilot/db/v_csc.cpp:895]   --->   Operation 15 'br' 'br_ln895' <Predicate = (layerEnableFlag_read)> <Delay = 0.00>

State 2 <SV = 1> <Delay = 2.41>
ST_2 : Operation 16 [1/1] (0.00ns)   --->   "%y_3 = load i12 %y" [/home/e/Documents/research/byotee/OSDZU3_Ref_Design/OSDZU3_Ref_Design.runs/design_1_v_mix_0_0_synth_1/prj/sol/.autopilot/db/v_csc.cpp:895]   --->   Operation 16 'load' 'y_3' <Predicate = (layerEnableFlag_read)> <Delay = 0.00>
ST_2 : Operation 17 [1/1] (0.96ns)   --->   "%icmp_ln895 = icmp_eq  i12 %y_3, i12 %height_read" [/home/e/Documents/research/byotee/OSDZU3_Ref_Design/OSDZU3_Ref_Design.runs/design_1_v_mix_0_0_synth_1/prj/sol/.autopilot/db/v_csc.cpp:895]   --->   Operation 17 'icmp' 'icmp_ln895' <Predicate = (layerEnableFlag_read)> <Delay = 0.96> <CoreInst = "Cmp">   --->   Core 9 'Cmp' <Latency = 0> <II = 1> <Delay = 0.96> <FuncUnit> <Opcode : 'seteq' 'setne' 'setle' 'setge' 'setlt' 'setgt'> <InPorts = 2> <OutPorts = 1>
ST_2 : Operation 18 [1/1] (0.00ns)   --->   "%speclooptripcount_ln0 = speclooptripcount void @_ssdm_op_SpecLoopTripCount, i64 64, i64 2160, i64 0"   --->   Operation 18 'speclooptripcount' 'speclooptripcount_ln0' <Predicate = (layerEnableFlag_read)> <Delay = 0.00>
ST_2 : Operation 19 [1/1] (0.96ns)   --->   "%y_4 = add i12 %y_3, i12 1" [/home/e/Documents/research/byotee/OSDZU3_Ref_Design/OSDZU3_Ref_Design.runs/design_1_v_mix_0_0_synth_1/prj/sol/.autopilot/db/v_csc.cpp:895]   --->   Operation 19 'add' 'y_4' <Predicate = (layerEnableFlag_read)> <Delay = 0.96> <CoreInst = "Adder">   --->   Core 1 'Adder' <Latency = 0> <II = 1> <Delay = 0.96> <FuncUnit> <Opcode : 'add' 'sub'> <InPorts = 2> <OutPorts = 1>
ST_2 : Operation 20 [1/1] (0.00ns)   --->   "%br_ln895 = br i1 %icmp_ln895, void %for.inc.lr.ph, void %if.end.loopexit" [/home/e/Documents/research/byotee/OSDZU3_Ref_Design/OSDZU3_Ref_Design.runs/design_1_v_mix_0_0_synth_1/prj/sol/.autopilot/db/v_csc.cpp:895]   --->   Operation 20 'br' 'br_ln895' <Predicate = (layerEnableFlag_read)> <Delay = 0.00>
ST_2 : Operation 21 [2/2] (1.45ns)   --->   "%call_ln0 = call void @v_mix_yuv2rgb<false>.4_Pipeline_VITIS_LOOP_897_2, i12 %width_read, i24 %srcLayer0Yuv, i24 %outLayer0"   --->   Operation 21 'call' 'call_ln0' <Predicate = (layerEnableFlag_read & !icmp_ln895)> <Delay = 1.45> <CoreType = "Generic">   --->   Generic Core
ST_2 : Operation 22 [1/1] (0.48ns)   --->   "%store_ln887 = store i12 %y_4, i12 %y" [/home/e/Documents/research/byotee/OSDZU3_Ref_Design/OSDZU3_Ref_Design.runs/design_1_v_mix_0_0_synth_1/prj/sol/.autopilot/db/v_csc.cpp:887]   --->   Operation 22 'store' 'store_ln887' <Predicate = (layerEnableFlag_read & !icmp_ln895)> <Delay = 0.48>
ST_2 : Operation 23 [1/1] (0.00ns)   --->   "%br_ln0 = br void %if.end"   --->   Operation 23 'br' 'br_ln0' <Predicate = (layerEnableFlag_read & icmp_ln895)> <Delay = 0.00>
ST_2 : Operation 24 [1/1] (0.00ns)   --->   "%ret_ln906 = ret" [/home/e/Documents/research/byotee/OSDZU3_Ref_Design/OSDZU3_Ref_Design.runs/design_1_v_mix_0_0_synth_1/prj/sol/.autopilot/db/v_csc.cpp:906]   --->   Operation 24 'ret' 'ret_ln906' <Predicate = (icmp_ln895) | (!layerEnableFlag_read)> <Delay = 0.00>

State 3 <SV = 2> <Delay = 1.93>
ST_3 : Operation 25 [1/1] (0.00ns)   --->   "%specloopname_ln895 = specloopname void @_ssdm_op_SpecLoopName, void @empty" [/home/e/Documents/research/byotee/OSDZU3_Ref_Design/OSDZU3_Ref_Design.runs/design_1_v_mix_0_0_synth_1/prj/sol/.autopilot/db/v_csc.cpp:895]   --->   Operation 25 'specloopname' 'specloopname_ln895' <Predicate = true> <Delay = 0.00>
ST_3 : Operation 26 [1/2] (1.93ns)   --->   "%call_ln0 = call void @v_mix_yuv2rgb<false>.4_Pipeline_VITIS_LOOP_897_2, i12 %width_read, i24 %srcLayer0Yuv, i24 %outLayer0"   --->   Operation 26 'call' 'call_ln0' <Predicate = true> <Delay = 1.93> <CoreType = "Generic">   --->   Generic Core
ST_3 : Operation 27 [1/1] (0.00ns)   --->   "%br_ln895 = br void %VITIS_LOOP_897_2" [/home/e/Documents/research/byotee/OSDZU3_Ref_Design/OSDZU3_Ref_Design.runs/design_1_v_mix_0_0_synth_1/prj/sol/.autopilot/db/v_csc.cpp:895]   --->   Operation 27 'br' 'br_ln895' <Predicate = true> <Delay = 0.00>


============================================================
+ Verbose Summary: Binding
============================================================
STG Binding: 
---------------- STG Properties BEGIN ----------------
- Is combinational: 0
- Is one-state seq: 0
- Is datapath-only: 0
- Is pipelined: 0
- Is top level: 0
Port [ Return ] is wired: 1; IO mode=ap_ctrl_hs:ce=0
Port [ srcLayer0Yuv]:  wired=1; compound=1; hidden=0; nouse=0; global=0; static=0; extern=0; dir=0; type=3; pingpong=0; private_global=0; IO mode=ap_fifo:ce=0
Port [ height]:  wired=1; compound=0; hidden=0; nouse=0; global=0; static=0; extern=0; dir=0; type=0; pingpong=0; private_global=0; IO mode=ap_stable:ce=0
Port [ width]:  wired=1; compound=0; hidden=0; nouse=0; global=0; static=0; extern=0; dir=0; type=0; pingpong=0; private_global=0; IO mode=ap_stable:ce=0
Port [ layerEnableFlag]:  wired=1; compound=0; hidden=0; nouse=0; global=0; static=0; extern=0; dir=0; type=0; pingpong=0; private_global=0; IO mode=ap_stable:ce=0
Port [ outLayer0]:  wired=1; compound=1; hidden=0; nouse=0; global=0; static=0; extern=0; dir=1; type=3; pingpong=0; private_global=0; IO mode=ap_fifo:ce=0
---------------- STG Properties END ------------------

---------------- Datapath Model BEGIN ----------------

<LifeTime>
<method=bitvector/>
specstablecontent_ln0 (specstablecontent) [ 0000]
layerEnableFlag_read  (read             ) [ 0111]
width_read            (read             ) [ 0011]
height_read           (read             ) [ 0011]
specstablecontent_ln0 (specstablecontent) [ 0000]
specstablecontent_ln0 (specstablecontent) [ 0000]
specinterface_ln0     (specinterface    ) [ 0000]
specinterface_ln0     (specinterface    ) [ 0000]
br_ln893              (br               ) [ 0000]
y                     (alloca           ) [ 0111]
store_ln887           (store            ) [ 0000]
br_ln895              (br               ) [ 0000]
y_3                   (load             ) [ 0000]
icmp_ln895            (icmp             ) [ 0011]
speclooptripcount_ln0 (speclooptripcount) [ 0000]
y_4                   (add              ) [ 0000]
br_ln895              (br               ) [ 0000]
store_ln887           (store            ) [ 0000]
br_ln0                (br               ) [ 0000]
ret_ln906             (ret              ) [ 0000]
specloopname_ln895    (specloopname     ) [ 0000]
call_ln0              (call             ) [ 0000]
br_ln895              (br               ) [ 0000]
</LifeTime>

<model>

<comp_list>
<comp id="0" class="1000" name="srcLayer0Yuv">
<pin_list>
<pin id="1" dir="1" index="0" bw="1" slack="0"/>
</pin_list>
<bind>
<StgValue><ssdm name="srcLayer0Yuv"/></StgValue>
</bind>
</comp>

<comp id="2" class="1000" name="height">
<pin_list>
<pin id="3" dir="1" index="0" bw="1" slack="0"/>
</pin_list>
<bind>
<StgValue><ssdm name="height"/></StgValue>
</bind>
</comp>

<comp id="4" class="1000" name="width">
<pin_list>
<pin id="5" dir="1" index="0" bw="1" slack="0"/>
</pin_list>
<bind>
<StgValue><ssdm name="width"/></StgValue>
</bind>
</comp>

<comp id="6" class="1000" name="layerEnableFlag">
<pin_list>
<pin id="7" dir="1" index="0" bw="1" slack="0"/>
</pin_list>
<bind>
<StgValue><ssdm name="layerEnableFlag"/></StgValue>
</bind>
</comp>

<comp id="8" class="1000" name="outLayer0">
<pin_list>
<pin id="9" dir="1" index="0" bw="1" slack="0"/>
</pin_list>
<bind>
<StgValue><ssdm name="outLayer0"/></StgValue>
</bind>
</comp>

<comp id="10" class="1001" name="const_10">
<pin_list>
<pin id="11" dir="1" index="0" bw="1" slack="2147483647"/>
</pin_list>
<bind>
<StgValue><ssdm name="_ssdm_op_SpecStableContent"/></StgValue>
</bind>
</comp>

<comp id="12" class="1001" name="const_12">
<pin_list>
<pin id="13" dir="1" index="0" bw="1" slack="2147483647"/>
</pin_list>
<bind>
<StgValue><ssdm name=""/></StgValue>
</bind>
</comp>

<comp id="14" class="1001" name="const_14">
<pin_list>
<pin id="15" dir="1" index="0" bw="1" slack="2147483647"/>
</pin_list>
<bind>
<StgValue><ssdm name="p_str"/></StgValue>
</bind>
</comp>

<comp id="16" class="1001" name="const_16">
<pin_list>
<pin id="17" dir="1" index="0" bw="1" slack="0"/>
</pin_list>
<bind>
<StgValue><ssdm name="_ssdm_op_Read.ap_auto.i1"/></StgValue>
</bind>
</comp>

<comp id="18" class="1001" name="const_18">
<pin_list>
<pin id="19" dir="1" index="0" bw="1" slack="0"/>
</pin_list>
<bind>
<StgValue><ssdm name="_ssdm_op_Read.ap_auto.i12"/></StgValue>
</bind>
</comp>

<comp id="20" class="1001" name="const_20">
<pin_list>
<pin id="21" dir="1" index="0" bw="1" slack="2147483647"/>
</pin_list>
<bind>
<StgValue><ssdm name=""/></StgValue>
</bind>
</comp>

<comp id="22" class="1001" name="const_22">
<pin_list>
<pin id="23" dir="1" index="0" bw="1" slack="2147483647"/>
</pin_list>
<bind>
<StgValue><ssdm name="_ssdm_op_SpecInterface"/></StgValue>
</bind>
</comp>

<comp id="24" class="1001" name="const_24">
<pin_list>
<pin id="25" dir="1" index="0" bw="1" slack="2147483647"/>
</pin_list>
<bind>
<StgValue><ssdm name="empty_42"/></StgValue>
</bind>
</comp>

<comp id="26" class="1001" name="const_26">
<pin_list>
<pin id="27" dir="1" index="0" bw="1" slack="2147483647"/>
</pin_list>
<bind>
<StgValue><ssdm name=""/></StgValue>
</bind>
</comp>

<comp id="28" class="1001" name="const_28">
<pin_list>
<pin id="29" dir="1" index="0" bw="1" slack="2147483647"/>
</pin_list>
<bind>
<StgValue><ssdm name="empty_0"/></StgValue>
</bind>
</comp>

<comp id="30" class="1001" name="const_30">
<pin_list>
<pin id="31" dir="1" index="0" bw="1" slack="2147483647"/>
</pin_list>
<bind>
<StgValue><ssdm name=""/></StgValue>
</bind>
</comp>

<comp id="32" class="1001" name="const_32">
<pin_list>
<pin id="33" dir="1" index="0" bw="1" slack="0"/>
</pin_list>
<bind>
<StgValue><ssdm name=""/></StgValue>
</bind>
</comp>

<comp id="34" class="1001" name="const_34">
<pin_list>
<pin id="35" dir="1" index="0" bw="1" slack="0"/>
</pin_list>
<bind>
<StgValue><ssdm name=""/></StgValue>
</bind>
</comp>

<comp id="36" class="1001" name="const_36">
<pin_list>
<pin id="37" dir="1" index="0" bw="1" slack="2147483647"/>
</pin_list>
<bind>
<StgValue><ssdm name="_ssdm_op_SpecLoopTripCount"/></StgValue>
</bind>
</comp>

<comp id="38" class="1001" name="const_38">
<pin_list>
<pin id="39" dir="1" index="0" bw="1" slack="2147483647"/>
</pin_list>
<bind>
<StgValue><ssdm name=""/></StgValue>
</bind>
</comp>

<comp id="40" class="1001" name="const_40">
<pin_list>
<pin id="41" dir="1" index="0" bw="1" slack="2147483647"/>
</pin_list>
<bind>
<StgValue><ssdm name=""/></StgValue>
</bind>
</comp>

<comp id="42" class="1001" name="const_42">
<pin_list>
<pin id="43" dir="1" index="0" bw="1" slack="2147483647"/>
</pin_list>
<bind>
<StgValue><ssdm name=""/></StgValue>
</bind>
</comp>

<comp id="44" class="1001" name="const_44">
<pin_list>
<pin id="45" dir="1" index="0" bw="1" slack="0"/>
</pin_list>
<bind>
<StgValue><ssdm name=""/></StgValue>
</bind>
</comp>

<comp id="46" class="1001" name="const_46">
<pin_list>
<pin id="47" dir="1" index="0" bw="1" slack="0"/>
</pin_list>
<bind>
<StgValue><ssdm name="v_mix_yuv2rgb<false>.4_Pipeline_VITIS_LOOP_897_2"/></StgValue>
</bind>
</comp>

<comp id="48" class="1001" name="const_48">
<pin_list>
<pin id="49" dir="1" index="0" bw="1" slack="2147483647"/>
</pin_list>
<bind>
<StgValue><ssdm name="_ssdm_op_SpecLoopName"/></StgValue>
</bind>
</comp>

<comp id="50" class="1001" name="const_50">
<pin_list>
<pin id="51" dir="1" index="0" bw="1" slack="2147483647"/>
</pin_list>
<bind>
<StgValue><ssdm name="empty"/></StgValue>
</bind>
</comp>

<comp id="52" class="1004" name="y_fu_52">
<pin_list>
<pin id="53" dir="0" index="0" bw="1" slack="0"/>
<pin id="54" dir="1" index="1" bw="12" slack="0"/>
</pin_list>
<bind>
<opcode="alloca(26) " fcode="alloca"/>
<opset="y/1 "/>
</bind>
</comp>

<comp id="56" class="1004" name="layerEnableFlag_read_read_fu_56">
<pin_list>
<pin id="57" dir="0" index="0" bw="1" slack="0"/>
<pin id="58" dir="0" index="1" bw="1" slack="0"/>
<pin id="59" dir="1" index="2" bw="1" slack="1"/>
</pin_list>
<bind>
<opcode="read(1150) " fcode="read"/>
<opset="layerEnableFlag_read/1 "/>
</bind>
</comp>

<comp id="62" class="1004" name="width_read_read_fu_62">
<pin_list>
<pin id="63" dir="0" index="0" bw="12" slack="0"/>
<pin id="64" dir="0" index="1" bw="12" slack="0"/>
<pin id="65" dir="1" index="2" bw="12" slack="1"/>
</pin_list>
<bind>
<opcode="read(1150) " fcode="read"/>
<opset="width_read/1 "/>
</bind>
</comp>

<comp id="68" class="1004" name="height_read_read_fu_68">
<pin_list>
<pin id="69" dir="0" index="0" bw="12" slack="0"/>
<pin id="70" dir="0" index="1" bw="12" slack="0"/>
<pin id="71" dir="1" index="2" bw="12" slack="1"/>
</pin_list>
<bind>
<opcode="read(1150) " fcode="read"/>
<opset="height_read/1 "/>
</bind>
</comp>

<comp id="74" class="1004" name="grp_v_mix_yuv2rgb_false_4_Pipeline_VITIS_LOOP_897_2_fu_74">
<pin_list>
<pin id="75" dir="0" index="0" bw="0" slack="0"/>
<pin id="76" dir="0" index="1" bw="12" slack="1"/>
<pin id="77" dir="0" index="2" bw="24" slack="0"/>
<pin id="78" dir="0" index="3" bw="24" slack="0"/>
<pin id="79" dir="1" index="4" bw="0" slack="2147483647"/>
</pin_list>
<bind>
<opcode="call(48) " fcode="call"/>
<opset="call_ln0/2 "/>
</bind>
</comp>

<comp id="83" class="1004" name="store_ln887_store_fu_83">
<pin_list>
<pin id="84" dir="0" index="0" bw="1" slack="0"/>
<pin id="85" dir="0" index="1" bw="12" slack="0"/>
<pin id="86" dir="1" index="2" bw="0" slack="2147483647"/>
</pin_list>
<bind>
<opcode="store(28) " fcode="store"/>
<opset="store_ln887/1 "/>
</bind>
</comp>

<comp id="88" class="1004" name="y_3_load_fu_88">
<pin_list>
<pin id="89" dir="0" index="0" bw="12" slack="1"/>
<pin id="90" dir="1" index="1" bw="12" slack="0"/>
</pin_list>
<bind>
<opcode="load(27) " fcode="load"/>
<opset="y_3/2 "/>
</bind>
</comp>

<comp id="91" class="1004" name="icmp_ln895_fu_91">
<pin_list>
<pin id="92" dir="0" index="0" bw="12" slack="0"/>
<pin id="93" dir="0" index="1" bw="12" slack="1"/>
<pin id="94" dir="1" index="2" bw="1" slack="2147483647"/>
</pin_list>
<bind>
<opcode="icmp(45) " fcode="icmp"/>
<opset="icmp_ln895/2 "/>
</bind>
</comp>

<comp id="96" class="1004" name="y_4_fu_96">
<pin_list>
<pin id="97" dir="0" index="0" bw="12" slack="0"/>
<pin id="98" dir="0" index="1" bw="1" slack="0"/>
<pin id="99" dir="1" index="2" bw="12" slack="0"/>
</pin_list>
<bind>
<opcode="add(8) " fcode="add"/>
<opset="y_4/2 "/>
</bind>
</comp>

<comp id="102" class="1004" name="store_ln887_store_fu_102">
<pin_list>
<pin id="103" dir="0" index="0" bw="12" slack="0"/>
<pin id="104" dir="0" index="1" bw="12" slack="1"/>
<pin id="105" dir="1" index="2" bw="0" slack="2147483647"/>
</pin_list>
<bind>
<opcode="store(28) " fcode="store"/>
<opset="store_ln887/2 "/>
</bind>
</comp>

<comp id="107" class="1005" name="layerEnableFlag_read_reg_107">
<pin_list>
<pin id="108" dir="0" index="0" bw="1" slack="1"/>
<pin id="109" dir="1" index="1" bw="1" slack="2147483647"/>
</pin_list>
<bind>
<opset="layerEnableFlag_read "/>
</bind>
</comp>

<comp id="111" class="1005" name="width_read_reg_111">
<pin_list>
<pin id="112" dir="0" index="0" bw="12" slack="1"/>
<pin id="113" dir="1" index="1" bw="12" slack="1"/>
</pin_list>
<bind>
<opset="width_read "/>
</bind>
</comp>

<comp id="116" class="1005" name="height_read_reg_116">
<pin_list>
<pin id="117" dir="0" index="0" bw="12" slack="1"/>
<pin id="118" dir="1" index="1" bw="12" slack="1"/>
</pin_list>
<bind>
<opset="height_read "/>
</bind>
</comp>

<comp id="121" class="1005" name="y_reg_121">
<pin_list>
<pin id="122" dir="0" index="0" bw="12" slack="0"/>
<pin id="123" dir="1" index="1" bw="12" slack="0"/>
</pin_list>
<bind>
<opset="y "/>
</bind>
</comp>

</comp_list>

<net_list>
<net id="55"><net_src comp="32" pin="0"/><net_sink comp="52" pin=0"/></net>

<net id="60"><net_src comp="16" pin="0"/><net_sink comp="56" pin=0"/></net>

<net id="61"><net_src comp="6" pin="0"/><net_sink comp="56" pin=1"/></net>

<net id="66"><net_src comp="18" pin="0"/><net_sink comp="62" pin=0"/></net>

<net id="67"><net_src comp="4" pin="0"/><net_sink comp="62" pin=1"/></net>

<net id="72"><net_src comp="18" pin="0"/><net_sink comp="68" pin=0"/></net>

<net id="73"><net_src comp="2" pin="0"/><net_sink comp="68" pin=1"/></net>

<net id="80"><net_src comp="46" pin="0"/><net_sink comp="74" pin=0"/></net>

<net id="81"><net_src comp="0" pin="0"/><net_sink comp="74" pin=2"/></net>

<net id="82"><net_src comp="8" pin="0"/><net_sink comp="74" pin=3"/></net>

<net id="87"><net_src comp="34" pin="0"/><net_sink comp="83" pin=0"/></net>

<net id="95"><net_src comp="88" pin="1"/><net_sink comp="91" pin=0"/></net>

<net id="100"><net_src comp="88" pin="1"/><net_sink comp="96" pin=0"/></net>

<net id="101"><net_src comp="44" pin="0"/><net_sink comp="96" pin=1"/></net>

<net id="106"><net_src comp="96" pin="2"/><net_sink comp="102" pin=0"/></net>

<net id="110"><net_src comp="56" pin="2"/><net_sink comp="107" pin=0"/></net>

<net id="114"><net_src comp="62" pin="2"/><net_sink comp="111" pin=0"/></net>

<net id="115"><net_src comp="111" pin="1"/><net_sink comp="74" pin=1"/></net>

<net id="119"><net_src comp="68" pin="2"/><net_sink comp="116" pin=0"/></net>

<net id="120"><net_src comp="116" pin="1"/><net_sink comp="91" pin=1"/></net>

<net id="124"><net_src comp="52" pin="1"/><net_sink comp="121" pin=0"/></net>

<net id="125"><net_src comp="121" pin="1"/><net_sink comp="83" pin=1"/></net>

<net id="126"><net_src comp="121" pin="1"/><net_sink comp="88" pin=0"/></net>

<net id="127"><net_src comp="121" pin="1"/><net_sink comp="102" pin=1"/></net>

</net_list>

</model> 
---------------- Datapath Model END ------------------

* FSMD analyzer results:
  - Output states:
	Port: outLayer0 | {2 3 }
 - Input state : 
	Port: v_mix_yuv2rgb<false>.4 : srcLayer0Yuv | {2 3 }
	Port: v_mix_yuv2rgb<false>.4 : height | {1 }
	Port: v_mix_yuv2rgb<false>.4 : width | {1 }
	Port: v_mix_yuv2rgb<false>.4 : layerEnableFlag | {1 }
  - Chain level:
	State 1
		store_ln887 : 1
	State 2
		icmp_ln895 : 1
		y_4 : 1
		br_ln895 : 2
		store_ln887 : 2
	State 3


============================================================
+ Verbose Summary: Datapath Resource usage 
============================================================

* Functional unit list:
|----------|-----------------------------------------------------------|---------|---------|
| Operation|                      Functional Unit                      |    FF   |   LUT   |
|----------|-----------------------------------------------------------|---------|---------|
|   call   | grp_v_mix_yuv2rgb_false_4_Pipeline_VITIS_LOOP_897_2_fu_74 |    12   |    38   |
|----------|-----------------------------------------------------------|---------|---------|
|   icmp   |                      icmp_ln895_fu_91                     |    0    |    19   |
|----------|-----------------------------------------------------------|---------|---------|
|    add   |                         y_4_fu_96                         |    0    |    19   |
|----------|-----------------------------------------------------------|---------|---------|
|          |              layerEnableFlag_read_read_fu_56              |    0    |    0    |
|   read   |                   width_read_read_fu_62                   |    0    |    0    |
|          |                   height_read_read_fu_68                  |    0    |    0    |
|----------|-----------------------------------------------------------|---------|---------|
|   Total  |                                                           |    12   |    76   |
|----------|-----------------------------------------------------------|---------|---------|

Memories:
N/A

* Register list:
+----------------------------+--------+
|                            |   FF   |
+----------------------------+--------+
|     height_read_reg_116    |   12   |
|layerEnableFlag_read_reg_107|    1   |
|     width_read_reg_111     |   12   |
|          y_reg_121         |   12   |
+----------------------------+--------+
|            Total           |   37   |
+----------------------------+--------+

* Multiplexer (MUX) list: 
|--------|------|------|------|--------|
|  Comp  |  Pin | Size |  BW  | S x BW |
|--------|------|------|------|--------|
|  Total |      |      |      |    0   |
|--------|------|------|------|--------|



* Summary:
+-----------+--------+--------+
|           |   FF   |   LUT  |
+-----------+--------+--------+
|  Function |   12   |   76   |
|   Memory  |    -   |    -   |
|Multiplexer|    -   |    -   |
|  Register |   37   |    -   |
+-----------+--------+--------+
|   Total   |   49   |   76   |
+-----------+--------+--------+
