

================================================================
== Vitis HLS Report for 'v_mix_422_to_444_true_Pipeline_VITIS_LOOP_161_2'
================================================================
* Date:           Sat Sep  6 13:59:16 2025

* Version:        2025.1 (Build 6135595 on May 21 2025)
* Project:        prj
* Solution:       sol (Vivado IP Flow Target)
* Product family: zynquplus
* Target device:  xczu3eg-sfvc784-1-e


================================================================
== Performance Estimates
================================================================
+ Timing: 
    * Summary: 
    +--------+---------+----------+------------+
    |  Clock |  Target | Estimated| Uncertainty|
    +--------+---------+----------+------------+
    |ap_clk  |  5.00 ns|  2.314 ns|     1.35 ns|
    +--------+---------+----------+------------+

+ Latency: 
    * Summary: 
    +---------+---------+-----------+----------+-----+-------+------------------------------------------------+
    |  Latency (cycles) |  Latency (absolute)  |   Interval  |                    Pipeline                    |
    |   min   |   max   |    min    |    max   | min |  max  |                      Type                      |
    +---------+---------+-----------+----------+-----+-------+------------------------------------------------+
    |        4|    32771|  20.000 ns|  0.164 ms|    1|  32768|  loop auto-rewind stp (delay=0 clock cycles(s))|
    +---------+---------+-----------+----------+-----+-------+------------------------------------------------+

    + Detail: 
        * Instance: 
        N/A

        * Loop: 
        +--------------------+---------+---------+----------+-----------+-----------+-----------+----------+
        |                    |  Latency (cycles) | Iteration|  Initiation Interval  |    Trip   |          |
        |      Loop Name     |   min   |   max   |  Latency |  achieved |   target  |   Count   | Pipelined|
        +--------------------+---------+---------+----------+-----------+-----------+-----------+----------+
        |- VITIS_LOOP_161_2  |        2|    32769|         4|          1|          1|  0 ~ 32767|       yes|
        +--------------------+---------+---------+----------+-----------+-----------+-----------+----------+

============================================================
+ Verbose Summary: Synthesis Manager
============================================================
InlineROM: 1
ExposeGlobal: 0
============================================================
+ Verbose Summary: CDFG Model
============================================================
IsTopModel: 0
ResetActiveHigh: 1
IsCombinational: 0
IsDatapathOnly: 0
HasWiredReturn: 1
HasMFsm: 2
HasVarLatency: 1
IsPipeline: 0
IsRtlPipelined: 0
IsInstanceOverlapped: 0
IsDontTouch: 0
HasImplIP: 0
IsGatedGlobalClock: 0

+ Individual pipeline summary: 
  * Pipeline-0: initiation interval (II) = 1, depth = 4


============================================================
+ Verbose Summary: Schedule
============================================================
* Number of FSM states : 4
* Pipeline : 1
  Pipeline-0 : II = 1, D = 4, States = { 1 2 3 4 }
* Dataflow Pipeline: 0

* FSM state transitions: 
1 --> 2 
2 --> 3 
3 --> 4 
4 --> 

* FSM state operations: 

State 1 <SV = 0> <Delay = 1.99>
ST_1 : Operation 7 [1/1] (0.00ns)   --->   "%x = alloca i32 1" [/home/e/Documents/research/byotee/OSDZU3_Ref_Design/OSDZU3_Ref_Design.runs/design_1_v_mix_0_0_synth_1/prj/sol/.autopilot/db/v_csc.cpp:131]   --->   Operation 7 'alloca' 'x' <Predicate = true> <Delay = 0.00>
ST_1 : Operation 8 [1/1] (0.00ns)   --->   "%p_0_0_0206357 = alloca i32 1"   --->   Operation 8 'alloca' 'p_0_0_0206357' <Predicate = true> <Delay = 0.00>
ST_1 : Operation 9 [1/1] (0.00ns)   --->   "%p_0_0_0_0_0207_2360 = alloca i32 1"   --->   Operation 9 'alloca' 'p_0_0_0_0_0207_2360' <Predicate = true> <Delay = 0.00>
ST_1 : Operation 10 [1/1] (0.00ns)   --->   "%p_0_0_0_0_0207_3361 = alloca i32 1"   --->   Operation 10 'alloca' 'p_0_0_0_0_0207_3361' <Predicate = true> <Delay = 0.00>
ST_1 : Operation 11 [1/1] (0.00ns)   --->   "%p_0_0_0_0_0207_4362 = alloca i32 1"   --->   Operation 11 'alloca' 'p_0_0_0_0_0207_4362' <Predicate = true> <Delay = 0.00>
ST_1 : Operation 12 [1/1] (0.00ns)   --->   "%p_0_0_0206358363 = alloca i32 1"   --->   Operation 12 'alloca' 'p_0_0_0206358363' <Predicate = true> <Delay = 0.00>
ST_1 : Operation 13 [1/1] (0.00ns)   --->   "%specstablecontent_ln0 = specstablecontent void @_ssdm_op_SpecStableContent, i16 %width, i1 1, void @p_str"   --->   Operation 13 'specstablecontent' 'specstablecontent_ln0' <Predicate = true> <Delay = 0.00>
ST_1 : Operation 14 [1/1] (0.00ns)   --->   "%specinterface_ln0 = specinterface void @_ssdm_op_SpecInterface, i24 %srcLayer1Yuv, void @empty_42, i32 0, i32 0, void @empty_0, i32 0, i32 0, void @empty_0, void @empty_0, void @empty_0, i32 0, i32 0, i32 0, i32 0, void @empty_0, void @empty_0, i32 4294967295, i32 0, i32 0"   --->   Operation 14 'specinterface' 'specinterface_ln0' <Predicate = true> <Delay = 0.00>
ST_1 : Operation 15 [1/1] (0.00ns)   --->   "%specinterface_ln0 = specinterface void @_ssdm_op_SpecInterface, i24 %srcLayer1Yuv422, void @empty_42, i32 0, i32 0, void @empty_0, i32 0, i32 0, void @empty_0, void @empty_0, void @empty_0, i32 0, i32 0, i32 0, i32 0, void @empty_0, void @empty_0, i32 4294967295, i32 0, i32 0"   --->   Operation 15 'specinterface' 'specinterface_ln0' <Predicate = true> <Delay = 0.00>
ST_1 : Operation 16 [1/1] (0.00ns)   --->   "%width_read = read i16 @_ssdm_op_Read.ap_auto.i16, i16 %width" [/home/e/Documents/research/byotee/OSDZU3_Ref_Design/OSDZU3_Ref_Design.runs/design_1_v_mix_0_0_synth_1/prj/sol/.autopilot/db/v_csc.cpp:125]   --->   Operation 16 'read' 'width_read' <Predicate = true> <Delay = 0.00>
ST_1 : Operation 17 [1/1] (0.00ns)   --->   "%loopWidth_read = read i16 @_ssdm_op_Read.ap_auto.i16, i16 %loopWidth" [/home/e/Documents/research/byotee/OSDZU3_Ref_Design/OSDZU3_Ref_Design.runs/design_1_v_mix_0_0_synth_1/prj/sol/.autopilot/db/v_csc.cpp:125]   --->   Operation 17 'read' 'loopWidth_read' <Predicate = true> <Delay = 0.00>
ST_1 : Operation 18 [1/1] (0.00ns)   --->   "%p_0_0_0206358_lcssa409_read = read i8 @_ssdm_op_Read.ap_auto.i8, i8 %p_0_0_0206358_lcssa409" [/home/e/Documents/research/byotee/OSDZU3_Ref_Design/OSDZU3_Ref_Design.runs/design_1_v_mix_0_0_synth_1/prj/sol/.autopilot/db/v_csc.cpp:125]   --->   Operation 18 'read' 'p_0_0_0206358_lcssa409_read' <Predicate = true> <Delay = 0.00>
ST_1 : Operation 19 [1/1] (0.00ns)   --->   "%p_0_0_0_0_0207_2_lcssa417_read = read i8 @_ssdm_op_Read.ap_auto.i8, i8 %p_0_0_0_0_0207_2_lcssa417" [/home/e/Documents/research/byotee/OSDZU3_Ref_Design/OSDZU3_Ref_Design.runs/design_1_v_mix_0_0_synth_1/prj/sol/.autopilot/db/v_csc.cpp:125]   --->   Operation 19 'read' 'p_0_0_0_0_0207_2_lcssa417_read' <Predicate = true> <Delay = 0.00>
ST_1 : Operation 20 [1/1] (0.00ns)   --->   "%p_0_0_0_0_0207_3_lcssa420_read = read i8 @_ssdm_op_Read.ap_auto.i8, i8 %p_0_0_0_0_0207_3_lcssa420" [/home/e/Documents/research/byotee/OSDZU3_Ref_Design/OSDZU3_Ref_Design.runs/design_1_v_mix_0_0_synth_1/prj/sol/.autopilot/db/v_csc.cpp:125]   --->   Operation 20 'read' 'p_0_0_0_0_0207_3_lcssa420_read' <Predicate = true> <Delay = 0.00>
ST_1 : Operation 21 [1/1] (0.00ns)   --->   "%p_0_0_0_0_0207_4_lcssa423_read = read i8 @_ssdm_op_Read.ap_auto.i8, i8 %p_0_0_0_0_0207_4_lcssa423" [/home/e/Documents/research/byotee/OSDZU3_Ref_Design/OSDZU3_Ref_Design.runs/design_1_v_mix_0_0_synth_1/prj/sol/.autopilot/db/v_csc.cpp:125]   --->   Operation 21 'read' 'p_0_0_0_0_0207_4_lcssa423_read' <Predicate = true> <Delay = 0.00>
ST_1 : Operation 22 [1/1] (0.00ns)   --->   "%p_0_0_0206358_lcssa364426_read = read i8 @_ssdm_op_Read.ap_auto.i8, i8 %p_0_0_0206358_lcssa364426" [/home/e/Documents/research/byotee/OSDZU3_Ref_Design/OSDZU3_Ref_Design.runs/design_1_v_mix_0_0_synth_1/prj/sol/.autopilot/db/v_csc.cpp:125]   --->   Operation 22 'read' 'p_0_0_0206358_lcssa364426_read' <Predicate = true> <Delay = 0.00>
ST_1 : Operation 23 [1/1] (0.48ns)   --->   "%store_ln125 = store i8 %p_0_0_0206358_lcssa364426_read, i8 %p_0_0_0206358363" [/home/e/Documents/research/byotee/OSDZU3_Ref_Design/OSDZU3_Ref_Design.runs/design_1_v_mix_0_0_synth_1/prj/sol/.autopilot/db/v_csc.cpp:125]   --->   Operation 23 'store' 'store_ln125' <Predicate = true> <Delay = 0.48>
ST_1 : Operation 24 [1/1] (0.48ns)   --->   "%store_ln125 = store i8 %p_0_0_0_0_0207_4_lcssa423_read, i8 %p_0_0_0_0_0207_4362" [/home/e/Documents/research/byotee/OSDZU3_Ref_Design/OSDZU3_Ref_Design.runs/design_1_v_mix_0_0_synth_1/prj/sol/.autopilot/db/v_csc.cpp:125]   --->   Operation 24 'store' 'store_ln125' <Predicate = true> <Delay = 0.48>
ST_1 : Operation 25 [1/1] (0.48ns)   --->   "%store_ln125 = store i8 %p_0_0_0_0_0207_3_lcssa420_read, i8 %p_0_0_0_0_0207_3361" [/home/e/Documents/research/byotee/OSDZU3_Ref_Design/OSDZU3_Ref_Design.runs/design_1_v_mix_0_0_synth_1/prj/sol/.autopilot/db/v_csc.cpp:125]   --->   Operation 25 'store' 'store_ln125' <Predicate = true> <Delay = 0.48>
ST_1 : Operation 26 [1/1] (0.48ns)   --->   "%store_ln125 = store i8 %p_0_0_0_0_0207_2_lcssa417_read, i8 %p_0_0_0_0_0207_2360" [/home/e/Documents/research/byotee/OSDZU3_Ref_Design/OSDZU3_Ref_Design.runs/design_1_v_mix_0_0_synth_1/prj/sol/.autopilot/db/v_csc.cpp:125]   --->   Operation 26 'store' 'store_ln125' <Predicate = true> <Delay = 0.48>
ST_1 : Operation 27 [1/1] (0.48ns)   --->   "%store_ln125 = store i8 %p_0_0_0206358_lcssa409_read, i8 %p_0_0_0206357" [/home/e/Documents/research/byotee/OSDZU3_Ref_Design/OSDZU3_Ref_Design.runs/design_1_v_mix_0_0_synth_1/prj/sol/.autopilot/db/v_csc.cpp:125]   --->   Operation 27 'store' 'store_ln125' <Predicate = true> <Delay = 0.48>
ST_1 : Operation 28 [1/1] (0.48ns)   --->   "%store_ln131 = store i15 0, i15 %x" [/home/e/Documents/research/byotee/OSDZU3_Ref_Design/OSDZU3_Ref_Design.runs/design_1_v_mix_0_0_synth_1/prj/sol/.autopilot/db/v_csc.cpp:131]   --->   Operation 28 'store' 'store_ln131' <Predicate = true> <Delay = 0.48>
ST_1 : Operation 29 [1/1] (0.00ns)   --->   "%br_ln161 = br void %for.body29" [/home/e/Documents/research/byotee/OSDZU3_Ref_Design/OSDZU3_Ref_Design.runs/design_1_v_mix_0_0_synth_1/prj/sol/.autopilot/db/v_csc.cpp:161]   --->   Operation 29 'br' 'br_ln161' <Predicate = true> <Delay = 0.00>
ST_1 : Operation 30 [1/1] (0.00ns)   --->   "%x_15 = load i15 %x" [/home/e/Documents/research/byotee/OSDZU3_Ref_Design/OSDZU3_Ref_Design.runs/design_1_v_mix_0_0_synth_1/prj/sol/.autopilot/db/v_csc.cpp:161]   --->   Operation 30 'load' 'x_15' <Predicate = true> <Delay = 0.00>
ST_1 : Operation 31 [1/1] (0.00ns)   --->   "%zext_ln161 = zext i15 %x_15" [/home/e/Documents/research/byotee/OSDZU3_Ref_Design/OSDZU3_Ref_Design.runs/design_1_v_mix_0_0_synth_1/prj/sol/.autopilot/db/v_csc.cpp:161]   --->   Operation 31 'zext' 'zext_ln161' <Predicate = true> <Delay = 0.00>
ST_1 : Operation 32 [1/1] (1.01ns)   --->   "%icmp_ln161 = icmp_slt  i16 %zext_ln161, i16 %loopWidth_read" [/home/e/Documents/research/byotee/OSDZU3_Ref_Design/OSDZU3_Ref_Design.runs/design_1_v_mix_0_0_synth_1/prj/sol/.autopilot/db/v_csc.cpp:161]   --->   Operation 32 'icmp' 'icmp_ln161' <Predicate = true> <Delay = 1.01> <CoreInst = "Cmp">   --->   Core 9 'Cmp' <Latency = 0> <II = 1> <Delay = 1.01> <FuncUnit> <Opcode : 'seteq' 'setne' 'setle' 'setge' 'setlt' 'setgt'> <InPorts = 2> <OutPorts = 1>
ST_1 : Operation 33 [1/1] (1.00ns)   --->   "%add_ln161 = add i15 %x_15, i15 1" [/home/e/Documents/research/byotee/OSDZU3_Ref_Design/OSDZU3_Ref_Design.runs/design_1_v_mix_0_0_synth_1/prj/sol/.autopilot/db/v_csc.cpp:161]   --->   Operation 33 'add' 'add_ln161' <Predicate = true> <Delay = 1.00> <CoreInst = "Adder">   --->   Core 1 'Adder' <Latency = 0> <II = 1> <Delay = 1.00> <FuncUnit> <Opcode : 'add' 'sub'> <InPorts = 2> <OutPorts = 1>
ST_1 : Operation 34 [1/1] (0.00ns)   --->   "%br_ln161 = br i1 %icmp_ln161, void %for.inc319.exitStub, void %for.body29.split" [/home/e/Documents/research/byotee/OSDZU3_Ref_Design/OSDZU3_Ref_Design.runs/design_1_v_mix_0_0_synth_1/prj/sol/.autopilot/db/v_csc.cpp:161]   --->   Operation 34 'br' 'br_ln161' <Predicate = true> <Delay = 0.00>
ST_1 : Operation 35 [1/1] (0.00ns)   --->   "%specpipeline_ln164 = specpipeline void @_ssdm_op_SpecPipeline, i32 1, i32 0, i32 0, i32 0, void @empty_0" [/home/e/Documents/research/byotee/OSDZU3_Ref_Design/OSDZU3_Ref_Design.runs/design_1_v_mix_0_0_synth_1/prj/sol/.autopilot/db/v_csc.cpp:164]   --->   Operation 35 'specpipeline' 'specpipeline_ln164' <Predicate = (icmp_ln161)> <Delay = 0.00>
ST_1 : Operation 36 [1/1] (0.00ns)   --->   "%specloopname_ln161 = specloopname void @_ssdm_op_SpecLoopName, void @empty_33" [/home/e/Documents/research/byotee/OSDZU3_Ref_Design/OSDZU3_Ref_Design.runs/design_1_v_mix_0_0_synth_1/prj/sol/.autopilot/db/v_csc.cpp:161]   --->   Operation 36 'specloopname' 'specloopname_ln161' <Predicate = (icmp_ln161)> <Delay = 0.00>
ST_1 : Operation 37 [1/1] (1.00ns)   --->   "%add_ln167 = add i16 %zext_ln161, i16 65531" [/home/e/Documents/research/byotee/OSDZU3_Ref_Design/OSDZU3_Ref_Design.runs/design_1_v_mix_0_0_synth_1/prj/sol/.autopilot/db/v_csc.cpp:167]   --->   Operation 37 'add' 'add_ln167' <Predicate = (icmp_ln161)> <Delay = 1.00> <CoreInst = "Adder">   --->   Core 1 'Adder' <Latency = 0> <II = 1> <Delay = 1.00> <FuncUnit> <Opcode : 'add' 'sub'> <InPorts = 2> <OutPorts = 1>
ST_1 : Operation 38 [1/1] (1.01ns)   --->   "%icmp_ln169 = icmp_ult  i16 %zext_ln161, i16 %width_read" [/home/e/Documents/research/byotee/OSDZU3_Ref_Design/OSDZU3_Ref_Design.runs/design_1_v_mix_0_0_synth_1/prj/sol/.autopilot/db/v_csc.cpp:169]   --->   Operation 38 'icmp' 'icmp_ln169' <Predicate = (icmp_ln161)> <Delay = 1.01> <CoreInst = "Cmp">   --->   Core 9 'Cmp' <Latency = 0> <II = 1> <Delay = 1.01> <FuncUnit> <Opcode : 'seteq' 'setne' 'setle' 'setge' 'setlt' 'setgt'> <InPorts = 2> <OutPorts = 1>
ST_1 : Operation 39 [1/1] (0.00ns)   --->   "%br_ln169 = br i1 %icmp_ln169, void %VITIS_LOOP_190_4_ifconv, void %VITIS_LOOP_174_3" [/home/e/Documents/research/byotee/OSDZU3_Ref_Design/OSDZU3_Ref_Design.runs/design_1_v_mix_0_0_synth_1/prj/sol/.autopilot/db/v_csc.cpp:169]   --->   Operation 39 'br' 'br_ln169' <Predicate = (icmp_ln161)> <Delay = 0.00>
ST_1 : Operation 40 [1/1] (0.00ns)   --->   "%trunc_ln177 = trunc i15 %x_15" [/home/e/Documents/research/byotee/OSDZU3_Ref_Design/OSDZU3_Ref_Design.runs/design_1_v_mix_0_0_synth_1/prj/sol/.autopilot/db/v_csc.cpp:177]   --->   Operation 40 'trunc' 'trunc_ln177' <Predicate = (icmp_ln161 & icmp_ln169)> <Delay = 0.00>
ST_1 : Operation 41 [1/1] (1.00ns)   --->   "%cmp111 = icmp_eq  i15 %x_15, i15 1" [/home/e/Documents/research/byotee/OSDZU3_Ref_Design/OSDZU3_Ref_Design.runs/design_1_v_mix_0_0_synth_1/prj/sol/.autopilot/db/v_csc.cpp:161]   --->   Operation 41 'icmp' 'cmp111' <Predicate = (icmp_ln161)> <Delay = 1.00> <CoreInst = "Cmp">   --->   Core 9 'Cmp' <Latency = 0> <II = 1> <Delay = 1.00> <FuncUnit> <Opcode : 'seteq' 'setne' 'setle' 'setge' 'setlt' 'setgt'> <InPorts = 2> <OutPorts = 1>
ST_1 : Operation 42 [1/1] (0.00ns)   --->   "%CRpix = trunc i15 %x_15" [/home/e/Documents/research/byotee/OSDZU3_Ref_Design/OSDZU3_Ref_Design.runs/design_1_v_mix_0_0_synth_1/prj/sol/.autopilot/db/v_csc.cpp:161]   --->   Operation 42 'trunc' 'CRpix' <Predicate = (icmp_ln161)> <Delay = 0.00>
ST_1 : Operation 43 [1/1] (0.00ns)   --->   "%odd_col = trunc i16 %add_ln167" [/home/e/Documents/research/byotee/OSDZU3_Ref_Design/OSDZU3_Ref_Design.runs/design_1_v_mix_0_0_synth_1/prj/sol/.autopilot/db/v_csc.cpp:167]   --->   Operation 43 'trunc' 'odd_col' <Predicate = (icmp_ln161)> <Delay = 0.00>
ST_1 : Operation 44 [1/1] (0.00ns)   --->   "%tmp = bitselect i1 @_ssdm_op_BitSelect.i1.i16.i32, i16 %add_ln167, i32 15" [/home/e/Documents/research/byotee/OSDZU3_Ref_Design/OSDZU3_Ref_Design.runs/design_1_v_mix_0_0_synth_1/prj/sol/.autopilot/db/v_csc.cpp:281]   --->   Operation 44 'bitselect' 'tmp' <Predicate = (icmp_ln161)> <Delay = 0.00>
ST_1 : Operation 45 [1/1] (0.00ns)   --->   "%br_ln281 = br i1 %tmp, void %if.then314, void %for.inc316" [/home/e/Documents/research/byotee/OSDZU3_Ref_Design/OSDZU3_Ref_Design.runs/design_1_v_mix_0_0_synth_1/prj/sol/.autopilot/db/v_csc.cpp:281]   --->   Operation 45 'br' 'br_ln281' <Predicate = (icmp_ln161)> <Delay = 0.00>
ST_1 : Operation 46 [1/1] (0.48ns)   --->   "%store_ln131 = store i15 %add_ln161, i15 %x" [/home/e/Documents/research/byotee/OSDZU3_Ref_Design/OSDZU3_Ref_Design.runs/design_1_v_mix_0_0_synth_1/prj/sol/.autopilot/db/v_csc.cpp:131]   --->   Operation 46 'store' 'store_ln131' <Predicate = (icmp_ln161)> <Delay = 0.48>

State 2 <SV = 1> <Delay = 2.31>
ST_2 : Operation 47 [1/1] (0.00ns)   --->   "%p_0_0_0200352_out_load = load i8 %p_0_0_0200352_out" [/home/e/Documents/research/byotee/OSDZU3_Ref_Design/OSDZU3_Ref_Design.runs/design_1_v_mix_0_0_synth_1/prj/sol/.autopilot/db/v_csc.cpp:177]   --->   Operation 47 'load' 'p_0_0_0200352_out_load' <Predicate = (icmp_ln161 & icmp_ln169 & trunc_ln177)> <Delay = 0.00>
ST_2 : Operation 48 [1/1] (0.00ns)   --->   "%p_0_0_0199354_out_load = load i8 %p_0_0_0199354_out" [/home/e/Documents/research/byotee/OSDZU3_Ref_Design/OSDZU3_Ref_Design.runs/design_1_v_mix_0_0_synth_1/prj/sol/.autopilot/db/v_csc.cpp:177]   --->   Operation 48 'load' 'p_0_0_0199354_out_load' <Predicate = (icmp_ln161 & icmp_ln169 & !trunc_ln177)> <Delay = 0.00>
ST_2 : Operation 49 [1/1] ( I:1.82ns O:1.82ns )   --->   "%srcLayer1Yuv422_read = read i24 @_ssdm_op_Read.ap_fifo.volatile.i24P0A, i24 %srcLayer1Yuv422" [/home/e/Documents/research/byotee/OSDZU3_Ref_Design/OSDZU3_Ref_Design.runs/design_1_v_mix_0_0_synth_1/prj/sol/.autopilot/db/v_csc.cpp:171]   --->   Operation 49 'read' 'srcLayer1Yuv422_read' <Predicate = (icmp_ln161 & icmp_ln169)> <Delay = 1.82> <CoreInst = "FIFO_SRL">   --->   Core 80 'FIFO_SRL' <Latency = 0> <II = 1> <Delay = 2.16> <Storage> <Opcode : 'read' 'write' 'nbread' 'nbwrite'> <Ports = 0> <Width = 24> <Depth = 2> <FIFO>
ST_2 : Operation 50 [1/1] (0.00ns)   --->   "%trunc_ln171 = trunc i24 %srcLayer1Yuv422_read" [/home/e/Documents/research/byotee/OSDZU3_Ref_Design/OSDZU3_Ref_Design.runs/design_1_v_mix_0_0_synth_1/prj/sol/.autopilot/db/v_csc.cpp:171]   --->   Operation 50 'trunc' 'trunc_ln171' <Predicate = (icmp_ln161 & icmp_ln169)> <Delay = 0.00>
ST_2 : Operation 51 [1/1] (0.00ns)   --->   "%trunc_ln171_1 = partselect i8 @_ssdm_op_PartSelect.i8.i24.i32.i32, i24 %srcLayer1Yuv422_read, i32 8, i32 15" [/home/e/Documents/research/byotee/OSDZU3_Ref_Design/OSDZU3_Ref_Design.runs/design_1_v_mix_0_0_synth_1/prj/sol/.autopilot/db/v_csc.cpp:171]   --->   Operation 51 'partselect' 'trunc_ln171_1' <Predicate = (icmp_ln161 & icmp_ln169)> <Delay = 0.00>
ST_2 : Operation 52 [1/1] (0.44ns)   --->   "%select_ln177 = select i1 %trunc_ln177, i8 %trunc_ln171_1, i8 %p_0_0_0199354_out_load" [/home/e/Documents/research/byotee/OSDZU3_Ref_Design/OSDZU3_Ref_Design.runs/design_1_v_mix_0_0_synth_1/prj/sol/.autopilot/db/v_csc.cpp:177]   --->   Operation 52 'select' 'select_ln177' <Predicate = (icmp_ln161 & icmp_ln169)> <Delay = 0.44> <CoreInst = "Sel">   --->   Core 73 'Sel' <Latency = 0> <II = 1> <Delay = 0.44> <FuncUnit> <Opcode : 'select'> <InPorts = 3> <OutPorts = 1>
ST_2 : Operation 53 [1/1] (0.44ns)   --->   "%select_ln177_1 = select i1 %trunc_ln177, i8 %p_0_0_0200352_out_load, i8 %trunc_ln171_1" [/home/e/Documents/research/byotee/OSDZU3_Ref_Design/OSDZU3_Ref_Design.runs/design_1_v_mix_0_0_synth_1/prj/sol/.autopilot/db/v_csc.cpp:177]   --->   Operation 53 'select' 'select_ln177_1' <Predicate = (icmp_ln161 & icmp_ln169)> <Delay = 0.44> <CoreInst = "Sel">   --->   Core 73 'Sel' <Latency = 0> <II = 1> <Delay = 0.44> <FuncUnit> <Opcode : 'select'> <InPorts = 3> <OutPorts = 1>
ST_2 : Operation 54 [1/1] (0.48ns)   --->   "%store_ln171 = store i8 %trunc_ln171, i8 %p_0_0_0206357" [/home/e/Documents/research/byotee/OSDZU3_Ref_Design/OSDZU3_Ref_Design.runs/design_1_v_mix_0_0_synth_1/prj/sol/.autopilot/db/v_csc.cpp:171]   --->   Operation 54 'store' 'store_ln171' <Predicate = (icmp_ln161 & icmp_ln169)> <Delay = 0.48>
ST_2 : Operation 55 [1/1] (0.00ns)   --->   "%store_ln177 = store i8 %select_ln177, i8 %p_0_0_0199354_out" [/home/e/Documents/research/byotee/OSDZU3_Ref_Design/OSDZU3_Ref_Design.runs/design_1_v_mix_0_0_synth_1/prj/sol/.autopilot/db/v_csc.cpp:177]   --->   Operation 55 'store' 'store_ln177' <Predicate = (icmp_ln161 & icmp_ln169)> <Delay = 0.00>
ST_2 : Operation 56 [1/1] (0.00ns)   --->   "%store_ln177 = store i8 %select_ln177_1, i8 %p_0_0_0200352_out" [/home/e/Documents/research/byotee/OSDZU3_Ref_Design/OSDZU3_Ref_Design.runs/design_1_v_mix_0_0_synth_1/prj/sol/.autopilot/db/v_csc.cpp:177]   --->   Operation 56 'store' 'store_ln177' <Predicate = (icmp_ln161 & icmp_ln169)> <Delay = 0.00>
ST_2 : Operation 57 [1/1] (0.00ns)   --->   "%br_ln186 = br void %VITIS_LOOP_190_4_ifconv" [/home/e/Documents/research/byotee/OSDZU3_Ref_Design/OSDZU3_Ref_Design.runs/design_1_v_mix_0_0_synth_1/prj/sol/.autopilot/db/v_csc.cpp:186]   --->   Operation 57 'br' 'br_ln186' <Predicate = (icmp_ln161 & icmp_ln169)> <Delay = 0.00>

State 3 <SV = 2> <Delay = 2.06>
ST_3 : Operation 58 [1/1] (0.00ns)   --->   "%p_0_0_0_0_0207_2360_load = load i8 %p_0_0_0_0_0207_2360"   --->   Operation 58 'load' 'p_0_0_0_0_0207_2360_load' <Predicate = true> <Delay = 0.00>
ST_3 : Operation 59 [1/1] (0.00ns)   --->   "%p_0_0_0_0_0207_3361_load = load i8 %p_0_0_0_0_0207_3361"   --->   Operation 59 'load' 'p_0_0_0_0_0207_3361_load' <Predicate = true> <Delay = 0.00>
ST_3 : Operation 60 [1/1] (0.00ns)   --->   "%p_0_0_0_0_0207_4362_load = load i8 %p_0_0_0_0_0207_4362"   --->   Operation 60 'load' 'p_0_0_0_0_0207_4362_load' <Predicate = true> <Delay = 0.00>
ST_3 : Operation 61 [1/1] (0.00ns)   --->   "%p_0_0_0206358363_load = load i8 %p_0_0_0206358363"   --->   Operation 61 'load' 'p_0_0_0206358363_load' <Predicate = true> <Delay = 0.00>
ST_3 : Operation 62 [1/1] (0.00ns)   --->   "%speclooptripcount_ln0 = speclooptripcount void @_ssdm_op_SpecLoopTripCount, i64 0, i64 32767, i64 32767"   --->   Operation 62 'speclooptripcount' 'speclooptripcount_ln0' <Predicate = true> <Delay = 0.00>
ST_3 : Operation 63 [1/1] (0.00ns)   --->   "%p_0_0_0_0_0205_1367_out_load = load i8 %p_0_0_0_0_0205_1367_out" [/home/e/Documents/research/byotee/OSDZU3_Ref_Design/OSDZU3_Ref_Design.runs/design_1_v_mix_0_0_synth_1/prj/sol/.autopilot/db/v_csc.cpp:222]   --->   Operation 63 'load' 'p_0_0_0_0_0205_1367_out_load' <Predicate = (icmp_ln161 & !CRpix & !cmp111)> <Delay = 0.00>
ST_3 : Operation 64 [1/1] (0.00ns)   --->   "%p_0_0_0_0_0_1374_out_load = load i8 %p_0_0_0_0_0_1374_out" [/home/e/Documents/research/byotee/OSDZU3_Ref_Design/OSDZU3_Ref_Design.runs/design_1_v_mix_0_0_synth_1/prj/sol/.autopilot/db/v_csc.cpp:222]   --->   Operation 64 'load' 'p_0_0_0_0_0_1374_out_load' <Predicate = (icmp_ln161 & !CRpix & !cmp111)> <Delay = 0.00>
ST_3 : Operation 65 [1/1] (0.00ns)   --->   "%p_0_0_0_0_0205_2381_out_load = load i8 %p_0_0_0_0_0205_2381_out" [/home/e/Documents/research/byotee/OSDZU3_Ref_Design/OSDZU3_Ref_Design.runs/design_1_v_mix_0_0_synth_1/prj/sol/.autopilot/db/v_csc.cpp:222]   --->   Operation 65 'load' 'p_0_0_0_0_0205_2381_out_load' <Predicate = (icmp_ln161)> <Delay = 0.00>
ST_3 : Operation 66 [1/1] (0.00ns)   --->   "%p_0_0_0_0_0_2384_out_load = load i8 %p_0_0_0_0_0_2384_out" [/home/e/Documents/research/byotee/OSDZU3_Ref_Design/OSDZU3_Ref_Design.runs/design_1_v_mix_0_0_synth_1/prj/sol/.autopilot/db/v_csc.cpp:222]   --->   Operation 66 'load' 'p_0_0_0_0_0_2384_out_load' <Predicate = (icmp_ln161)> <Delay = 0.00>
ST_3 : Operation 67 [1/1] (0.00ns)   --->   "%p_0_0_0200353387_out_load = load i8 %p_0_0_0200353387_out" [/home/e/Documents/research/byotee/OSDZU3_Ref_Design/OSDZU3_Ref_Design.runs/design_1_v_mix_0_0_synth_1/prj/sol/.autopilot/db/v_csc.cpp:222]   --->   Operation 67 'load' 'p_0_0_0200353387_out_load' <Predicate = (icmp_ln161)> <Delay = 0.00>
ST_3 : Operation 68 [1/1] (0.00ns)   --->   "%p_0_0_0199355390_out_load = load i8 %p_0_0_0199355390_out" [/home/e/Documents/research/byotee/OSDZU3_Ref_Design/OSDZU3_Ref_Design.runs/design_1_v_mix_0_0_synth_1/prj/sol/.autopilot/db/v_csc.cpp:222]   --->   Operation 68 'load' 'p_0_0_0199355390_out_load' <Predicate = (icmp_ln161)> <Delay = 0.00>
ST_3 : Operation 69 [1/1] (0.00ns)   --->   "%p_0_0_0200352_out_load_1 = load i8 %p_0_0_0200352_out" [/home/e/Documents/research/byotee/OSDZU3_Ref_Design/OSDZU3_Ref_Design.runs/design_1_v_mix_0_0_synth_1/prj/sol/.autopilot/db/v_csc.cpp:242]   --->   Operation 69 'load' 'p_0_0_0200352_out_load_1' <Predicate = (icmp_ln161)> <Delay = 0.00>
ST_3 : Operation 70 [1/1] (0.00ns)   --->   "%p_0_0_0199354_out_load_1 = load i8 %p_0_0_0199354_out" [/home/e/Documents/research/byotee/OSDZU3_Ref_Design/OSDZU3_Ref_Design.runs/design_1_v_mix_0_0_synth_1/prj/sol/.autopilot/db/v_csc.cpp:242]   --->   Operation 70 'load' 'p_0_0_0199354_out_load_1' <Predicate = (icmp_ln161)> <Delay = 0.00>
ST_3 : Operation 71 [1/1] (0.00ns) (grouped into LUT with out node select_ln242)   --->   "%select_ln222 = select i1 %CRpix, i8 %p_0_0_0199354_out_load_1, i8 %p_0_0_0199355390_out_load" [/home/e/Documents/research/byotee/OSDZU3_Ref_Design/OSDZU3_Ref_Design.runs/design_1_v_mix_0_0_synth_1/prj/sol/.autopilot/db/v_csc.cpp:222]   --->   Operation 71 'select' 'select_ln222' <Predicate = (icmp_ln161 & !cmp111)> <Delay = 0.00> <CoreInst = "Sel">   --->   Core 73 'Sel' <Latency = 0> <II = 1> <Delay = 0.44> <FuncUnit> <Opcode : 'select'> <InPorts = 3> <OutPorts = 1>
ST_3 : Operation 72 [1/1] (0.00ns) (grouped into LUT with out node select_ln242_1)   --->   "%select_ln222_1 = select i1 %CRpix, i8 %p_0_0_0200352_out_load_1, i8 %p_0_0_0200353387_out_load" [/home/e/Documents/research/byotee/OSDZU3_Ref_Design/OSDZU3_Ref_Design.runs/design_1_v_mix_0_0_synth_1/prj/sol/.autopilot/db/v_csc.cpp:222]   --->   Operation 72 'select' 'select_ln222_1' <Predicate = (icmp_ln161 & !cmp111)> <Delay = 0.00> <CoreInst = "Sel">   --->   Core 73 'Sel' <Latency = 0> <II = 1> <Delay = 0.44> <FuncUnit> <Opcode : 'select'> <InPorts = 3> <OutPorts = 1>
ST_3 : Operation 73 [1/1] (0.00ns) (grouped into LUT with out node select_ln242_2)   --->   "%select_ln222_2 = select i1 %CRpix, i8 %p_0_0_0199355390_out_load, i8 %p_0_0_0_0_0_2384_out_load" [/home/e/Documents/research/byotee/OSDZU3_Ref_Design/OSDZU3_Ref_Design.runs/design_1_v_mix_0_0_synth_1/prj/sol/.autopilot/db/v_csc.cpp:222]   --->   Operation 73 'select' 'select_ln222_2' <Predicate = (icmp_ln161 & !cmp111)> <Delay = 0.00> <CoreInst = "Sel">   --->   Core 73 'Sel' <Latency = 0> <II = 1> <Delay = 0.44> <FuncUnit> <Opcode : 'select'> <InPorts = 3> <OutPorts = 1>
ST_3 : Operation 74 [1/1] (0.00ns) (grouped into LUT with out node select_ln242_3)   --->   "%select_ln222_3 = select i1 %CRpix, i8 %p_0_0_0200353387_out_load, i8 %p_0_0_0_0_0205_2381_out_load" [/home/e/Documents/research/byotee/OSDZU3_Ref_Design/OSDZU3_Ref_Design.runs/design_1_v_mix_0_0_synth_1/prj/sol/.autopilot/db/v_csc.cpp:222]   --->   Operation 74 'select' 'select_ln222_3' <Predicate = (icmp_ln161 & !cmp111)> <Delay = 0.00> <CoreInst = "Sel">   --->   Core 73 'Sel' <Latency = 0> <II = 1> <Delay = 0.44> <FuncUnit> <Opcode : 'select'> <InPorts = 3> <OutPorts = 1>
ST_3 : Operation 75 [1/1] (0.00ns) (grouped into LUT with out node select_ln242_4)   --->   "%select_ln222_4 = select i1 %CRpix, i8 %p_0_0_0_0_0_2384_out_load, i8 %p_0_0_0_0_0_1374_out_load" [/home/e/Documents/research/byotee/OSDZU3_Ref_Design/OSDZU3_Ref_Design.runs/design_1_v_mix_0_0_synth_1/prj/sol/.autopilot/db/v_csc.cpp:222]   --->   Operation 75 'select' 'select_ln222_4' <Predicate = (icmp_ln161 & !cmp111)> <Delay = 0.00> <CoreInst = "Sel">   --->   Core 73 'Sel' <Latency = 0> <II = 1> <Delay = 0.44> <FuncUnit> <Opcode : 'select'> <InPorts = 3> <OutPorts = 1>
ST_3 : Operation 76 [1/1] (0.00ns) (grouped into LUT with out node select_ln242_5)   --->   "%select_ln222_5 = select i1 %CRpix, i8 %p_0_0_0_0_0205_2381_out_load, i8 %p_0_0_0_0_0205_1367_out_load" [/home/e/Documents/research/byotee/OSDZU3_Ref_Design/OSDZU3_Ref_Design.runs/design_1_v_mix_0_0_synth_1/prj/sol/.autopilot/db/v_csc.cpp:222]   --->   Operation 76 'select' 'select_ln222_5' <Predicate = (icmp_ln161 & !cmp111)> <Delay = 0.00> <CoreInst = "Sel">   --->   Core 73 'Sel' <Latency = 0> <II = 1> <Delay = 0.44> <FuncUnit> <Opcode : 'select'> <InPorts = 3> <OutPorts = 1>
ST_3 : Operation 77 [1/1] (0.44ns) (out node of the LUT)   --->   "%select_ln242 = select i1 %cmp111, i8 %p_0_0_0199354_out_load_1, i8 %select_ln222" [/home/e/Documents/research/byotee/OSDZU3_Ref_Design/OSDZU3_Ref_Design.runs/design_1_v_mix_0_0_synth_1/prj/sol/.autopilot/db/v_csc.cpp:242]   --->   Operation 77 'select' 'select_ln242' <Predicate = (icmp_ln161)> <Delay = 0.44> <CoreInst = "Sel">   --->   Core 73 'Sel' <Latency = 0> <II = 1> <Delay = 0.44> <FuncUnit> <Opcode : 'select'> <InPorts = 3> <OutPorts = 1>
ST_3 : Operation 78 [1/1] (0.44ns) (out node of the LUT)   --->   "%select_ln242_1 = select i1 %cmp111, i8 %p_0_0_0200352_out_load_1, i8 %select_ln222_1" [/home/e/Documents/research/byotee/OSDZU3_Ref_Design/OSDZU3_Ref_Design.runs/design_1_v_mix_0_0_synth_1/prj/sol/.autopilot/db/v_csc.cpp:242]   --->   Operation 78 'select' 'select_ln242_1' <Predicate = (icmp_ln161)> <Delay = 0.44> <CoreInst = "Sel">   --->   Core 73 'Sel' <Latency = 0> <II = 1> <Delay = 0.44> <FuncUnit> <Opcode : 'select'> <InPorts = 3> <OutPorts = 1>
ST_3 : Operation 79 [1/1] (0.44ns) (out node of the LUT)   --->   "%select_ln242_2 = select i1 %cmp111, i8 %p_0_0_0199354_out_load_1, i8 %select_ln222_2" [/home/e/Documents/research/byotee/OSDZU3_Ref_Design/OSDZU3_Ref_Design.runs/design_1_v_mix_0_0_synth_1/prj/sol/.autopilot/db/v_csc.cpp:242]   --->   Operation 79 'select' 'select_ln242_2' <Predicate = (icmp_ln161)> <Delay = 0.44> <CoreInst = "Sel">   --->   Core 73 'Sel' <Latency = 0> <II = 1> <Delay = 0.44> <FuncUnit> <Opcode : 'select'> <InPorts = 3> <OutPorts = 1>
ST_3 : Operation 80 [1/1] (0.44ns) (out node of the LUT)   --->   "%select_ln242_3 = select i1 %cmp111, i8 %p_0_0_0200352_out_load_1, i8 %select_ln222_3" [/home/e/Documents/research/byotee/OSDZU3_Ref_Design/OSDZU3_Ref_Design.runs/design_1_v_mix_0_0_synth_1/prj/sol/.autopilot/db/v_csc.cpp:242]   --->   Operation 80 'select' 'select_ln242_3' <Predicate = (icmp_ln161)> <Delay = 0.44> <CoreInst = "Sel">   --->   Core 73 'Sel' <Latency = 0> <II = 1> <Delay = 0.44> <FuncUnit> <Opcode : 'select'> <InPorts = 3> <OutPorts = 1>
ST_3 : Operation 81 [1/1] (0.44ns) (out node of the LUT)   --->   "%select_ln242_4 = select i1 %cmp111, i8 %p_0_0_0199354_out_load_1, i8 %select_ln222_4" [/home/e/Documents/research/byotee/OSDZU3_Ref_Design/OSDZU3_Ref_Design.runs/design_1_v_mix_0_0_synth_1/prj/sol/.autopilot/db/v_csc.cpp:242]   --->   Operation 81 'select' 'select_ln242_4' <Predicate = (icmp_ln161)> <Delay = 0.44> <CoreInst = "Sel">   --->   Core 73 'Sel' <Latency = 0> <II = 1> <Delay = 0.44> <FuncUnit> <Opcode : 'select'> <InPorts = 3> <OutPorts = 1>
ST_3 : Operation 82 [1/1] (0.44ns) (out node of the LUT)   --->   "%select_ln242_5 = select i1 %cmp111, i8 %p_0_0_0200352_out_load_1, i8 %select_ln222_5" [/home/e/Documents/research/byotee/OSDZU3_Ref_Design/OSDZU3_Ref_Design.runs/design_1_v_mix_0_0_synth_1/prj/sol/.autopilot/db/v_csc.cpp:242]   --->   Operation 82 'select' 'select_ln242_5' <Predicate = (icmp_ln161)> <Delay = 0.44> <CoreInst = "Sel">   --->   Core 73 'Sel' <Latency = 0> <II = 1> <Delay = 0.44> <FuncUnit> <Opcode : 'select'> <InPorts = 3> <OutPorts = 1>
ST_3 : Operation 83 [1/1] (0.00ns)   --->   "%zext_ln270 = zext i8 %select_ln242_3" [/home/e/Documents/research/byotee/OSDZU3_Ref_Design/OSDZU3_Ref_Design.runs/design_1_v_mix_0_0_synth_1/prj/sol/.autopilot/db/v_csc.cpp:270]   --->   Operation 83 'zext' 'zext_ln270' <Predicate = (icmp_ln161 & odd_col)> <Delay = 0.00>
ST_3 : Operation 84 [1/1] (0.00ns)   --->   "%zext_ln270_1 = zext i8 %select_ln242_5" [/home/e/Documents/research/byotee/OSDZU3_Ref_Design/OSDZU3_Ref_Design.runs/design_1_v_mix_0_0_synth_1/prj/sol/.autopilot/db/v_csc.cpp:270]   --->   Operation 84 'zext' 'zext_ln270_1' <Predicate = (icmp_ln161 & odd_col)> <Delay = 0.00>
ST_3 : Operation 85 [1/1] (0.00ns) (grouped into TernaryAdder)   --->   "%add_ln270 = add i9 %zext_ln270_1, i9 1" [/home/e/Documents/research/byotee/OSDZU3_Ref_Design/OSDZU3_Ref_Design.runs/design_1_v_mix_0_0_synth_1/prj/sol/.autopilot/db/v_csc.cpp:270]   --->   Operation 85 'add' 'add_ln270' <Predicate = (icmp_ln161 & odd_col)> <Delay = 0.00> <CoreInst = "TAddSub">   --->   Core 10 'TAddSub' <Latency = 0> <II = 1> <Delay = 0.58> <IPBlock> <Opcode : 'add' 'sub'> <InPorts = 3> <OutPorts = 1> <Sync> <CReg>
ST_3 : Operation 86 [1/1] (1.17ns) (root node of TernaryAdder)   --->   "%add_ln270_1 = add i9 %add_ln270, i9 %zext_ln270" [/home/e/Documents/research/byotee/OSDZU3_Ref_Design/OSDZU3_Ref_Design.runs/design_1_v_mix_0_0_synth_1/prj/sol/.autopilot/db/v_csc.cpp:270]   --->   Operation 86 'add' 'add_ln270_1' <Predicate = (icmp_ln161 & odd_col)> <Delay = 1.17> <CoreInst = "TAddSub">   --->   Core 10 'TAddSub' <Latency = 0> <II = 1> <Delay = 0.58> <IPBlock> <Opcode : 'add' 'sub'> <InPorts = 3> <OutPorts = 1> <Sync> <CReg>
ST_3 : Operation 87 [1/1] (0.00ns)   --->   "%trunc_ln = partselect i8 @_ssdm_op_PartSelect.i8.i9.i32.i32, i9 %add_ln270_1, i32 1, i32 8" [/home/e/Documents/research/byotee/OSDZU3_Ref_Design/OSDZU3_Ref_Design.runs/design_1_v_mix_0_0_synth_1/prj/sol/.autopilot/db/v_csc.cpp:270]   --->   Operation 87 'partselect' 'trunc_ln' <Predicate = (icmp_ln161 & odd_col)> <Delay = 0.00>
ST_3 : Operation 88 [1/1] (0.00ns)   --->   "%zext_ln271 = zext i8 %select_ln242_2" [/home/e/Documents/research/byotee/OSDZU3_Ref_Design/OSDZU3_Ref_Design.runs/design_1_v_mix_0_0_synth_1/prj/sol/.autopilot/db/v_csc.cpp:271]   --->   Operation 88 'zext' 'zext_ln271' <Predicate = (icmp_ln161 & odd_col)> <Delay = 0.00>
ST_3 : Operation 89 [1/1] (0.00ns)   --->   "%zext_ln271_1 = zext i8 %select_ln242_4" [/home/e/Documents/research/byotee/OSDZU3_Ref_Design/OSDZU3_Ref_Design.runs/design_1_v_mix_0_0_synth_1/prj/sol/.autopilot/db/v_csc.cpp:271]   --->   Operation 89 'zext' 'zext_ln271_1' <Predicate = (icmp_ln161 & odd_col)> <Delay = 0.00>
ST_3 : Operation 90 [1/1] (0.00ns) (grouped into TernaryAdder)   --->   "%add_ln271 = add i9 %zext_ln271_1, i9 1" [/home/e/Documents/research/byotee/OSDZU3_Ref_Design/OSDZU3_Ref_Design.runs/design_1_v_mix_0_0_synth_1/prj/sol/.autopilot/db/v_csc.cpp:271]   --->   Operation 90 'add' 'add_ln271' <Predicate = (icmp_ln161 & odd_col)> <Delay = 0.00> <CoreInst = "TAddSub">   --->   Core 10 'TAddSub' <Latency = 0> <II = 1> <Delay = 0.58> <IPBlock> <Opcode : 'add' 'sub'> <InPorts = 3> <OutPorts = 1> <Sync> <CReg>
ST_3 : Operation 91 [1/1] (1.17ns) (root node of TernaryAdder)   --->   "%add_ln271_1 = add i9 %add_ln271, i9 %zext_ln271" [/home/e/Documents/research/byotee/OSDZU3_Ref_Design/OSDZU3_Ref_Design.runs/design_1_v_mix_0_0_synth_1/prj/sol/.autopilot/db/v_csc.cpp:271]   --->   Operation 91 'add' 'add_ln271_1' <Predicate = (icmp_ln161 & odd_col)> <Delay = 1.17> <CoreInst = "TAddSub">   --->   Core 10 'TAddSub' <Latency = 0> <II = 1> <Delay = 0.58> <IPBlock> <Opcode : 'add' 'sub'> <InPorts = 3> <OutPorts = 1> <Sync> <CReg>
ST_3 : Operation 92 [1/1] (0.00ns)   --->   "%trunc_ln1 = partselect i8 @_ssdm_op_PartSelect.i8.i9.i32.i32, i9 %add_ln271_1, i32 1, i32 8" [/home/e/Documents/research/byotee/OSDZU3_Ref_Design/OSDZU3_Ref_Design.runs/design_1_v_mix_0_0_synth_1/prj/sol/.autopilot/db/v_csc.cpp:271]   --->   Operation 92 'partselect' 'trunc_ln1' <Predicate = (icmp_ln161 & odd_col)> <Delay = 0.00>
ST_3 : Operation 93 [1/1] (0.44ns)   --->   "%conv3_i_i74392 = select i1 %odd_col, i8 %trunc_ln, i8 %select_ln242_5" [/home/e/Documents/research/byotee/OSDZU3_Ref_Design/OSDZU3_Ref_Design.runs/design_1_v_mix_0_0_synth_1/prj/sol/.autopilot/db/v_csc.cpp:167]   --->   Operation 93 'select' 'conv3_i_i74392' <Predicate = (icmp_ln161)> <Delay = 0.44> <CoreInst = "Sel">   --->   Core 73 'Sel' <Latency = 0> <II = 1> <Delay = 0.44> <FuncUnit> <Opcode : 'select'> <InPorts = 3> <OutPorts = 1>
ST_3 : Operation 94 [1/1] (0.44ns)   --->   "%outpix_0_2_0_0_0_load = select i1 %odd_col, i8 %trunc_ln1, i8 %select_ln242_4" [/home/e/Documents/research/byotee/OSDZU3_Ref_Design/OSDZU3_Ref_Design.runs/design_1_v_mix_0_0_synth_1/prj/sol/.autopilot/db/v_csc.cpp:167]   --->   Operation 94 'select' 'outpix_0_2_0_0_0_load' <Predicate = (icmp_ln161)> <Delay = 0.44> <CoreInst = "Sel">   --->   Core 73 'Sel' <Latency = 0> <II = 1> <Delay = 0.44> <FuncUnit> <Opcode : 'select'> <InPorts = 3> <OutPorts = 1>
ST_3 : Operation 95 [1/1] (0.00ns)   --->   "%p_0_0_0206357_load = load i8 %p_0_0_0206357"   --->   Operation 95 'load' 'p_0_0_0206357_load' <Predicate = (icmp_ln161)> <Delay = 0.00>
ST_3 : Operation 96 [1/1] (0.48ns)   --->   "%store_ln0 = store i8 %p_0_0_0206357_load, i8 %p_0_0_0206358363"   --->   Operation 96 'store' 'store_ln0' <Predicate = (icmp_ln161)> <Delay = 0.48>
ST_3 : Operation 97 [1/1] (0.48ns)   --->   "%store_ln0 = store i8 %p_0_0_0206358363_load, i8 %p_0_0_0_0_0207_4362"   --->   Operation 97 'store' 'store_ln0' <Predicate = (icmp_ln161)> <Delay = 0.48>
ST_3 : Operation 98 [1/1] (0.48ns)   --->   "%store_ln0 = store i8 %p_0_0_0_0_0207_4362_load, i8 %p_0_0_0_0_0207_3361"   --->   Operation 98 'store' 'store_ln0' <Predicate = (icmp_ln161)> <Delay = 0.48>
ST_3 : Operation 99 [1/1] (0.48ns)   --->   "%store_ln0 = store i8 %p_0_0_0_0_0207_3361_load, i8 %p_0_0_0_0_0207_2360"   --->   Operation 99 'store' 'store_ln0' <Predicate = (icmp_ln161)> <Delay = 0.48>
ST_3 : Operation 100 [1/1] (0.00ns)   --->   "%store_ln242 = store i8 %select_ln242, i8 %p_0_0_0199355390_out" [/home/e/Documents/research/byotee/OSDZU3_Ref_Design/OSDZU3_Ref_Design.runs/design_1_v_mix_0_0_synth_1/prj/sol/.autopilot/db/v_csc.cpp:242]   --->   Operation 100 'store' 'store_ln242' <Predicate = (icmp_ln161)> <Delay = 0.00>
ST_3 : Operation 101 [1/1] (0.00ns)   --->   "%store_ln242 = store i8 %select_ln242_1, i8 %p_0_0_0200353387_out" [/home/e/Documents/research/byotee/OSDZU3_Ref_Design/OSDZU3_Ref_Design.runs/design_1_v_mix_0_0_synth_1/prj/sol/.autopilot/db/v_csc.cpp:242]   --->   Operation 101 'store' 'store_ln242' <Predicate = (icmp_ln161)> <Delay = 0.00>
ST_3 : Operation 102 [1/1] (0.00ns)   --->   "%store_ln242 = store i8 %select_ln242_2, i8 %p_0_0_0_0_0_2384_out" [/home/e/Documents/research/byotee/OSDZU3_Ref_Design/OSDZU3_Ref_Design.runs/design_1_v_mix_0_0_synth_1/prj/sol/.autopilot/db/v_csc.cpp:242]   --->   Operation 102 'store' 'store_ln242' <Predicate = (icmp_ln161)> <Delay = 0.00>
ST_3 : Operation 103 [1/1] (0.00ns)   --->   "%store_ln242 = store i8 %select_ln242_3, i8 %p_0_0_0_0_0205_2381_out" [/home/e/Documents/research/byotee/OSDZU3_Ref_Design/OSDZU3_Ref_Design.runs/design_1_v_mix_0_0_synth_1/prj/sol/.autopilot/db/v_csc.cpp:242]   --->   Operation 103 'store' 'store_ln242' <Predicate = (icmp_ln161)> <Delay = 0.00>
ST_3 : Operation 104 [1/1] (0.00ns)   --->   "%store_ln242 = store i8 %select_ln242_4, i8 %p_0_0_0_0_0_1374_out" [/home/e/Documents/research/byotee/OSDZU3_Ref_Design/OSDZU3_Ref_Design.runs/design_1_v_mix_0_0_synth_1/prj/sol/.autopilot/db/v_csc.cpp:242]   --->   Operation 104 'store' 'store_ln242' <Predicate = (icmp_ln161)> <Delay = 0.00>
ST_3 : Operation 105 [1/1] (0.00ns)   --->   "%store_ln242 = store i8 %select_ln242_5, i8 %p_0_0_0_0_0205_1367_out" [/home/e/Documents/research/byotee/OSDZU3_Ref_Design/OSDZU3_Ref_Design.runs/design_1_v_mix_0_0_synth_1/prj/sol/.autopilot/db/v_csc.cpp:242]   --->   Operation 105 'store' 'store_ln242' <Predicate = (icmp_ln161)> <Delay = 0.00>
ST_3 : Operation 112 [1/1] (0.00ns)   --->   "%write_ln0 = write void @_ssdm_op_Write.ap_auto.i8P0A, i8 %p_0_0_0206358363_out, i8 %p_0_0_0206358363_load"   --->   Operation 112 'write' 'write_ln0' <Predicate = (!icmp_ln161)> <Delay = 0.00>
ST_3 : Operation 113 [1/1] (0.00ns)   --->   "%store_ln0 = store i8 %p_0_0_0_0_0207_4362_load, i8 %p_0_0_0_0_0207_4362_out"   --->   Operation 113 'store' 'store_ln0' <Predicate = (!icmp_ln161)> <Delay = 0.00>
ST_3 : Operation 114 [1/1] (0.00ns)   --->   "%store_ln0 = store i8 %p_0_0_0_0_0207_3361_load, i8 %p_0_0_0_0_0207_3361_out"   --->   Operation 114 'store' 'store_ln0' <Predicate = (!icmp_ln161)> <Delay = 0.00>
ST_3 : Operation 115 [1/1] (0.00ns)   --->   "%store_ln0 = store i8 %p_0_0_0_0_0207_2360_load, i8 %p_0_0_0_0_0207_2360_out"   --->   Operation 115 'store' 'store_ln0' <Predicate = (!icmp_ln161)> <Delay = 0.00>
ST_3 : Operation 116 [1/1] (0.48ns)   --->   "%ret_ln0 = ret"   --->   Operation 116 'ret' 'ret_ln0' <Predicate = (!icmp_ln161)> <Delay = 0.48>

State 4 <SV = 3> <Delay = 1.82>
ST_4 : Operation 106 [1/1] (0.00ns)   --->   "%p_0_0_0_0_0207_1359_out_load = load i8 %p_0_0_0_0_0207_1359_out" [/home/e/Documents/research/byotee/OSDZU3_Ref_Design/OSDZU3_Ref_Design.runs/design_1_v_mix_0_0_synth_1/prj/sol/.autopilot/db/v_csc.cpp:283]   --->   Operation 106 'load' 'p_0_0_0_0_0207_1359_out_load' <Predicate = (!tmp)> <Delay = 0.00>
ST_4 : Operation 107 [1/1] (0.00ns)   --->   "%or_ln283_3 = bitconcatenate i24 @_ssdm_op_BitConcatenate.i24.i8.i8.i8, i8 %outpix_0_2_0_0_0_load, i8 %conv3_i_i74392, i8 %p_0_0_0_0_0207_1359_out_load" [/home/e/Documents/research/byotee/OSDZU3_Ref_Design/OSDZU3_Ref_Design.runs/design_1_v_mix_0_0_synth_1/prj/sol/.autopilot/db/v_csc.cpp:283]   --->   Operation 107 'bitconcatenate' 'or_ln283_3' <Predicate = (!tmp)> <Delay = 0.00>
ST_4 : Operation 108 [1/1] ( I:1.82ns O:1.82ns )   --->   "%write_ln283 = write void @_ssdm_op_Write.ap_fifo.volatile.i24P0A, i24 %srcLayer1Yuv, i24 %or_ln283_3" [/home/e/Documents/research/byotee/OSDZU3_Ref_Design/OSDZU3_Ref_Design.runs/design_1_v_mix_0_0_synth_1/prj/sol/.autopilot/db/v_csc.cpp:283]   --->   Operation 108 'write' 'write_ln283' <Predicate = (!tmp)> <Delay = 1.82> <CoreInst = "FIFO_SRL">   --->   Core 80 'FIFO_SRL' <Latency = 0> <II = 1> <Delay = 2.16> <Storage> <Opcode : 'read' 'write' 'nbread' 'nbwrite'> <Ports = 0> <Width = 24> <Depth = 2> <FIFO>
ST_4 : Operation 109 [1/1] (0.00ns)   --->   "%br_ln284 = br void %for.inc316" [/home/e/Documents/research/byotee/OSDZU3_Ref_Design/OSDZU3_Ref_Design.runs/design_1_v_mix_0_0_synth_1/prj/sol/.autopilot/db/v_csc.cpp:284]   --->   Operation 109 'br' 'br_ln284' <Predicate = (!tmp)> <Delay = 0.00>
ST_4 : Operation 110 [1/1] (0.00ns)   --->   "%store_ln0 = store i8 %p_0_0_0_0_0207_2360_load, i8 %p_0_0_0_0_0207_1359_out"   --->   Operation 110 'store' 'store_ln0' <Predicate = true> <Delay = 0.00>
ST_4 : Operation 111 [1/1] (0.00ns)   --->   "%br_ln161 = br void %for.body29" [/home/e/Documents/research/byotee/OSDZU3_Ref_Design/OSDZU3_Ref_Design.runs/design_1_v_mix_0_0_synth_1/prj/sol/.autopilot/db/v_csc.cpp:161]   --->   Operation 111 'br' 'br_ln161' <Predicate = true> <Delay = 0.00>


============================================================
+ Verbose Summary: Timing violations
============================================================
Target clock period: 5.000ns, clock uncertainty: 1.350ns.

 <State 1>: 1.994ns
The critical path consists of the following:
	'store' operation 0 bit ('store_ln131', /home/e/Documents/research/byotee/OSDZU3_Ref_Design/OSDZU3_Ref_Design.runs/design_1_v_mix_0_0_synth_1/prj/sol/.autopilot/db/v_csc.cpp:131) of constant 0 on local variable 'x', /home/e/Documents/research/byotee/OSDZU3_Ref_Design/OSDZU3_Ref_Design.runs/design_1_v_mix_0_0_synth_1/prj/sol/.autopilot/db/v_csc.cpp:131 [44]  (0.489 ns)
	'load' operation 15 bit ('x', /home/e/Documents/research/byotee/OSDZU3_Ref_Design/OSDZU3_Ref_Design.runs/design_1_v_mix_0_0_synth_1/prj/sol/.autopilot/db/v_csc.cpp:161) on local variable 'x', /home/e/Documents/research/byotee/OSDZU3_Ref_Design/OSDZU3_Ref_Design.runs/design_1_v_mix_0_0_synth_1/prj/sol/.autopilot/db/v_csc.cpp:131 [47]  (0.000 ns)
	'icmp' operation 1 bit ('icmp_ln161', /home/e/Documents/research/byotee/OSDZU3_Ref_Design/OSDZU3_Ref_Design.runs/design_1_v_mix_0_0_synth_1/prj/sol/.autopilot/db/v_csc.cpp:161) [53]  (1.016 ns)
	'store' operation 0 bit ('store_ln131', /home/e/Documents/research/byotee/OSDZU3_Ref_Design/OSDZU3_Ref_Design.runs/design_1_v_mix_0_0_synth_1/prj/sol/.autopilot/db/v_csc.cpp:131) of variable 'add_ln161', /home/e/Documents/research/byotee/OSDZU3_Ref_Design/OSDZU3_Ref_Design.runs/design_1_v_mix_0_0_synth_1/prj/sol/.autopilot/db/v_csc.cpp:161 on local variable 'x', /home/e/Documents/research/byotee/OSDZU3_Ref_Design/OSDZU3_Ref_Design.runs/design_1_v_mix_0_0_synth_1/prj/sol/.autopilot/db/v_csc.cpp:131 [125]  (0.489 ns)

 <State 2>: 2.314ns
The critical path consists of the following:
	fifo read operation ('srcLayer1Yuv422_read', /home/e/Documents/research/byotee/OSDZU3_Ref_Design/OSDZU3_Ref_Design.runs/design_1_v_mix_0_0_synth_1/prj/sol/.autopilot/db/v_csc.cpp:171) on port 'srcLayer1Yuv422' (/home/e/Documents/research/byotee/OSDZU3_Ref_Design/OSDZU3_Ref_Design.runs/design_1_v_mix_0_0_synth_1/prj/sol/.autopilot/db/v_csc.cpp:171) [66]  (1.825 ns)
	'store' operation 0 bit ('store_ln171', /home/e/Documents/research/byotee/OSDZU3_Ref_Design/OSDZU3_Ref_Design.runs/design_1_v_mix_0_0_synth_1/prj/sol/.autopilot/db/v_csc.cpp:171) of variable 'trunc_ln171', /home/e/Documents/research/byotee/OSDZU3_Ref_Design/OSDZU3_Ref_Design.runs/design_1_v_mix_0_0_synth_1/prj/sol/.autopilot/db/v_csc.cpp:171 on local variable 'p_0_0_0206357' [72]  (0.489 ns)

 <State 3>: 2.063ns
The critical path consists of the following:
	'load' operation 8 bit ('p_0_0_0_0_0205_1367_out_load', /home/e/Documents/research/byotee/OSDZU3_Ref_Design/OSDZU3_Ref_Design.runs/design_1_v_mix_0_0_synth_1/prj/sol/.autopilot/db/v_csc.cpp:222) on local variable 'p_0_0_0_0_0205_1367_out' [77]  (0.000 ns)
	'select' operation 8 bit ('select_ln222_5', /home/e/Documents/research/byotee/OSDZU3_Ref_Design/OSDZU3_Ref_Design.runs/design_1_v_mix_0_0_synth_1/prj/sol/.autopilot/db/v_csc.cpp:222) [92]  (0.000 ns)
	'select' operation 8 bit ('select_ln242_5', /home/e/Documents/research/byotee/OSDZU3_Ref_Design/OSDZU3_Ref_Design.runs/design_1_v_mix_0_0_synth_1/prj/sol/.autopilot/db/v_csc.cpp:242) [98]  (0.445 ns)
	'add' operation 9 bit ('add_ln270', /home/e/Documents/research/byotee/OSDZU3_Ref_Design/OSDZU3_Ref_Design.runs/design_1_v_mix_0_0_synth_1/prj/sol/.autopilot/db/v_csc.cpp:270) [102]  (0.000 ns)
	'add' operation 9 bit ('add_ln270_1', /home/e/Documents/research/byotee/OSDZU3_Ref_Design/OSDZU3_Ref_Design.runs/design_1_v_mix_0_0_synth_1/prj/sol/.autopilot/db/v_csc.cpp:270) [103]  (1.173 ns)
	'select' operation 8 bit ('conv3_i_i74392', /home/e/Documents/research/byotee/OSDZU3_Ref_Design/OSDZU3_Ref_Design.runs/design_1_v_mix_0_0_synth_1/prj/sol/.autopilot/db/v_csc.cpp:167) [110]  (0.445 ns)

 <State 4>: 1.825ns
The critical path consists of the following:
	'load' operation 8 bit ('p_0_0_0_0_0207_1359_out_load', /home/e/Documents/research/byotee/OSDZU3_Ref_Design/OSDZU3_Ref_Design.runs/design_1_v_mix_0_0_synth_1/prj/sol/.autopilot/db/v_csc.cpp:283) on local variable 'p_0_0_0_0_0207_1359_out' [115]  (0.000 ns)
	fifo write operation ('write_ln283', /home/e/Documents/research/byotee/OSDZU3_Ref_Design/OSDZU3_Ref_Design.runs/design_1_v_mix_0_0_synth_1/prj/sol/.autopilot/db/v_csc.cpp:283) on port 'srcLayer1Yuv' (/home/e/Documents/research/byotee/OSDZU3_Ref_Design/OSDZU3_Ref_Design.runs/design_1_v_mix_0_0_synth_1/prj/sol/.autopilot/db/v_csc.cpp:283) [117]  (1.825 ns)


============================================================
+ Verbose Summary: Binding
============================================================
N/A
* FSMD analyzer results:
  - Output states:
 - Input state : 
  - Chain level:
	State 1
	State 2
	State 3
	State 4


============================================================
+ Verbose Summary: Datapath Resource usage 
============================================================
N/A
