

================================================================
== Vitis HLS Report for 'VMixHlsDataFlowFunction'
================================================================
* Date:           Sat Sep  6 13:59:17 2025

* Version:        2025.1 (Build 6135595 on May 21 2025)
* Project:        prj
* Solution:       sol (Vivado IP Flow Target)
* Product family: zynquplus
* Target device:  xczu3eg-sfvc784-1-e


================================================================
== Performance Estimates
================================================================
+ Timing: 
    * Summary: 
    +--------+---------+----------+------------+
    |  Clock |  Target | Estimated| Uncertainty|
    +--------+---------+----------+------------+
    |ap_clk  |  5.00 ns|  3.650 ns|     1.35 ns|
    +--------+---------+----------+------------+

+ Latency: 
    * Summary: 
    +---------+------------+-----------+-----------+------+------------+----------+
    |   Latency (cycles)   |   Latency (absolute)  |      Interval     | Pipeline |
    |   min   |     max    |    min    |    max    |  min |     max    |   Type   |
    +---------+------------+-----------+-----------+------+------------+----------+
    |     4629|  1073938431|  23.145 us|  5.370 sec|  4611|  1073938427|  dataflow|
    +---------+------------+-----------+-----------+------+------------+----------+

    + Detail: 
        * Instance: 
        N/A

        * Loop: 
        N/A

============================================================
+ Verbose Summary: Synthesis Manager
============================================================
InlineROM: 1
ExposeGlobal: 0
============================================================
+ Verbose Summary: CDFG Model
============================================================
IsTopModel: 0
ResetActiveHigh: 1
IsCombinational: 2
IsDatapathOnly: 0
HasWiredReturn: 1
HasMFsm: 0
HasVarLatency: 1
IsPipeline: 0
IsRtlPipelined: 0
IsInstanceOverlapped: 0
IsDontTouch: 0
HasImplIP: 0
IsGatedGlobalClock: 0


============================================================
+ Verbose Summary: Schedule
============================================================
* Number of FSM states : 22
* Pipeline : 0
* Dataflow Pipeline: 1
  DF-Pipeline-0: Size = 22, States = { 1 2 3 4 5 6 7 8 9 10 11 12 13 14 15 16 17 18 19 20 21 22 }

* FSM state transitions: 
1 --> 2 
2 --> 3 
3 --> 4 
4 --> 5 
5 --> 6 
6 --> 7 
7 --> 8 
8 --> 9 
9 --> 10 
10 --> 11 
11 --> 12 
12 --> 13 
13 --> 14 
14 --> 15 
15 --> 16 
16 --> 17 
17 --> 18 
18 --> 19 
19 --> 20 
20 --> 21 
21 --> 22 
22 --> 

* FSM state operations: 

State 1 <SV = 0> <Delay = 1.82>
ST_1 : Operation 23 [1/1] (0.00ns)   --->   "%HwReg_layerHeight_2_val_read = read i16 @_ssdm_op_Read.ap_auto.i16, i16 %HwReg_layerHeight_2_val"   --->   Operation 23 'read' 'HwReg_layerHeight_2_val_read' <Predicate = true> <Delay = 0.00>
ST_1 : Operation 24 [1/1] (0.00ns)   --->   "%HwReg_layerHeight_1_val_read = read i16 @_ssdm_op_Read.ap_auto.i16, i16 %HwReg_layerHeight_1_val"   --->   Operation 24 'read' 'HwReg_layerHeight_1_val_read' <Predicate = true> <Delay = 0.00>
ST_1 : Operation 25 [1/1] (0.00ns)   --->   "%HwReg_layerWidth_2_val_read = read i16 @_ssdm_op_Read.ap_auto.i16, i16 %HwReg_layerWidth_2_val"   --->   Operation 25 'read' 'HwReg_layerWidth_2_val_read' <Predicate = true> <Delay = 0.00>
ST_1 : Operation 26 [1/1] (0.00ns)   --->   "%HwReg_layerWidth_1_val_read = read i16 @_ssdm_op_Read.ap_auto.i16, i16 %HwReg_layerWidth_1_val"   --->   Operation 26 'read' 'HwReg_layerWidth_1_val_read' <Predicate = true> <Delay = 0.00>
ST_1 : Operation 27 [1/1] (0.00ns)   --->   "%HwReg_layerEnableFlag_2_val_read = read i1 @_ssdm_op_Read.ap_auto.i1, i1 %HwReg_layerEnableFlag_2_val"   --->   Operation 27 'read' 'HwReg_layerEnableFlag_2_val_read' <Predicate = true> <Delay = 0.00>
ST_1 : Operation 28 [1/1] (0.00ns)   --->   "%HwReg_layerEnableFlag_1_val_read = read i1 @_ssdm_op_Read.ap_auto.i1, i1 %HwReg_layerEnableFlag_1_val"   --->   Operation 28 'read' 'HwReg_layerEnableFlag_1_val_read' <Predicate = true> <Delay = 0.00>
ST_1 : Operation 29 [1/1] (0.00ns)   --->   "%HwReg_layerEnableFlag_0_val_read = read i1 @_ssdm_op_Read.ap_auto.i1, i1 %HwReg_layerEnableFlag_0_val"   --->   Operation 29 'read' 'HwReg_layerEnableFlag_0_val_read' <Predicate = true> <Delay = 0.00>
ST_1 : Operation 30 [1/1] (0.00ns)   --->   "%HwReg_height_val_read = read i12 @_ssdm_op_Read.ap_auto.i12, i12 %HwReg_height_val"   --->   Operation 30 'read' 'HwReg_height_val_read' <Predicate = true> <Delay = 0.00>
ST_1 : Operation 31 [1/1] (0.00ns)   --->   "%HwReg_width_val_read = read i12 @_ssdm_op_Read.ap_auto.i12, i12 %HwReg_width_val"   --->   Operation 31 'read' 'HwReg_width_val_read' <Predicate = true> <Delay = 0.00>
ST_1 : Operation 32 [1/1] (0.00ns)   --->   "%empty = trunc i16 %HwReg_layerWidth_2_val_read"   --->   Operation 32 'trunc' 'empty' <Predicate = true> <Delay = 0.00>
ST_1 : Operation 33 [1/1] (0.00ns)   --->   "%empty_156 = trunc i16 %HwReg_layerHeight_2_val_read"   --->   Operation 33 'trunc' 'empty_156' <Predicate = true> <Delay = 0.00>
ST_1 : Operation 34 [1/1] (0.00ns)   --->   "%empty_158 = trunc i16 %HwReg_layerWidth_1_val_read"   --->   Operation 34 'trunc' 'empty_158' <Predicate = true> <Delay = 0.00>
ST_1 : Operation 35 [1/1] (0.00ns)   --->   "%empty_159 = trunc i16 %HwReg_layerHeight_1_val_read"   --->   Operation 35 'trunc' 'empty_159' <Predicate = true> <Delay = 0.00>
ST_1 : Operation 36 [1/1] (0.00ns)   --->   "%srcLayer0 = alloca i32 1"   --->   Operation 36 'alloca' 'srcLayer0' <Predicate = true> <Delay = 0.00> <CoreInst = "FIFO_SRL">   --->   Core 80 'FIFO_SRL' <Latency = 0> <II = 1> <Delay = 2.16> <Storage> <Opcode : 'read' 'write' 'nbread' 'nbwrite'> <Ports = 0> <Width = 24> <Depth = 2> <FIFO>
ST_1 : Operation 37 [1/1] (0.00ns)   --->   "%srcLayer0Yuv422 = alloca i32 1"   --->   Operation 37 'alloca' 'srcLayer0Yuv422' <Predicate = true> <Delay = 0.00> <CoreInst = "FIFO_SRL">   --->   Core 80 'FIFO_SRL' <Latency = 0> <II = 1> <Delay = 2.16> <Storage> <Opcode : 'read' 'write' 'nbread' 'nbwrite'> <Ports = 0> <Width = 24> <Depth = 2> <FIFO>
ST_1 : Operation 38 [1/1] (0.00ns)   --->   "%srcLayer0Yuv = alloca i32 1"   --->   Operation 38 'alloca' 'srcLayer0Yuv' <Predicate = true> <Delay = 0.00> <CoreInst = "FIFO_SRL">   --->   Core 80 'FIFO_SRL' <Latency = 0> <II = 1> <Delay = 2.16> <Storage> <Opcode : 'read' 'write' 'nbread' 'nbwrite'> <Ports = 0> <Width = 24> <Depth = 2> <FIFO>
ST_1 : Operation 39 [1/1] (0.00ns)   --->   "%outLayer0 = alloca i32 1"   --->   Operation 39 'alloca' 'outLayer0' <Predicate = true> <Delay = 0.00> <CoreInst = "FIFO_SRL">   --->   Core 80 'FIFO_SRL' <Latency = 0> <II = 1> <Delay = 2.16> <Storage> <Opcode : 'read' 'write' 'nbread' 'nbwrite'> <Ports = 0> <Width = 24> <Depth = 2> <FIFO>
ST_1 : Operation 40 [1/1] (0.00ns)   --->   "%outYuv = alloca i32 1"   --->   Operation 40 'alloca' 'outYuv' <Predicate = true> <Delay = 0.00> <CoreInst = "FIFO_SRL">   --->   Core 80 'FIFO_SRL' <Latency = 0> <II = 1> <Delay = 2.16> <Storage> <Opcode : 'read' 'write' 'nbread' 'nbwrite'> <Ports = 0> <Width = 24> <Depth = 2> <FIFO>
ST_1 : Operation 41 [1/1] (0.00ns)   --->   "%out422 = alloca i32 1"   --->   Operation 41 'alloca' 'out422' <Predicate = true> <Delay = 0.00> <CoreInst = "FIFO_SRL">   --->   Core 80 'FIFO_SRL' <Latency = 0> <II = 1> <Delay = 2.16> <Storage> <Opcode : 'read' 'write' 'nbread' 'nbwrite'> <Ports = 0> <Width = 24> <Depth = 2> <FIFO>
ST_1 : Operation 42 [1/1] (0.00ns)   --->   "%out420 = alloca i32 1"   --->   Operation 42 'alloca' 'out420' <Predicate = true> <Delay = 0.00> <CoreInst = "FIFO_SRL">   --->   Core 80 'FIFO_SRL' <Latency = 0> <II = 1> <Delay = 2.16> <Storage> <Opcode : 'read' 'write' 'nbread' 'nbwrite'> <Ports = 0> <Width = 24> <Depth = 2> <FIFO>
ST_1 : Operation 43 [1/1] (0.00ns)   --->   "%srcLayer1 = alloca i32 1"   --->   Operation 43 'alloca' 'srcLayer1' <Predicate = true> <Delay = 0.00> <CoreInst = "FIFO_SRL">   --->   Core 80 'FIFO_SRL' <Latency = 0> <II = 1> <Delay = 2.16> <Storage> <Opcode : 'read' 'write' 'nbread' 'nbwrite'> <Ports = 0> <Width = 24> <Depth = 2> <FIFO>
ST_1 : Operation 44 [1/1] (0.00ns)   --->   "%srcLayer1x = alloca i32 1"   --->   Operation 44 'alloca' 'srcLayer1x' <Predicate = true> <Delay = 0.00> <CoreInst = "FIFO_SRL">   --->   Core 80 'FIFO_SRL' <Latency = 0> <II = 1> <Delay = 2.16> <Storage> <Opcode : 'read' 'write' 'nbread' 'nbwrite'> <Ports = 0> <Width = 24> <Depth = 2> <FIFO>
ST_1 : Operation 45 [1/1] (0.00ns)   --->   "%outLayer1 = alloca i32 1"   --->   Operation 45 'alloca' 'outLayer1' <Predicate = true> <Delay = 0.00> <CoreInst = "FIFO_SRL">   --->   Core 80 'FIFO_SRL' <Latency = 0> <II = 1> <Delay = 2.16> <Storage> <Opcode : 'read' 'write' 'nbread' 'nbwrite'> <Ports = 0> <Width = 24> <Depth = 2> <FIFO>
ST_1 : Operation 46 [1/1] (0.00ns)   --->   "%srcLayer1Yuv = alloca i32 1"   --->   Operation 46 'alloca' 'srcLayer1Yuv' <Predicate = true> <Delay = 0.00> <CoreInst = "FIFO_SRL">   --->   Core 80 'FIFO_SRL' <Latency = 0> <II = 1> <Delay = 2.16> <Storage> <Opcode : 'read' 'write' 'nbread' 'nbwrite'> <Ports = 0> <Width = 24> <Depth = 2> <FIFO>
ST_1 : Operation 47 [1/1] (0.00ns)   --->   "%srcLayer1Yuv422 = alloca i32 1"   --->   Operation 47 'alloca' 'srcLayer1Yuv422' <Predicate = true> <Delay = 0.00> <CoreInst = "FIFO_SRL">   --->   Core 80 'FIFO_SRL' <Latency = 0> <II = 1> <Delay = 2.16> <Storage> <Opcode : 'read' 'write' 'nbread' 'nbwrite'> <Ports = 0> <Width = 24> <Depth = 2> <FIFO>
ST_1 : Operation 48 [1/1] (0.00ns)   --->   "%srcLayer1Rgb = alloca i32 1"   --->   Operation 48 'alloca' 'srcLayer1Rgb' <Predicate = true> <Delay = 0.00> <CoreInst = "FIFO_SRL">   --->   Core 80 'FIFO_SRL' <Latency = 0> <II = 1> <Delay = 2.16> <Storage> <Opcode : 'read' 'write' 'nbread' 'nbwrite'> <Ports = 0> <Width = 24> <Depth = 2> <FIFO>
ST_1 : Operation 49 [1/1] (0.00ns)   --->   "%srcLayer2 = alloca i32 1"   --->   Operation 49 'alloca' 'srcLayer2' <Predicate = true> <Delay = 0.00> <CoreInst = "FIFO_SRL">   --->   Core 80 'FIFO_SRL' <Latency = 0> <II = 1> <Delay = 2.16> <Storage> <Opcode : 'read' 'write' 'nbread' 'nbwrite'> <Ports = 0> <Width = 24> <Depth = 2> <FIFO>
ST_1 : Operation 50 [1/1] (0.00ns)   --->   "%srcLayer2x = alloca i32 1"   --->   Operation 50 'alloca' 'srcLayer2x' <Predicate = true> <Delay = 0.00> <CoreInst = "FIFO_SRL">   --->   Core 80 'FIFO_SRL' <Latency = 0> <II = 1> <Delay = 2.16> <Storage> <Opcode : 'read' 'write' 'nbread' 'nbwrite'> <Ports = 0> <Width = 24> <Depth = 2> <FIFO>
ST_1 : Operation 51 [1/1] (0.00ns)   --->   "%outLayer2 = alloca i32 1"   --->   Operation 51 'alloca' 'outLayer2' <Predicate = true> <Delay = 0.00> <CoreInst = "FIFO_SRL">   --->   Core 80 'FIFO_SRL' <Latency = 0> <II = 1> <Delay = 2.16> <Storage> <Opcode : 'read' 'write' 'nbread' 'nbwrite'> <Ports = 0> <Width = 24> <Depth = 2> <FIFO>
ST_1 : Operation 52 [1/1] (0.00ns)   --->   "%srcLayer2Yuv = alloca i32 1"   --->   Operation 52 'alloca' 'srcLayer2Yuv' <Predicate = true> <Delay = 0.00> <CoreInst = "FIFO_SRL">   --->   Core 80 'FIFO_SRL' <Latency = 0> <II = 1> <Delay = 2.16> <Storage> <Opcode : 'read' 'write' 'nbread' 'nbwrite'> <Ports = 0> <Width = 24> <Depth = 2> <FIFO>
ST_1 : Operation 53 [1/1] (0.00ns)   --->   "%srcLayer2Yuv422 = alloca i32 1"   --->   Operation 53 'alloca' 'srcLayer2Yuv422' <Predicate = true> <Delay = 0.00> <CoreInst = "FIFO_SRL">   --->   Core 80 'FIFO_SRL' <Latency = 0> <II = 1> <Delay = 2.16> <Storage> <Opcode : 'read' 'write' 'nbread' 'nbwrite'> <Ports = 0> <Width = 24> <Depth = 2> <FIFO>
ST_1 : Operation 54 [1/1] (0.00ns)   --->   "%srcLayer2Rgb = alloca i32 1"   --->   Operation 54 'alloca' 'srcLayer2Rgb' <Predicate = true> <Delay = 0.00> <CoreInst = "FIFO_SRL">   --->   Core 80 'FIFO_SRL' <Latency = 0> <II = 1> <Delay = 2.16> <Storage> <Opcode : 'read' 'write' 'nbread' 'nbwrite'> <Ports = 0> <Width = 24> <Depth = 2> <FIFO>
ST_1 : Operation 55 [2/2] (0.62ns)   --->   "%call_ln630 = call void @AXIvideo2MultiPixStream.1, i24 %s_axis_video_V_data_V, i3 %s_axis_video_V_keep_V, i3 %s_axis_video_V_strb_V, i1 %s_axis_video_V_user_V, i1 %s_axis_video_V_last_V, i1 %s_axis_video_V_id_V, i1 %s_axis_video_V_dest_V, i24 %srcLayer0, i12 %HwReg_height_val_read, i12 %HwReg_width_val_read, i1 %HwReg_layerEnableFlag_0_val_read" [/home/e/Documents/research/byotee/OSDZU3_Ref_Design/OSDZU3_Ref_Design.runs/design_1_v_mix_0_0_synth_1/prj/sol/.autopilot/db/v_mix.cpp:630]   --->   Operation 55 'call' 'call_ln630' <Predicate = true> <Delay = 0.62> <CoreType = "Generic">   --->   Generic Core
ST_1 : Operation 56 [2/2] (1.82ns)   --->   "%call_ln704 = call void @AXIvideo2MultiPixStream.5, i24 %s_axis_video1_V_data_V, i3 %s_axis_video1_V_keep_V, i3 %s_axis_video1_V_strb_V, i1 %s_axis_video1_V_user_V, i1 %s_axis_video1_V_last_V, i1 %s_axis_video1_V_id_V, i1 %s_axis_video1_V_dest_V, i24 %srcLayer1, i12 %empty_159, i12 %empty_158, i1 %HwReg_layerEnableFlag_1_val_read" [/home/e/Documents/research/byotee/OSDZU3_Ref_Design/OSDZU3_Ref_Design.runs/design_1_v_mix_0_0_synth_1/prj/sol/.autopilot/db/v_mix.cpp:704]   --->   Operation 56 'call' 'call_ln704' <Predicate = true> <Delay = 1.82> <CoreType = "Generic">   --->   Generic Core
ST_1 : Operation 57 [2/2] (1.82ns)   --->   "%call_ln787 = call void @AXIvideo2MultiPixStream, i24 %s_axis_video2_V_data_V, i3 %s_axis_video2_V_keep_V, i3 %s_axis_video2_V_strb_V, i1 %s_axis_video2_V_user_V, i1 %s_axis_video2_V_last_V, i1 %s_axis_video2_V_id_V, i1 %s_axis_video2_V_dest_V, i24 %srcLayer2, i12 %empty_156, i12 %empty, i1 %HwReg_layerEnableFlag_2_val_read" [/home/e/Documents/research/byotee/OSDZU3_Ref_Design/OSDZU3_Ref_Design.runs/design_1_v_mix_0_0_synth_1/prj/sol/.autopilot/db/v_mix.cpp:787]   --->   Operation 57 'call' 'call_ln787' <Predicate = true> <Delay = 1.82> <CoreType = "Generic">   --->   Generic Core

State 2 <SV = 1> <Delay = 0.00>
ST_2 : Operation 58 [1/2] (0.00ns)   --->   "%call_ln630 = call void @AXIvideo2MultiPixStream.1, i24 %s_axis_video_V_data_V, i3 %s_axis_video_V_keep_V, i3 %s_axis_video_V_strb_V, i1 %s_axis_video_V_user_V, i1 %s_axis_video_V_last_V, i1 %s_axis_video_V_id_V, i1 %s_axis_video_V_dest_V, i24 %srcLayer0, i12 %HwReg_height_val_read, i12 %HwReg_width_val_read, i1 %HwReg_layerEnableFlag_0_val_read" [/home/e/Documents/research/byotee/OSDZU3_Ref_Design/OSDZU3_Ref_Design.runs/design_1_v_mix_0_0_synth_1/prj/sol/.autopilot/db/v_mix.cpp:630]   --->   Operation 58 'call' 'call_ln630' <Predicate = true> <Delay = 0.00> <CoreType = "Generic">   --->   Generic Core
ST_2 : Operation 59 [1/2] (0.00ns)   --->   "%call_ln704 = call void @AXIvideo2MultiPixStream.5, i24 %s_axis_video1_V_data_V, i3 %s_axis_video1_V_keep_V, i3 %s_axis_video1_V_strb_V, i1 %s_axis_video1_V_user_V, i1 %s_axis_video1_V_last_V, i1 %s_axis_video1_V_id_V, i1 %s_axis_video1_V_dest_V, i24 %srcLayer1, i12 %empty_159, i12 %empty_158, i1 %HwReg_layerEnableFlag_1_val_read" [/home/e/Documents/research/byotee/OSDZU3_Ref_Design/OSDZU3_Ref_Design.runs/design_1_v_mix_0_0_synth_1/prj/sol/.autopilot/db/v_mix.cpp:704]   --->   Operation 59 'call' 'call_ln704' <Predicate = true> <Delay = 0.00> <CoreType = "Generic">   --->   Generic Core
ST_2 : Operation 60 [1/2] (0.00ns)   --->   "%call_ln787 = call void @AXIvideo2MultiPixStream, i24 %s_axis_video2_V_data_V, i3 %s_axis_video2_V_keep_V, i3 %s_axis_video2_V_strb_V, i1 %s_axis_video2_V_user_V, i1 %s_axis_video2_V_last_V, i1 %s_axis_video2_V_id_V, i1 %s_axis_video2_V_dest_V, i24 %srcLayer2, i12 %empty_156, i12 %empty, i1 %HwReg_layerEnableFlag_2_val_read" [/home/e/Documents/research/byotee/OSDZU3_Ref_Design/OSDZU3_Ref_Design.runs/design_1_v_mix_0_0_synth_1/prj/sol/.autopilot/db/v_mix.cpp:787]   --->   Operation 60 'call' 'call_ln787' <Predicate = true> <Delay = 0.00> <CoreType = "Generic">   --->   Generic Core

State 3 <SV = 2> <Delay = 1.82>
ST_3 : Operation 61 [2/2] (0.48ns)   --->   "%call_ln634 = call void @v_mix_420_to_422<false>.2, i24 %srcLayer0, i12 %HwReg_height_val_read, i12 %HwReg_width_val_read, i1 %HwReg_layerEnableFlag_0_val_read, i24 %srcLayer0Yuv422" [/home/e/Documents/research/byotee/OSDZU3_Ref_Design/OSDZU3_Ref_Design.runs/design_1_v_mix_0_0_synth_1/prj/sol/.autopilot/db/v_mix.cpp:634]   --->   Operation 61 'call' 'call_ln634' <Predicate = true> <Delay = 0.48> <CoreType = "Generic">   --->   Generic Core
ST_3 : Operation 62 [2/2] (1.82ns)   --->   "%call_ln709 = call void @v_mix_420_to_422<false>.6, i24 %srcLayer1, i12 %empty_159, i12 %empty_158, i1 %HwReg_layerEnableFlag_1_val_read, i24 %srcLayer1Yuv422" [/home/e/Documents/research/byotee/OSDZU3_Ref_Design/OSDZU3_Ref_Design.runs/design_1_v_mix_0_0_synth_1/prj/sol/.autopilot/db/v_mix.cpp:709]   --->   Operation 62 'call' 'call_ln709' <Predicate = true> <Delay = 1.82> <CoreType = "Generic">   --->   Generic Core
ST_3 : Operation 63 [2/2] (1.82ns)   --->   "%call_ln792 = call void @v_mix_420_to_422<false>, i24 %srcLayer2, i12 %empty_156, i12 %empty, i1 %HwReg_layerEnableFlag_2_val_read, i24 %srcLayer2Yuv422" [/home/e/Documents/research/byotee/OSDZU3_Ref_Design/OSDZU3_Ref_Design.runs/design_1_v_mix_0_0_synth_1/prj/sol/.autopilot/db/v_mix.cpp:792]   --->   Operation 63 'call' 'call_ln792' <Predicate = true> <Delay = 1.82> <CoreType = "Generic">   --->   Generic Core

State 4 <SV = 3> <Delay = 0.00>
ST_4 : Operation 64 [1/2] (0.00ns)   --->   "%call_ln634 = call void @v_mix_420_to_422<false>.2, i24 %srcLayer0, i12 %HwReg_height_val_read, i12 %HwReg_width_val_read, i1 %HwReg_layerEnableFlag_0_val_read, i24 %srcLayer0Yuv422" [/home/e/Documents/research/byotee/OSDZU3_Ref_Design/OSDZU3_Ref_Design.runs/design_1_v_mix_0_0_synth_1/prj/sol/.autopilot/db/v_mix.cpp:634]   --->   Operation 64 'call' 'call_ln634' <Predicate = true> <Delay = 0.00> <CoreType = "Generic">   --->   Generic Core
ST_4 : Operation 65 [1/2] (0.00ns)   --->   "%call_ln709 = call void @v_mix_420_to_422<false>.6, i24 %srcLayer1, i12 %empty_159, i12 %empty_158, i1 %HwReg_layerEnableFlag_1_val_read, i24 %srcLayer1Yuv422" [/home/e/Documents/research/byotee/OSDZU3_Ref_Design/OSDZU3_Ref_Design.runs/design_1_v_mix_0_0_synth_1/prj/sol/.autopilot/db/v_mix.cpp:709]   --->   Operation 65 'call' 'call_ln709' <Predicate = true> <Delay = 0.00> <CoreType = "Generic">   --->   Generic Core
ST_4 : Operation 66 [1/2] (0.00ns)   --->   "%call_ln792 = call void @v_mix_420_to_422<false>, i24 %srcLayer2, i12 %empty_156, i12 %empty, i1 %HwReg_layerEnableFlag_2_val_read, i24 %srcLayer2Yuv422" [/home/e/Documents/research/byotee/OSDZU3_Ref_Design/OSDZU3_Ref_Design.runs/design_1_v_mix_0_0_synth_1/prj/sol/.autopilot/db/v_mix.cpp:792]   --->   Operation 66 'call' 'call_ln792' <Predicate = true> <Delay = 0.00> <CoreType = "Generic">   --->   Generic Core

State 5 <SV = 4> <Delay = 2.03>
ST_5 : Operation 67 [2/2] (0.48ns)   --->   "%call_ln638 = call void @v_mix_422_to_444<false>.3, i24 %srcLayer0Yuv422, i12 %HwReg_height_val_read, i12 %HwReg_width_val_read, i1 %HwReg_layerEnableFlag_0_val_read, i24 %srcLayer0Yuv" [/home/e/Documents/research/byotee/OSDZU3_Ref_Design/OSDZU3_Ref_Design.runs/design_1_v_mix_0_0_synth_1/prj/sol/.autopilot/db/v_mix.cpp:638]   --->   Operation 67 'call' 'call_ln638' <Predicate = true> <Delay = 0.48> <CoreType = "Generic">   --->   Generic Core
ST_5 : Operation 68 [2/2] (2.03ns)   --->   "%call_ln712 = call void @v_mix_422_to_444<true>, i24 %srcLayer1Yuv422, i16 %HwReg_layerHeight_1_val_read, i16 %HwReg_layerWidth_1_val_read, i1 %HwReg_layerEnableFlag_1_val_read, i24 %srcLayer1Yuv" [/home/e/Documents/research/byotee/OSDZU3_Ref_Design/OSDZU3_Ref_Design.runs/design_1_v_mix_0_0_synth_1/prj/sol/.autopilot/db/v_mix.cpp:712]   --->   Operation 68 'call' 'call_ln712' <Predicate = true> <Delay = 2.03> <CoreType = "Generic">   --->   Generic Core
ST_5 : Operation 69 [2/2] (1.82ns)   --->   "%call_ln795 = call void @v_mix_422_to_444<false>, i24 %srcLayer2Yuv422, i12 %empty_156, i12 %empty, i1 %HwReg_layerEnableFlag_2_val_read, i24 %srcLayer2Yuv" [/home/e/Documents/research/byotee/OSDZU3_Ref_Design/OSDZU3_Ref_Design.runs/design_1_v_mix_0_0_synth_1/prj/sol/.autopilot/db/v_mix.cpp:795]   --->   Operation 69 'call' 'call_ln795' <Predicate = true> <Delay = 1.82> <CoreType = "Generic">   --->   Generic Core

State 6 <SV = 5> <Delay = 0.00>
ST_6 : Operation 70 [1/2] (0.00ns)   --->   "%call_ln638 = call void @v_mix_422_to_444<false>.3, i24 %srcLayer0Yuv422, i12 %HwReg_height_val_read, i12 %HwReg_width_val_read, i1 %HwReg_layerEnableFlag_0_val_read, i24 %srcLayer0Yuv" [/home/e/Documents/research/byotee/OSDZU3_Ref_Design/OSDZU3_Ref_Design.runs/design_1_v_mix_0_0_synth_1/prj/sol/.autopilot/db/v_mix.cpp:638]   --->   Operation 70 'call' 'call_ln638' <Predicate = true> <Delay = 0.00> <CoreType = "Generic">   --->   Generic Core
ST_6 : Operation 71 [1/2] (0.00ns)   --->   "%call_ln712 = call void @v_mix_422_to_444<true>, i24 %srcLayer1Yuv422, i16 %HwReg_layerHeight_1_val_read, i16 %HwReg_layerWidth_1_val_read, i1 %HwReg_layerEnableFlag_1_val_read, i24 %srcLayer1Yuv" [/home/e/Documents/research/byotee/OSDZU3_Ref_Design/OSDZU3_Ref_Design.runs/design_1_v_mix_0_0_synth_1/prj/sol/.autopilot/db/v_mix.cpp:712]   --->   Operation 71 'call' 'call_ln712' <Predicate = true> <Delay = 0.00> <CoreType = "Generic">   --->   Generic Core
ST_6 : Operation 72 [1/2] (0.00ns)   --->   "%call_ln795 = call void @v_mix_422_to_444<false>, i24 %srcLayer2Yuv422, i12 %empty_156, i12 %empty, i1 %HwReg_layerEnableFlag_2_val_read, i24 %srcLayer2Yuv" [/home/e/Documents/research/byotee/OSDZU3_Ref_Design/OSDZU3_Ref_Design.runs/design_1_v_mix_0_0_synth_1/prj/sol/.autopilot/db/v_mix.cpp:795]   --->   Operation 72 'call' 'call_ln795' <Predicate = true> <Delay = 0.00> <CoreType = "Generic">   --->   Generic Core

State 7 <SV = 6> <Delay = 1.82>
ST_7 : Operation 73 [2/2] (0.48ns)   --->   "%call_ln642 = call void @v_mix_yuv2rgb<false>.4, i24 %srcLayer0Yuv, i12 %HwReg_height_val_read, i12 %HwReg_width_val_read, i1 %HwReg_layerEnableFlag_0_val_read, i24 %outLayer0" [/home/e/Documents/research/byotee/OSDZU3_Ref_Design/OSDZU3_Ref_Design.runs/design_1_v_mix_0_0_synth_1/prj/sol/.autopilot/db/v_mix.cpp:642]   --->   Operation 73 'call' 'call_ln642' <Predicate = true> <Delay = 0.48> <CoreType = "Generic">   --->   Generic Core
ST_7 : Operation 74 [2/2] (1.82ns)   --->   "%call_ln715 = call void @v_mix_yuv2rgb<true>, i24 %srcLayer1Yuv, i12 %empty_159, i12 %empty_158, i1 %HwReg_layerEnableFlag_1_val_read, i24 %srcLayer1Rgb" [/home/e/Documents/research/byotee/OSDZU3_Ref_Design/OSDZU3_Ref_Design.runs/design_1_v_mix_0_0_synth_1/prj/sol/.autopilot/db/v_mix.cpp:715]   --->   Operation 74 'call' 'call_ln715' <Predicate = true> <Delay = 1.82> <CoreType = "Generic">   --->   Generic Core
ST_7 : Operation 75 [2/2] (1.82ns)   --->   "%call_ln798 = call void @v_mix_yuv2rgb<false>, i24 %srcLayer2Yuv, i12 %empty_156, i12 %empty, i1 %HwReg_layerEnableFlag_2_val_read, i24 %srcLayer2Rgb" [/home/e/Documents/research/byotee/OSDZU3_Ref_Design/OSDZU3_Ref_Design.runs/design_1_v_mix_0_0_synth_1/prj/sol/.autopilot/db/v_mix.cpp:798]   --->   Operation 75 'call' 'call_ln798' <Predicate = true> <Delay = 1.82> <CoreType = "Generic">   --->   Generic Core

State 8 <SV = 7> <Delay = 0.00>
ST_8 : Operation 76 [1/2] (0.00ns)   --->   "%call_ln642 = call void @v_mix_yuv2rgb<false>.4, i24 %srcLayer0Yuv, i12 %HwReg_height_val_read, i12 %HwReg_width_val_read, i1 %HwReg_layerEnableFlag_0_val_read, i24 %outLayer0" [/home/e/Documents/research/byotee/OSDZU3_Ref_Design/OSDZU3_Ref_Design.runs/design_1_v_mix_0_0_synth_1/prj/sol/.autopilot/db/v_mix.cpp:642]   --->   Operation 76 'call' 'call_ln642' <Predicate = true> <Delay = 0.00> <CoreType = "Generic">   --->   Generic Core
ST_8 : Operation 77 [1/2] (0.00ns)   --->   "%call_ln715 = call void @v_mix_yuv2rgb<true>, i24 %srcLayer1Yuv, i12 %empty_159, i12 %empty_158, i1 %HwReg_layerEnableFlag_1_val_read, i24 %srcLayer1Rgb" [/home/e/Documents/research/byotee/OSDZU3_Ref_Design/OSDZU3_Ref_Design.runs/design_1_v_mix_0_0_synth_1/prj/sol/.autopilot/db/v_mix.cpp:715]   --->   Operation 77 'call' 'call_ln715' <Predicate = true> <Delay = 0.00> <CoreType = "Generic">   --->   Generic Core
ST_8 : Operation 78 [1/2] (0.00ns)   --->   "%call_ln798 = call void @v_mix_yuv2rgb<false>, i24 %srcLayer2Yuv, i12 %empty_156, i12 %empty, i1 %HwReg_layerEnableFlag_2_val_read, i24 %srcLayer2Rgb" [/home/e/Documents/research/byotee/OSDZU3_Ref_Design/OSDZU3_Ref_Design.runs/design_1_v_mix_0_0_synth_1/prj/sol/.autopilot/db/v_mix.cpp:798]   --->   Operation 78 'call' 'call_ln798' <Predicate = true> <Delay = 0.00> <CoreType = "Generic">   --->   Generic Core

State 9 <SV = 8> <Delay = 1.82>
ST_9 : Operation 79 [2/2] (1.82ns)   --->   "%call_ln722 = call void @v_mix_upsample<false>.7, i24 %srcLayer1Rgb, i12 %empty_159, i12 %empty_158, i1 %HwReg_layerEnableFlag_1_val_read, i24 %srcLayer1x" [/home/e/Documents/research/byotee/OSDZU3_Ref_Design/OSDZU3_Ref_Design.runs/design_1_v_mix_0_0_synth_1/prj/sol/.autopilot/db/v_mix.cpp:722]   --->   Operation 79 'call' 'call_ln722' <Predicate = true> <Delay = 1.82> <CoreType = "Generic">   --->   Generic Core
ST_9 : Operation 80 [2/2] (1.82ns)   --->   "%call_ln805 = call void @v_mix_upsample<false>, i24 %srcLayer2Rgb, i12 %empty_156, i12 %empty, i1 %HwReg_layerEnableFlag_2_val_read, i24 %srcLayer2x" [/home/e/Documents/research/byotee/OSDZU3_Ref_Design/OSDZU3_Ref_Design.runs/design_1_v_mix_0_0_synth_1/prj/sol/.autopilot/db/v_mix.cpp:805]   --->   Operation 80 'call' 'call_ln805' <Predicate = true> <Delay = 1.82> <CoreType = "Generic">   --->   Generic Core

State 10 <SV = 9> <Delay = 0.00>
ST_10 : Operation 81 [1/2] (0.00ns)   --->   "%call_ln722 = call void @v_mix_upsample<false>.7, i24 %srcLayer1Rgb, i12 %empty_159, i12 %empty_158, i1 %HwReg_layerEnableFlag_1_val_read, i24 %srcLayer1x" [/home/e/Documents/research/byotee/OSDZU3_Ref_Design/OSDZU3_Ref_Design.runs/design_1_v_mix_0_0_synth_1/prj/sol/.autopilot/db/v_mix.cpp:722]   --->   Operation 81 'call' 'call_ln722' <Predicate = true> <Delay = 0.00> <CoreType = "Generic">   --->   Generic Core
ST_10 : Operation 82 [1/2] (0.00ns)   --->   "%call_ln805 = call void @v_mix_upsample<false>, i24 %srcLayer2Rgb, i12 %empty_156, i12 %empty, i1 %HwReg_layerEnableFlag_2_val_read, i24 %srcLayer2x" [/home/e/Documents/research/byotee/OSDZU3_Ref_Design/OSDZU3_Ref_Design.runs/design_1_v_mix_0_0_synth_1/prj/sol/.autopilot/db/v_mix.cpp:805]   --->   Operation 82 'call' 'call_ln805' <Predicate = true> <Delay = 0.00> <CoreType = "Generic">   --->   Generic Core

State 11 <SV = 10> <Delay = 2.03>
ST_11 : Operation 83 [1/1] (0.00ns)   --->   "%HwReg_layerScaleFactor_1_val26_read = read i8 @_ssdm_op_Read.ap_auto.i8, i8 %HwReg_layerScaleFactor_1_val26"   --->   Operation 83 'read' 'HwReg_layerScaleFactor_1_val26_read' <Predicate = true> <Delay = 0.00>
ST_11 : Operation 84 [1/1] (0.00ns)   --->   "%HwReg_layerStartY_1_val20_read = read i16 @_ssdm_op_Read.ap_auto.i16, i16 %HwReg_layerStartY_1_val20"   --->   Operation 84 'read' 'HwReg_layerStartY_1_val20_read' <Predicate = true> <Delay = 0.00>
ST_11 : Operation 85 [1/1] (0.00ns)   --->   "%HwReg_layerStartX_1_val18_read = read i16 @_ssdm_op_Read.ap_auto.i16, i16 %HwReg_layerStartX_1_val18"   --->   Operation 85 'read' 'HwReg_layerStartX_1_val18_read' <Predicate = true> <Delay = 0.00>
ST_11 : Operation 86 [1/1] (0.00ns)   --->   "%HwReg_layerEnable_val16_read = read i3 @_ssdm_op_Read.ap_auto.i3, i3 %HwReg_layerEnable_val16"   --->   Operation 86 'read' 'HwReg_layerEnable_val16_read' <Predicate = true> <Delay = 0.00>
ST_11 : Operation 87 [1/1] (0.00ns)   --->   "%HwReg_background_V_B_val14_read = read i8 @_ssdm_op_Read.ap_auto.i8, i8 %HwReg_background_V_B_val14"   --->   Operation 87 'read' 'HwReg_background_V_B_val14_read' <Predicate = true> <Delay = 0.00>
ST_11 : Operation 88 [1/1] (0.00ns)   --->   "%HwReg_background_U_G_val13_read = read i8 @_ssdm_op_Read.ap_auto.i8, i8 %HwReg_background_U_G_val13"   --->   Operation 88 'read' 'HwReg_background_U_G_val13_read' <Predicate = true> <Delay = 0.00>
ST_11 : Operation 89 [1/1] (0.00ns)   --->   "%HwReg_background_Y_R_val12_read = read i8 @_ssdm_op_Read.ap_auto.i8, i8 %HwReg_background_Y_R_val12"   --->   Operation 89 'read' 'HwReg_background_Y_R_val12_read' <Predicate = true> <Delay = 0.00>
ST_11 : Operation 90 [1/1] (0.00ns)   --->   "%empty_157 = trunc i3 %HwReg_layerEnable_val16_read"   --->   Operation 90 'trunc' 'empty_157' <Predicate = true> <Delay = 0.00>
ST_11 : Operation 91 [2/2] (2.03ns)   --->   "%call_ln730 = call void @v_mix_core_alpha<false, false>, i24 %outLayer0, i24 %srcLayer1x, i12 %HwReg_width_val_read, i12 %HwReg_height_val_read, i8 %HwReg_background_Y_R_val12_read, i8 %HwReg_background_U_G_val13_read, i8 %HwReg_background_V_B_val14_read, i2 %empty_157, i16 %HwReg_layerStartX_1_val18_read, i16 %HwReg_layerStartY_1_val20_read, i16 %HwReg_layerWidth_1_val_read, i16 %HwReg_layerHeight_1_val_read, i8 %HwReg_layerScaleFactor_1_val26_read, i24 %outLayer1" [/home/e/Documents/research/byotee/OSDZU3_Ref_Design/OSDZU3_Ref_Design.runs/design_1_v_mix_0_0_synth_1/prj/sol/.autopilot/db/v_mix.cpp:730]   --->   Operation 91 'call' 'call_ln730' <Predicate = true> <Delay = 2.03> <CoreType = "Generic">   --->   Generic Core

State 12 <SV = 11> <Delay = 0.96>
ST_12 : Operation 92 [1/2] (0.96ns)   --->   "%call_ln730 = call void @v_mix_core_alpha<false, false>, i24 %outLayer0, i24 %srcLayer1x, i12 %HwReg_width_val_read, i12 %HwReg_height_val_read, i8 %HwReg_background_Y_R_val12_read, i8 %HwReg_background_U_G_val13_read, i8 %HwReg_background_V_B_val14_read, i2 %empty_157, i16 %HwReg_layerStartX_1_val18_read, i16 %HwReg_layerStartY_1_val20_read, i16 %HwReg_layerWidth_1_val_read, i16 %HwReg_layerHeight_1_val_read, i8 %HwReg_layerScaleFactor_1_val26_read, i24 %outLayer1" [/home/e/Documents/research/byotee/OSDZU3_Ref_Design/OSDZU3_Ref_Design.runs/design_1_v_mix_0_0_synth_1/prj/sol/.autopilot/db/v_mix.cpp:730]   --->   Operation 92 'call' 'call_ln730' <Predicate = true> <Delay = 0.96> <CoreType = "Generic">   --->   Generic Core

State 13 <SV = 12> <Delay = 2.03>
ST_13 : Operation 93 [1/1] (0.00ns)   --->   "%HwReg_layerScaleFactor_2_val27_read = read i8 @_ssdm_op_Read.ap_auto.i8, i8 %HwReg_layerScaleFactor_2_val27"   --->   Operation 93 'read' 'HwReg_layerScaleFactor_2_val27_read' <Predicate = true> <Delay = 0.00>
ST_13 : Operation 94 [1/1] (0.00ns)   --->   "%HwReg_layerStartY_2_val21_read = read i16 @_ssdm_op_Read.ap_auto.i16, i16 %HwReg_layerStartY_2_val21"   --->   Operation 94 'read' 'HwReg_layerStartY_2_val21_read' <Predicate = true> <Delay = 0.00>
ST_13 : Operation 95 [1/1] (0.00ns)   --->   "%HwReg_layerStartX_2_val19_read = read i16 @_ssdm_op_Read.ap_auto.i16, i16 %HwReg_layerStartX_2_val19"   --->   Operation 95 'read' 'HwReg_layerStartX_2_val19_read' <Predicate = true> <Delay = 0.00>
ST_13 : Operation 96 [1/1] (0.00ns)   --->   "%HwReg_layerAlpha_2_val17_read = read i9 @_ssdm_op_Read.ap_auto.i9, i9 %HwReg_layerAlpha_2_val17"   --->   Operation 96 'read' 'HwReg_layerAlpha_2_val17_read' <Predicate = true> <Delay = 0.00>
ST_13 : Operation 97 [2/2] (2.03ns)   --->   "%call_ln813 = call void @v_mix_core_alpha<true, false>, i24 %outLayer1, i24 %srcLayer2x, i12 %HwReg_width_val_read, i12 %HwReg_height_val_read, i3 %HwReg_layerEnable_val16_read, i9 %HwReg_layerAlpha_2_val17_read, i16 %HwReg_layerStartX_2_val19_read, i16 %HwReg_layerStartY_2_val21_read, i16 %HwReg_layerWidth_2_val_read, i16 %HwReg_layerHeight_2_val_read, i8 %HwReg_layerScaleFactor_2_val27_read, i24 %outLayer2" [/home/e/Documents/research/byotee/OSDZU3_Ref_Design/OSDZU3_Ref_Design.runs/design_1_v_mix_0_0_synth_1/prj/sol/.autopilot/db/v_mix.cpp:813]   --->   Operation 97 'call' 'call_ln813' <Predicate = true> <Delay = 2.03> <CoreType = "Generic">   --->   Generic Core

State 14 <SV = 13> <Delay = 0.96>
ST_14 : Operation 98 [1/2] (0.96ns)   --->   "%call_ln813 = call void @v_mix_core_alpha<true, false>, i24 %outLayer1, i24 %srcLayer2x, i12 %HwReg_width_val_read, i12 %HwReg_height_val_read, i3 %HwReg_layerEnable_val16_read, i9 %HwReg_layerAlpha_2_val17_read, i16 %HwReg_layerStartX_2_val19_read, i16 %HwReg_layerStartY_2_val21_read, i16 %HwReg_layerWidth_2_val_read, i16 %HwReg_layerHeight_2_val_read, i8 %HwReg_layerScaleFactor_2_val27_read, i24 %outLayer2" [/home/e/Documents/research/byotee/OSDZU3_Ref_Design/OSDZU3_Ref_Design.runs/design_1_v_mix_0_0_synth_1/prj/sol/.autopilot/db/v_mix.cpp:813]   --->   Operation 98 'call' 'call_ln813' <Predicate = true> <Delay = 0.96> <CoreType = "Generic">   --->   Generic Core

State 15 <SV = 14> <Delay = 0.00>
ST_15 : Operation 99 [2/2] (0.00ns)   --->   "%call_ln2009 = call void @v_mix_rgb2yuv<false>, i24 %outLayer2, i12 %HwReg_height_val_read, i12 %HwReg_width_val_read, i24 %outYuv" [/home/e/Documents/research/byotee/OSDZU3_Ref_Design/OSDZU3_Ref_Design.runs/design_1_v_mix_0_0_synth_1/prj/sol/.autopilot/db/v_mix.cpp:2009]   --->   Operation 99 'call' 'call_ln2009' <Predicate = true> <Delay = 0.00> <CoreType = "Generic">   --->   Generic Core

State 16 <SV = 15> <Delay = 0.96>
ST_16 : Operation 100 [1/2] (0.96ns)   --->   "%call_ln2009 = call void @v_mix_rgb2yuv<false>, i24 %outLayer2, i12 %HwReg_height_val_read, i12 %HwReg_width_val_read, i24 %outYuv" [/home/e/Documents/research/byotee/OSDZU3_Ref_Design/OSDZU3_Ref_Design.runs/design_1_v_mix_0_0_synth_1/prj/sol/.autopilot/db/v_mix.cpp:2009]   --->   Operation 100 'call' 'call_ln2009' <Predicate = true> <Delay = 0.96> <CoreType = "Generic">   --->   Generic Core

State 17 <SV = 16> <Delay = 0.00>
ST_17 : Operation 101 [2/2] (0.00ns)   --->   "%call_ln2018 = call void @v_mix_444_to_422<false>, i24 %outYuv, i12 %HwReg_height_val_read, i12 %HwReg_width_val_read, i24 %out422" [/home/e/Documents/research/byotee/OSDZU3_Ref_Design/OSDZU3_Ref_Design.runs/design_1_v_mix_0_0_synth_1/prj/sol/.autopilot/db/v_mix.cpp:2018]   --->   Operation 101 'call' 'call_ln2018' <Predicate = true> <Delay = 0.00> <CoreType = "Generic">   --->   Generic Core

State 18 <SV = 17> <Delay = 0.96>
ST_18 : Operation 102 [1/2] (0.96ns)   --->   "%call_ln2018 = call void @v_mix_444_to_422<false>, i24 %outYuv, i12 %HwReg_height_val_read, i12 %HwReg_width_val_read, i24 %out422" [/home/e/Documents/research/byotee/OSDZU3_Ref_Design/OSDZU3_Ref_Design.runs/design_1_v_mix_0_0_synth_1/prj/sol/.autopilot/db/v_mix.cpp:2018]   --->   Operation 102 'call' 'call_ln2018' <Predicate = true> <Delay = 0.96> <CoreType = "Generic">   --->   Generic Core

State 19 <SV = 18> <Delay = 0.00>
ST_19 : Operation 103 [2/2] (0.00ns)   --->   "%call_ln2022 = call void @v_mix_422_to_420<false>, i24 %out422, i12 %HwReg_height_val_read, i12 %HwReg_width_val_read, i24 %out420" [/home/e/Documents/research/byotee/OSDZU3_Ref_Design/OSDZU3_Ref_Design.runs/design_1_v_mix_0_0_synth_1/prj/sol/.autopilot/db/v_mix.cpp:2022]   --->   Operation 103 'call' 'call_ln2022' <Predicate = true> <Delay = 0.00> <CoreType = "Generic">   --->   Generic Core

State 20 <SV = 19> <Delay = 0.96>
ST_20 : Operation 104 [1/2] (0.96ns)   --->   "%call_ln2022 = call void @v_mix_422_to_420<false>, i24 %out422, i12 %HwReg_height_val_read, i12 %HwReg_width_val_read, i24 %out420" [/home/e/Documents/research/byotee/OSDZU3_Ref_Design/OSDZU3_Ref_Design.runs/design_1_v_mix_0_0_synth_1/prj/sol/.autopilot/db/v_mix.cpp:2022]   --->   Operation 104 'call' 'call_ln2022' <Predicate = true> <Delay = 0.96> <CoreType = "Generic">   --->   Generic Core

State 21 <SV = 20> <Delay = 0.00>
ST_21 : Operation 105 [2/2] (0.00ns)   --->   "%call_ln2025 = call void @MultiPixStream2AXIvideo, i24 %out420, i24 %m_axis_video_V_data_V, i3 %m_axis_video_V_keep_V, i3 %m_axis_video_V_strb_V, i1 %m_axis_video_V_user_V, i1 %m_axis_video_V_last_V, i1 %m_axis_video_V_id_V, i1 %m_axis_video_V_dest_V, i12 %HwReg_height_val_read, i12 %HwReg_width_val_read" [/home/e/Documents/research/byotee/OSDZU3_Ref_Design/OSDZU3_Ref_Design.runs/design_1_v_mix_0_0_synth_1/prj/sol/.autopilot/db/v_mix.cpp:2025]   --->   Operation 105 'call' 'call_ln2025' <Predicate = true> <Delay = 0.00> <CoreType = "Generic">   --->   Generic Core

State 22 <SV = 21> <Delay = 0.96>
ST_22 : Operation 106 [1/1] (0.00ns)   --->   "%specstablecontent_ln0 = specstablecontent void @_ssdm_op_SpecStableContent, i8 %HwReg_layerScaleFactor_2_val27, i1 1, void @p_str"   --->   Operation 106 'specstablecontent' 'specstablecontent_ln0' <Predicate = true> <Delay = 0.00>
ST_22 : Operation 107 [1/1] (0.00ns)   --->   "%specstablecontent_ln0 = specstablecontent void @_ssdm_op_SpecStableContent, i8 %HwReg_layerScaleFactor_1_val26, i1 1, void @p_str"   --->   Operation 107 'specstablecontent' 'specstablecontent_ln0' <Predicate = true> <Delay = 0.00>
ST_22 : Operation 108 [1/1] (0.00ns)   --->   "%specstablecontent_ln0 = specstablecontent void @_ssdm_op_SpecStableContent, i16 %HwReg_layerHeight_2_val, i1 1, void @p_str"   --->   Operation 108 'specstablecontent' 'specstablecontent_ln0' <Predicate = true> <Delay = 0.00>
ST_22 : Operation 109 [1/1] (0.00ns)   --->   "%specstablecontent_ln0 = specstablecontent void @_ssdm_op_SpecStableContent, i16 %HwReg_layerHeight_1_val, i1 1, void @p_str"   --->   Operation 109 'specstablecontent' 'specstablecontent_ln0' <Predicate = true> <Delay = 0.00>
ST_22 : Operation 110 [1/1] (0.00ns)   --->   "%specstablecontent_ln0 = specstablecontent void @_ssdm_op_SpecStableContent, i16 %HwReg_layerWidth_2_val, i1 1, void @p_str"   --->   Operation 110 'specstablecontent' 'specstablecontent_ln0' <Predicate = true> <Delay = 0.00>
ST_22 : Operation 111 [1/1] (0.00ns)   --->   "%specstablecontent_ln0 = specstablecontent void @_ssdm_op_SpecStableContent, i16 %HwReg_layerWidth_1_val, i1 1, void @p_str"   --->   Operation 111 'specstablecontent' 'specstablecontent_ln0' <Predicate = true> <Delay = 0.00>
ST_22 : Operation 112 [1/1] (0.00ns)   --->   "%specstablecontent_ln0 = specstablecontent void @_ssdm_op_SpecStableContent, i16 %HwReg_layerStartY_2_val21, i1 1, void @p_str"   --->   Operation 112 'specstablecontent' 'specstablecontent_ln0' <Predicate = true> <Delay = 0.00>
ST_22 : Operation 113 [1/1] (0.00ns)   --->   "%specstablecontent_ln0 = specstablecontent void @_ssdm_op_SpecStableContent, i16 %HwReg_layerStartY_1_val20, i1 1, void @p_str"   --->   Operation 113 'specstablecontent' 'specstablecontent_ln0' <Predicate = true> <Delay = 0.00>
ST_22 : Operation 114 [1/1] (0.00ns)   --->   "%specstablecontent_ln0 = specstablecontent void @_ssdm_op_SpecStableContent, i16 %HwReg_layerStartX_2_val19, i1 1, void @p_str"   --->   Operation 114 'specstablecontent' 'specstablecontent_ln0' <Predicate = true> <Delay = 0.00>
ST_22 : Operation 115 [1/1] (0.00ns)   --->   "%specstablecontent_ln0 = specstablecontent void @_ssdm_op_SpecStableContent, i16 %HwReg_layerStartX_1_val18, i1 1, void @p_str"   --->   Operation 115 'specstablecontent' 'specstablecontent_ln0' <Predicate = true> <Delay = 0.00>
ST_22 : Operation 116 [1/1] (0.00ns)   --->   "%specstablecontent_ln0 = specstablecontent void @_ssdm_op_SpecStableContent, i9 %HwReg_layerAlpha_2_val17, i1 1, void @p_str"   --->   Operation 116 'specstablecontent' 'specstablecontent_ln0' <Predicate = true> <Delay = 0.00>
ST_22 : Operation 117 [1/1] (0.00ns)   --->   "%specstablecontent_ln0 = specstablecontent void @_ssdm_op_SpecStableContent, i1 %HwReg_layerEnableFlag_2_val, i1 1, void @p_str"   --->   Operation 117 'specstablecontent' 'specstablecontent_ln0' <Predicate = true> <Delay = 0.00>
ST_22 : Operation 118 [1/1] (0.00ns)   --->   "%specstablecontent_ln0 = specstablecontent void @_ssdm_op_SpecStableContent, i1 %HwReg_layerEnableFlag_1_val, i1 1, void @p_str"   --->   Operation 118 'specstablecontent' 'specstablecontent_ln0' <Predicate = true> <Delay = 0.00>
ST_22 : Operation 119 [1/1] (0.00ns)   --->   "%specstablecontent_ln0 = specstablecontent void @_ssdm_op_SpecStableContent, i1 %HwReg_layerEnableFlag_0_val, i1 1, void @p_str"   --->   Operation 119 'specstablecontent' 'specstablecontent_ln0' <Predicate = true> <Delay = 0.00>
ST_22 : Operation 120 [1/1] (0.00ns)   --->   "%specstablecontent_ln0 = specstablecontent void @_ssdm_op_SpecStableContent, i3 %HwReg_layerEnable_val16, i1 1, void @p_str"   --->   Operation 120 'specstablecontent' 'specstablecontent_ln0' <Predicate = true> <Delay = 0.00>
ST_22 : Operation 121 [1/1] (0.00ns)   --->   "%specdataflowpipeline_ln0 = specdataflowpipeline void @_ssdm_op_SpecDataflowPipeline, i32 4294967295, i32 0, void @empty_0"   --->   Operation 121 'specdataflowpipeline' 'specdataflowpipeline_ln0' <Predicate = true> <Delay = 0.00>
ST_22 : Operation 122 [1/1] (0.00ns)   --->   "%specaxissidechannel_ln0 = specaxissidechannel void @_ssdm_op_SpecAXISSideChannel, i24 %m_axis_video_V_data_V, i3 %m_axis_video_V_keep_V, i3 %m_axis_video_V_strb_V, i1 %m_axis_video_V_user_V, i1 %m_axis_video_V_last_V, i1 %m_axis_video_V_id_V, i1 %m_axis_video_V_dest_V, void @empty_58"   --->   Operation 122 'specaxissidechannel' 'specaxissidechannel_ln0' <Predicate = true> <Delay = 0.00>
ST_22 : Operation 123 [1/1] (0.00ns)   --->   "%specaxissidechannel_ln0 = specaxissidechannel void @_ssdm_op_SpecAXISSideChannel, i24 %s_axis_video1_V_data_V, i3 %s_axis_video1_V_keep_V, i3 %s_axis_video1_V_strb_V, i1 %s_axis_video1_V_user_V, i1 %s_axis_video1_V_last_V, i1 %s_axis_video1_V_id_V, i1 %s_axis_video1_V_dest_V, void @empty_45"   --->   Operation 123 'specaxissidechannel' 'specaxissidechannel_ln0' <Predicate = true> <Delay = 0.00>
ST_22 : Operation 124 [1/1] (0.00ns)   --->   "%specaxissidechannel_ln0 = specaxissidechannel void @_ssdm_op_SpecAXISSideChannel, i24 %s_axis_video_V_data_V, i3 %s_axis_video_V_keep_V, i3 %s_axis_video_V_strb_V, i1 %s_axis_video_V_user_V, i1 %s_axis_video_V_last_V, i1 %s_axis_video_V_id_V, i1 %s_axis_video_V_dest_V, void @empty_49"   --->   Operation 124 'specaxissidechannel' 'specaxissidechannel_ln0' <Predicate = true> <Delay = 0.00>
ST_22 : Operation 125 [1/1] (0.00ns)   --->   "%specaxissidechannel_ln0 = specaxissidechannel void @_ssdm_op_SpecAXISSideChannel, i24 %s_axis_video2_V_data_V, i3 %s_axis_video2_V_keep_V, i3 %s_axis_video2_V_strb_V, i1 %s_axis_video2_V_user_V, i1 %s_axis_video2_V_last_V, i1 %s_axis_video2_V_id_V, i1 %s_axis_video2_V_dest_V, void @empty_61"   --->   Operation 125 'specaxissidechannel' 'specaxissidechannel_ln0' <Predicate = true> <Delay = 0.00>
ST_22 : Operation 126 [1/1] (0.00ns)   --->   "%specstablecontent_ln0 = specstablecontent void @_ssdm_op_SpecStableContent, i8 %HwReg_background_V_B_val14, i1 1, void "   --->   Operation 126 'specstablecontent' 'specstablecontent_ln0' <Predicate = true> <Delay = 0.00>
ST_22 : Operation 127 [1/1] (0.00ns)   --->   "%specstablecontent_ln0 = specstablecontent void @_ssdm_op_SpecStableContent, i8 %HwReg_background_U_G_val13, i1 1, void "   --->   Operation 127 'specstablecontent' 'specstablecontent_ln0' <Predicate = true> <Delay = 0.00>
ST_22 : Operation 128 [1/1] (0.00ns)   --->   "%specstablecontent_ln0 = specstablecontent void @_ssdm_op_SpecStableContent, i8 %HwReg_background_Y_R_val12, i1 1, void "   --->   Operation 128 'specstablecontent' 'specstablecontent_ln0' <Predicate = true> <Delay = 0.00>
ST_22 : Operation 129 [1/1] (0.00ns)   --->   "%specstablecontent_ln0 = specstablecontent void @_ssdm_op_SpecStableContent, i12 %HwReg_height_val, i1 1, void "   --->   Operation 129 'specstablecontent' 'specstablecontent_ln0' <Predicate = true> <Delay = 0.00>
ST_22 : Operation 130 [1/1] (0.00ns)   --->   "%specstablecontent_ln0 = specstablecontent void @_ssdm_op_SpecStableContent, i12 %HwReg_height_val, i1 1, void "   --->   Operation 130 'specstablecontent' 'specstablecontent_ln0' <Predicate = true> <Delay = 0.00>
ST_22 : Operation 131 [1/1] (0.00ns)   --->   "%specstablecontent_ln0 = specstablecontent void @_ssdm_op_SpecStableContent, i12 %HwReg_width_val, i1 1, void "   --->   Operation 131 'specstablecontent' 'specstablecontent_ln0' <Predicate = true> <Delay = 0.00>
ST_22 : Operation 132 [1/1] (0.00ns)   --->   "%specstablecontent_ln0 = specstablecontent void @_ssdm_op_SpecStableContent, i12 %HwReg_width_val, i1 1, void "   --->   Operation 132 'specstablecontent' 'specstablecontent_ln0' <Predicate = true> <Delay = 0.00>
ST_22 : Operation 133 [1/1] (0.00ns)   --->   "%specinterface_ln0 = specinterface void @_ssdm_op_SpecInterface, i1 %m_axis_video_V_dest_V, i1 %m_axis_video_V_id_V, i1 %m_axis_video_V_last_V, i1 %m_axis_video_V_user_V, i3 %m_axis_video_V_strb_V, i3 %m_axis_video_V_keep_V, i24 %m_axis_video_V_data_V, void @empty_10, i32 0, i32 0, void @empty_2, i32 0, i32 0, void @empty_0, void @empty_0, void @empty_0, i32 0, i32 0, i32 0, i32 0, void @empty_0, void @empty_0, i32 4294967295, i32 0, i32 0"   --->   Operation 133 'specinterface' 'specinterface_ln0' <Predicate = true> <Delay = 0.00>
ST_22 : Operation 134 [1/1] (0.00ns)   --->   "%specinterface_ln0 = specinterface void @_ssdm_op_SpecInterface, i1 %s_axis_video2_V_dest_V, i1 %s_axis_video2_V_id_V, i1 %s_axis_video2_V_last_V, i1 %s_axis_video2_V_user_V, i3 %s_axis_video2_V_strb_V, i3 %s_axis_video2_V_keep_V, i24 %s_axis_video2_V_data_V, void @empty_10, i32 0, i32 0, void @empty_2, i32 0, i32 0, void @empty_0, void @empty_0, void @empty_0, i32 0, i32 0, i32 0, i32 0, void @empty_0, void @empty_0, i32 4294967295, i32 0, i32 0"   --->   Operation 134 'specinterface' 'specinterface_ln0' <Predicate = true> <Delay = 0.00>
ST_22 : Operation 135 [1/1] (0.00ns)   --->   "%specinterface_ln0 = specinterface void @_ssdm_op_SpecInterface, i1 %s_axis_video1_V_dest_V, i1 %s_axis_video1_V_id_V, i1 %s_axis_video1_V_last_V, i1 %s_axis_video1_V_user_V, i3 %s_axis_video1_V_strb_V, i3 %s_axis_video1_V_keep_V, i24 %s_axis_video1_V_data_V, void @empty_10, i32 0, i32 0, void @empty_2, i32 0, i32 0, void @empty_0, void @empty_0, void @empty_0, i32 0, i32 0, i32 0, i32 0, void @empty_0, void @empty_0, i32 4294967295, i32 0, i32 0"   --->   Operation 135 'specinterface' 'specinterface_ln0' <Predicate = true> <Delay = 0.00>
ST_22 : Operation 136 [1/1] (0.00ns)   --->   "%specinterface_ln0 = specinterface void @_ssdm_op_SpecInterface, i1 %s_axis_video_V_dest_V, i1 %s_axis_video_V_id_V, i1 %s_axis_video_V_last_V, i1 %s_axis_video_V_user_V, i3 %s_axis_video_V_strb_V, i3 %s_axis_video_V_keep_V, i24 %s_axis_video_V_data_V, void @empty_10, i32 0, i32 0, void @empty_2, i32 0, i32 0, void @empty_0, void @empty_0, void @empty_0, i32 0, i32 0, i32 0, i32 0, void @empty_0, void @empty_0, i32 4294967295, i32 0, i32 0"   --->   Operation 136 'specinterface' 'specinterface_ln0' <Predicate = true> <Delay = 0.00>
ST_22 : Operation 137 [1/1] (0.00ns)   --->   "%empty_160 = specchannel i32 @_ssdm_op_SpecChannel, void @srcLayer0_str, i32 1, void @p_str, void @p_str, i32 2, i32 2, i24 %srcLayer0, i24 %srcLayer0"   --->   Operation 137 'specchannel' 'empty_160' <Predicate = true> <Delay = 0.00>
ST_22 : Operation 138 [1/1] (0.00ns)   --->   "%specinterface_ln0 = specinterface void @_ssdm_op_SpecInterface, i24 %srcLayer0, void @empty_42, i32 0, i32 0, void @empty_0, i32 0, i32 0, void @empty_0, void @empty_0, void @empty_0, i32 0, i32 0, i32 0, i32 0, void @empty_0, void @empty_0, i32 4294967295, i32 0, i32 0"   --->   Operation 138 'specinterface' 'specinterface_ln0' <Predicate = true> <Delay = 0.00>
ST_22 : Operation 139 [1/1] (0.00ns)   --->   "%empty_161 = specchannel i32 @_ssdm_op_SpecChannel, void @srcLayer0Yuv422_str, i32 1, void @p_str, void @p_str, i32 2, i32 2, i24 %srcLayer0Yuv422, i24 %srcLayer0Yuv422"   --->   Operation 139 'specchannel' 'empty_161' <Predicate = true> <Delay = 0.00>
ST_22 : Operation 140 [1/1] (0.00ns)   --->   "%specinterface_ln0 = specinterface void @_ssdm_op_SpecInterface, i24 %srcLayer0Yuv422, void @empty_42, i32 0, i32 0, void @empty_0, i32 0, i32 0, void @empty_0, void @empty_0, void @empty_0, i32 0, i32 0, i32 0, i32 0, void @empty_0, void @empty_0, i32 4294967295, i32 0, i32 0"   --->   Operation 140 'specinterface' 'specinterface_ln0' <Predicate = true> <Delay = 0.00>
ST_22 : Operation 141 [1/1] (0.00ns)   --->   "%empty_162 = specchannel i32 @_ssdm_op_SpecChannel, void @srcLayer0Yuv_str, i32 1, void @p_str, void @p_str, i32 2, i32 2, i24 %srcLayer0Yuv, i24 %srcLayer0Yuv"   --->   Operation 141 'specchannel' 'empty_162' <Predicate = true> <Delay = 0.00>
ST_22 : Operation 142 [1/1] (0.00ns)   --->   "%specinterface_ln0 = specinterface void @_ssdm_op_SpecInterface, i24 %srcLayer0Yuv, void @empty_42, i32 0, i32 0, void @empty_0, i32 0, i32 0, void @empty_0, void @empty_0, void @empty_0, i32 0, i32 0, i32 0, i32 0, void @empty_0, void @empty_0, i32 4294967295, i32 0, i32 0"   --->   Operation 142 'specinterface' 'specinterface_ln0' <Predicate = true> <Delay = 0.00>
ST_22 : Operation 143 [1/1] (0.00ns)   --->   "%empty_163 = specchannel i32 @_ssdm_op_SpecChannel, void @outLayer0_str, i32 1, void @p_str, void @p_str, i32 2, i32 2, i24 %outLayer0, i24 %outLayer0"   --->   Operation 143 'specchannel' 'empty_163' <Predicate = true> <Delay = 0.00>
ST_22 : Operation 144 [1/1] (0.00ns)   --->   "%specinterface_ln0 = specinterface void @_ssdm_op_SpecInterface, i24 %outLayer0, void @empty_42, i32 0, i32 0, void @empty_0, i32 0, i32 0, void @empty_0, void @empty_0, void @empty_0, i32 0, i32 0, i32 0, i32 0, void @empty_0, void @empty_0, i32 4294967295, i32 0, i32 0"   --->   Operation 144 'specinterface' 'specinterface_ln0' <Predicate = true> <Delay = 0.00>
ST_22 : Operation 145 [1/1] (0.00ns)   --->   "%empty_164 = specchannel i32 @_ssdm_op_SpecChannel, void @outYuv_str, i32 1, void @p_str, void @p_str, i32 2, i32 2, i24 %outYuv, i24 %outYuv"   --->   Operation 145 'specchannel' 'empty_164' <Predicate = true> <Delay = 0.00>
ST_22 : Operation 146 [1/1] (0.00ns)   --->   "%specinterface_ln0 = specinterface void @_ssdm_op_SpecInterface, i24 %outYuv, void @empty_42, i32 0, i32 0, void @empty_0, i32 0, i32 0, void @empty_0, void @empty_0, void @empty_0, i32 0, i32 0, i32 0, i32 0, void @empty_0, void @empty_0, i32 4294967295, i32 0, i32 0"   --->   Operation 146 'specinterface' 'specinterface_ln0' <Predicate = true> <Delay = 0.00>
ST_22 : Operation 147 [1/1] (0.00ns)   --->   "%empty_165 = specchannel i32 @_ssdm_op_SpecChannel, void @out422_str, i32 1, void @p_str, void @p_str, i32 2, i32 2, i24 %out422, i24 %out422"   --->   Operation 147 'specchannel' 'empty_165' <Predicate = true> <Delay = 0.00>
ST_22 : Operation 148 [1/1] (0.00ns)   --->   "%specinterface_ln0 = specinterface void @_ssdm_op_SpecInterface, i24 %out422, void @empty_42, i32 0, i32 0, void @empty_0, i32 0, i32 0, void @empty_0, void @empty_0, void @empty_0, i32 0, i32 0, i32 0, i32 0, void @empty_0, void @empty_0, i32 4294967295, i32 0, i32 0"   --->   Operation 148 'specinterface' 'specinterface_ln0' <Predicate = true> <Delay = 0.00>
ST_22 : Operation 149 [1/1] (0.00ns)   --->   "%empty_166 = specchannel i32 @_ssdm_op_SpecChannel, void @out420_str, i32 1, void @p_str, void @p_str, i32 2, i32 2, i24 %out420, i24 %out420"   --->   Operation 149 'specchannel' 'empty_166' <Predicate = true> <Delay = 0.00>
ST_22 : Operation 150 [1/1] (0.00ns)   --->   "%specinterface_ln0 = specinterface void @_ssdm_op_SpecInterface, i24 %out420, void @empty_42, i32 0, i32 0, void @empty_0, i32 0, i32 0, void @empty_0, void @empty_0, void @empty_0, i32 0, i32 0, i32 0, i32 0, void @empty_0, void @empty_0, i32 4294967295, i32 0, i32 0"   --->   Operation 150 'specinterface' 'specinterface_ln0' <Predicate = true> <Delay = 0.00>
ST_22 : Operation 151 [1/1] (0.00ns)   --->   "%empty_167 = specchannel i32 @_ssdm_op_SpecChannel, void @srcLayer1_str, i32 1, void @p_str, void @p_str, i32 2, i32 2, i24 %srcLayer1, i24 %srcLayer1"   --->   Operation 151 'specchannel' 'empty_167' <Predicate = true> <Delay = 0.00>
ST_22 : Operation 152 [1/1] (0.00ns)   --->   "%specinterface_ln0 = specinterface void @_ssdm_op_SpecInterface, i24 %srcLayer1, void @empty_42, i32 0, i32 0, void @empty_0, i32 0, i32 0, void @empty_0, void @empty_0, void @empty_0, i32 0, i32 0, i32 0, i32 0, void @empty_0, void @empty_0, i32 4294967295, i32 0, i32 0"   --->   Operation 152 'specinterface' 'specinterface_ln0' <Predicate = true> <Delay = 0.00>
ST_22 : Operation 153 [1/1] (0.00ns)   --->   "%empty_168 = specchannel i32 @_ssdm_op_SpecChannel, void @srcLayer1x_str, i32 1, void @p_str, void @p_str, i32 2, i32 2, i24 %srcLayer1x, i24 %srcLayer1x"   --->   Operation 153 'specchannel' 'empty_168' <Predicate = true> <Delay = 0.00>
ST_22 : Operation 154 [1/1] (0.00ns)   --->   "%specinterface_ln0 = specinterface void @_ssdm_op_SpecInterface, i24 %srcLayer1x, void @empty_42, i32 0, i32 0, void @empty_0, i32 0, i32 0, void @empty_0, void @empty_0, void @empty_0, i32 0, i32 0, i32 0, i32 0, void @empty_0, void @empty_0, i32 4294967295, i32 0, i32 0"   --->   Operation 154 'specinterface' 'specinterface_ln0' <Predicate = true> <Delay = 0.00>
ST_22 : Operation 155 [1/1] (0.00ns)   --->   "%empty_169 = specchannel i32 @_ssdm_op_SpecChannel, void @outLayer1_str, i32 1, void @p_str, void @p_str, i32 2, i32 2, i24 %outLayer1, i24 %outLayer1"   --->   Operation 155 'specchannel' 'empty_169' <Predicate = true> <Delay = 0.00>
ST_22 : Operation 156 [1/1] (0.00ns)   --->   "%specinterface_ln0 = specinterface void @_ssdm_op_SpecInterface, i24 %outLayer1, void @empty_42, i32 0, i32 0, void @empty_0, i32 0, i32 0, void @empty_0, void @empty_0, void @empty_0, i32 0, i32 0, i32 0, i32 0, void @empty_0, void @empty_0, i32 4294967295, i32 0, i32 0"   --->   Operation 156 'specinterface' 'specinterface_ln0' <Predicate = true> <Delay = 0.00>
ST_22 : Operation 157 [1/1] (0.00ns)   --->   "%empty_170 = specchannel i32 @_ssdm_op_SpecChannel, void @srcLayer1Yuv_str, i32 1, void @p_str, void @p_str, i32 2, i32 2, i24 %srcLayer1Yuv, i24 %srcLayer1Yuv"   --->   Operation 157 'specchannel' 'empty_170' <Predicate = true> <Delay = 0.00>
ST_22 : Operation 158 [1/1] (0.00ns)   --->   "%specinterface_ln0 = specinterface void @_ssdm_op_SpecInterface, i24 %srcLayer1Yuv, void @empty_42, i32 0, i32 0, void @empty_0, i32 0, i32 0, void @empty_0, void @empty_0, void @empty_0, i32 0, i32 0, i32 0, i32 0, void @empty_0, void @empty_0, i32 4294967295, i32 0, i32 0"   --->   Operation 158 'specinterface' 'specinterface_ln0' <Predicate = true> <Delay = 0.00>
ST_22 : Operation 159 [1/1] (0.00ns)   --->   "%empty_171 = specchannel i32 @_ssdm_op_SpecChannel, void @srcLayer1Yuv422_str, i32 1, void @p_str, void @p_str, i32 2, i32 2, i24 %srcLayer1Yuv422, i24 %srcLayer1Yuv422"   --->   Operation 159 'specchannel' 'empty_171' <Predicate = true> <Delay = 0.00>
ST_22 : Operation 160 [1/1] (0.00ns)   --->   "%specinterface_ln0 = specinterface void @_ssdm_op_SpecInterface, i24 %srcLayer1Yuv422, void @empty_42, i32 0, i32 0, void @empty_0, i32 0, i32 0, void @empty_0, void @empty_0, void @empty_0, i32 0, i32 0, i32 0, i32 0, void @empty_0, void @empty_0, i32 4294967295, i32 0, i32 0"   --->   Operation 160 'specinterface' 'specinterface_ln0' <Predicate = true> <Delay = 0.00>
ST_22 : Operation 161 [1/1] (0.00ns)   --->   "%empty_172 = specchannel i32 @_ssdm_op_SpecChannel, void @srcLayer1Rgb_str, i32 1, void @p_str, void @p_str, i32 2, i32 2, i24 %srcLayer1Rgb, i24 %srcLayer1Rgb"   --->   Operation 161 'specchannel' 'empty_172' <Predicate = true> <Delay = 0.00>
ST_22 : Operation 162 [1/1] (0.00ns)   --->   "%specinterface_ln0 = specinterface void @_ssdm_op_SpecInterface, i24 %srcLayer1Rgb, void @empty_42, i32 0, i32 0, void @empty_0, i32 0, i32 0, void @empty_0, void @empty_0, void @empty_0, i32 0, i32 0, i32 0, i32 0, void @empty_0, void @empty_0, i32 4294967295, i32 0, i32 0"   --->   Operation 162 'specinterface' 'specinterface_ln0' <Predicate = true> <Delay = 0.00>
ST_22 : Operation 163 [1/1] (0.00ns)   --->   "%empty_173 = specchannel i32 @_ssdm_op_SpecChannel, void @srcLayer2_str, i32 1, void @p_str, void @p_str, i32 2, i32 2, i24 %srcLayer2, i24 %srcLayer2"   --->   Operation 163 'specchannel' 'empty_173' <Predicate = true> <Delay = 0.00>
ST_22 : Operation 164 [1/1] (0.00ns)   --->   "%specinterface_ln0 = specinterface void @_ssdm_op_SpecInterface, i24 %srcLayer2, void @empty_42, i32 0, i32 0, void @empty_0, i32 0, i32 0, void @empty_0, void @empty_0, void @empty_0, i32 0, i32 0, i32 0, i32 0, void @empty_0, void @empty_0, i32 4294967295, i32 0, i32 0"   --->   Operation 164 'specinterface' 'specinterface_ln0' <Predicate = true> <Delay = 0.00>
ST_22 : Operation 165 [1/1] (0.00ns)   --->   "%empty_174 = specchannel i32 @_ssdm_op_SpecChannel, void @srcLayer2x_str, i32 1, void @p_str, void @p_str, i32 2, i32 2, i24 %srcLayer2x, i24 %srcLayer2x"   --->   Operation 165 'specchannel' 'empty_174' <Predicate = true> <Delay = 0.00>
ST_22 : Operation 166 [1/1] (0.00ns)   --->   "%specinterface_ln0 = specinterface void @_ssdm_op_SpecInterface, i24 %srcLayer2x, void @empty_42, i32 0, i32 0, void @empty_0, i32 0, i32 0, void @empty_0, void @empty_0, void @empty_0, i32 0, i32 0, i32 0, i32 0, void @empty_0, void @empty_0, i32 4294967295, i32 0, i32 0"   --->   Operation 166 'specinterface' 'specinterface_ln0' <Predicate = true> <Delay = 0.00>
ST_22 : Operation 167 [1/1] (0.00ns)   --->   "%empty_175 = specchannel i32 @_ssdm_op_SpecChannel, void @outLayer2_str, i32 1, void @p_str, void @p_str, i32 2, i32 2, i24 %outLayer2, i24 %outLayer2"   --->   Operation 167 'specchannel' 'empty_175' <Predicate = true> <Delay = 0.00>
ST_22 : Operation 168 [1/1] (0.00ns)   --->   "%specinterface_ln0 = specinterface void @_ssdm_op_SpecInterface, i24 %outLayer2, void @empty_42, i32 0, i32 0, void @empty_0, i32 0, i32 0, void @empty_0, void @empty_0, void @empty_0, i32 0, i32 0, i32 0, i32 0, void @empty_0, void @empty_0, i32 4294967295, i32 0, i32 0"   --->   Operation 168 'specinterface' 'specinterface_ln0' <Predicate = true> <Delay = 0.00>
ST_22 : Operation 169 [1/1] (0.00ns)   --->   "%empty_176 = specchannel i32 @_ssdm_op_SpecChannel, void @srcLayer2Yuv_str, i32 1, void @p_str, void @p_str, i32 2, i32 2, i24 %srcLayer2Yuv, i24 %srcLayer2Yuv"   --->   Operation 169 'specchannel' 'empty_176' <Predicate = true> <Delay = 0.00>
ST_22 : Operation 170 [1/1] (0.00ns)   --->   "%specinterface_ln0 = specinterface void @_ssdm_op_SpecInterface, i24 %srcLayer2Yuv, void @empty_42, i32 0, i32 0, void @empty_0, i32 0, i32 0, void @empty_0, void @empty_0, void @empty_0, i32 0, i32 0, i32 0, i32 0, void @empty_0, void @empty_0, i32 4294967295, i32 0, i32 0"   --->   Operation 170 'specinterface' 'specinterface_ln0' <Predicate = true> <Delay = 0.00>
ST_22 : Operation 171 [1/1] (0.00ns)   --->   "%empty_177 = specchannel i32 @_ssdm_op_SpecChannel, void @srcLayer2Yuv422_str, i32 1, void @p_str, void @p_str, i32 2, i32 2, i24 %srcLayer2Yuv422, i24 %srcLayer2Yuv422"   --->   Operation 171 'specchannel' 'empty_177' <Predicate = true> <Delay = 0.00>
ST_22 : Operation 172 [1/1] (0.00ns)   --->   "%specinterface_ln0 = specinterface void @_ssdm_op_SpecInterface, i24 %srcLayer2Yuv422, void @empty_42, i32 0, i32 0, void @empty_0, i32 0, i32 0, void @empty_0, void @empty_0, void @empty_0, i32 0, i32 0, i32 0, i32 0, void @empty_0, void @empty_0, i32 4294967295, i32 0, i32 0"   --->   Operation 172 'specinterface' 'specinterface_ln0' <Predicate = true> <Delay = 0.00>
ST_22 : Operation 173 [1/1] (0.00ns)   --->   "%empty_178 = specchannel i32 @_ssdm_op_SpecChannel, void @srcLayer2Rgb_str, i32 1, void @p_str, void @p_str, i32 2, i32 2, i24 %srcLayer2Rgb, i24 %srcLayer2Rgb"   --->   Operation 173 'specchannel' 'empty_178' <Predicate = true> <Delay = 0.00>
ST_22 : Operation 174 [1/1] (0.00ns)   --->   "%specinterface_ln0 = specinterface void @_ssdm_op_SpecInterface, i24 %srcLayer2Rgb, void @empty_42, i32 0, i32 0, void @empty_0, i32 0, i32 0, void @empty_0, void @empty_0, void @empty_0, i32 0, i32 0, i32 0, i32 0, void @empty_0, void @empty_0, i32 4294967295, i32 0, i32 0"   --->   Operation 174 'specinterface' 'specinterface_ln0' <Predicate = true> <Delay = 0.00>
ST_22 : Operation 175 [1/2] (0.96ns)   --->   "%call_ln2025 = call void @MultiPixStream2AXIvideo, i24 %out420, i24 %m_axis_video_V_data_V, i3 %m_axis_video_V_keep_V, i3 %m_axis_video_V_strb_V, i1 %m_axis_video_V_user_V, i1 %m_axis_video_V_last_V, i1 %m_axis_video_V_id_V, i1 %m_axis_video_V_dest_V, i12 %HwReg_height_val_read, i12 %HwReg_width_val_read" [/home/e/Documents/research/byotee/OSDZU3_Ref_Design/OSDZU3_Ref_Design.runs/design_1_v_mix_0_0_synth_1/prj/sol/.autopilot/db/v_mix.cpp:2025]   --->   Operation 175 'call' 'call_ln2025' <Predicate = true> <Delay = 0.96> <CoreType = "Generic">   --->   Generic Core
ST_22 : Operation 176 [1/1] (0.00ns)   --->   "%ret_ln2026 = ret" [/home/e/Documents/research/byotee/OSDZU3_Ref_Design/OSDZU3_Ref_Design.runs/design_1_v_mix_0_0_synth_1/prj/sol/.autopilot/db/v_mix.cpp:2026]   --->   Operation 176 'ret' 'ret_ln2026' <Predicate = true> <Delay = 0.00>


============================================================
+ Verbose Summary: Timing violations
============================================================
Target clock period: 5.000ns, clock uncertainty: 1.350ns.

 <State 1>: 1.825ns
The critical path consists of the following:
	wire read operation ('HwReg_layerHeight_1_val_read') on port 'HwReg_layerHeight_1_val' [52]  (0.000 ns)
	'call' operation 0 bit ('call_ln704', /home/e/Documents/research/byotee/OSDZU3_Ref_Design/OSDZU3_Ref_Design.runs/design_1_v_mix_0_0_synth_1/prj/sol/.autopilot/db/v_mix.cpp:704) to 'AXIvideo2MultiPixStream.5' [166]  (1.825 ns)

 <State 2>: 0.000ns
The critical path consists of the following:

 <State 3>: 1.825ns
The critical path consists of the following:
	'call' operation 0 bit ('call_ln709', /home/e/Documents/research/byotee/OSDZU3_Ref_Design/OSDZU3_Ref_Design.runs/design_1_v_mix_0_0_synth_1/prj/sol/.autopilot/db/v_mix.cpp:709) to 'v_mix_420_to_422<false>.6' [167]  (1.825 ns)

 <State 4>: 0.000ns
The critical path consists of the following:

 <State 5>: 2.032ns
The critical path consists of the following:
	'call' operation 0 bit ('call_ln712', /home/e/Documents/research/byotee/OSDZU3_Ref_Design/OSDZU3_Ref_Design.runs/design_1_v_mix_0_0_synth_1/prj/sol/.autopilot/db/v_mix.cpp:712) to 'v_mix_422_to_444<true>' [168]  (2.032 ns)

 <State 6>: 0.000ns
The critical path consists of the following:

 <State 7>: 1.825ns
The critical path consists of the following:
	'call' operation 0 bit ('call_ln715', /home/e/Documents/research/byotee/OSDZU3_Ref_Design/OSDZU3_Ref_Design.runs/design_1_v_mix_0_0_synth_1/prj/sol/.autopilot/db/v_mix.cpp:715) to 'v_mix_yuv2rgb<true>' [169]  (1.825 ns)

 <State 8>: 0.000ns
The critical path consists of the following:

 <State 9>: 1.825ns
The critical path consists of the following:
	'call' operation 0 bit ('call_ln722', /home/e/Documents/research/byotee/OSDZU3_Ref_Design/OSDZU3_Ref_Design.runs/design_1_v_mix_0_0_synth_1/prj/sol/.autopilot/db/v_mix.cpp:722) to 'v_mix_upsample<false>.7' [170]  (1.825 ns)

 <State 10>: 0.000ns
The critical path consists of the following:

 <State 11>: 2.033ns
The critical path consists of the following:
	wire read operation ('HwReg_layerScaleFactor_1_val26_read') on port 'HwReg_layerScaleFactor_1_val26' [50]  (0.000 ns)
	'call' operation 0 bit ('call_ln730', /home/e/Documents/research/byotee/OSDZU3_Ref_Design/OSDZU3_Ref_Design.runs/design_1_v_mix_0_0_synth_1/prj/sol/.autopilot/db/v_mix.cpp:730) to 'v_mix_core_alpha<false, false>' [171]  (2.033 ns)

 <State 12>: 0.962ns
The critical path consists of the following:
	'call' operation 0 bit ('call_ln730', /home/e/Documents/research/byotee/OSDZU3_Ref_Design/OSDZU3_Ref_Design.runs/design_1_v_mix_0_0_synth_1/prj/sol/.autopilot/db/v_mix.cpp:730) to 'v_mix_core_alpha<false, false>' [171]  (0.962 ns)

 <State 13>: 2.033ns
The critical path consists of the following:
	wire read operation ('HwReg_layerScaleFactor_2_val27_read') on port 'HwReg_layerScaleFactor_2_val27' [49]  (0.000 ns)
	'call' operation 0 bit ('call_ln813', /home/e/Documents/research/byotee/OSDZU3_Ref_Design/OSDZU3_Ref_Design.runs/design_1_v_mix_0_0_synth_1/prj/sol/.autopilot/db/v_mix.cpp:813) to 'v_mix_core_alpha<true, false>' [177]  (2.033 ns)

 <State 14>: 0.962ns
The critical path consists of the following:
	'call' operation 0 bit ('call_ln813', /home/e/Documents/research/byotee/OSDZU3_Ref_Design/OSDZU3_Ref_Design.runs/design_1_v_mix_0_0_synth_1/prj/sol/.autopilot/db/v_mix.cpp:813) to 'v_mix_core_alpha<true, false>' [177]  (0.962 ns)

 <State 15>: 0.000ns
The critical path consists of the following:

 <State 16>: 0.962ns
The critical path consists of the following:
	'call' operation 0 bit ('call_ln2009', /home/e/Documents/research/byotee/OSDZU3_Ref_Design/OSDZU3_Ref_Design.runs/design_1_v_mix_0_0_synth_1/prj/sol/.autopilot/db/v_mix.cpp:2009) to 'v_mix_rgb2yuv<false>' [178]  (0.962 ns)

 <State 17>: 0.000ns
The critical path consists of the following:

 <State 18>: 0.962ns
The critical path consists of the following:
	'call' operation 0 bit ('call_ln2018', /home/e/Documents/research/byotee/OSDZU3_Ref_Design/OSDZU3_Ref_Design.runs/design_1_v_mix_0_0_synth_1/prj/sol/.autopilot/db/v_mix.cpp:2018) to 'v_mix_444_to_422<false>' [179]  (0.962 ns)

 <State 19>: 0.000ns
The critical path consists of the following:

 <State 20>: 0.962ns
The critical path consists of the following:
	'call' operation 0 bit ('call_ln2022', /home/e/Documents/research/byotee/OSDZU3_Ref_Design/OSDZU3_Ref_Design.runs/design_1_v_mix_0_0_synth_1/prj/sol/.autopilot/db/v_mix.cpp:2022) to 'v_mix_422_to_420<false>' [180]  (0.962 ns)

 <State 21>: 0.000ns
The critical path consists of the following:

 <State 22>: 0.962ns
The critical path consists of the following:
	'call' operation 0 bit ('call_ln2025', /home/e/Documents/research/byotee/OSDZU3_Ref_Design/OSDZU3_Ref_Design.runs/design_1_v_mix_0_0_synth_1/prj/sol/.autopilot/db/v_mix.cpp:2025) to 'MultiPixStream2AXIvideo' [181]  (0.962 ns)


============================================================
+ Verbose Summary: Binding
============================================================
N/A
* FSMD analyzer results:
  - Output states:
 - Input state : 
  - Chain level:
	State 1
	State 2
	State 3
	State 4
	State 5
	State 6
	State 7
	State 8
	State 9
	State 10
	State 11
	State 12
	State 13
	State 14
	State 15
	State 16
	State 17
	State 18
	State 19
	State 20
	State 21
	State 22


============================================================
+ Verbose Summary: Datapath Resource usage 
============================================================
N/A
