
*** Running vivado
    with args -log OSDZU3x_BYOTEE_wrapper.vds -m64 -product Vivado -mode batch -messageDb vivado.pb -notrace -source OSDZU3x_BYOTEE_wrapper.tcl


****** Vivado v2025.1 (64-bit)
  **** SW Build 6140274 on Wed May 21 22:58:25 MDT 2025
  **** IP Build 6138677 on Thu May 22 03:10:11 MDT 2025
  **** SharedData Build 6139179 on Tue May 20 17:58:58 MDT 2025
  **** Start of session at: Mon Sep 22 18:18:06 2025
    ** Copyright 1986-2022 Xilinx, Inc. All Rights Reserved.
    ** Copyright 2022-2025 Advanced Micro Devices, Inc. All Rights Reserved.

source OSDZU3x_BYOTEE_wrapper.tcl -notrace
INFO: [IP_Flow 19-234] Refreshing IP repositories
INFO: [IP_Flow 19-1700] Loaded user IP repository '/home/e/Documents/research/byotee/OSDZU3_Ref_Design/OSDZU3_Ref_Design.ipdefs/IP_Repo'.
INFO: [IP_Flow 19-2313] Loaded Vivado IP repository '/tools/Xilinx/2025.1/Vivado/data/ip'.
INFO: [Project 1-5698] Found the below utility IPs instantiated in block design /home/e/Documents/research/byotee/OSDZU3_Ref_Design/OSDZU3_Ref_Design.srcs/sources_1/bd/design_1/design_1.bd which have equivalent inline hdl with improved performance and reduced diskspace.
It is recommended to migrate these utility IPs to inline hdl  using the command upgrade_project -migrate_to_inline_hdl.  The utility IPs may be deprecated in future releases.
More information on inline hdl is available in UG994.
Utility IP Component Instances:
 design_1_v_fb_rd_0_rst_n_0
design_1_v_fb_rd_1_rst_n_0
design_1_v_mix_rst_n_0
design_1_xlconcat_0_1
design_1_xlconstant_0_0
design_1_xlslice_0_0
design_1_xlslice_1_0
design_1_xlslice_1_1
design_1_xlconcat_1_0
design_1_xlconcat_0_2
INFO: [Project 1-5698] Found the below utility IPs instantiated in block design /home/e/Documents/research/byotee/OSDZU3_Ref_Design/OSDZU3_Ref_Design.srcs/sources_1/bd/OSDZU3x_Tutorial/OSDZU3x_Tutorial.bd which have equivalent inline hdl with improved performance and reduced diskspace.
It is recommended to migrate these utility IPs to inline hdl  using the command upgrade_project -migrate_to_inline_hdl.  The utility IPs may be deprecated in future releases.
More information on inline hdl is available in UG994.
Utility IP Component Instances:
 OSDZU3x_Tutorial_microblaze_riscv_0_xlconcat_0
Command: synth_design -top OSDZU3x_BYOTEE_wrapper -part xczu3eg-sfvc784-1-e
Starting synth_design
Attempting to get a license for feature 'Synthesis' and/or device 'xczu3eg'
INFO: [Common 17-349] Got license for feature 'Synthesis' and/or device 'xczu3eg'
INFO: [Device 21-403] Loading part xczu3eg-sfvc784-1-e
INFO: [Synth 8-7079] Multithreading enabled for synth_design using a maximum of 7 processes.
INFO: [Synth 8-7078] Launching helper process for spawning children vivado processes
INFO: [Synth 8-7075] Helper process launched with PID 85669
---------------------------------------------------------------------------------
Starting RTL Elaboration : Time (s): cpu = 00:00:02 ; elapsed = 00:00:02 . Memory (MB): peak = 2812.988 ; gain = 133.688 ; free physical = 33689 ; free virtual = 56331
---------------------------------------------------------------------------------
INFO: [Synth 8-6157] synthesizing module 'OSDZU3x_BYOTEE_wrapper' [/home/e/Documents/research/byotee/OSDZU3_Ref_Design/OSDZU3_Ref_Design.gen/sources_1/bd/OSDZU3x_BYOTEE/hdl/OSDZU3x_BYOTEE_wrapper.v:13]
INFO: [Synth 8-6157] synthesizing module 'OSDZU3x_BYOTEE' [/home/e/Documents/research/byotee/OSDZU3_Ref_Design/OSDZU3_Ref_Design.gen/sources_1/bd/OSDZU3x_BYOTEE/synth/OSDZU3x_BYOTEE.v:13]
INFO: [Synth 8-6157] synthesizing module 'OSDZU3x_BYOTEE_axi_gpio_1_0' [/home/e/Documents/research/byotee/OSDZU3_Ref_Design/OSDZU3_Ref_Design.runs/synth_1/.Xil/Vivado-85441-e-ubuntu/realtime/OSDZU3x_BYOTEE_axi_gpio_1_0_stub.v:6]
INFO: [Synth 8-6155] done synthesizing module 'OSDZU3x_BYOTEE_axi_gpio_1_0' (0#1) [/home/e/Documents/research/byotee/OSDZU3_Ref_Design/OSDZU3_Ref_Design.runs/synth_1/.Xil/Vivado-85441-e-ubuntu/realtime/OSDZU3x_BYOTEE_axi_gpio_1_0_stub.v:6]
INFO: [Synth 8-6157] synthesizing module 'OSDZU3x_BYOTEE_axi_intc_0_0' [/home/e/Documents/research/byotee/OSDZU3_Ref_Design/OSDZU3_Ref_Design.runs/synth_1/.Xil/Vivado-85441-e-ubuntu/realtime/OSDZU3x_BYOTEE_axi_intc_0_0_stub.v:6]
INFO: [Synth 8-6155] done synthesizing module 'OSDZU3x_BYOTEE_axi_intc_0_0' (0#1) [/home/e/Documents/research/byotee/OSDZU3_Ref_Design/OSDZU3_Ref_Design.runs/synth_1/.Xil/Vivado-85441-e-ubuntu/realtime/OSDZU3x_BYOTEE_axi_intc_0_0_stub.v:6]
INFO: [Synth 8-6157] synthesizing module 'OSDZU3x_BYOTEE_axi_interconnect_0_1' [/home/e/Documents/research/byotee/OSDZU3_Ref_Design/OSDZU3_Ref_Design.gen/sources_1/bd/OSDZU3x_BYOTEE/synth/OSDZU3x_BYOTEE.v:985]
INFO: [Synth 8-6157] synthesizing module 'm00_couplers_imp_CPWOT3' [/home/e/Documents/research/byotee/OSDZU3_Ref_Design/OSDZU3_Ref_Design.gen/sources_1/bd/OSDZU3x_BYOTEE/synth/OSDZU3x_BYOTEE.v:2924]
INFO: [Synth 8-6155] done synthesizing module 'm00_couplers_imp_CPWOT3' (0#1) [/home/e/Documents/research/byotee/OSDZU3_Ref_Design/OSDZU3_Ref_Design.gen/sources_1/bd/OSDZU3x_BYOTEE/synth/OSDZU3x_BYOTEE.v:2924]
INFO: [Synth 8-6157] synthesizing module 'm01_couplers_imp_1BZJ7HS' [/home/e/Documents/research/byotee/OSDZU3_Ref_Design/OSDZU3_Ref_Design.gen/sources_1/bd/OSDZU3x_BYOTEE/synth/OSDZU3x_BYOTEE.v:3274]
INFO: [Synth 8-6157] synthesizing module 'OSDZU3x_BYOTEE_axi_interconnect_0_imp_auto_ds_0' [/home/e/Documents/research/byotee/OSDZU3_Ref_Design/OSDZU3_Ref_Design.runs/synth_1/.Xil/Vivado-85441-e-ubuntu/realtime/OSDZU3x_BYOTEE_axi_interconnect_0_imp_auto_ds_0_stub.v:6]
INFO: [Synth 8-6155] done synthesizing module 'OSDZU3x_BYOTEE_axi_interconnect_0_imp_auto_ds_0' (0#1) [/home/e/Documents/research/byotee/OSDZU3_Ref_Design/OSDZU3_Ref_Design.runs/synth_1/.Xil/Vivado-85441-e-ubuntu/realtime/OSDZU3x_BYOTEE_axi_interconnect_0_imp_auto_ds_0_stub.v:6]
INFO: [Synth 8-6157] synthesizing module 'OSDZU3x_BYOTEE_axi_interconnect_0_imp_auto_pc_0' [/home/e/Documents/research/byotee/OSDZU3_Ref_Design/OSDZU3_Ref_Design.runs/synth_1/.Xil/Vivado-85441-e-ubuntu/realtime/OSDZU3x_BYOTEE_axi_interconnect_0_imp_auto_pc_0_stub.v:6]
INFO: [Synth 8-6155] done synthesizing module 'OSDZU3x_BYOTEE_axi_interconnect_0_imp_auto_pc_0' (0#1) [/home/e/Documents/research/byotee/OSDZU3_Ref_Design/OSDZU3_Ref_Design.runs/synth_1/.Xil/Vivado-85441-e-ubuntu/realtime/OSDZU3x_BYOTEE_axi_interconnect_0_imp_auto_pc_0_stub.v:6]
WARNING: [Synth 8-7071] port 'm_axi_awprot' of module 'OSDZU3x_BYOTEE_axi_interconnect_0_imp_auto_pc_0' is unconnected for instance 'auto_pc' [/home/e/Documents/research/byotee/OSDZU3_Ref_Design/OSDZU3_Ref_Design.gen/sources_1/bd/OSDZU3x_BYOTEE/synth/OSDZU3x_BYOTEE.v:3567]
WARNING: [Synth 8-7071] port 'm_axi_arprot' of module 'OSDZU3x_BYOTEE_axi_interconnect_0_imp_auto_pc_0' is unconnected for instance 'auto_pc' [/home/e/Documents/research/byotee/OSDZU3_Ref_Design/OSDZU3_Ref_Design.gen/sources_1/bd/OSDZU3x_BYOTEE/synth/OSDZU3x_BYOTEE.v:3567]
WARNING: [Synth 8-7023] instance 'auto_pc' of module 'OSDZU3x_BYOTEE_axi_interconnect_0_imp_auto_pc_0' has 56 connections declared, but only 54 given [/home/e/Documents/research/byotee/OSDZU3_Ref_Design/OSDZU3_Ref_Design.gen/sources_1/bd/OSDZU3x_BYOTEE/synth/OSDZU3x_BYOTEE.v:3567]
INFO: [Synth 8-6155] done synthesizing module 'm01_couplers_imp_1BZJ7HS' (0#1) [/home/e/Documents/research/byotee/OSDZU3_Ref_Design/OSDZU3_Ref_Design.gen/sources_1/bd/OSDZU3x_BYOTEE/synth/OSDZU3x_BYOTEE.v:3274]
INFO: [Synth 8-6157] synthesizing module 'm02_couplers_imp_1VYGYVS' [/home/e/Documents/research/byotee/OSDZU3_Ref_Design/OSDZU3_Ref_Design.gen/sources_1/bd/OSDZU3x_BYOTEE/synth/OSDZU3x_BYOTEE.v:3739]
INFO: [Synth 8-6157] synthesizing module 'OSDZU3x_BYOTEE_axi_interconnect_0_imp_auto_ds_1' [/home/e/Documents/research/byotee/OSDZU3_Ref_Design/OSDZU3_Ref_Design.runs/synth_1/.Xil/Vivado-85441-e-ubuntu/realtime/OSDZU3x_BYOTEE_axi_interconnect_0_imp_auto_ds_1_stub.v:6]
INFO: [Synth 8-6155] done synthesizing module 'OSDZU3x_BYOTEE_axi_interconnect_0_imp_auto_ds_1' (0#1) [/home/e/Documents/research/byotee/OSDZU3_Ref_Design/OSDZU3_Ref_Design.runs/synth_1/.Xil/Vivado-85441-e-ubuntu/realtime/OSDZU3x_BYOTEE_axi_interconnect_0_imp_auto_ds_1_stub.v:6]
INFO: [Synth 8-6157] synthesizing module 'OSDZU3x_BYOTEE_axi_interconnect_0_imp_auto_pc_1' [/home/e/Documents/research/byotee/OSDZU3_Ref_Design/OSDZU3_Ref_Design.runs/synth_1/.Xil/Vivado-85441-e-ubuntu/realtime/OSDZU3x_BYOTEE_axi_interconnect_0_imp_auto_pc_1_stub.v:6]
INFO: [Synth 8-6155] done synthesizing module 'OSDZU3x_BYOTEE_axi_interconnect_0_imp_auto_pc_1' (0#1) [/home/e/Documents/research/byotee/OSDZU3_Ref_Design/OSDZU3_Ref_Design.runs/synth_1/.Xil/Vivado-85441-e-ubuntu/realtime/OSDZU3x_BYOTEE_axi_interconnect_0_imp_auto_pc_1_stub.v:6]
WARNING: [Synth 8-7071] port 'm_axi_awprot' of module 'OSDZU3x_BYOTEE_axi_interconnect_0_imp_auto_pc_1' is unconnected for instance 'auto_pc' [/home/e/Documents/research/byotee/OSDZU3_Ref_Design/OSDZU3_Ref_Design.gen/sources_1/bd/OSDZU3x_BYOTEE/synth/OSDZU3x_BYOTEE.v:4032]
WARNING: [Synth 8-7071] port 'm_axi_arprot' of module 'OSDZU3x_BYOTEE_axi_interconnect_0_imp_auto_pc_1' is unconnected for instance 'auto_pc' [/home/e/Documents/research/byotee/OSDZU3_Ref_Design/OSDZU3_Ref_Design.gen/sources_1/bd/OSDZU3x_BYOTEE/synth/OSDZU3x_BYOTEE.v:4032]
WARNING: [Synth 8-7023] instance 'auto_pc' of module 'OSDZU3x_BYOTEE_axi_interconnect_0_imp_auto_pc_1' has 56 connections declared, but only 54 given [/home/e/Documents/research/byotee/OSDZU3_Ref_Design/OSDZU3_Ref_Design.gen/sources_1/bd/OSDZU3x_BYOTEE/synth/OSDZU3x_BYOTEE.v:4032]
INFO: [Synth 8-6155] done synthesizing module 'm02_couplers_imp_1VYGYVS' (0#1) [/home/e/Documents/research/byotee/OSDZU3_Ref_Design/OSDZU3_Ref_Design.gen/sources_1/bd/OSDZU3x_BYOTEE/synth/OSDZU3x_BYOTEE.v:3739]
INFO: [Synth 8-6157] synthesizing module 'm03_couplers_imp_WOIVGF' [/home/e/Documents/research/byotee/OSDZU3_Ref_Design/OSDZU3_Ref_Design.gen/sources_1/bd/OSDZU3x_BYOTEE/synth/OSDZU3x_BYOTEE.v:4089]
INFO: [Synth 8-6157] synthesizing module 'OSDZU3x_BYOTEE_axi_interconnect_0_imp_auto_ds_2' [/home/e/Documents/research/byotee/OSDZU3_Ref_Design/OSDZU3_Ref_Design.runs/synth_1/.Xil/Vivado-85441-e-ubuntu/realtime/OSDZU3x_BYOTEE_axi_interconnect_0_imp_auto_ds_2_stub.v:6]
INFO: [Synth 8-6155] done synthesizing module 'OSDZU3x_BYOTEE_axi_interconnect_0_imp_auto_ds_2' (0#1) [/home/e/Documents/research/byotee/OSDZU3_Ref_Design/OSDZU3_Ref_Design.runs/synth_1/.Xil/Vivado-85441-e-ubuntu/realtime/OSDZU3x_BYOTEE_axi_interconnect_0_imp_auto_ds_2_stub.v:6]
INFO: [Synth 8-6157] synthesizing module 'OSDZU3x_BYOTEE_axi_interconnect_0_imp_auto_pc_2' [/home/e/Documents/research/byotee/OSDZU3_Ref_Design/OSDZU3_Ref_Design.runs/synth_1/.Xil/Vivado-85441-e-ubuntu/realtime/OSDZU3x_BYOTEE_axi_interconnect_0_imp_auto_pc_2_stub.v:6]
INFO: [Synth 8-6155] done synthesizing module 'OSDZU3x_BYOTEE_axi_interconnect_0_imp_auto_pc_2' (0#1) [/home/e/Documents/research/byotee/OSDZU3_Ref_Design/OSDZU3_Ref_Design.runs/synth_1/.Xil/Vivado-85441-e-ubuntu/realtime/OSDZU3x_BYOTEE_axi_interconnect_0_imp_auto_pc_2_stub.v:6]
WARNING: [Synth 8-7071] port 'm_axi_awprot' of module 'OSDZU3x_BYOTEE_axi_interconnect_0_imp_auto_pc_2' is unconnected for instance 'auto_pc' [/home/e/Documents/research/byotee/OSDZU3_Ref_Design/OSDZU3_Ref_Design.gen/sources_1/bd/OSDZU3x_BYOTEE/synth/OSDZU3x_BYOTEE.v:4382]
WARNING: [Synth 8-7071] port 'm_axi_arprot' of module 'OSDZU3x_BYOTEE_axi_interconnect_0_imp_auto_pc_2' is unconnected for instance 'auto_pc' [/home/e/Documents/research/byotee/OSDZU3_Ref_Design/OSDZU3_Ref_Design.gen/sources_1/bd/OSDZU3x_BYOTEE/synth/OSDZU3x_BYOTEE.v:4382]
WARNING: [Synth 8-7023] instance 'auto_pc' of module 'OSDZU3x_BYOTEE_axi_interconnect_0_imp_auto_pc_2' has 56 connections declared, but only 54 given [/home/e/Documents/research/byotee/OSDZU3_Ref_Design/OSDZU3_Ref_Design.gen/sources_1/bd/OSDZU3x_BYOTEE/synth/OSDZU3x_BYOTEE.v:4382]
INFO: [Synth 8-6155] done synthesizing module 'm03_couplers_imp_WOIVGF' (0#1) [/home/e/Documents/research/byotee/OSDZU3_Ref_Design/OSDZU3_Ref_Design.gen/sources_1/bd/OSDZU3x_BYOTEE/synth/OSDZU3x_BYOTEE.v:4089]
INFO: [Synth 8-6157] synthesizing module 'm04_couplers_imp_J3E8CO' [/home/e/Documents/research/byotee/OSDZU3_Ref_Design/OSDZU3_Ref_Design.gen/sources_1/bd/OSDZU3x_BYOTEE/synth/OSDZU3x_BYOTEE.v:4439]
INFO: [Synth 8-6155] done synthesizing module 'm04_couplers_imp_J3E8CO' (0#1) [/home/e/Documents/research/byotee/OSDZU3_Ref_Design/OSDZU3_Ref_Design.gen/sources_1/bd/OSDZU3x_BYOTEE/synth/OSDZU3x_BYOTEE.v:4439]
INFO: [Synth 8-6157] synthesizing module 's00_couplers_imp_1TVRXLU' [/home/e/Documents/research/byotee/OSDZU3_Ref_Design/OSDZU3_Ref_Design.gen/sources_1/bd/OSDZU3x_BYOTEE/synth/OSDZU3x_BYOTEE.v:5239]
INFO: [Synth 8-6157] synthesizing module 'OSDZU3x_BYOTEE_axi_interconnect_0_imp_auto_pc_3' [/home/e/Documents/research/byotee/OSDZU3_Ref_Design/OSDZU3_Ref_Design.runs/synth_1/.Xil/Vivado-85441-e-ubuntu/realtime/OSDZU3x_BYOTEE_axi_interconnect_0_imp_auto_pc_3_stub.v:6]
INFO: [Synth 8-6155] done synthesizing module 'OSDZU3x_BYOTEE_axi_interconnect_0_imp_auto_pc_3' (0#1) [/home/e/Documents/research/byotee/OSDZU3_Ref_Design/OSDZU3_Ref_Design.runs/synth_1/.Xil/Vivado-85441-e-ubuntu/realtime/OSDZU3x_BYOTEE_axi_interconnect_0_imp_auto_pc_3_stub.v:6]
INFO: [Synth 8-6157] synthesizing module 'OSDZU3x_BYOTEE_axi_interconnect_0_imp_auto_us_0' [/home/e/Documents/research/byotee/OSDZU3_Ref_Design/OSDZU3_Ref_Design.runs/synth_1/.Xil/Vivado-85441-e-ubuntu/realtime/OSDZU3x_BYOTEE_axi_interconnect_0_imp_auto_us_0_stub.v:6]
INFO: [Synth 8-6155] done synthesizing module 'OSDZU3x_BYOTEE_axi_interconnect_0_imp_auto_us_0' (0#1) [/home/e/Documents/research/byotee/OSDZU3_Ref_Design/OSDZU3_Ref_Design.runs/synth_1/.Xil/Vivado-85441-e-ubuntu/realtime/OSDZU3x_BYOTEE_axi_interconnect_0_imp_auto_us_0_stub.v:6]
WARNING: [Synth 8-7071] port 'm_axi_awregion' of module 'OSDZU3x_BYOTEE_axi_interconnect_0_imp_auto_us_0' is unconnected for instance 'auto_us' [/home/e/Documents/research/byotee/OSDZU3_Ref_Design/OSDZU3_Ref_Design.gen/sources_1/bd/OSDZU3x_BYOTEE/synth/OSDZU3x_BYOTEE.v:5500]
WARNING: [Synth 8-7071] port 'm_axi_arregion' of module 'OSDZU3x_BYOTEE_axi_interconnect_0_imp_auto_us_0' is unconnected for instance 'auto_us' [/home/e/Documents/research/byotee/OSDZU3_Ref_Design/OSDZU3_Ref_Design.gen/sources_1/bd/OSDZU3x_BYOTEE/synth/OSDZU3x_BYOTEE.v:5500]
WARNING: [Synth 8-7023] instance 'auto_us' of module 'OSDZU3x_BYOTEE_axi_interconnect_0_imp_auto_us_0' has 72 connections declared, but only 70 given [/home/e/Documents/research/byotee/OSDZU3_Ref_Design/OSDZU3_Ref_Design.gen/sources_1/bd/OSDZU3x_BYOTEE/synth/OSDZU3x_BYOTEE.v:5500]
INFO: [Synth 8-6155] done synthesizing module 's00_couplers_imp_1TVRXLU' (0#1) [/home/e/Documents/research/byotee/OSDZU3_Ref_Design/OSDZU3_Ref_Design.gen/sources_1/bd/OSDZU3x_BYOTEE/synth/OSDZU3x_BYOTEE.v:5239]
INFO: [Synth 8-6157] synthesizing module 's01_couplers_imp_U26VUT' [/home/e/Documents/research/byotee/OSDZU3_Ref_Design/OSDZU3_Ref_Design.gen/sources_1/bd/OSDZU3x_BYOTEE/synth/OSDZU3x_BYOTEE.v:5573]
INFO: [Synth 8-6157] synthesizing module 'OSDZU3x_BYOTEE_axi_interconnect_0_imp_auto_pc_4' [/home/e/Documents/research/byotee/OSDZU3_Ref_Design/OSDZU3_Ref_Design.runs/synth_1/.Xil/Vivado-85441-e-ubuntu/realtime/OSDZU3x_BYOTEE_axi_interconnect_0_imp_auto_pc_4_stub.v:6]
INFO: [Synth 8-6155] done synthesizing module 'OSDZU3x_BYOTEE_axi_interconnect_0_imp_auto_pc_4' (0#1) [/home/e/Documents/research/byotee/OSDZU3_Ref_Design/OSDZU3_Ref_Design.runs/synth_1/.Xil/Vivado-85441-e-ubuntu/realtime/OSDZU3x_BYOTEE_axi_interconnect_0_imp_auto_pc_4_stub.v:6]
INFO: [Synth 8-6157] synthesizing module 'OSDZU3x_BYOTEE_axi_interconnect_0_imp_auto_us_1' [/home/e/Documents/research/byotee/OSDZU3_Ref_Design/OSDZU3_Ref_Design.runs/synth_1/.Xil/Vivado-85441-e-ubuntu/realtime/OSDZU3x_BYOTEE_axi_interconnect_0_imp_auto_us_1_stub.v:6]
INFO: [Synth 8-6155] done synthesizing module 'OSDZU3x_BYOTEE_axi_interconnect_0_imp_auto_us_1' (0#1) [/home/e/Documents/research/byotee/OSDZU3_Ref_Design/OSDZU3_Ref_Design.runs/synth_1/.Xil/Vivado-85441-e-ubuntu/realtime/OSDZU3x_BYOTEE_axi_interconnect_0_imp_auto_us_1_stub.v:6]
WARNING: [Synth 8-7071] port 'm_axi_arregion' of module 'OSDZU3x_BYOTEE_axi_interconnect_0_imp_auto_us_1' is unconnected for instance 'auto_us' [/home/e/Documents/research/byotee/OSDZU3_Ref_Design/OSDZU3_Ref_Design.gen/sources_1/bd/OSDZU3x_BYOTEE/synth/OSDZU3x_BYOTEE.v:5698]
WARNING: [Synth 8-7023] instance 'auto_us' of module 'OSDZU3x_BYOTEE_axi_interconnect_0_imp_auto_us_1' has 34 connections declared, but only 33 given [/home/e/Documents/research/byotee/OSDZU3_Ref_Design/OSDZU3_Ref_Design.gen/sources_1/bd/OSDZU3x_BYOTEE/synth/OSDZU3x_BYOTEE.v:5698]
INFO: [Synth 8-6155] done synthesizing module 's01_couplers_imp_U26VUT' (0#1) [/home/e/Documents/research/byotee/OSDZU3_Ref_Design/OSDZU3_Ref_Design.gen/sources_1/bd/OSDZU3x_BYOTEE/synth/OSDZU3x_BYOTEE.v:5573]
INFO: [Synth 8-6157] synthesizing module 's02_couplers_imp_EIAJ8T' [/home/e/Documents/research/byotee/OSDZU3_Ref_Design/OSDZU3_Ref_Design.gen/sources_1/bd/OSDZU3x_BYOTEE/synth/OSDZU3x_BYOTEE.v:5734]
INFO: [Synth 8-6157] synthesizing module 'OSDZU3x_BYOTEE_axi_interconnect_0_imp_auto_us_2' [/home/e/Documents/research/byotee/OSDZU3_Ref_Design/OSDZU3_Ref_Design.runs/synth_1/.Xil/Vivado-85441-e-ubuntu/realtime/OSDZU3x_BYOTEE_axi_interconnect_0_imp_auto_us_2_stub.v:6]
INFO: [Synth 8-6155] done synthesizing module 'OSDZU3x_BYOTEE_axi_interconnect_0_imp_auto_us_2' (0#1) [/home/e/Documents/research/byotee/OSDZU3_Ref_Design/OSDZU3_Ref_Design.runs/synth_1/.Xil/Vivado-85441-e-ubuntu/realtime/OSDZU3x_BYOTEE_axi_interconnect_0_imp_auto_us_2_stub.v:6]
WARNING: [Synth 8-7071] port 'm_axi_awregion' of module 'OSDZU3x_BYOTEE_axi_interconnect_0_imp_auto_us_2' is unconnected for instance 'auto_us' [/home/e/Documents/research/byotee/OSDZU3_Ref_Design/OSDZU3_Ref_Design.gen/sources_1/bd/OSDZU3x_BYOTEE/synth/OSDZU3x_BYOTEE.v:5945]
WARNING: [Synth 8-7071] port 'm_axi_arregion' of module 'OSDZU3x_BYOTEE_axi_interconnect_0_imp_auto_us_2' is unconnected for instance 'auto_us' [/home/e/Documents/research/byotee/OSDZU3_Ref_Design/OSDZU3_Ref_Design.gen/sources_1/bd/OSDZU3x_BYOTEE/synth/OSDZU3x_BYOTEE.v:5945]
WARNING: [Synth 8-7023] instance 'auto_us' of module 'OSDZU3x_BYOTEE_axi_interconnect_0_imp_auto_us_2' has 72 connections declared, but only 70 given [/home/e/Documents/research/byotee/OSDZU3_Ref_Design/OSDZU3_Ref_Design.gen/sources_1/bd/OSDZU3x_BYOTEE/synth/OSDZU3x_BYOTEE.v:5945]
INFO: [Synth 8-6155] done synthesizing module 's02_couplers_imp_EIAJ8T' (0#1) [/home/e/Documents/research/byotee/OSDZU3_Ref_Design/OSDZU3_Ref_Design.gen/sources_1/bd/OSDZU3x_BYOTEE/synth/OSDZU3x_BYOTEE.v:5734]
INFO: [Synth 8-6157] synthesizing module 'OSDZU3x_BYOTEE_axi_interconnect_0_imp_xbar_1' [/home/e/Documents/research/byotee/OSDZU3_Ref_Design/OSDZU3_Ref_Design.runs/synth_1/.Xil/Vivado-85441-e-ubuntu/realtime/OSDZU3x_BYOTEE_axi_interconnect_0_imp_xbar_1_stub.v:6]
INFO: [Synth 8-6155] done synthesizing module 'OSDZU3x_BYOTEE_axi_interconnect_0_imp_xbar_1' (0#1) [/home/e/Documents/research/byotee/OSDZU3_Ref_Design/OSDZU3_Ref_Design.runs/synth_1/.Xil/Vivado-85441-e-ubuntu/realtime/OSDZU3x_BYOTEE_axi_interconnect_0_imp_xbar_1_stub.v:6]
WARNING: [Synth 8-689] width (16) of port connection 'm_axi_arregion' does not match port width (20) of module 'OSDZU3x_BYOTEE_axi_interconnect_0_imp_xbar_1' [/home/e/Documents/research/byotee/OSDZU3_Ref_Design/OSDZU3_Ref_Design.gen/sources_1/bd/OSDZU3x_BYOTEE/synth/OSDZU3x_BYOTEE.v:2384]
WARNING: [Synth 8-689] width (16) of port connection 'm_axi_awregion' does not match port width (20) of module 'OSDZU3x_BYOTEE_axi_interconnect_0_imp_xbar_1' [/home/e/Documents/research/byotee/OSDZU3_Ref_Design/OSDZU3_Ref_Design.gen/sources_1/bd/OSDZU3x_BYOTEE/synth/OSDZU3x_BYOTEE.v:2396]
WARNING: [Synth 8-7071] port 's_axi_bid' of module 'OSDZU3x_BYOTEE_axi_interconnect_0_imp_xbar_1' is unconnected for instance 'xbar' [/home/e/Documents/research/byotee/OSDZU3_Ref_Design/OSDZU3_Ref_Design.gen/sources_1/bd/OSDZU3x_BYOTEE/synth/OSDZU3x_BYOTEE.v:2372]
WARNING: [Synth 8-7071] port 's_axi_rid' of module 'OSDZU3x_BYOTEE_axi_interconnect_0_imp_xbar_1' is unconnected for instance 'xbar' [/home/e/Documents/research/byotee/OSDZU3_Ref_Design/OSDZU3_Ref_Design.gen/sources_1/bd/OSDZU3x_BYOTEE/synth/OSDZU3x_BYOTEE.v:2372]
WARNING: [Synth 8-7023] instance 'xbar' of module 'OSDZU3x_BYOTEE_axi_interconnect_0_imp_xbar_1' has 78 connections declared, but only 76 given [/home/e/Documents/research/byotee/OSDZU3_Ref_Design/OSDZU3_Ref_Design.gen/sources_1/bd/OSDZU3x_BYOTEE/synth/OSDZU3x_BYOTEE.v:2372]
INFO: [Synth 8-6155] done synthesizing module 'OSDZU3x_BYOTEE_axi_interconnect_0_1' (0#1) [/home/e/Documents/research/byotee/OSDZU3_Ref_Design/OSDZU3_Ref_Design.gen/sources_1/bd/OSDZU3x_BYOTEE/synth/OSDZU3x_BYOTEE.v:985]
INFO: [Synth 8-6157] synthesizing module 'OSDZU3x_BYOTEE_mdm_1_1' [/home/e/Documents/research/byotee/OSDZU3_Ref_Design/OSDZU3_Ref_Design.runs/synth_1/.Xil/Vivado-85441-e-ubuntu/realtime/OSDZU3x_BYOTEE_mdm_1_1_stub.v:6]
INFO: [Synth 8-6155] done synthesizing module 'OSDZU3x_BYOTEE_mdm_1_1' (0#1) [/home/e/Documents/research/byotee/OSDZU3_Ref_Design/OSDZU3_Ref_Design.runs/synth_1/.Xil/Vivado-85441-e-ubuntu/realtime/OSDZU3x_BYOTEE_mdm_1_1_stub.v:6]
WARNING: [Synth 8-7071] port 'Interrupt' of module 'OSDZU3x_BYOTEE_mdm_1_1' is unconnected for instance 'mdm_1' [/home/e/Documents/research/byotee/OSDZU3_Ref_Design/OSDZU3_Ref_Design.gen/sources_1/bd/OSDZU3x_BYOTEE/synth/OSDZU3x_BYOTEE.v:569]
WARNING: [Synth 8-7071] port 'M_AXI_AWID' of module 'OSDZU3x_BYOTEE_mdm_1_1' is unconnected for instance 'mdm_1' [/home/e/Documents/research/byotee/OSDZU3_Ref_Design/OSDZU3_Ref_Design.gen/sources_1/bd/OSDZU3x_BYOTEE/synth/OSDZU3x_BYOTEE.v:569]
WARNING: [Synth 8-7071] port 'M_AXI_ARID' of module 'OSDZU3x_BYOTEE_mdm_1_1' is unconnected for instance 'mdm_1' [/home/e/Documents/research/byotee/OSDZU3_Ref_Design/OSDZU3_Ref_Design.gen/sources_1/bd/OSDZU3x_BYOTEE/synth/OSDZU3x_BYOTEE.v:569]
WARNING: [Synth 8-7071] port 'LMB_Data_Addr_0' of module 'OSDZU3x_BYOTEE_mdm_1_1' is unconnected for instance 'mdm_1' [/home/e/Documents/research/byotee/OSDZU3_Ref_Design/OSDZU3_Ref_Design.gen/sources_1/bd/OSDZU3x_BYOTEE/synth/OSDZU3x_BYOTEE.v:569]
WARNING: [Synth 8-7071] port 'LMB_Addr_Strobe_0' of module 'OSDZU3x_BYOTEE_mdm_1_1' is unconnected for instance 'mdm_1' [/home/e/Documents/research/byotee/OSDZU3_Ref_Design/OSDZU3_Ref_Design.gen/sources_1/bd/OSDZU3x_BYOTEE/synth/OSDZU3x_BYOTEE.v:569]
WARNING: [Synth 8-7071] port 'LMB_Byte_Enable_0' of module 'OSDZU3x_BYOTEE_mdm_1_1' is unconnected for instance 'mdm_1' [/home/e/Documents/research/byotee/OSDZU3_Ref_Design/OSDZU3_Ref_Design.gen/sources_1/bd/OSDZU3x_BYOTEE/synth/OSDZU3x_BYOTEE.v:569]
WARNING: [Synth 8-7071] port 'LMB_Data_Write_0' of module 'OSDZU3x_BYOTEE_mdm_1_1' is unconnected for instance 'mdm_1' [/home/e/Documents/research/byotee/OSDZU3_Ref_Design/OSDZU3_Ref_Design.gen/sources_1/bd/OSDZU3x_BYOTEE/synth/OSDZU3x_BYOTEE.v:569]
WARNING: [Synth 8-7071] port 'LMB_Read_Strobe_0' of module 'OSDZU3x_BYOTEE_mdm_1_1' is unconnected for instance 'mdm_1' [/home/e/Documents/research/byotee/OSDZU3_Ref_Design/OSDZU3_Ref_Design.gen/sources_1/bd/OSDZU3x_BYOTEE/synth/OSDZU3x_BYOTEE.v:569]
WARNING: [Synth 8-7071] port 'LMB_Write_Strobe_0' of module 'OSDZU3x_BYOTEE_mdm_1_1' is unconnected for instance 'mdm_1' [/home/e/Documents/research/byotee/OSDZU3_Ref_Design/OSDZU3_Ref_Design.gen/sources_1/bd/OSDZU3x_BYOTEE/synth/OSDZU3x_BYOTEE.v:569]
WARNING: [Synth 8-7023] instance 'mdm_1' of module 'OSDZU3x_BYOTEE_mdm_1_1' has 80 connections declared, but only 71 given [/home/e/Documents/research/byotee/OSDZU3_Ref_Design/OSDZU3_Ref_Design.gen/sources_1/bd/OSDZU3x_BYOTEE/synth/OSDZU3x_BYOTEE.v:569]
INFO: [Synth 8-6157] synthesizing module 'OSDZU3x_BYOTEE_microblaze_riscv_0_0' [/home/e/Documents/research/byotee/OSDZU3_Ref_Design/OSDZU3_Ref_Design.runs/synth_1/.Xil/Vivado-85441-e-ubuntu/realtime/OSDZU3x_BYOTEE_microblaze_riscv_0_0_stub.v:6]
INFO: [Synth 8-6155] done synthesizing module 'OSDZU3x_BYOTEE_microblaze_riscv_0_0' (0#1) [/home/e/Documents/research/byotee/OSDZU3_Ref_Design/OSDZU3_Ref_Design.runs/synth_1/.Xil/Vivado-85441-e-ubuntu/realtime/OSDZU3x_BYOTEE_microblaze_riscv_0_0_stub.v:6]
WARNING: [Synth 8-7071] port 'Interrupt_Ack' of module 'OSDZU3x_BYOTEE_microblaze_riscv_0_0' is unconnected for instance 'microblaze_riscv_0' [/home/e/Documents/research/byotee/OSDZU3_Ref_Design/OSDZU3_Ref_Design.gen/sources_1/bd/OSDZU3x_BYOTEE/synth/OSDZU3x_BYOTEE.v:643]
WARNING: [Synth 8-7071] port 'M_AXI_IP_AWADDR' of module 'OSDZU3x_BYOTEE_microblaze_riscv_0_0' is unconnected for instance 'microblaze_riscv_0' [/home/e/Documents/research/byotee/OSDZU3_Ref_Design/OSDZU3_Ref_Design.gen/sources_1/bd/OSDZU3x_BYOTEE/synth/OSDZU3x_BYOTEE.v:643]
WARNING: [Synth 8-7071] port 'M_AXI_IP_AWPROT' of module 'OSDZU3x_BYOTEE_microblaze_riscv_0_0' is unconnected for instance 'microblaze_riscv_0' [/home/e/Documents/research/byotee/OSDZU3_Ref_Design/OSDZU3_Ref_Design.gen/sources_1/bd/OSDZU3x_BYOTEE/synth/OSDZU3x_BYOTEE.v:643]
WARNING: [Synth 8-7071] port 'M_AXI_IP_AWVALID' of module 'OSDZU3x_BYOTEE_microblaze_riscv_0_0' is unconnected for instance 'microblaze_riscv_0' [/home/e/Documents/research/byotee/OSDZU3_Ref_Design/OSDZU3_Ref_Design.gen/sources_1/bd/OSDZU3x_BYOTEE/synth/OSDZU3x_BYOTEE.v:643]
WARNING: [Synth 8-7071] port 'M_AXI_IP_WDATA' of module 'OSDZU3x_BYOTEE_microblaze_riscv_0_0' is unconnected for instance 'microblaze_riscv_0' [/home/e/Documents/research/byotee/OSDZU3_Ref_Design/OSDZU3_Ref_Design.gen/sources_1/bd/OSDZU3x_BYOTEE/synth/OSDZU3x_BYOTEE.v:643]
WARNING: [Synth 8-7071] port 'M_AXI_IP_WSTRB' of module 'OSDZU3x_BYOTEE_microblaze_riscv_0_0' is unconnected for instance 'microblaze_riscv_0' [/home/e/Documents/research/byotee/OSDZU3_Ref_Design/OSDZU3_Ref_Design.gen/sources_1/bd/OSDZU3x_BYOTEE/synth/OSDZU3x_BYOTEE.v:643]
WARNING: [Synth 8-7071] port 'M_AXI_IP_WVALID' of module 'OSDZU3x_BYOTEE_microblaze_riscv_0_0' is unconnected for instance 'microblaze_riscv_0' [/home/e/Documents/research/byotee/OSDZU3_Ref_Design/OSDZU3_Ref_Design.gen/sources_1/bd/OSDZU3x_BYOTEE/synth/OSDZU3x_BYOTEE.v:643]
WARNING: [Synth 8-7071] port 'M_AXI_IP_BREADY' of module 'OSDZU3x_BYOTEE_microblaze_riscv_0_0' is unconnected for instance 'microblaze_riscv_0' [/home/e/Documents/research/byotee/OSDZU3_Ref_Design/OSDZU3_Ref_Design.gen/sources_1/bd/OSDZU3x_BYOTEE/synth/OSDZU3x_BYOTEE.v:643]
WARNING: [Synth 8-7023] instance 'microblaze_riscv_0' of module 'OSDZU3x_BYOTEE_microblaze_riscv_0_0' has 71 connections declared, but only 63 given [/home/e/Documents/research/byotee/OSDZU3_Ref_Design/OSDZU3_Ref_Design.gen/sources_1/bd/OSDZU3x_BYOTEE/synth/OSDZU3x_BYOTEE.v:643]
INFO: [Synth 8-6157] synthesizing module 'microblaze_riscv_0_local_memory_imp_1LI0G94' [/home/e/Documents/research/byotee/OSDZU3_Ref_Design/OSDZU3_Ref_Design.gen/sources_1/bd/OSDZU3x_BYOTEE/synth/OSDZU3x_BYOTEE.v:4674]
INFO: [Synth 8-6157] synthesizing module 'OSDZU3x_BYOTEE_dlmb_bram_if_cntlr_1' [/home/e/Documents/research/byotee/OSDZU3_Ref_Design/OSDZU3_Ref_Design.runs/synth_1/.Xil/Vivado-85441-e-ubuntu/realtime/OSDZU3x_BYOTEE_dlmb_bram_if_cntlr_1_stub.v:6]
INFO: [Synth 8-6155] done synthesizing module 'OSDZU3x_BYOTEE_dlmb_bram_if_cntlr_1' (0#1) [/home/e/Documents/research/byotee/OSDZU3_Ref_Design/OSDZU3_Ref_Design.runs/synth_1/.Xil/Vivado-85441-e-ubuntu/realtime/OSDZU3x_BYOTEE_dlmb_bram_if_cntlr_1_stub.v:6]
INFO: [Synth 8-6157] synthesizing module 'OSDZU3x_BYOTEE_dlmb_v10_1' [/home/e/Documents/research/byotee/OSDZU3_Ref_Design/OSDZU3_Ref_Design.runs/synth_1/.Xil/Vivado-85441-e-ubuntu/realtime/OSDZU3x_BYOTEE_dlmb_v10_1_stub.v:6]
INFO: [Synth 8-6155] done synthesizing module 'OSDZU3x_BYOTEE_dlmb_v10_1' (0#1) [/home/e/Documents/research/byotee/OSDZU3_Ref_Design/OSDZU3_Ref_Design.runs/synth_1/.Xil/Vivado-85441-e-ubuntu/realtime/OSDZU3x_BYOTEE_dlmb_v10_1_stub.v:6]
WARNING: [Synth 8-7071] port 'LMB_Rst' of module 'OSDZU3x_BYOTEE_dlmb_v10_1' is unconnected for instance 'dlmb_v10' [/home/e/Documents/research/byotee/OSDZU3_Ref_Design/OSDZU3_Ref_Design.gen/sources_1/bd/OSDZU3x_BYOTEE/synth/OSDZU3x_BYOTEE.v:4799]
WARNING: [Synth 8-7023] instance 'dlmb_v10' of module 'OSDZU3x_BYOTEE_dlmb_v10_1' has 25 connections declared, but only 24 given [/home/e/Documents/research/byotee/OSDZU3_Ref_Design/OSDZU3_Ref_Design.gen/sources_1/bd/OSDZU3x_BYOTEE/synth/OSDZU3x_BYOTEE.v:4799]
INFO: [Synth 8-6157] synthesizing module 'OSDZU3x_BYOTEE_ilmb_bram_if_cntlr_1' [/home/e/Documents/research/byotee/OSDZU3_Ref_Design/OSDZU3_Ref_Design.runs/synth_1/.Xil/Vivado-85441-e-ubuntu/realtime/OSDZU3x_BYOTEE_ilmb_bram_if_cntlr_1_stub.v:6]
INFO: [Synth 8-6155] done synthesizing module 'OSDZU3x_BYOTEE_ilmb_bram_if_cntlr_1' (0#1) [/home/e/Documents/research/byotee/OSDZU3_Ref_Design/OSDZU3_Ref_Design.runs/synth_1/.Xil/Vivado-85441-e-ubuntu/realtime/OSDZU3x_BYOTEE_ilmb_bram_if_cntlr_1_stub.v:6]
INFO: [Synth 8-6157] synthesizing module 'OSDZU3x_BYOTEE_ilmb_v10_1' [/home/e/Documents/research/byotee/OSDZU3_Ref_Design/OSDZU3_Ref_Design.runs/synth_1/.Xil/Vivado-85441-e-ubuntu/realtime/OSDZU3x_BYOTEE_ilmb_v10_1_stub.v:6]
INFO: [Synth 8-6155] done synthesizing module 'OSDZU3x_BYOTEE_ilmb_v10_1' (0#1) [/home/e/Documents/research/byotee/OSDZU3_Ref_Design/OSDZU3_Ref_Design.runs/synth_1/.Xil/Vivado-85441-e-ubuntu/realtime/OSDZU3x_BYOTEE_ilmb_v10_1_stub.v:6]
WARNING: [Synth 8-7071] port 'LMB_Rst' of module 'OSDZU3x_BYOTEE_ilmb_v10_1' is unconnected for instance 'ilmb_v10' [/home/e/Documents/research/byotee/OSDZU3_Ref_Design/OSDZU3_Ref_Design.gen/sources_1/bd/OSDZU3x_BYOTEE/synth/OSDZU3x_BYOTEE.v:4845]
WARNING: [Synth 8-7023] instance 'ilmb_v10' of module 'OSDZU3x_BYOTEE_ilmb_v10_1' has 25 connections declared, but only 24 given [/home/e/Documents/research/byotee/OSDZU3_Ref_Design/OSDZU3_Ref_Design.gen/sources_1/bd/OSDZU3x_BYOTEE/synth/OSDZU3x_BYOTEE.v:4845]
INFO: [Synth 8-6157] synthesizing module 'OSDZU3x_BYOTEE_lmb_bram_1' [/home/e/Documents/research/byotee/OSDZU3_Ref_Design/OSDZU3_Ref_Design.runs/synth_1/.Xil/Vivado-85441-e-ubuntu/realtime/OSDZU3x_BYOTEE_lmb_bram_1_stub.v:6]
INFO: [Synth 8-6155] done synthesizing module 'OSDZU3x_BYOTEE_lmb_bram_1' (0#1) [/home/e/Documents/research/byotee/OSDZU3_Ref_Design/OSDZU3_Ref_Design.runs/synth_1/.Xil/Vivado-85441-e-ubuntu/realtime/OSDZU3x_BYOTEE_lmb_bram_1_stub.v:6]
WARNING: [Synth 8-7071] port 'rsta_busy' of module 'OSDZU3x_BYOTEE_lmb_bram_1' is unconnected for instance 'lmb_bram' [/home/e/Documents/research/byotee/OSDZU3_Ref_Design/OSDZU3_Ref_Design.gen/sources_1/bd/OSDZU3x_BYOTEE/synth/OSDZU3x_BYOTEE.v:4870]
WARNING: [Synth 8-7071] port 'rstb_busy' of module 'OSDZU3x_BYOTEE_lmb_bram_1' is unconnected for instance 'lmb_bram' [/home/e/Documents/research/byotee/OSDZU3_Ref_Design/OSDZU3_Ref_Design.gen/sources_1/bd/OSDZU3x_BYOTEE/synth/OSDZU3x_BYOTEE.v:4870]
WARNING: [Synth 8-7023] instance 'lmb_bram' of module 'OSDZU3x_BYOTEE_lmb_bram_1' has 16 connections declared, but only 14 given [/home/e/Documents/research/byotee/OSDZU3_Ref_Design/OSDZU3_Ref_Design.gen/sources_1/bd/OSDZU3x_BYOTEE/synth/OSDZU3x_BYOTEE.v:4870]
INFO: [Synth 8-6155] done synthesizing module 'microblaze_riscv_0_local_memory_imp_1LI0G94' (0#1) [/home/e/Documents/research/byotee/OSDZU3_Ref_Design/OSDZU3_Ref_Design.gen/sources_1/bd/OSDZU3x_BYOTEE/synth/OSDZU3x_BYOTEE.v:4674]
INFO: [Synth 8-6157] synthesizing module 'OSDZU3x_BYOTEE_axi_gpio_2_0' [/home/e/Documents/research/byotee/OSDZU3_Ref_Design/OSDZU3_Ref_Design.runs/synth_1/.Xil/Vivado-85441-e-ubuntu/realtime/OSDZU3x_BYOTEE_axi_gpio_2_0_stub.v:6]
INFO: [Synth 8-6155] done synthesizing module 'OSDZU3x_BYOTEE_axi_gpio_2_0' (0#1) [/home/e/Documents/research/byotee/OSDZU3_Ref_Design/OSDZU3_Ref_Design.runs/synth_1/.Xil/Vivado-85441-e-ubuntu/realtime/OSDZU3x_BYOTEE_axi_gpio_2_0_stub.v:6]
INFO: [Synth 8-6157] synthesizing module 'OSDZU3x_BYOTEE_axi_gpio_0_0' [/home/e/Documents/research/byotee/OSDZU3_Ref_Design/OSDZU3_Ref_Design.runs/synth_1/.Xil/Vivado-85441-e-ubuntu/realtime/OSDZU3x_BYOTEE_axi_gpio_0_0_stub.v:6]
INFO: [Synth 8-6155] done synthesizing module 'OSDZU3x_BYOTEE_axi_gpio_0_0' (0#1) [/home/e/Documents/research/byotee/OSDZU3_Ref_Design/OSDZU3_Ref_Design.runs/synth_1/.Xil/Vivado-85441-e-ubuntu/realtime/OSDZU3x_BYOTEE_axi_gpio_0_0_stub.v:6]
INFO: [Synth 8-6157] synthesizing module 'OSDZU3x_BYOTEE_rst_ps8_0_99M_0' [/home/e/Documents/research/byotee/OSDZU3_Ref_Design/OSDZU3_Ref_Design.runs/synth_1/.Xil/Vivado-85441-e-ubuntu/realtime/OSDZU3x_BYOTEE_rst_ps8_0_99M_0_stub.v:6]
INFO: [Synth 8-6155] done synthesizing module 'OSDZU3x_BYOTEE_rst_ps8_0_99M_0' (0#1) [/home/e/Documents/research/byotee/OSDZU3_Ref_Design/OSDZU3_Ref_Design.runs/synth_1/.Xil/Vivado-85441-e-ubuntu/realtime/OSDZU3x_BYOTEE_rst_ps8_0_99M_0_stub.v:6]
WARNING: [Synth 8-7071] port 'peripheral_reset' of module 'OSDZU3x_BYOTEE_rst_ps8_0_99M_0' is unconnected for instance 'rst_ps8_0_99M' [/home/e/Documents/research/byotee/OSDZU3_Ref_Design/OSDZU3_Ref_Design.gen/sources_1/bd/OSDZU3x_BYOTEE/synth/OSDZU3x_BYOTEE.v:771]
WARNING: [Synth 8-7023] instance 'rst_ps8_0_99M' of module 'OSDZU3x_BYOTEE_rst_ps8_0_99M_0' has 10 connections declared, but only 9 given [/home/e/Documents/research/byotee/OSDZU3_Ref_Design/OSDZU3_Ref_Design.gen/sources_1/bd/OSDZU3x_BYOTEE/synth/OSDZU3x_BYOTEE.v:771]
INFO: [Synth 8-6157] synthesizing module 'OSDZU3x_BYOTEE_axi_interconnect_1_0' [/home/e/Documents/research/byotee/OSDZU3_Ref_Design/OSDZU3_Ref_Design.gen/sources_1/bd/OSDZU3x_BYOTEE/synth/OSDZU3x_BYOTEE.v:2451]
INFO: [Synth 8-6157] synthesizing module 'm00_couplers_imp_SQGO6G' [/home/e/Documents/research/byotee/OSDZU3_Ref_Design/OSDZU3_Ref_Design.gen/sources_1/bd/OSDZU3x_BYOTEE/synth/OSDZU3x_BYOTEE.v:3159]
INFO: [Synth 8-6155] done synthesizing module 'm00_couplers_imp_SQGO6G' (0#1) [/home/e/Documents/research/byotee/OSDZU3_Ref_Design/OSDZU3_Ref_Design.gen/sources_1/bd/OSDZU3x_BYOTEE/synth/OSDZU3x_BYOTEE.v:3159]
INFO: [Synth 8-6157] synthesizing module 'm01_couplers_imp_1S0HA33' [/home/e/Documents/research/byotee/OSDZU3_Ref_Design/OSDZU3_Ref_Design.gen/sources_1/bd/OSDZU3x_BYOTEE/synth/OSDZU3x_BYOTEE.v:3624]
INFO: [Synth 8-6155] done synthesizing module 'm01_couplers_imp_1S0HA33' (0#1) [/home/e/Documents/research/byotee/OSDZU3_Ref_Design/OSDZU3_Ref_Design.gen/sources_1/bd/OSDZU3x_BYOTEE/synth/OSDZU3x_BYOTEE.v:3624]
INFO: [Synth 8-6157] synthesizing module 's00_couplers_imp_1AE7CWT' [/home/e/Documents/research/byotee/OSDZU3_Ref_Design/OSDZU3_Ref_Design.gen/sources_1/bd/OSDZU3x_BYOTEE/synth/OSDZU3x_BYOTEE.v:4887]
INFO: [Synth 8-6157] synthesizing module 'OSDZU3x_BYOTEE_ultra_ps_0_axi_periph_imp_auto_ds_0' [/home/e/Documents/research/byotee/OSDZU3_Ref_Design/OSDZU3_Ref_Design.runs/synth_1/.Xil/Vivado-85441-e-ubuntu/realtime/OSDZU3x_BYOTEE_ultra_ps_0_axi_periph_imp_auto_ds_0_stub.v:6]
INFO: [Synth 8-6155] done synthesizing module 'OSDZU3x_BYOTEE_ultra_ps_0_axi_periph_imp_auto_ds_0' (0#1) [/home/e/Documents/research/byotee/OSDZU3_Ref_Design/OSDZU3_Ref_Design.runs/synth_1/.Xil/Vivado-85441-e-ubuntu/realtime/OSDZU3x_BYOTEE_ultra_ps_0_axi_periph_imp_auto_ds_0_stub.v:6]
INFO: [Synth 8-6157] synthesizing module 'OSDZU3x_BYOTEE_ultra_ps_0_axi_periph_imp_auto_pc_0' [/home/e/Documents/research/byotee/OSDZU3_Ref_Design/OSDZU3_Ref_Design.runs/synth_1/.Xil/Vivado-85441-e-ubuntu/realtime/OSDZU3x_BYOTEE_ultra_ps_0_axi_periph_imp_auto_pc_0_stub.v:6]
INFO: [Synth 8-6155] done synthesizing module 'OSDZU3x_BYOTEE_ultra_ps_0_axi_periph_imp_auto_pc_0' (0#1) [/home/e/Documents/research/byotee/OSDZU3_Ref_Design/OSDZU3_Ref_Design.runs/synth_1/.Xil/Vivado-85441-e-ubuntu/realtime/OSDZU3x_BYOTEE_ultra_ps_0_axi_periph_imp_auto_pc_0_stub.v:6]
INFO: [Synth 8-6155] done synthesizing module 's00_couplers_imp_1AE7CWT' (0#1) [/home/e/Documents/research/byotee/OSDZU3_Ref_Design/OSDZU3_Ref_Design.gen/sources_1/bd/OSDZU3x_BYOTEE/synth/OSDZU3x_BYOTEE.v:4887]
INFO: [Synth 8-6157] synthesizing module 'OSDZU3x_BYOTEE_axi_interconnect_1_imp_xbar_0' [/home/e/Documents/research/byotee/OSDZU3_Ref_Design/OSDZU3_Ref_Design.runs/synth_1/.Xil/Vivado-85441-e-ubuntu/realtime/OSDZU3x_BYOTEE_axi_interconnect_1_imp_xbar_0_stub.v:6]
INFO: [Synth 8-6155] done synthesizing module 'OSDZU3x_BYOTEE_axi_interconnect_1_imp_xbar_0' (0#1) [/home/e/Documents/research/byotee/OSDZU3_Ref_Design/OSDZU3_Ref_Design.runs/synth_1/.Xil/Vivado-85441-e-ubuntu/realtime/OSDZU3x_BYOTEE_axi_interconnect_1_imp_xbar_0_stub.v:6]
WARNING: [Synth 8-7071] port 'm_axi_awprot' of module 'OSDZU3x_BYOTEE_axi_interconnect_1_imp_xbar_0' is unconnected for instance 'xbar' [/home/e/Documents/research/byotee/OSDZU3_Ref_Design/OSDZU3_Ref_Design.gen/sources_1/bd/OSDZU3x_BYOTEE/synth/OSDZU3x_BYOTEE.v:2883]
WARNING: [Synth 8-7071] port 'm_axi_arprot' of module 'OSDZU3x_BYOTEE_axi_interconnect_1_imp_xbar_0' is unconnected for instance 'xbar' [/home/e/Documents/research/byotee/OSDZU3_Ref_Design/OSDZU3_Ref_Design.gen/sources_1/bd/OSDZU3x_BYOTEE/synth/OSDZU3x_BYOTEE.v:2883]
WARNING: [Synth 8-7023] instance 'xbar' of module 'OSDZU3x_BYOTEE_axi_interconnect_1_imp_xbar_0' has 40 connections declared, but only 38 given [/home/e/Documents/research/byotee/OSDZU3_Ref_Design/OSDZU3_Ref_Design.gen/sources_1/bd/OSDZU3x_BYOTEE/synth/OSDZU3x_BYOTEE.v:2883]
INFO: [Synth 8-6155] done synthesizing module 'OSDZU3x_BYOTEE_axi_interconnect_1_0' (0#1) [/home/e/Documents/research/byotee/OSDZU3_Ref_Design/OSDZU3_Ref_Design.gen/sources_1/bd/OSDZU3x_BYOTEE/synth/OSDZU3x_BYOTEE.v:2451]
INFO: [Synth 8-6157] synthesizing module 'OSDZU3x_BYOTEE_zynq_ultra_ps_e_0_1' [/home/e/Documents/research/byotee/OSDZU3_Ref_Design/OSDZU3_Ref_Design.runs/synth_1/.Xil/Vivado-85441-e-ubuntu/realtime/OSDZU3x_BYOTEE_zynq_ultra_ps_e_0_1_stub.v:6]
INFO: [Synth 8-6155] done synthesizing module 'OSDZU3x_BYOTEE_zynq_ultra_ps_e_0_1' (0#1) [/home/e/Documents/research/byotee/OSDZU3_Ref_Design/OSDZU3_Ref_Design.runs/synth_1/.Xil/Vivado-85441-e-ubuntu/realtime/OSDZU3x_BYOTEE_zynq_ultra_ps_e_0_1_stub.v:6]
WARNING: [Synth 8-7071] port 'maxigp2_awuser' of module 'OSDZU3x_BYOTEE_zynq_ultra_ps_e_0_1' is unconnected for instance 'zynq_ultra_ps_e_0' [/home/e/Documents/research/byotee/OSDZU3_Ref_Design/OSDZU3_Ref_Design.gen/sources_1/bd/OSDZU3x_BYOTEE/synth/OSDZU3x_BYOTEE.v:861]
WARNING: [Synth 8-7071] port 'maxigp2_aruser' of module 'OSDZU3x_BYOTEE_zynq_ultra_ps_e_0_1' is unconnected for instance 'zynq_ultra_ps_e_0' [/home/e/Documents/research/byotee/OSDZU3_Ref_Design/OSDZU3_Ref_Design.gen/sources_1/bd/OSDZU3x_BYOTEE/synth/OSDZU3x_BYOTEE.v:861]
WARNING: [Synth 8-7023] instance 'zynq_ultra_ps_e_0' of module 'OSDZU3x_BYOTEE_zynq_ultra_ps_e_0_1' has 123 connections declared, but only 121 given [/home/e/Documents/research/byotee/OSDZU3_Ref_Design/OSDZU3_Ref_Design.gen/sources_1/bd/OSDZU3x_BYOTEE/synth/OSDZU3x_BYOTEE.v:861]
INFO: [Synth 8-6155] done synthesizing module 'OSDZU3x_BYOTEE' (0#1) [/home/e/Documents/research/byotee/OSDZU3_Ref_Design/OSDZU3_Ref_Design.gen/sources_1/bd/OSDZU3x_BYOTEE/synth/OSDZU3x_BYOTEE.v:13]
INFO: [Synth 8-6157] synthesizing module 'IOBUF' [/tools/Xilinx/2025.1/Vivado/scripts/rt/data/unisim_comp.v:81434]
INFO: [Synth 8-6155] done synthesizing module 'IOBUF' (0#1) [/tools/Xilinx/2025.1/Vivado/scripts/rt/data/unisim_comp.v:81434]
INFO: [Synth 8-6155] done synthesizing module 'OSDZU3x_BYOTEE_wrapper' (0#1) [/home/e/Documents/research/byotee/OSDZU3_Ref_Design/OSDZU3_Ref_Design.gen/sources_1/bd/OSDZU3x_BYOTEE/hdl/OSDZU3x_BYOTEE_wrapper.v:13]
WARNING: [Synth 8-7129] Port M_ACLK in module s00_couplers_imp_1AE7CWT is either unconnected or has no load
WARNING: [Synth 8-7129] Port M_ARESETN in module s00_couplers_imp_1AE7CWT is either unconnected or has no load
WARNING: [Synth 8-7129] Port M_ACLK in module m01_couplers_imp_1S0HA33 is either unconnected or has no load
WARNING: [Synth 8-7129] Port M_ARESETN in module m01_couplers_imp_1S0HA33 is either unconnected or has no load
WARNING: [Synth 8-7129] Port S_ACLK in module m01_couplers_imp_1S0HA33 is either unconnected or has no load
WARNING: [Synth 8-7129] Port S_ARESETN in module m01_couplers_imp_1S0HA33 is either unconnected or has no load
WARNING: [Synth 8-7129] Port M_ACLK in module m00_couplers_imp_SQGO6G is either unconnected or has no load
WARNING: [Synth 8-7129] Port M_ARESETN in module m00_couplers_imp_SQGO6G is either unconnected or has no load
WARNING: [Synth 8-7129] Port S_ACLK in module m00_couplers_imp_SQGO6G is either unconnected or has no load
WARNING: [Synth 8-7129] Port S_ARESETN in module m00_couplers_imp_SQGO6G is either unconnected or has no load
WARNING: [Synth 8-7129] Port M_ACLK in module s02_couplers_imp_EIAJ8T is either unconnected or has no load
WARNING: [Synth 8-7129] Port M_ARESETN in module s02_couplers_imp_EIAJ8T is either unconnected or has no load
WARNING: [Synth 8-7129] Port M_ACLK in module s01_couplers_imp_U26VUT is either unconnected or has no load
WARNING: [Synth 8-7129] Port M_ARESETN in module s01_couplers_imp_U26VUT is either unconnected or has no load
WARNING: [Synth 8-7129] Port M_ACLK in module s00_couplers_imp_1TVRXLU is either unconnected or has no load
WARNING: [Synth 8-7129] Port M_ARESETN in module s00_couplers_imp_1TVRXLU is either unconnected or has no load
WARNING: [Synth 8-7129] Port M_ACLK in module m04_couplers_imp_J3E8CO is either unconnected or has no load
WARNING: [Synth 8-7129] Port M_ARESETN in module m04_couplers_imp_J3E8CO is either unconnected or has no load
WARNING: [Synth 8-7129] Port S_ACLK in module m04_couplers_imp_J3E8CO is either unconnected or has no load
WARNING: [Synth 8-7129] Port S_ARESETN in module m04_couplers_imp_J3E8CO is either unconnected or has no load
WARNING: [Synth 8-7129] Port M_ACLK in module m03_couplers_imp_WOIVGF is either unconnected or has no load
WARNING: [Synth 8-7129] Port M_ARESETN in module m03_couplers_imp_WOIVGF is either unconnected or has no load
WARNING: [Synth 8-7129] Port M_ACLK in module m02_couplers_imp_1VYGYVS is either unconnected or has no load
WARNING: [Synth 8-7129] Port M_ARESETN in module m02_couplers_imp_1VYGYVS is either unconnected or has no load
WARNING: [Synth 8-7129] Port M_ACLK in module m01_couplers_imp_1BZJ7HS is either unconnected or has no load
WARNING: [Synth 8-7129] Port M_ARESETN in module m01_couplers_imp_1BZJ7HS is either unconnected or has no load
WARNING: [Synth 8-7129] Port M_ACLK in module m00_couplers_imp_CPWOT3 is either unconnected or has no load
WARNING: [Synth 8-7129] Port M_ARESETN in module m00_couplers_imp_CPWOT3 is either unconnected or has no load
WARNING: [Synth 8-7129] Port S_ACLK in module m00_couplers_imp_CPWOT3 is either unconnected or has no load
WARNING: [Synth 8-7129] Port S_ARESETN in module m00_couplers_imp_CPWOT3 is either unconnected or has no load
---------------------------------------------------------------------------------
Finished RTL Elaboration : Time (s): cpu = 00:00:03 ; elapsed = 00:00:03 . Memory (MB): peak = 2920.926 ; gain = 241.625 ; free physical = 33576 ; free virtual = 56220
---------------------------------------------------------------------------------
---------------------------------------------------------------------------------
Start Handling Custom Attributes
---------------------------------------------------------------------------------
---------------------------------------------------------------------------------
Finished Handling Custom Attributes : Time (s): cpu = 00:00:03 ; elapsed = 00:00:03 . Memory (MB): peak = 2932.801 ; gain = 253.500 ; free physical = 33576 ; free virtual = 56220
---------------------------------------------------------------------------------
---------------------------------------------------------------------------------
Finished RTL Optimization Phase 1 : Time (s): cpu = 00:00:03 ; elapsed = 00:00:03 . Memory (MB): peak = 2932.801 ; gain = 253.500 ; free physical = 33576 ; free virtual = 56220
---------------------------------------------------------------------------------
Netlist sorting complete. Time (s): cpu = 00:00:00.03 ; elapsed = 00:00:00.03 . Memory (MB): peak = 2943.770 ; gain = 0.000 ; free physical = 33577 ; free virtual = 56220
INFO: [Netlist 29-17] Analyzing 8 Unisim elements for replacement
INFO: [Netlist 29-28] Unisim Transformation completed in 0 CPU seconds
INFO: [Project 1-570] Preparing netlist for logic optimization

Processing XDC Constraints
Initializing timing engine
Parsing XDC File [/home/e/Documents/research/byotee/OSDZU3_Ref_Design/OSDZU3_Ref_Design.gen/sources_1/bd/OSDZU3x_BYOTEE/ip/OSDZU3x_BYOTEE_zynq_ultra_ps_e_0_1/OSDZU3x_BYOTEE_zynq_ultra_ps_e_0_1/OSDZU3x_BYOTEE_zynq_ultra_ps_e_0_1_in_context.xdc] for cell 'OSDZU3x_BYOTEE_i/zynq_ultra_ps_e_0'
Finished Parsing XDC File [/home/e/Documents/research/byotee/OSDZU3_Ref_Design/OSDZU3_Ref_Design.gen/sources_1/bd/OSDZU3x_BYOTEE/ip/OSDZU3x_BYOTEE_zynq_ultra_ps_e_0_1/OSDZU3x_BYOTEE_zynq_ultra_ps_e_0_1/OSDZU3x_BYOTEE_zynq_ultra_ps_e_0_1_in_context.xdc] for cell 'OSDZU3x_BYOTEE_i/zynq_ultra_ps_e_0'
Parsing XDC File [/home/e/Documents/research/byotee/OSDZU3_Ref_Design/OSDZU3_Ref_Design.gen/sources_1/bd/OSDZU3x_BYOTEE/ip/OSDZU3x_BYOTEE_rst_ps8_0_99M_0/OSDZU3x_BYOTEE_rst_ps8_0_99M_0/OSDZU3x_Tutorial_rst_ps8_0_99M_0_in_context.xdc] for cell 'OSDZU3x_BYOTEE_i/rst_ps8_0_99M'
Finished Parsing XDC File [/home/e/Documents/research/byotee/OSDZU3_Ref_Design/OSDZU3_Ref_Design.gen/sources_1/bd/OSDZU3x_BYOTEE/ip/OSDZU3x_BYOTEE_rst_ps8_0_99M_0/OSDZU3x_BYOTEE_rst_ps8_0_99M_0/OSDZU3x_Tutorial_rst_ps8_0_99M_0_in_context.xdc] for cell 'OSDZU3x_BYOTEE_i/rst_ps8_0_99M'
Parsing XDC File [/home/e/Documents/research/byotee/OSDZU3_Ref_Design/OSDZU3_Ref_Design.gen/sources_1/bd/OSDZU3x_BYOTEE/ip/OSDZU3x_BYOTEE_axi_intc_0_0/OSDZU3x_BYOTEE_axi_intc_0_0/OSDZU3x_BYOTEE_axi_intc_0_0_in_context.xdc] for cell 'OSDZU3x_BYOTEE_i/axi_intc_0'
Finished Parsing XDC File [/home/e/Documents/research/byotee/OSDZU3_Ref_Design/OSDZU3_Ref_Design.gen/sources_1/bd/OSDZU3x_BYOTEE/ip/OSDZU3x_BYOTEE_axi_intc_0_0/OSDZU3x_BYOTEE_axi_intc_0_0/OSDZU3x_BYOTEE_axi_intc_0_0_in_context.xdc] for cell 'OSDZU3x_BYOTEE_i/axi_intc_0'
Parsing XDC File [/home/e/Documents/research/byotee/OSDZU3_Ref_Design/OSDZU3_Ref_Design.gen/sources_1/bd/OSDZU3x_BYOTEE/ip/OSDZU3x_BYOTEE_axi_gpio_0_0/OSDZU3x_BYOTEE_axi_gpio_0_0/OSDZU3x_BYOTEE_axi_gpio_0_0_in_context.xdc] for cell 'OSDZU3x_BYOTEE_i/ps_pl_intr'
Finished Parsing XDC File [/home/e/Documents/research/byotee/OSDZU3_Ref_Design/OSDZU3_Ref_Design.gen/sources_1/bd/OSDZU3x_BYOTEE/ip/OSDZU3x_BYOTEE_axi_gpio_0_0/OSDZU3x_BYOTEE_axi_gpio_0_0/OSDZU3x_BYOTEE_axi_gpio_0_0_in_context.xdc] for cell 'OSDZU3x_BYOTEE_i/ps_pl_intr'
Parsing XDC File [/home/e/Documents/research/byotee/OSDZU3_Ref_Design/OSDZU3_Ref_Design.gen/sources_1/bd/OSDZU3x_BYOTEE/ip/OSDZU3x_BYOTEE_axi_interconnect_0_imp_xbar_1/OSDZU3x_BYOTEE_axi_interconnect_0_imp_xbar_1/OSDZU3x_BYOTEE_axi_interconnect_0_imp_xbar_1_in_context.xdc] for cell 'OSDZU3x_BYOTEE_i/axi_interconnect_0/xbar'
Finished Parsing XDC File [/home/e/Documents/research/byotee/OSDZU3_Ref_Design/OSDZU3_Ref_Design.gen/sources_1/bd/OSDZU3x_BYOTEE/ip/OSDZU3x_BYOTEE_axi_interconnect_0_imp_xbar_1/OSDZU3x_BYOTEE_axi_interconnect_0_imp_xbar_1/OSDZU3x_BYOTEE_axi_interconnect_0_imp_xbar_1_in_context.xdc] for cell 'OSDZU3x_BYOTEE_i/axi_interconnect_0/xbar'
Parsing XDC File [/home/e/Documents/research/byotee/OSDZU3_Ref_Design/OSDZU3_Ref_Design.gen/sources_1/bd/OSDZU3x_BYOTEE/ip/OSDZU3x_BYOTEE_axi_interconnect_0_imp_auto_pc_3/OSDZU3x_BYOTEE_axi_interconnect_0_imp_auto_pc_3/OSDZU3x_BYOTEE_axi_interconnect_0_imp_auto_pc_1_in_context.xdc] for cell 'OSDZU3x_BYOTEE_i/axi_interconnect_0/s00_couplers/auto_pc'
Finished Parsing XDC File [/home/e/Documents/research/byotee/OSDZU3_Ref_Design/OSDZU3_Ref_Design.gen/sources_1/bd/OSDZU3x_BYOTEE/ip/OSDZU3x_BYOTEE_axi_interconnect_0_imp_auto_pc_3/OSDZU3x_BYOTEE_axi_interconnect_0_imp_auto_pc_3/OSDZU3x_BYOTEE_axi_interconnect_0_imp_auto_pc_1_in_context.xdc] for cell 'OSDZU3x_BYOTEE_i/axi_interconnect_0/s00_couplers/auto_pc'
Parsing XDC File [/home/e/Documents/research/byotee/OSDZU3_Ref_Design/OSDZU3_Ref_Design.gen/sources_1/bd/OSDZU3x_BYOTEE/ip/OSDZU3x_BYOTEE_axi_interconnect_0_imp_auto_us_0/OSDZU3x_BYOTEE_axi_interconnect_0_imp_auto_us_0/OSDZU3x_BYOTEE_axi_interconnect_0_imp_auto_us_0_in_context.xdc] for cell 'OSDZU3x_BYOTEE_i/axi_interconnect_0/s00_couplers/auto_us'
Finished Parsing XDC File [/home/e/Documents/research/byotee/OSDZU3_Ref_Design/OSDZU3_Ref_Design.gen/sources_1/bd/OSDZU3x_BYOTEE/ip/OSDZU3x_BYOTEE_axi_interconnect_0_imp_auto_us_0/OSDZU3x_BYOTEE_axi_interconnect_0_imp_auto_us_0/OSDZU3x_BYOTEE_axi_interconnect_0_imp_auto_us_0_in_context.xdc] for cell 'OSDZU3x_BYOTEE_i/axi_interconnect_0/s00_couplers/auto_us'
Parsing XDC File [/home/e/Documents/research/byotee/OSDZU3_Ref_Design/OSDZU3_Ref_Design.gen/sources_1/bd/OSDZU3x_BYOTEE/ip/OSDZU3x_BYOTEE_axi_interconnect_0_imp_auto_pc_4/OSDZU3x_BYOTEE_axi_interconnect_0_imp_auto_pc_4/OSDZU3x_BYOTEE_axi_interconnect_0_imp_auto_pc_2_in_context.xdc] for cell 'OSDZU3x_BYOTEE_i/axi_interconnect_0/s01_couplers/auto_pc'
Finished Parsing XDC File [/home/e/Documents/research/byotee/OSDZU3_Ref_Design/OSDZU3_Ref_Design.gen/sources_1/bd/OSDZU3x_BYOTEE/ip/OSDZU3x_BYOTEE_axi_interconnect_0_imp_auto_pc_4/OSDZU3x_BYOTEE_axi_interconnect_0_imp_auto_pc_4/OSDZU3x_BYOTEE_axi_interconnect_0_imp_auto_pc_2_in_context.xdc] for cell 'OSDZU3x_BYOTEE_i/axi_interconnect_0/s01_couplers/auto_pc'
Parsing XDC File [/home/e/Documents/research/byotee/OSDZU3_Ref_Design/OSDZU3_Ref_Design.gen/sources_1/bd/OSDZU3x_BYOTEE/ip/OSDZU3x_BYOTEE_axi_interconnect_0_imp_auto_us_1/OSDZU3x_BYOTEE_axi_interconnect_0_imp_auto_us_1/OSDZU3x_BYOTEE_axi_interconnect_0_imp_auto_us_1_in_context.xdc] for cell 'OSDZU3x_BYOTEE_i/axi_interconnect_0/s01_couplers/auto_us'
Finished Parsing XDC File [/home/e/Documents/research/byotee/OSDZU3_Ref_Design/OSDZU3_Ref_Design.gen/sources_1/bd/OSDZU3x_BYOTEE/ip/OSDZU3x_BYOTEE_axi_interconnect_0_imp_auto_us_1/OSDZU3x_BYOTEE_axi_interconnect_0_imp_auto_us_1/OSDZU3x_BYOTEE_axi_interconnect_0_imp_auto_us_1_in_context.xdc] for cell 'OSDZU3x_BYOTEE_i/axi_interconnect_0/s01_couplers/auto_us'
Parsing XDC File [/home/e/Documents/research/byotee/OSDZU3_Ref_Design/OSDZU3_Ref_Design.gen/sources_1/bd/OSDZU3x_BYOTEE/ip/OSDZU3x_BYOTEE_axi_interconnect_0_imp_auto_us_2/OSDZU3x_BYOTEE_axi_interconnect_0_imp_auto_us_2/OSDZU3x_BYOTEE_axi_interconnect_0_imp_auto_us_0_in_context.xdc] for cell 'OSDZU3x_BYOTEE_i/axi_interconnect_0/s02_couplers/auto_us'
Finished Parsing XDC File [/home/e/Documents/research/byotee/OSDZU3_Ref_Design/OSDZU3_Ref_Design.gen/sources_1/bd/OSDZU3x_BYOTEE/ip/OSDZU3x_BYOTEE_axi_interconnect_0_imp_auto_us_2/OSDZU3x_BYOTEE_axi_interconnect_0_imp_auto_us_2/OSDZU3x_BYOTEE_axi_interconnect_0_imp_auto_us_0_in_context.xdc] for cell 'OSDZU3x_BYOTEE_i/axi_interconnect_0/s02_couplers/auto_us'
Parsing XDC File [/home/e/Documents/research/byotee/OSDZU3_Ref_Design/OSDZU3_Ref_Design.gen/sources_1/bd/OSDZU3x_BYOTEE/ip/OSDZU3x_BYOTEE_axi_interconnect_0_imp_auto_ds_0/OSDZU3x_BYOTEE_axi_interconnect_0_imp_auto_ds_0/OSDZU3x_BYOTEE_axi_interconnect_0_imp_auto_ds_0_in_context.xdc] for cell 'OSDZU3x_BYOTEE_i/axi_interconnect_0/m01_couplers/auto_ds'
Finished Parsing XDC File [/home/e/Documents/research/byotee/OSDZU3_Ref_Design/OSDZU3_Ref_Design.gen/sources_1/bd/OSDZU3x_BYOTEE/ip/OSDZU3x_BYOTEE_axi_interconnect_0_imp_auto_ds_0/OSDZU3x_BYOTEE_axi_interconnect_0_imp_auto_ds_0/OSDZU3x_BYOTEE_axi_interconnect_0_imp_auto_ds_0_in_context.xdc] for cell 'OSDZU3x_BYOTEE_i/axi_interconnect_0/m01_couplers/auto_ds'
Parsing XDC File [/home/e/Documents/research/byotee/OSDZU3_Ref_Design/OSDZU3_Ref_Design.gen/sources_1/bd/OSDZU3x_BYOTEE/ip/OSDZU3x_BYOTEE_axi_interconnect_0_imp_auto_pc_0/OSDZU3x_BYOTEE_axi_interconnect_0_imp_auto_pc_0/OSDZU3x_BYOTEE_axi_interconnect_0_imp_auto_pc_0_in_context.xdc] for cell 'OSDZU3x_BYOTEE_i/axi_interconnect_0/m01_couplers/auto_pc'
Finished Parsing XDC File [/home/e/Documents/research/byotee/OSDZU3_Ref_Design/OSDZU3_Ref_Design.gen/sources_1/bd/OSDZU3x_BYOTEE/ip/OSDZU3x_BYOTEE_axi_interconnect_0_imp_auto_pc_0/OSDZU3x_BYOTEE_axi_interconnect_0_imp_auto_pc_0/OSDZU3x_BYOTEE_axi_interconnect_0_imp_auto_pc_0_in_context.xdc] for cell 'OSDZU3x_BYOTEE_i/axi_interconnect_0/m01_couplers/auto_pc'
Parsing XDC File [/home/e/Documents/research/byotee/OSDZU3_Ref_Design/OSDZU3_Ref_Design.gen/sources_1/bd/OSDZU3x_BYOTEE/ip/OSDZU3x_BYOTEE_axi_interconnect_0_imp_auto_ds_1/OSDZU3x_BYOTEE_axi_interconnect_0_imp_auto_ds_1/OSDZU3x_BYOTEE_axi_interconnect_0_imp_auto_ds_0_in_context.xdc] for cell 'OSDZU3x_BYOTEE_i/axi_interconnect_0/m02_couplers/auto_ds'
Finished Parsing XDC File [/home/e/Documents/research/byotee/OSDZU3_Ref_Design/OSDZU3_Ref_Design.gen/sources_1/bd/OSDZU3x_BYOTEE/ip/OSDZU3x_BYOTEE_axi_interconnect_0_imp_auto_ds_1/OSDZU3x_BYOTEE_axi_interconnect_0_imp_auto_ds_1/OSDZU3x_BYOTEE_axi_interconnect_0_imp_auto_ds_0_in_context.xdc] for cell 'OSDZU3x_BYOTEE_i/axi_interconnect_0/m02_couplers/auto_ds'
Parsing XDC File [/home/e/Documents/research/byotee/OSDZU3_Ref_Design/OSDZU3_Ref_Design.gen/sources_1/bd/OSDZU3x_BYOTEE/ip/OSDZU3x_BYOTEE_axi_interconnect_0_imp_auto_pc_1/OSDZU3x_BYOTEE_axi_interconnect_0_imp_auto_pc_1/OSDZU3x_BYOTEE_axi_interconnect_0_imp_auto_pc_0_in_context.xdc] for cell 'OSDZU3x_BYOTEE_i/axi_interconnect_0/m02_couplers/auto_pc'
Finished Parsing XDC File [/home/e/Documents/research/byotee/OSDZU3_Ref_Design/OSDZU3_Ref_Design.gen/sources_1/bd/OSDZU3x_BYOTEE/ip/OSDZU3x_BYOTEE_axi_interconnect_0_imp_auto_pc_1/OSDZU3x_BYOTEE_axi_interconnect_0_imp_auto_pc_1/OSDZU3x_BYOTEE_axi_interconnect_0_imp_auto_pc_0_in_context.xdc] for cell 'OSDZU3x_BYOTEE_i/axi_interconnect_0/m02_couplers/auto_pc'
Parsing XDC File [/home/e/Documents/research/byotee/OSDZU3_Ref_Design/OSDZU3_Ref_Design.gen/sources_1/bd/OSDZU3x_BYOTEE/ip/OSDZU3x_BYOTEE_axi_interconnect_0_imp_auto_ds_2/OSDZU3x_BYOTEE_axi_interconnect_0_imp_auto_ds_2/OSDZU3x_BYOTEE_axi_interconnect_0_imp_auto_ds_0_in_context.xdc] for cell 'OSDZU3x_BYOTEE_i/axi_interconnect_0/m03_couplers/auto_ds'
Finished Parsing XDC File [/home/e/Documents/research/byotee/OSDZU3_Ref_Design/OSDZU3_Ref_Design.gen/sources_1/bd/OSDZU3x_BYOTEE/ip/OSDZU3x_BYOTEE_axi_interconnect_0_imp_auto_ds_2/OSDZU3x_BYOTEE_axi_interconnect_0_imp_auto_ds_2/OSDZU3x_BYOTEE_axi_interconnect_0_imp_auto_ds_0_in_context.xdc] for cell 'OSDZU3x_BYOTEE_i/axi_interconnect_0/m03_couplers/auto_ds'
Parsing XDC File [/home/e/Documents/research/byotee/OSDZU3_Ref_Design/OSDZU3_Ref_Design.gen/sources_1/bd/OSDZU3x_BYOTEE/ip/OSDZU3x_BYOTEE_axi_interconnect_0_imp_auto_pc_2/OSDZU3x_BYOTEE_axi_interconnect_0_imp_auto_pc_2/OSDZU3x_BYOTEE_axi_interconnect_0_imp_auto_pc_0_in_context.xdc] for cell 'OSDZU3x_BYOTEE_i/axi_interconnect_0/m03_couplers/auto_pc'
Finished Parsing XDC File [/home/e/Documents/research/byotee/OSDZU3_Ref_Design/OSDZU3_Ref_Design.gen/sources_1/bd/OSDZU3x_BYOTEE/ip/OSDZU3x_BYOTEE_axi_interconnect_0_imp_auto_pc_2/OSDZU3x_BYOTEE_axi_interconnect_0_imp_auto_pc_2/OSDZU3x_BYOTEE_axi_interconnect_0_imp_auto_pc_0_in_context.xdc] for cell 'OSDZU3x_BYOTEE_i/axi_interconnect_0/m03_couplers/auto_pc'
Parsing XDC File [/home/e/Documents/research/byotee/OSDZU3_Ref_Design/OSDZU3_Ref_Design.gen/sources_1/bd/OSDZU3x_BYOTEE/ip/OSDZU3x_BYOTEE_axi_interconnect_1_imp_xbar_0/OSDZU3x_BYOTEE_axi_interconnect_1_imp_xbar_0/OSDZU3x_BYOTEE_axi_interconnect_1_imp_xbar_0_in_context.xdc] for cell 'OSDZU3x_BYOTEE_i/ultra_ps_0_axi_periph/xbar'
Finished Parsing XDC File [/home/e/Documents/research/byotee/OSDZU3_Ref_Design/OSDZU3_Ref_Design.gen/sources_1/bd/OSDZU3x_BYOTEE/ip/OSDZU3x_BYOTEE_axi_interconnect_1_imp_xbar_0/OSDZU3x_BYOTEE_axi_interconnect_1_imp_xbar_0/OSDZU3x_BYOTEE_axi_interconnect_1_imp_xbar_0_in_context.xdc] for cell 'OSDZU3x_BYOTEE_i/ultra_ps_0_axi_periph/xbar'
Parsing XDC File [/home/e/Documents/research/byotee/OSDZU3_Ref_Design/OSDZU3_Ref_Design.gen/sources_1/bd/OSDZU3x_BYOTEE/ip/OSDZU3x_BYOTEE_ultra_ps_0_axi_periph_imp_auto_ds_0/OSDZU3x_BYOTEE_ultra_ps_0_axi_periph_imp_auto_ds_0/OSDZU3x_BYOTEE_ultra_ps_0_axi_periph_imp_auto_ds_0_in_context.xdc] for cell 'OSDZU3x_BYOTEE_i/ultra_ps_0_axi_periph/s00_couplers/auto_ds'
Finished Parsing XDC File [/home/e/Documents/research/byotee/OSDZU3_Ref_Design/OSDZU3_Ref_Design.gen/sources_1/bd/OSDZU3x_BYOTEE/ip/OSDZU3x_BYOTEE_ultra_ps_0_axi_periph_imp_auto_ds_0/OSDZU3x_BYOTEE_ultra_ps_0_axi_periph_imp_auto_ds_0/OSDZU3x_BYOTEE_ultra_ps_0_axi_periph_imp_auto_ds_0_in_context.xdc] for cell 'OSDZU3x_BYOTEE_i/ultra_ps_0_axi_periph/s00_couplers/auto_ds'
Parsing XDC File [/home/e/Documents/research/byotee/OSDZU3_Ref_Design/OSDZU3_Ref_Design.gen/sources_1/bd/OSDZU3x_BYOTEE/ip/OSDZU3x_BYOTEE_ultra_ps_0_axi_periph_imp_auto_pc_0/OSDZU3x_BYOTEE_ultra_ps_0_axi_periph_imp_auto_pc_0/OSDZU3x_BYOTEE_ultra_ps_0_axi_periph_imp_auto_pc_0_in_context.xdc] for cell 'OSDZU3x_BYOTEE_i/ultra_ps_0_axi_periph/s00_couplers/auto_pc'
Finished Parsing XDC File [/home/e/Documents/research/byotee/OSDZU3_Ref_Design/OSDZU3_Ref_Design.gen/sources_1/bd/OSDZU3x_BYOTEE/ip/OSDZU3x_BYOTEE_ultra_ps_0_axi_periph_imp_auto_pc_0/OSDZU3x_BYOTEE_ultra_ps_0_axi_periph_imp_auto_pc_0/OSDZU3x_BYOTEE_ultra_ps_0_axi_periph_imp_auto_pc_0_in_context.xdc] for cell 'OSDZU3x_BYOTEE_i/ultra_ps_0_axi_periph/s00_couplers/auto_pc'
Parsing XDC File [/home/e/Documents/research/byotee/OSDZU3_Ref_Design/OSDZU3_Ref_Design.gen/sources_1/bd/OSDZU3x_BYOTEE/ip/OSDZU3x_BYOTEE_axi_gpio_1_0/OSDZU3x_BYOTEE_axi_gpio_1_0/OSDZU3x_BYOTEE_axi_gpio_1_0_in_context.xdc] for cell 'OSDZU3x_BYOTEE_i/axi_gpio_1'
Finished Parsing XDC File [/home/e/Documents/research/byotee/OSDZU3_Ref_Design/OSDZU3_Ref_Design.gen/sources_1/bd/OSDZU3x_BYOTEE/ip/OSDZU3x_BYOTEE_axi_gpio_1_0/OSDZU3x_BYOTEE_axi_gpio_1_0/OSDZU3x_BYOTEE_axi_gpio_1_0_in_context.xdc] for cell 'OSDZU3x_BYOTEE_i/axi_gpio_1'
Parsing XDC File [/home/e/Documents/research/byotee/OSDZU3_Ref_Design/OSDZU3_Ref_Design.gen/sources_1/bd/OSDZU3x_BYOTEE/ip/OSDZU3x_BYOTEE_axi_gpio_2_0/OSDZU3x_BYOTEE_axi_gpio_2_0/OSDZU3x_BYOTEE_axi_gpio_2_0_in_context.xdc] for cell 'OSDZU3x_BYOTEE_i/pl_ps_intr'
Finished Parsing XDC File [/home/e/Documents/research/byotee/OSDZU3_Ref_Design/OSDZU3_Ref_Design.gen/sources_1/bd/OSDZU3x_BYOTEE/ip/OSDZU3x_BYOTEE_axi_gpio_2_0/OSDZU3x_BYOTEE_axi_gpio_2_0/OSDZU3x_BYOTEE_axi_gpio_2_0_in_context.xdc] for cell 'OSDZU3x_BYOTEE_i/pl_ps_intr'
Parsing XDC File [/home/e/Documents/research/byotee/OSDZU3_Ref_Design/OSDZU3_Ref_Design.gen/sources_1/bd/OSDZU3x_BYOTEE/ip/OSDZU3x_BYOTEE_microblaze_riscv_0_0/OSDZU3x_BYOTEE_microblaze_riscv_0_0/OSDZU3x_BYOTEE_microblaze_riscv_0_0_in_context.xdc] for cell 'OSDZU3x_BYOTEE_i/microblaze_riscv_0'
Finished Parsing XDC File [/home/e/Documents/research/byotee/OSDZU3_Ref_Design/OSDZU3_Ref_Design.gen/sources_1/bd/OSDZU3x_BYOTEE/ip/OSDZU3x_BYOTEE_microblaze_riscv_0_0/OSDZU3x_BYOTEE_microblaze_riscv_0_0/OSDZU3x_BYOTEE_microblaze_riscv_0_0_in_context.xdc] for cell 'OSDZU3x_BYOTEE_i/microblaze_riscv_0'
Parsing XDC File [/home/e/Documents/research/byotee/OSDZU3_Ref_Design/OSDZU3_Ref_Design.gen/sources_1/bd/OSDZU3x_BYOTEE/ip/OSDZU3x_BYOTEE_dlmb_v10_1/OSDZU3x_BYOTEE_dlmb_v10_1/OSDZU3x_BYOTEE_dlmb_v10_0_in_context.xdc] for cell 'OSDZU3x_BYOTEE_i/microblaze_riscv_0_local_memory/dlmb_v10'
Finished Parsing XDC File [/home/e/Documents/research/byotee/OSDZU3_Ref_Design/OSDZU3_Ref_Design.gen/sources_1/bd/OSDZU3x_BYOTEE/ip/OSDZU3x_BYOTEE_dlmb_v10_1/OSDZU3x_BYOTEE_dlmb_v10_1/OSDZU3x_BYOTEE_dlmb_v10_0_in_context.xdc] for cell 'OSDZU3x_BYOTEE_i/microblaze_riscv_0_local_memory/dlmb_v10'
Parsing XDC File [/home/e/Documents/research/byotee/OSDZU3_Ref_Design/OSDZU3_Ref_Design.gen/sources_1/bd/OSDZU3x_BYOTEE/ip/OSDZU3x_BYOTEE_ilmb_v10_1/OSDZU3x_BYOTEE_ilmb_v10_1/OSDZU3x_BYOTEE_dlmb_v10_0_in_context.xdc] for cell 'OSDZU3x_BYOTEE_i/microblaze_riscv_0_local_memory/ilmb_v10'
Finished Parsing XDC File [/home/e/Documents/research/byotee/OSDZU3_Ref_Design/OSDZU3_Ref_Design.gen/sources_1/bd/OSDZU3x_BYOTEE/ip/OSDZU3x_BYOTEE_ilmb_v10_1/OSDZU3x_BYOTEE_ilmb_v10_1/OSDZU3x_BYOTEE_dlmb_v10_0_in_context.xdc] for cell 'OSDZU3x_BYOTEE_i/microblaze_riscv_0_local_memory/ilmb_v10'
Parsing XDC File [/home/e/Documents/research/byotee/OSDZU3_Ref_Design/OSDZU3_Ref_Design.gen/sources_1/bd/OSDZU3x_BYOTEE/ip/OSDZU3x_BYOTEE_dlmb_bram_if_cntlr_1/OSDZU3x_BYOTEE_dlmb_bram_if_cntlr_1/OSDZU3x_BYOTEE_dlmb_bram_if_cntlr_1_in_context.xdc] for cell 'OSDZU3x_BYOTEE_i/microblaze_riscv_0_local_memory/dlmb_bram_if_cntlr'
Finished Parsing XDC File [/home/e/Documents/research/byotee/OSDZU3_Ref_Design/OSDZU3_Ref_Design.gen/sources_1/bd/OSDZU3x_BYOTEE/ip/OSDZU3x_BYOTEE_dlmb_bram_if_cntlr_1/OSDZU3x_BYOTEE_dlmb_bram_if_cntlr_1/OSDZU3x_BYOTEE_dlmb_bram_if_cntlr_1_in_context.xdc] for cell 'OSDZU3x_BYOTEE_i/microblaze_riscv_0_local_memory/dlmb_bram_if_cntlr'
Parsing XDC File [/home/e/Documents/research/byotee/OSDZU3_Ref_Design/OSDZU3_Ref_Design.gen/sources_1/bd/OSDZU3x_BYOTEE/ip/OSDZU3x_BYOTEE_ilmb_bram_if_cntlr_1/OSDZU3x_BYOTEE_ilmb_bram_if_cntlr_1/OSDZU3x_BYOTEE_ilmb_bram_if_cntlr_1_in_context.xdc] for cell 'OSDZU3x_BYOTEE_i/microblaze_riscv_0_local_memory/ilmb_bram_if_cntlr'
Finished Parsing XDC File [/home/e/Documents/research/byotee/OSDZU3_Ref_Design/OSDZU3_Ref_Design.gen/sources_1/bd/OSDZU3x_BYOTEE/ip/OSDZU3x_BYOTEE_ilmb_bram_if_cntlr_1/OSDZU3x_BYOTEE_ilmb_bram_if_cntlr_1/OSDZU3x_BYOTEE_ilmb_bram_if_cntlr_1_in_context.xdc] for cell 'OSDZU3x_BYOTEE_i/microblaze_riscv_0_local_memory/ilmb_bram_if_cntlr'
Parsing XDC File [/home/e/Documents/research/byotee/OSDZU3_Ref_Design/OSDZU3_Ref_Design.gen/sources_1/bd/OSDZU3x_BYOTEE/ip/OSDZU3x_BYOTEE_lmb_bram_1/OSDZU3x_BYOTEE_lmb_bram_1/OSDZU3x_BYOTEE_lmb_bram_1_in_context.xdc] for cell 'OSDZU3x_BYOTEE_i/microblaze_riscv_0_local_memory/lmb_bram'
Finished Parsing XDC File [/home/e/Documents/research/byotee/OSDZU3_Ref_Design/OSDZU3_Ref_Design.gen/sources_1/bd/OSDZU3x_BYOTEE/ip/OSDZU3x_BYOTEE_lmb_bram_1/OSDZU3x_BYOTEE_lmb_bram_1/OSDZU3x_BYOTEE_lmb_bram_1_in_context.xdc] for cell 'OSDZU3x_BYOTEE_i/microblaze_riscv_0_local_memory/lmb_bram'
Parsing XDC File [/home/e/Documents/research/byotee/OSDZU3_Ref_Design/OSDZU3_Ref_Design.gen/sources_1/bd/OSDZU3x_BYOTEE/ip/OSDZU3x_BYOTEE_mdm_1_1/OSDZU3x_BYOTEE_mdm_1_1/design_1_mdm_riscv_0_0_in_context.xdc] for cell 'OSDZU3x_BYOTEE_i/mdm_1'
Finished Parsing XDC File [/home/e/Documents/research/byotee/OSDZU3_Ref_Design/OSDZU3_Ref_Design.gen/sources_1/bd/OSDZU3x_BYOTEE/ip/OSDZU3x_BYOTEE_mdm_1_1/OSDZU3x_BYOTEE_mdm_1_1/design_1_mdm_riscv_0_0_in_context.xdc] for cell 'OSDZU3x_BYOTEE_i/mdm_1'
Parsing XDC File [/home/e/Documents/research/byotee/OSDZU3_Ref_Design/OSDZU3_Ref_Design.srcs/constraints_tutorial/imports/new/OSDZU3_Tutorial_IO_Standards.xdc]
WARNING: [Vivado 12-584] No ports matched 'dip_switches_8bits_tri_io[*]'. [/home/e/Documents/research/byotee/OSDZU3_Ref_Design/OSDZU3_Ref_Design.srcs/constraints_tutorial/imports/new/OSDZU3_Tutorial_IO_Standards.xdc:4]
Finished Parsing XDC File [/home/e/Documents/research/byotee/OSDZU3_Ref_Design/OSDZU3_Ref_Design.srcs/constraints_tutorial/imports/new/OSDZU3_Tutorial_IO_Standards.xdc]
WARNING: [Project 1-498] One or more constraints failed evaluation while reading constraint file [/home/e/Documents/research/byotee/OSDZU3_Ref_Design/OSDZU3_Ref_Design.srcs/constraints_tutorial/imports/new/OSDZU3_Tutorial_IO_Standards.xdc] and the design contains unresolved black boxes. These constraints will be read post-synthesis (as long as their source constraint file is marked as used_in_implementation) and should be applied correctly then. You should review the constraints listed in the file [.Xil/OSDZU3x_BYOTEE_wrapper_propImpl.xdc] and check the run log file to verify that these constraints were correctly applied.
Sourcing Tcl File [/home/e/Documents/research/byotee/OSDZU3_Ref_Design/OSDZU3_Ref_Design.srcs/constraints_tutorial/imports/Constraints/osdzu3_helper.tcl]
Finished Sourcing Tcl File [/home/e/Documents/research/byotee/OSDZU3_Ref_Design/OSDZU3_Ref_Design.srcs/constraints_tutorial/imports/Constraints/osdzu3_helper.tcl]
INFO: [Project 1-236] Implementation specific constraints were found while reading constraint file [/home/e/Documents/research/byotee/OSDZU3_Ref_Design/OSDZU3_Ref_Design.srcs/constraints_tutorial/imports/Constraints/osdzu3_helper.tcl]. These constraints will be ignored for synthesis but will be used in implementation. Impacted constraints are listed in the file [.Xil/OSDZU3x_BYOTEE_wrapper_propImpl.xdc].
Resolution: To avoid this warning, move constraints listed in [.Xil/OSDZU3x_BYOTEE_wrapper_propImpl.xdc] to another XDC file and exclude this new file from synthesis with the used_in_synthesis property (File Properties dialog in GUI) and re-run elaboration/synthesis.
Sourcing Tcl File [/home/e/Documents/research/byotee/OSDZU3_Ref_Design/OSDZU3_Ref_Design.srcs/constraints_tutorial/imports/new/osdzu3_package_pins.tcl]
INFO: [Vivado 12-1808] Property 'PACKAGE_PIN' is not supported for elaborated designs for objects of type 'port'. [/home/e/Documents/research/byotee/OSDZU3_Ref_Design/OSDZU3_Ref_Design.srcs/constraints_tutorial/imports/new/osdzu3_package_pins.tcl:2]
INFO: [Vivado 12-1808] Property 'PACKAGE_PIN' is not supported for elaborated designs for objects of type 'port'. [/home/e/Documents/research/byotee/OSDZU3_Ref_Design/OSDZU3_Ref_Design.srcs/constraints_tutorial/imports/new/osdzu3_package_pins.tcl:3]
INFO: [Vivado 12-1808] Property 'PACKAGE_PIN' is not supported for elaborated designs for objects of type 'port'. [/home/e/Documents/research/byotee/OSDZU3_Ref_Design/OSDZU3_Ref_Design.srcs/constraints_tutorial/imports/new/osdzu3_package_pins.tcl:4]
INFO: [Vivado 12-1808] Property 'PACKAGE_PIN' is not supported for elaborated designs for objects of type 'port'. [/home/e/Documents/research/byotee/OSDZU3_Ref_Design/OSDZU3_Ref_Design.srcs/constraints_tutorial/imports/new/osdzu3_package_pins.tcl:5]
INFO: [Vivado 12-1808] Property 'PACKAGE_PIN' is not supported for elaborated designs for objects of type 'port'. [/home/e/Documents/research/byotee/OSDZU3_Ref_Design/OSDZU3_Ref_Design.srcs/constraints_tutorial/imports/new/osdzu3_package_pins.tcl:6]
INFO: [Vivado 12-1808] Property 'PACKAGE_PIN' is not supported for elaborated designs for objects of type 'port'. [/home/e/Documents/research/byotee/OSDZU3_Ref_Design/OSDZU3_Ref_Design.srcs/constraints_tutorial/imports/new/osdzu3_package_pins.tcl:7]
INFO: [Vivado 12-1808] Property 'PACKAGE_PIN' is not supported for elaborated designs for objects of type 'port'. [/home/e/Documents/research/byotee/OSDZU3_Ref_Design/OSDZU3_Ref_Design.srcs/constraints_tutorial/imports/new/osdzu3_package_pins.tcl:8]
INFO: [Vivado 12-1808] Property 'PACKAGE_PIN' is not supported for elaborated designs for objects of type 'port'. [/home/e/Documents/research/byotee/OSDZU3_Ref_Design/OSDZU3_Ref_Design.srcs/constraints_tutorial/imports/new/osdzu3_package_pins.tcl:9]
WARNING: [Vivado 12-584] No ports matched 'dip_switches_8bits_tri_io[0]'. [/home/e/Documents/research/byotee/OSDZU3_Ref_Design/OSDZU3_Ref_Design.srcs/constraints_tutorial/imports/new/osdzu3_package_pins.tcl:11]
 ERROR - port '' does not exist
WARNING: [Vivado 12-584] No ports matched 'dip_switches_8bits_tri_io[1]'. [/home/e/Documents/research/byotee/OSDZU3_Ref_Design/OSDZU3_Ref_Design.srcs/constraints_tutorial/imports/new/osdzu3_package_pins.tcl:12]
 ERROR - port '' does not exist
WARNING: [Vivado 12-584] No ports matched 'dip_switches_8bits_tri_io[2]'. [/home/e/Documents/research/byotee/OSDZU3_Ref_Design/OSDZU3_Ref_Design.srcs/constraints_tutorial/imports/new/osdzu3_package_pins.tcl:13]
 ERROR - port '' does not exist
WARNING: [Vivado 12-584] No ports matched 'dip_switches_8bits_tri_io[3]'. [/home/e/Documents/research/byotee/OSDZU3_Ref_Design/OSDZU3_Ref_Design.srcs/constraints_tutorial/imports/new/osdzu3_package_pins.tcl:14]
 ERROR - port '' does not exist
WARNING: [Vivado 12-584] No ports matched 'dip_switches_8bits_tri_io[4]'. [/home/e/Documents/research/byotee/OSDZU3_Ref_Design/OSDZU3_Ref_Design.srcs/constraints_tutorial/imports/new/osdzu3_package_pins.tcl:15]
 ERROR - port '' does not exist
WARNING: [Vivado 12-584] No ports matched 'dip_switches_8bits_tri_io[5]'. [/home/e/Documents/research/byotee/OSDZU3_Ref_Design/OSDZU3_Ref_Design.srcs/constraints_tutorial/imports/new/osdzu3_package_pins.tcl:16]
 ERROR - port '' does not exist
WARNING: [Vivado 12-584] No ports matched 'dip_switches_8bits_tri_io[6]'. [/home/e/Documents/research/byotee/OSDZU3_Ref_Design/OSDZU3_Ref_Design.srcs/constraints_tutorial/imports/new/osdzu3_package_pins.tcl:17]
 ERROR - port '' does not exist
WARNING: [Vivado 12-584] No ports matched 'dip_switches_8bits_tri_io[7]'. [/home/e/Documents/research/byotee/OSDZU3_Ref_Design/OSDZU3_Ref_Design.srcs/constraints_tutorial/imports/new/osdzu3_package_pins.tcl:18]
 ERROR - port '' does not exist
Finished Sourcing Tcl File [/home/e/Documents/research/byotee/OSDZU3_Ref_Design/OSDZU3_Ref_Design.srcs/constraints_tutorial/imports/new/osdzu3_package_pins.tcl]
INFO: [Project 1-236] Implementation specific constraints were found while reading constraint file [/home/e/Documents/research/byotee/OSDZU3_Ref_Design/OSDZU3_Ref_Design.srcs/constraints_tutorial/imports/new/osdzu3_package_pins.tcl]. These constraints will be ignored for synthesis but will be used in implementation. Impacted constraints are listed in the file [.Xil/OSDZU3x_BYOTEE_wrapper_propImpl.xdc].
Resolution: To avoid this warning, move constraints listed in [.Xil/OSDZU3x_BYOTEE_wrapper_propImpl.xdc] to another XDC file and exclude this new file from synthesis with the used_in_synthesis property (File Properties dialog in GUI) and re-run elaboration/synthesis.
Parsing XDC File [/home/e/Documents/research/byotee/OSDZU3_Ref_Design/OSDZU3_Ref_Design.runs/synth_1/dont_touch.xdc]
Finished Parsing XDC File [/home/e/Documents/research/byotee/OSDZU3_Ref_Design/OSDZU3_Ref_Design.runs/synth_1/dont_touch.xdc]
Completed Processing XDC Constraints

Netlist sorting complete. Time (s): cpu = 00:00:00 ; elapsed = 00:00:00 . Memory (MB): peak = 2998.664 ; gain = 0.000 ; free physical = 33559 ; free virtual = 56201
INFO: [Project 1-111] Unisim Transformation Summary:
  A total of 8 instances were transformed.
  IOBUF => IOBUF (IBUFCTRL, INBUF, OBUFT): 8 instances

Constraint Validation Runtime : Time (s): cpu = 00:00:00 ; elapsed = 00:00:00 . Memory (MB): peak = 2998.699 ; gain = 0.000 ; free physical = 33559 ; free virtual = 56200
WARNING: [Timing 38-316] Clock period '20.000' specified during out-of-context synthesis of instance 'OSDZU3x_BYOTEE_i/microblaze_riscv_0_local_memory/lmb_bram' at clock pin 'clka' is different from the actual clock period '10.000', this can lead to different synthesis results.
---------------------------------------------------------------------------------
Finished Constraint Validation : Time (s): cpu = 00:00:08 ; elapsed = 00:00:08 . Memory (MB): peak = 2998.699 ; gain = 319.398 ; free physical = 33556 ; free virtual = 56198
---------------------------------------------------------------------------------
---------------------------------------------------------------------------------
Start Loading Part and Timing Information
---------------------------------------------------------------------------------
Loading part: xczu3eg-sfvc784-1-e
INFO: [Synth 8-6742] Reading net delay rules and data
---------------------------------------------------------------------------------
Finished Loading Part and Timing Information : Time (s): cpu = 00:00:08 ; elapsed = 00:00:08 . Memory (MB): peak = 3006.668 ; gain = 327.367 ; free physical = 33556 ; free virtual = 56198
---------------------------------------------------------------------------------
---------------------------------------------------------------------------------
Start Applying 'set_property' XDC Constraints
---------------------------------------------------------------------------------
---------------------------------------------------------------------------------
Finished applying 'set_property' XDC Constraints : Time (s): cpu = 00:00:08 ; elapsed = 00:00:08 . Memory (MB): peak = 3006.668 ; gain = 327.367 ; free physical = 33556 ; free virtual = 56198
---------------------------------------------------------------------------------
---------------------------------------------------------------------------------
Finished RTL Optimization Phase 2 : Time (s): cpu = 00:00:08 ; elapsed = 00:00:09 . Memory (MB): peak = 3006.668 ; gain = 327.367 ; free physical = 33556 ; free virtual = 56201
---------------------------------------------------------------------------------
---------------------------------------------------------------------------------
Start RTL Component Statistics 
---------------------------------------------------------------------------------
Detailed RTL Component Info : 
---------------------------------------------------------------------------------
Finished RTL Component Statistics 
---------------------------------------------------------------------------------
---------------------------------------------------------------------------------
Start Part Resource Summary
---------------------------------------------------------------------------------
Part Resources:
DSPs: 360 (col length:72)
BRAMs: 432 (col length: RAMB18 72 RAMB36 36)
---------------------------------------------------------------------------------
Finished Part Resource Summary
---------------------------------------------------------------------------------
---------------------------------------------------------------------------------
Start Cross Boundary and Area Optimization
---------------------------------------------------------------------------------
WARNING: [Synth 8-7080] Parallel synthesis criteria is not met
WARNING: [Synth 8-7129] Port M00_ACLK in module OSDZU3x_BYOTEE_axi_interconnect_1_0 is either unconnected or has no load
WARNING: [Synth 8-7129] Port M00_ARESETN in module OSDZU3x_BYOTEE_axi_interconnect_1_0 is either unconnected or has no load
WARNING: [Synth 8-7129] Port M01_ACLK in module OSDZU3x_BYOTEE_axi_interconnect_1_0 is either unconnected or has no load
WARNING: [Synth 8-7129] Port M01_ARESETN in module OSDZU3x_BYOTEE_axi_interconnect_1_0 is either unconnected or has no load
WARNING: [Synth 8-7129] Port M00_ACLK in module OSDZU3x_BYOTEE_axi_interconnect_0_1 is either unconnected or has no load
WARNING: [Synth 8-7129] Port M00_ARESETN in module OSDZU3x_BYOTEE_axi_interconnect_0_1 is either unconnected or has no load
WARNING: [Synth 8-7129] Port M00_AXI_bid[5] in module OSDZU3x_BYOTEE_axi_interconnect_0_1 is either unconnected or has no load
WARNING: [Synth 8-7129] Port M00_AXI_bid[4] in module OSDZU3x_BYOTEE_axi_interconnect_0_1 is either unconnected or has no load
WARNING: [Synth 8-7129] Port M00_AXI_bid[3] in module OSDZU3x_BYOTEE_axi_interconnect_0_1 is either unconnected or has no load
WARNING: [Synth 8-7129] Port M00_AXI_bid[2] in module OSDZU3x_BYOTEE_axi_interconnect_0_1 is either unconnected or has no load
WARNING: [Synth 8-7129] Port M00_AXI_rid[5] in module OSDZU3x_BYOTEE_axi_interconnect_0_1 is either unconnected or has no load
WARNING: [Synth 8-7129] Port M00_AXI_rid[4] in module OSDZU3x_BYOTEE_axi_interconnect_0_1 is either unconnected or has no load
WARNING: [Synth 8-7129] Port M00_AXI_rid[3] in module OSDZU3x_BYOTEE_axi_interconnect_0_1 is either unconnected or has no load
WARNING: [Synth 8-7129] Port M00_AXI_rid[2] in module OSDZU3x_BYOTEE_axi_interconnect_0_1 is either unconnected or has no load
WARNING: [Synth 8-7129] Port M01_ACLK in module OSDZU3x_BYOTEE_axi_interconnect_0_1 is either unconnected or has no load
WARNING: [Synth 8-7129] Port M01_ARESETN in module OSDZU3x_BYOTEE_axi_interconnect_0_1 is either unconnected or has no load
WARNING: [Synth 8-7129] Port M02_ACLK in module OSDZU3x_BYOTEE_axi_interconnect_0_1 is either unconnected or has no load
WARNING: [Synth 8-7129] Port M02_ARESETN in module OSDZU3x_BYOTEE_axi_interconnect_0_1 is either unconnected or has no load
WARNING: [Synth 8-7129] Port M03_ACLK in module OSDZU3x_BYOTEE_axi_interconnect_0_1 is either unconnected or has no load
WARNING: [Synth 8-7129] Port M03_ARESETN in module OSDZU3x_BYOTEE_axi_interconnect_0_1 is either unconnected or has no load
WARNING: [Synth 8-7129] Port M04_ACLK in module OSDZU3x_BYOTEE_axi_interconnect_0_1 is either unconnected or has no load
WARNING: [Synth 8-7129] Port M04_ARESETN in module OSDZU3x_BYOTEE_axi_interconnect_0_1 is either unconnected or has no load
WARNING: [Synth 8-7129] Port M04_AXI_bid[5] in module OSDZU3x_BYOTEE_axi_interconnect_0_1 is either unconnected or has no load
WARNING: [Synth 8-7129] Port M04_AXI_bid[4] in module OSDZU3x_BYOTEE_axi_interconnect_0_1 is either unconnected or has no load
WARNING: [Synth 8-7129] Port M04_AXI_bid[3] in module OSDZU3x_BYOTEE_axi_interconnect_0_1 is either unconnected or has no load
WARNING: [Synth 8-7129] Port M04_AXI_bid[2] in module OSDZU3x_BYOTEE_axi_interconnect_0_1 is either unconnected or has no load
WARNING: [Synth 8-7129] Port M04_AXI_rid[5] in module OSDZU3x_BYOTEE_axi_interconnect_0_1 is either unconnected or has no load
WARNING: [Synth 8-7129] Port M04_AXI_rid[4] in module OSDZU3x_BYOTEE_axi_interconnect_0_1 is either unconnected or has no load
WARNING: [Synth 8-7129] Port M04_AXI_rid[3] in module OSDZU3x_BYOTEE_axi_interconnect_0_1 is either unconnected or has no load
WARNING: [Synth 8-7129] Port M04_AXI_rid[2] in module OSDZU3x_BYOTEE_axi_interconnect_0_1 is either unconnected or has no load
---------------------------------------------------------------------------------
Finished Cross Boundary and Area Optimization : Time (s): cpu = 00:00:09 ; elapsed = 00:00:09 . Memory (MB): peak = 3006.668 ; gain = 327.367 ; free physical = 33567 ; free virtual = 56218
---------------------------------------------------------------------------------
---------------------------------------------------------------------------------
Start Applying XDC Timing Constraints
---------------------------------------------------------------------------------
---------------------------------------------------------------------------------
Finished Applying XDC Timing Constraints : Time (s): cpu = 00:00:13 ; elapsed = 00:00:14 . Memory (MB): peak = 3605.621 ; gain = 926.320 ; free physical = 33088 ; free virtual = 55737
---------------------------------------------------------------------------------
---------------------------------------------------------------------------------
Start Timing Optimization
---------------------------------------------------------------------------------
---------------------------------------------------------------------------------
Finished Timing Optimization : Time (s): cpu = 00:00:13 ; elapsed = 00:00:14 . Memory (MB): peak = 3607.621 ; gain = 928.320 ; free physical = 33080 ; free virtual = 55729
---------------------------------------------------------------------------------
---------------------------------------------------------------------------------
Start Technology Mapping
---------------------------------------------------------------------------------
---------------------------------------------------------------------------------
Finished Technology Mapping : Time (s): cpu = 00:00:13 ; elapsed = 00:00:14 . Memory (MB): peak = 3621.348 ; gain = 942.047 ; free physical = 33064 ; free virtual = 55713
---------------------------------------------------------------------------------
---------------------------------------------------------------------------------
Start IO Insertion
---------------------------------------------------------------------------------
---------------------------------------------------------------------------------
Start Flattening Before IO Insertion
---------------------------------------------------------------------------------
---------------------------------------------------------------------------------
Finished Flattening Before IO Insertion
---------------------------------------------------------------------------------
---------------------------------------------------------------------------------
Start Final Netlist Cleanup
---------------------------------------------------------------------------------
---------------------------------------------------------------------------------
Finished Final Netlist Cleanup
---------------------------------------------------------------------------------
---------------------------------------------------------------------------------
Finished IO Insertion : Time (s): cpu = 00:00:15 ; elapsed = 00:00:15 . Memory (MB): peak = 3798.160 ; gain = 1118.859 ; free physical = 32927 ; free virtual = 55576
---------------------------------------------------------------------------------
---------------------------------------------------------------------------------
Start Renaming Generated Instances
---------------------------------------------------------------------------------
---------------------------------------------------------------------------------
Finished Renaming Generated Instances : Time (s): cpu = 00:00:15 ; elapsed = 00:00:15 . Memory (MB): peak = 3798.160 ; gain = 1118.859 ; free physical = 32927 ; free virtual = 55576
---------------------------------------------------------------------------------
---------------------------------------------------------------------------------
Start Rebuilding User Hierarchy
---------------------------------------------------------------------------------
---------------------------------------------------------------------------------
Finished Rebuilding User Hierarchy : Time (s): cpu = 00:00:15 ; elapsed = 00:00:15 . Memory (MB): peak = 3798.160 ; gain = 1118.859 ; free physical = 32927 ; free virtual = 55576
---------------------------------------------------------------------------------
---------------------------------------------------------------------------------
Start Renaming Generated Ports
---------------------------------------------------------------------------------
---------------------------------------------------------------------------------
Finished Renaming Generated Ports : Time (s): cpu = 00:00:15 ; elapsed = 00:00:15 . Memory (MB): peak = 3798.160 ; gain = 1118.859 ; free physical = 32927 ; free virtual = 55576
---------------------------------------------------------------------------------
---------------------------------------------------------------------------------
Start Handling Custom Attributes
---------------------------------------------------------------------------------
---------------------------------------------------------------------------------
Finished Handling Custom Attributes : Time (s): cpu = 00:00:15 ; elapsed = 00:00:15 . Memory (MB): peak = 3798.160 ; gain = 1118.859 ; free physical = 32927 ; free virtual = 55576
---------------------------------------------------------------------------------
---------------------------------------------------------------------------------
Start Renaming Generated Nets
---------------------------------------------------------------------------------
---------------------------------------------------------------------------------
Finished Renaming Generated Nets : Time (s): cpu = 00:00:15 ; elapsed = 00:00:15 . Memory (MB): peak = 3798.160 ; gain = 1118.859 ; free physical = 32927 ; free virtual = 55576
---------------------------------------------------------------------------------
---------------------------------------------------------------------------------
Start Writing Synthesis Report
---------------------------------------------------------------------------------

Report BlackBoxes: 
+------+---------------------------------------------------+----------+
|      |BlackBox name                                      |Instances |
+------+---------------------------------------------------+----------+
|1     |OSDZU3x_BYOTEE_axi_gpio_1_0                        |         1|
|2     |OSDZU3x_BYOTEE_axi_intc_0_0                        |         1|
|3     |OSDZU3x_BYOTEE_axi_interconnect_0_imp_xbar_1       |         1|
|4     |OSDZU3x_BYOTEE_axi_interconnect_0_imp_auto_ds_0    |         1|
|5     |OSDZU3x_BYOTEE_axi_interconnect_0_imp_auto_pc_0    |         1|
|6     |OSDZU3x_BYOTEE_axi_interconnect_0_imp_auto_ds_1    |         1|
|7     |OSDZU3x_BYOTEE_axi_interconnect_0_imp_auto_pc_1    |         1|
|8     |OSDZU3x_BYOTEE_axi_interconnect_0_imp_auto_ds_2    |         1|
|9     |OSDZU3x_BYOTEE_axi_interconnect_0_imp_auto_pc_2    |         1|
|10    |OSDZU3x_BYOTEE_axi_interconnect_0_imp_auto_pc_3    |         1|
|11    |OSDZU3x_BYOTEE_axi_interconnect_0_imp_auto_us_0    |         1|
|12    |OSDZU3x_BYOTEE_axi_interconnect_0_imp_auto_pc_4    |         1|
|13    |OSDZU3x_BYOTEE_axi_interconnect_0_imp_auto_us_1    |         1|
|14    |OSDZU3x_BYOTEE_axi_interconnect_0_imp_auto_us_2    |         1|
|15    |OSDZU3x_BYOTEE_mdm_1_1                             |         1|
|16    |OSDZU3x_BYOTEE_microblaze_riscv_0_0                |         1|
|17    |OSDZU3x_BYOTEE_axi_gpio_2_0                        |         1|
|18    |OSDZU3x_BYOTEE_axi_gpio_0_0                        |         1|
|19    |OSDZU3x_BYOTEE_rst_ps8_0_99M_0                     |         1|
|20    |OSDZU3x_BYOTEE_axi_interconnect_1_imp_xbar_0       |         1|
|21    |OSDZU3x_BYOTEE_ultra_ps_0_axi_periph_imp_auto_ds_0 |         1|
|22    |OSDZU3x_BYOTEE_ultra_ps_0_axi_periph_imp_auto_pc_0 |         1|
|23    |OSDZU3x_BYOTEE_zynq_ultra_ps_e_0_1                 |         1|
|24    |OSDZU3x_BYOTEE_dlmb_bram_if_cntlr_1                |         1|
|25    |OSDZU3x_BYOTEE_dlmb_v10_1                          |         1|
|26    |OSDZU3x_BYOTEE_ilmb_bram_if_cntlr_1                |         1|
|27    |OSDZU3x_BYOTEE_ilmb_v10_1                          |         1|
|28    |OSDZU3x_BYOTEE_lmb_bram_1                          |         1|
+------+---------------------------------------------------+----------+

Report Cell Usage: 
+------+-------------------------------------------------+------+
|      |Cell                                             |Count |
+------+-------------------------------------------------+------+
|1     |OSDZU3x_BYOTEE_axi_gpio_0                        |     1|
|2     |OSDZU3x_BYOTEE_axi_gpio_1                        |     1|
|3     |OSDZU3x_BYOTEE_axi_gpio_2                        |     1|
|4     |OSDZU3x_BYOTEE_axi_intc_0                        |     1|
|5     |OSDZU3x_BYOTEE_axi_interconnect_0_imp_auto_ds    |     3|
|8     |OSDZU3x_BYOTEE_axi_interconnect_0_imp_auto_pc    |     5|
|13    |OSDZU3x_BYOTEE_axi_interconnect_0_imp_auto_us    |     3|
|16    |OSDZU3x_BYOTEE_axi_interconnect_0_imp_xbar       |     1|
|17    |OSDZU3x_BYOTEE_axi_interconnect_1_imp_xbar       |     1|
|18    |OSDZU3x_BYOTEE_dlmb_bram_if_cntlr                |     1|
|19    |OSDZU3x_BYOTEE_dlmb_v10                          |     1|
|20    |OSDZU3x_BYOTEE_ilmb_bram_if_cntlr                |     1|
|21    |OSDZU3x_BYOTEE_ilmb_v10                          |     1|
|22    |OSDZU3x_BYOTEE_lmb_bram                          |     1|
|23    |OSDZU3x_BYOTEE_mdm_1                             |     1|
|24    |OSDZU3x_BYOTEE_microblaze_riscv_0                |     1|
|25    |OSDZU3x_BYOTEE_rst_ps8_0_99M                     |     1|
|26    |OSDZU3x_BYOTEE_ultra_ps_0_axi_periph_imp_auto_ds |     1|
|27    |OSDZU3x_BYOTEE_ultra_ps_0_axi_periph_imp_auto_pc |     1|
|28    |OSDZU3x_BYOTEE_zynq_ultra_ps_e_0                 |     1|
|29    |IOBUF                                            |     8|
+------+-------------------------------------------------+------+
---------------------------------------------------------------------------------
Finished Writing Synthesis Report : Time (s): cpu = 00:00:15 ; elapsed = 00:00:15 . Memory (MB): peak = 3798.160 ; gain = 1118.859 ; free physical = 32927 ; free virtual = 55576
---------------------------------------------------------------------------------
Synthesis finished with 0 errors, 0 critical warnings and 31 warnings.
Synthesis Optimization Runtime : Time (s): cpu = 00:00:12 ; elapsed = 00:00:12 . Memory (MB): peak = 3798.160 ; gain = 1052.961 ; free physical = 32927 ; free virtual = 55576
Synthesis Optimization Complete : Time (s): cpu = 00:00:15 ; elapsed = 00:00:16 . Memory (MB): peak = 3798.160 ; gain = 1118.859 ; free physical = 32927 ; free virtual = 55576
INFO: [Project 1-571] Translating synthesized netlist
Netlist sorting complete. Time (s): cpu = 00:00:00.02 ; elapsed = 00:00:00.02 . Memory (MB): peak = 3798.160 ; gain = 0.000 ; free physical = 33066 ; free virtual = 55716
INFO: [Netlist 29-17] Analyzing 8 Unisim elements for replacement
INFO: [Netlist 29-28] Unisim Transformation completed in 0 CPU seconds
INFO: [Project 1-570] Preparing netlist for logic optimization
INFO: [Opt 31-138] Pushed 0 inverter(s) to 0 load pin(s).
Netlist sorting complete. Time (s): cpu = 00:00:00 ; elapsed = 00:00:00 . Memory (MB): peak = 3798.160 ; gain = 0.000 ; free physical = 33072 ; free virtual = 55723
INFO: [Project 1-111] Unisim Transformation Summary:
  A total of 8 instances were transformed.
  IOBUF => IOBUF (IBUFCTRL, INBUF, OBUFT): 8 instances

Synth Design complete | Checksum: b7fb1b0e
INFO: [Common 17-83] Releasing license: Synthesis
122 Infos, 128 Warnings, 0 Critical Warnings and 0 Errors encountered.
synth_design completed successfully
synth_design: Time (s): cpu = 00:00:22 ; elapsed = 00:00:20 . Memory (MB): peak = 3798.160 ; gain = 2048.039 ; free physical = 33072 ; free virtual = 55723
INFO: [Common 17-2834] synth_design peak Physical Memory [PSS] (MB): overall = 2895.660; main = 2895.660; forked = 274.535
INFO: [Common 17-2834] synth_design peak Virtual Memory [VSS] (MB): overall = 4050.648; main = 3724.477; forked = 963.867
Write ShapeDB Complete: Time (s): cpu = 00:00:00 ; elapsed = 00:00:00 . Memory (MB): peak = 3798.160 ; gain = 0.000 ; free physical = 33072 ; free virtual = 55723
INFO: [Common 17-1381] The checkpoint '/home/e/Documents/research/byotee/OSDZU3_Ref_Design/OSDZU3_Ref_Design.runs/synth_1/OSDZU3x_BYOTEE_wrapper.dcp' has been generated.
INFO: [Vivado 12-24828] Executing command : report_utilization -file OSDZU3x_BYOTEE_wrapper_utilization_synth.rpt -pb OSDZU3x_BYOTEE_wrapper_utilization_synth.pb
INFO: [Common 17-206] Exiting Vivado at Mon Sep 22 18:18:37 2025...
