

================================================================
== Vitis HLS Report for 'AXIvideo2MultiPixStream_Pipeline_loop_width'
================================================================
* Date:           Sat Sep  6 13:59:18 2025

* Version:        2025.1 (Build 6135595 on May 21 2025)
* Project:        prj
* Solution:       sol (Vivado IP Flow Target)
* Product family: zynquplus
* Target device:  xczu3eg-sfvc784-1-e


================================================================
== Performance Estimates
================================================================
+ Timing: 
    * Summary: 
    +--------+---------+----------+------------+
    |  Clock |  Target | Estimated| Uncertainty|
    +--------+---------+----------+------------+
    |ap_clk  |  5.00 ns|  1.939 ns|     1.35 ns|
    +--------+---------+----------+------------+

+ Latency: 
    * Summary: 
    +---------+---------+-----------+-----------+-----+------+------------------------------------------------+
    |  Latency (cycles) |   Latency (absolute)  |  Interval  |                    Pipeline                    |
    |   min   |   max   |    min    |    max    | min |  max |                      Type                      |
    +---------+---------+-----------+-----------+-----+------+------------------------------------------------+
    |        3|     3843|  15.000 ns|  19.215 us|    1|  3841|  loop auto-rewind stp (delay=0 clock cycles(s))|
    +---------+---------+-----------+-----------+-----+------+------------------------------------------------+

    + Detail: 
        * Instance: 
        N/A

        * Loop: 
        +--------------+---------+---------+----------+-----------+-----------+----------+----------+
        |              |  Latency (cycles) | Iteration|  Initiation Interval  |   Trip   |          |
        |   Loop Name  |   min   |   max   |  Latency |  achieved |   target  |   Count  | Pipelined|
        +--------------+---------+---------+----------+-----------+-----------+----------+----------+
        |- loop_width  |        1|     3841|         3|          1|          1|  0 ~ 3840|       yes|
        +--------------+---------+---------+----------+-----------+-----------+----------+----------+



================================================================
== Utilization Estimates
================================================================
* Summary: 
+-----------------+---------+-----+--------+-------+-----+
|       Name      | BRAM_18K| DSP |   FF   |  LUT  | URAM|
+-----------------+---------+-----+--------+-------+-----+
|DSP              |        -|    -|       -|      -|    -|
|Expression       |        -|    -|       0|     52|    -|
|FIFO             |        -|    -|       -|      -|    -|
|Instance         |        -|    -|       -|      -|    -|
|Memory           |        -|    -|       -|      -|    -|
|Multiplexer      |        -|    -|       0|    108|    -|
|Register         |        -|    -|      46|      -|    -|
+-----------------+---------+-----+--------+-------+-----+
|Total            |        0|    0|      46|    160|    0|
+-----------------+---------+-----+--------+-------+-----+
|Available        |      432|  360|  141120|  70560|    0|
+-----------------+---------+-----+--------+-------+-----+
|Utilization (%)  |        0|    0|      ~0|     ~0|    0|
+-----------------+---------+-----+--------+-------+-----+

+ Detail: 
    * Instance: 
    N/A

    * DSP: 
    N/A

    * Memory: 
    N/A

    * FIFO: 
    N/A

    * Expression: 
    +----------------------------------+----------+----+---+----+------------+------------+
    |           Variable Name          | Operation| DSP| FF| LUT| Bitwidth P0| Bitwidth P1|
    +----------------------------------+----------+----+---+----+------------+------------+
    |j_4_fu_202_p2                     |         +|   0|  0|  19|          12|           1|
    |ap_block_state2_pp0_stage0_iter1  |       and|   0|  0|   2|           1|           1|
    |ap_block_state3_pp0_stage0_iter2  |       and|   0|  0|   2|           1|           1|
    |ap_condition_259                  |       and|   0|  0|   2|           1|           1|
    |ap_predicate_op39_read_state2     |       and|   0|  0|   2|           1|           1|
    |icmp_ln3391_fu_196_p2             |      icmp|   0|  0|  19|          12|          12|
    |ap_block_pp0_stage0_01001         |        or|   0|  0|   2|           1|           1|
    |or_ln3395_fu_213_p2               |        or|   0|  0|   2|           1|           1|
    |ap_enable_pp0                     |       xor|   0|  0|   2|           1|           2|
    +----------------------------------+----------+----+---+----+------------+------------+
    |Total                             |          |   0|  0|  52|          31|          21|
    +----------------------------------+----------+----+---+----+------------+------------+

    * Multiplexer: 
    +------------------------------+----+-----------+-----+-----------+
    |             Name             | LUT| Input Size| Bits| Total Bits|
    +------------------------------+----+-----------+-----+-----------+
    |ap_done_int                   |   9|          2|    1|          2|
    |ap_enable_reg_pp0_iter2       |   9|          2|    1|          2|
    |ap_phi_mux_eol_phi_fu_159_p4  |   9|          2|    1|          2|
    |ap_phi_mux_sof_phi_fu_171_p4  |   9|          2|    1|          2|
    |ap_sig_allocacmp_j_3          |   9|          2|   12|         24|
    |axi_data_fu_84                |   9|          2|   24|         48|
    |axi_last_fu_88                |   9|          2|    1|          2|
    |eol_reg_155                   |   9|          2|    1|          2|
    |j_fu_80                       |   9|          2|   12|         24|
    |s_axis_video2_TDATA_blk_n     |   9|          2|    1|          2|
    |sof_reg_167                   |   9|          2|    1|          2|
    |srcLayer2_blk_n               |   9|          2|    1|          2|
    +------------------------------+----+-----------+-----+-----------+
    |Total                         | 108|         24|   57|        114|
    +------------------------------+----+-----------+-----+-----------+

    * Register: 
    +-----------------------------------+----+----+-----+-----------+
    |                Name               | FF | LUT| Bits| Const Bits|
    +-----------------------------------+----+----+-----+-----------+
    |ap_CS_fsm                          |   1|   0|    1|          0|
    |ap_done_reg                        |   1|   0|    1|          0|
    |ap_enable_reg_pp0_iter1            |   1|   0|    1|          0|
    |ap_enable_reg_pp0_iter2            |   1|   0|    1|          0|
    |ap_loop_exit_ready_pp0_iter1_reg   |   1|   0|    1|          0|
    |axi_data_fu_84                     |  24|   0|   24|          0|
    |axi_last_fu_88                     |   1|   0|    1|          0|
    |eol_reg_155                        |   1|   0|    1|          0|
    |icmp_ln3391_reg_275                |   1|   0|    1|          0|
    |icmp_ln3391_reg_275_pp0_iter1_reg  |   1|   0|    1|          0|
    |j_fu_80                            |  12|   0|   12|          0|
    |sof_reg_167                        |   1|   0|    1|          0|
    +-----------------------------------+----+----+-----+-----------+
    |Total                              |  46|   0|   46|          0|
    +-----------------------------------+----+----+-----+-----------+



================================================================
== Interface
================================================================
* Summary: 
+--------------------------+-----+-----+------------+---------------------------------------------+--------------+
|         RTL Ports        | Dir | Bits|  Protocol  |                Source Object                |    C Type    |
+--------------------------+-----+-----+------------+---------------------------------------------+--------------+
|ap_clk                    |   in|    1|  ap_ctrl_hs|  AXIvideo2MultiPixStream_Pipeline_loop_width|  return value|
|ap_rst                    |   in|    1|  ap_ctrl_hs|  AXIvideo2MultiPixStream_Pipeline_loop_width|  return value|
|ap_start                  |   in|    1|  ap_ctrl_hs|  AXIvideo2MultiPixStream_Pipeline_loop_width|  return value|
|ap_done                   |  out|    1|  ap_ctrl_hs|  AXIvideo2MultiPixStream_Pipeline_loop_width|  return value|
|ap_idle                   |  out|    1|  ap_ctrl_hs|  AXIvideo2MultiPixStream_Pipeline_loop_width|  return value|
|ap_ready                  |  out|    1|  ap_ctrl_hs|  AXIvideo2MultiPixStream_Pipeline_loop_width|  return value|
|s_axis_video2_TVALID      |   in|    1|        axis|                       s_axis_video2_V_data_V|       pointer|
|s_axis_video2_TDATA       |   in|   24|        axis|                       s_axis_video2_V_data_V|       pointer|
|srcLayer2_din             |  out|   24|     ap_fifo|                                    srcLayer2|       pointer|
|srcLayer2_full_n          |   in|    1|     ap_fifo|                                    srcLayer2|       pointer|
|srcLayer2_write           |  out|    1|     ap_fifo|                                    srcLayer2|       pointer|
|srcLayer2_num_data_valid  |   in|    3|     ap_fifo|                                    srcLayer2|       pointer|
|srcLayer2_fifo_cap        |   in|    3|     ap_fifo|                                    srcLayer2|       pointer|
|sof_10_i                  |   in|    1|     ap_none|                                     sof_10_i|        scalar|
|axi_last_21_i             |   in|    1|     ap_none|                                axi_last_21_i|        scalar|
|axi_data_17_i             |   in|   24|     ap_none|                                axi_data_17_i|        scalar|
|cols_i                    |   in|   12|     ap_none|                                       cols_i|        scalar|
|s_axis_video2_TREADY      |  out|    1|        axis|                       s_axis_video2_V_dest_V|       pointer|
|s_axis_video2_TDEST       |   in|    1|        axis|                       s_axis_video2_V_dest_V|       pointer|
|s_axis_video2_TKEEP       |   in|    3|        axis|                       s_axis_video2_V_keep_V|       pointer|
|s_axis_video2_TSTRB       |   in|    3|        axis|                       s_axis_video2_V_strb_V|       pointer|
|s_axis_video2_TUSER       |   in|    1|        axis|                       s_axis_video2_V_user_V|       pointer|
|s_axis_video2_TLAST       |   in|    1|        axis|                       s_axis_video2_V_last_V|       pointer|
|s_axis_video2_TID         |   in|    1|        axis|                         s_axis_video2_V_id_V|       pointer|
|eol_i_out                 |  out|    1|      ap_vld|                                    eol_i_out|       pointer|
|eol_i_out_ap_vld          |  out|    1|      ap_vld|                                    eol_i_out|       pointer|
|axi_data_18_i_out         |  out|   24|      ap_vld|                            axi_data_18_i_out|       pointer|
|axi_data_18_i_out_ap_vld  |  out|    1|      ap_vld|                            axi_data_18_i_out|       pointer|
+--------------------------+-----+-----+------------+---------------------------------------------+--------------+

