

================================================================
== Vitis HLS Report for 'AXIvideo2MultiPixStream'
================================================================
* Date:           Sat Sep  6 13:59:19 2025

* Version:        2025.1 (Build 6135595 on May 21 2025)
* Project:        prj
* Solution:       sol (Vivado IP Flow Target)
* Product family: zynquplus
* Target device:  xczu3eg-sfvc784-1-e


================================================================
== Performance Estimates
================================================================
+ Timing: 
    * Summary: 
    +--------+---------+----------+------------+
    |  Clock |  Target | Estimated| Uncertainty|
    +--------+---------+----------+------------+
    |ap_clk  |  5.00 ns|  2.412 ns|     1.35 ns|
    +--------+---------+----------+------------+

+ Latency: 
    * Summary: 
    +---------+---------+-----------+-----------+-----+---------+---------+
    |  Latency (cycles) |   Latency (absolute)  |    Interval   | Pipeline|
    |   min   |   max   |    min    |    max    | min |   max   |   Type  |
    +---------+---------+-----------+-----------+-----+---------+---------+
    |        2|  8316006|  10.000 ns|  41.580 ms|    2|  8316006|       no|
    +---------+---------+-----------+-----------+-----+---------+---------+

    + Detail: 
        * Instance: 
        +-----------------------------------------------------------------+------------------------------------------------------+---------+---------+-----------+-----------+-----+------+------------------------------------------------+
        |                                                                 |                                                      |  Latency (cycles) |   Latency (absolute)  |  Interval  |                    Pipeline                    |
        |                             Instance                            |                        Module                        |   min   |   max   |    min    |    max    | min |  max |                      Type                      |
        +-----------------------------------------------------------------+------------------------------------------------------+---------+---------+-----------+-----------+-----+------+------------------------------------------------+
        |grp_AXIvideo2MultiPixStream_Pipeline_loop_wait_for_start_fu_140  |AXIvideo2MultiPixStream_Pipeline_loop_wait_for_start  |        2|        2|  10.000 ns|  10.000 ns|    1|     1|  loop auto-rewind stp (delay=0 clock cycles(s))|
        |grp_AXIvideo2MultiPixStream_Pipeline_loop_width_fu_160           |AXIvideo2MultiPixStream_Pipeline_loop_width           |        3|     3843|  15.000 ns|  19.215 us|    1|  3841|  loop auto-rewind stp (delay=0 clock cycles(s))|
        |grp_AXIvideo2MultiPixStream_Pipeline_loop_wait_for_eol_fu_188    |AXIvideo2MultiPixStream_Pipeline_loop_wait_for_eol    |        2|        2|  10.000 ns|  10.000 ns|    1|     1|  loop auto-rewind stp (delay=0 clock cycles(s))|
        |grp_reg_unsigned_short_s_fu_211                                  |reg_unsigned_short_s                                  |        1|        1|   5.000 ns|   5.000 ns|    1|     1|                                             yes|
        |grp_reg_unsigned_short_s_fu_217                                  |reg_unsigned_short_s                                  |        1|        1|   5.000 ns|   5.000 ns|    1|     1|                                             yes|
        +-----------------------------------------------------------------+------------------------------------------------------+---------+---------+-----------+-----------+-----+------+------------------------------------------------+

        * Loop: 
        +---------------+---------+---------+-----------+-----------+-----------+----------+----------+
        |               |  Latency (cycles) | Iteration |  Initiation Interval  |   Trip   |          |
        |   Loop Name   |   min   |   max   |  Latency  |  achieved |   target  |   Count  | Pipelined|
        +---------------+---------+---------+-----------+-----------+-----------+----------+----------+
        |- loop_height  |        0|  8316000|  10 ~ 3850|          -|          -|  0 ~ 2160|        no|
        +---------------+---------+---------+-----------+-----------+-----------+----------+----------+



================================================================
== Utilization Estimates
================================================================
* Summary: 
+-----------------+---------+-----+--------+-------+-----+
|       Name      | BRAM_18K| DSP |   FF   |  LUT  | URAM|
+-----------------+---------+-----+--------+-------+-----+
|DSP              |        -|    -|       -|      -|    -|
|Expression       |        -|    -|       0|     65|    -|
|FIFO             |        -|    -|       -|      -|    -|
|Instance         |        -|    -|      82|    254|    -|
|Memory           |        -|    -|       -|      -|    -|
|Multiplexer      |        -|    -|       0|    128|    -|
|Register         |        -|    -|      82|      -|    -|
+-----------------+---------+-----+--------+-------+-----+
|Total            |        0|    0|     164|    447|    0|
+-----------------+---------+-----+--------+-------+-----+
|Available        |      432|  360|  141120|  70560|    0|
+-----------------+---------+-----+--------+-------+-----+
|Utilization (%)  |        0|    0|      ~0|     ~0|    0|
+-----------------+---------+-----+--------+-------+-----+

+ Detail: 
    * Instance: 
    +-----------------------------------------------------------------+------------------------------------------------------+---------+----+----+-----+-----+
    |                             Instance                            |                        Module                        | BRAM_18K| DSP| FF | LUT | URAM|
    +-----------------------------------------------------------------+------------------------------------------------------+---------+----+----+-----+-----+
    |grp_AXIvideo2MultiPixStream_Pipeline_loop_wait_for_eol_fu_188    |AXIvideo2MultiPixStream_Pipeline_loop_wait_for_eol    |        0|   0|   4|   52|    0|
    |grp_AXIvideo2MultiPixStream_Pipeline_loop_wait_for_start_fu_140  |AXIvideo2MultiPixStream_Pipeline_loop_wait_for_start  |        0|   0|   4|   38|    0|
    |grp_AXIvideo2MultiPixStream_Pipeline_loop_width_fu_160           |AXIvideo2MultiPixStream_Pipeline_loop_width           |        0|   0|  46|  160|    0|
    |grp_reg_unsigned_short_s_fu_211                                  |reg_unsigned_short_s                                  |        0|   0|  14|    2|    0|
    |grp_reg_unsigned_short_s_fu_217                                  |reg_unsigned_short_s                                  |        0|   0|  14|    2|    0|
    +-----------------------------------------------------------------+------------------------------------------------------+---------+----+----+-----+-----+
    |Total                                                            |                                                      |        0|   0|  82|  254|    0|
    +-----------------------------------------------------------------+------------------------------------------------------+---------+----+----+-----+-----+

    * DSP: 
    N/A

    * Memory: 
    N/A

    * FIFO: 
    N/A

    * Expression: 
    +-------------------------+----------+----+---+----+------------+------------+
    |      Variable Name      | Operation| DSP| FF| LUT| Bitwidth P0| Bitwidth P1|
    +-------------------------+----------+----+---+----+------------+------------+
    |i_8_fu_288_p2            |         +|   0|  0|  19|          12|           1|
    |and_ln3436_fu_298_p2     |       and|   0|  0|   2|           1|           1|
    |cmp10403_i_i_fu_269_p2   |      icmp|   0|  0|  19|          12|           1|
    |icmp_ln3387_fu_283_p2    |      icmp|   0|  0|  19|          12|          12|
    |ap_block_state1          |        or|   0|  0|   2|           1|           1|
    |select_ln3436_fu_354_p3  |    select|   0|  0|   2|           1|           1|
    |xor_ln3436_fu_274_p2     |       xor|   0|  0|   2|           1|           2|
    +-------------------------+----------+----+---+----+------------+------------+
    |Total                    |          |   0|  0|  65|          40|          19|
    +-------------------------+----------+----+---+----+------------+------------+

    * Multiplexer: 
    +----------------------+----+-----------+-----+-----------+
    |         Name         | LUT| Input Size| Bits| Total Bits|
    +----------------------+----+-----------+-----+-----------+
    |ap_NS_fsm             |  54|         10|    1|         10|
    |ap_done               |   9|          2|    1|          2|
    |axi_data_fu_92        |   9|          2|   24|         48|
    |axi_last_reg_130      |   9|          2|    1|          2|
    |i_fu_96               |   9|          2|   12|         24|
    |real_start            |   9|          2|    1|          2|
    |s_axis_video2_TREADY  |  20|          4|    1|          4|
    |sof_reg_118           |   9|          2|    1|          2|
    +----------------------+----+-----------+-----+-----------+
    |Total                 | 128|         26|   42|         94|
    +----------------------+----+-----------+-----+-----------+

    * Register: 
    +------------------------------------------------------------------------------+----+----+-----+-----------+
    |                                     Name                                     | FF | LUT| Bits| Const Bits|
    +------------------------------------------------------------------------------+----+----+-----+-----------+
    |HwReg_layerEnableFlag_2_val_read_reg_437                                      |   1|   0|    1|          0|
    |and_ln3436_reg_485                                                            |   1|   0|    1|          0|
    |ap_CS_fsm                                                                     |   9|   0|    9|          0|
    |ap_done_reg                                                                   |   1|   0|    1|          0|
    |axi_data_fu_92                                                                |  24|   0|   24|          0|
    |axi_last_23_i_loc_fu_76                                                       |   1|   0|    1|          0|
    |axi_last_reg_130                                                              |   1|   0|    1|          0|
    |cmp10403_i_i_reg_469                                                          |   1|   0|    1|          0|
    |cols_reg_446                                                                  |  12|   0|   12|          0|
    |grp_AXIvideo2MultiPixStream_Pipeline_loop_wait_for_eol_fu_188_ap_start_reg    |   1|   0|    1|          0|
    |grp_AXIvideo2MultiPixStream_Pipeline_loop_wait_for_start_fu_140_ap_start_reg  |   1|   0|    1|          0|
    |grp_AXIvideo2MultiPixStream_Pipeline_loop_width_fu_160_ap_start_reg           |   1|   0|    1|          0|
    |i_fu_96                                                                       |  12|   0|   12|          0|
    |rows_reg_441                                                                  |  12|   0|   12|          0|
    |select_ln3436_reg_496                                                         |   1|   0|    1|          0|
    |sof_reg_118                                                                   |   1|   0|    1|          0|
    |start_once_reg                                                                |   1|   0|    1|          0|
    |xor_ln3436_reg_474                                                            |   1|   0|    1|          0|
    +------------------------------------------------------------------------------+----+----+-----+-----------+
    |Total                                                                         |  82|   0|   82|          0|
    +------------------------------------------------------------------------------+----+----+-----+-----------+



================================================================
== Interface
================================================================
* Summary: 
+-----------------------------+-----+-----+------------+-----------------------------+--------------+
|          RTL Ports          | Dir | Bits|  Protocol  |        Source Object        |    C Type    |
+-----------------------------+-----+-----+------------+-----------------------------+--------------+
|ap_clk                       |   in|    1|  ap_ctrl_hs|      AXIvideo2MultiPixStream|  return value|
|ap_rst                       |   in|    1|  ap_ctrl_hs|      AXIvideo2MultiPixStream|  return value|
|ap_start                     |   in|    1|  ap_ctrl_hs|      AXIvideo2MultiPixStream|  return value|
|start_full_n                 |   in|    1|  ap_ctrl_hs|      AXIvideo2MultiPixStream|  return value|
|ap_done                      |  out|    1|  ap_ctrl_hs|      AXIvideo2MultiPixStream|  return value|
|ap_continue                  |   in|    1|  ap_ctrl_hs|      AXIvideo2MultiPixStream|  return value|
|ap_idle                      |  out|    1|  ap_ctrl_hs|      AXIvideo2MultiPixStream|  return value|
|ap_ready                     |  out|    1|  ap_ctrl_hs|      AXIvideo2MultiPixStream|  return value|
|start_out                    |  out|    1|  ap_ctrl_hs|      AXIvideo2MultiPixStream|  return value|
|start_write                  |  out|    1|  ap_ctrl_hs|      AXIvideo2MultiPixStream|  return value|
|s_axis_video2_TDATA          |   in|   24|        axis|       s_axis_video2_V_data_V|       pointer|
|s_axis_video2_TVALID         |   in|    1|        axis|       s_axis_video2_V_dest_V|       pointer|
|s_axis_video2_TREADY         |  out|    1|        axis|       s_axis_video2_V_dest_V|       pointer|
|s_axis_video2_TDEST          |   in|    1|        axis|       s_axis_video2_V_dest_V|       pointer|
|s_axis_video2_TKEEP          |   in|    3|        axis|       s_axis_video2_V_keep_V|       pointer|
|s_axis_video2_TSTRB          |   in|    3|        axis|       s_axis_video2_V_strb_V|       pointer|
|s_axis_video2_TUSER          |   in|    1|        axis|       s_axis_video2_V_user_V|       pointer|
|s_axis_video2_TLAST          |   in|    1|        axis|       s_axis_video2_V_last_V|       pointer|
|s_axis_video2_TID            |   in|    1|        axis|         s_axis_video2_V_id_V|       pointer|
|srcLayer2_din                |  out|   24|     ap_fifo|                    srcLayer2|       pointer|
|srcLayer2_full_n             |   in|    1|     ap_fifo|                    srcLayer2|       pointer|
|srcLayer2_write              |  out|    1|     ap_fifo|                    srcLayer2|       pointer|
|srcLayer2_num_data_valid     |   in|    3|     ap_fifo|                    srcLayer2|       pointer|
|srcLayer2_fifo_cap           |   in|    3|     ap_fifo|                    srcLayer2|       pointer|
|HwReg_layerHeight_2_val      |   in|   12|   ap_stable|      HwReg_layerHeight_2_val|        scalar|
|HwReg_layerWidth_2_val       |   in|   12|   ap_stable|       HwReg_layerWidth_2_val|        scalar|
|HwReg_layerEnableFlag_2_val  |   in|    1|   ap_stable|  HwReg_layerEnableFlag_2_val|        scalar|
+-----------------------------+-----+-----+------------+-----------------------------+--------------+

