

================================================================
== Vitis HLS Report for 'AXIvideo2MultiPixStream_1'
================================================================
* Date:           Sat Sep  6 13:59:18 2025

* Version:        2025.1 (Build 6135595 on May 21 2025)
* Project:        prj
* Solution:       sol (Vivado IP Flow Target)
* Product family: zynquplus
* Target device:  xczu3eg-sfvc784-1-e


================================================================
== Performance Estimates
================================================================
+ Timing: 
    * Summary: 
    +--------+---------+----------+------------+
    |  Clock |  Target | Estimated| Uncertainty|
    +--------+---------+----------+------------+
    |ap_clk  |  5.00 ns|  2.412 ns|     1.35 ns|
    +--------+---------+----------+------------+

+ Latency: 
    * Summary: 
    +---------+---------+-----------+-----------+-----+---------+---------+
    |  Latency (cycles) |   Latency (absolute)  |    Interval   | Pipeline|
    |   min   |   max   |    min    |    max    | min |   max   |   Type  |
    +---------+---------+-----------+-----------+-----+---------+---------+
    |        2|  8316006|  10.000 ns|  41.580 ms|    2|  8316006|       no|
    +---------+---------+-----------+-----------+-----+---------+---------+

    + Detail: 
        * Instance: 
        +-------------------------------------------------------------------+--------------------------------------------------------+---------+---------+-----------+-----------+-----+------+------------------------------------------------+
        |                                                                   |                                                        |  Latency (cycles) |   Latency (absolute)  |  Interval  |                    Pipeline                    |
        |                              Instance                             |                         Module                         |   min   |   max   |    min    |    max    | min |  max |                      Type                      |
        +-------------------------------------------------------------------+--------------------------------------------------------+---------+---------+-----------+-----------+-----+------+------------------------------------------------+
        |grp_AXIvideo2MultiPixStream_1_Pipeline_loop_wait_for_start_fu_142  |AXIvideo2MultiPixStream_1_Pipeline_loop_wait_for_start  |        2|        2|  10.000 ns|  10.000 ns|    1|     1|  loop auto-rewind stp (delay=0 clock cycles(s))|
        |grp_AXIvideo2MultiPixStream_1_Pipeline_loop_width_fu_162           |AXIvideo2MultiPixStream_1_Pipeline_loop_width           |        3|     3843|  15.000 ns|  19.215 us|    1|  3841|  loop auto-rewind stp (delay=0 clock cycles(s))|
        |grp_AXIvideo2MultiPixStream_1_Pipeline_loop_wait_for_eol_fu_190    |AXIvideo2MultiPixStream_1_Pipeline_loop_wait_for_eol    |        2|        2|  10.000 ns|  10.000 ns|    1|     1|  loop auto-rewind stp (delay=0 clock cycles(s))|
        |grp_reg_unsigned_short_1_fu_213                                    |reg_unsigned_short_1                                    |        1|        1|   5.000 ns|   5.000 ns|    1|     1|                                             yes|
        |grp_reg_unsigned_short_1_fu_219                                    |reg_unsigned_short_1                                    |        1|        1|   5.000 ns|   5.000 ns|    1|     1|                                             yes|
        +-------------------------------------------------------------------+--------------------------------------------------------+---------+---------+-----------+-----------+-----+------+------------------------------------------------+

        * Loop: 
        +---------------+---------+---------+-----------+-----------+-----------+----------+----------+
        |               |  Latency (cycles) | Iteration |  Initiation Interval  |   Trip   |          |
        |   Loop Name   |   min   |   max   |  Latency  |  achieved |   target  |   Count  | Pipelined|
        +---------------+---------+---------+-----------+-----------+-----------+----------+----------+
        |- loop_height  |        0|  8316000|  10 ~ 3850|          -|          -|  0 ~ 2160|        no|
        +---------------+---------+---------+-----------+-----------+-----------+----------+----------+



================================================================
== Utilization Estimates
================================================================
* Summary: 
+-----------------+---------+-----+--------+-------+-----+
|       Name      | BRAM_18K| DSP |   FF   |  LUT  | URAM|
+-----------------+---------+-----+--------+-------+-----+
|DSP              |        -|    -|       -|      -|    -|
|Expression       |        -|    -|       0|     65|    -|
|FIFO             |        -|    -|       -|      -|    -|
|Instance         |        -|    -|      82|    254|    -|
|Memory           |        -|    -|       -|      -|    -|
|Multiplexer      |        -|    -|       0|    128|    -|
|Register         |        -|    -|      82|      -|    -|
+-----------------+---------+-----+--------+-------+-----+
|Total            |        0|    0|     164|    447|    0|
+-----------------+---------+-----+--------+-------+-----+
|Available        |      432|  360|  141120|  70560|    0|
+-----------------+---------+-----+--------+-------+-----+
|Utilization (%)  |        0|    0|      ~0|     ~0|    0|
+-----------------+---------+-----+--------+-------+-----+

+ Detail: 
    * Instance: 
    +-------------------------------------------------------------------+--------------------------------------------------------+---------+----+----+-----+-----+
    |                              Instance                             |                         Module                         | BRAM_18K| DSP| FF | LUT | URAM|
    +-------------------------------------------------------------------+--------------------------------------------------------+---------+----+----+-----+-----+
    |grp_AXIvideo2MultiPixStream_1_Pipeline_loop_wait_for_eol_fu_190    |AXIvideo2MultiPixStream_1_Pipeline_loop_wait_for_eol    |        0|   0|   4|   52|    0|
    |grp_AXIvideo2MultiPixStream_1_Pipeline_loop_wait_for_start_fu_142  |AXIvideo2MultiPixStream_1_Pipeline_loop_wait_for_start  |        0|   0|   4|   38|    0|
    |grp_AXIvideo2MultiPixStream_1_Pipeline_loop_width_fu_162           |AXIvideo2MultiPixStream_1_Pipeline_loop_width           |        0|   0|  46|  160|    0|
    |grp_reg_unsigned_short_1_fu_213                                    |reg_unsigned_short_1                                    |        0|   0|  14|    2|    0|
    |grp_reg_unsigned_short_1_fu_219                                    |reg_unsigned_short_1                                    |        0|   0|  14|    2|    0|
    +-------------------------------------------------------------------+--------------------------------------------------------+---------+----+----+-----+-----+
    |Total                                                              |                                                        |        0|   0|  82|  254|    0|
    +-------------------------------------------------------------------+--------------------------------------------------------+---------+----+----+-----+-----+

    * DSP: 
    N/A

    * Memory: 
    N/A

    * FIFO: 
    N/A

    * Expression: 
    +-------------------------+----------+----+---+----+------------+------------+
    |      Variable Name      | Operation| DSP| FF| LUT| Bitwidth P0| Bitwidth P1|
    +-------------------------+----------+----+---+----+------------+------------+
    |i_6_fu_290_p2            |         +|   0|  0|  19|          12|           1|
    |and_ln3436_fu_300_p2     |       and|   0|  0|   2|           1|           1|
    |cmp10403_fu_271_p2       |      icmp|   0|  0|  19|          12|           1|
    |icmp_ln3387_fu_285_p2    |      icmp|   0|  0|  19|          12|          12|
    |ap_block_state1          |        or|   0|  0|   2|           1|           1|
    |select_ln3436_fu_356_p3  |    select|   0|  0|   2|           1|           1|
    |xor_ln3436_fu_276_p2     |       xor|   0|  0|   2|           1|           2|
    +-------------------------+----------+----+---+----+------------+------------+
    |Total                    |          |   0|  0|  65|          40|          19|
    +-------------------------+----------+----+---+----+------------+------------+

    * Multiplexer: 
    +---------------------+----+-----------+-----+-----------+
    |         Name        | LUT| Input Size| Bits| Total Bits|
    +---------------------+----+-----------+-----+-----------+
    |ap_NS_fsm            |  54|         10|    1|         10|
    |ap_done              |   9|          2|    1|          2|
    |axi_data_fu_94       |   9|          2|   24|         48|
    |axi_last_12_reg_132  |   9|          2|    1|          2|
    |i_fu_98              |   9|          2|   12|         24|
    |real_start           |   9|          2|    1|          2|
    |s_axis_video_TREADY  |  20|          4|    1|          4|
    |sof_reg_120          |   9|          2|    1|          2|
    +---------------------+----+-----------+-----+-----------+
    |Total                | 128|         26|   42|         94|
    +---------------------+----+-----------+-----+-----------+

    * Register: 
    +--------------------------------------------------------------------------------+----+----+-----+-----------+
    |                                      Name                                      | FF | LUT| Bits| Const Bits|
    +--------------------------------------------------------------------------------+----+----+-----+-----------+
    |and_ln3436_reg_487                                                              |   1|   0|    1|          0|
    |ap_CS_fsm                                                                       |   9|   0|    9|          0|
    |ap_done_reg                                                                     |   1|   0|    1|          0|
    |axi_data_fu_94                                                                  |  24|   0|   24|          0|
    |axi_last_12_reg_132                                                             |   1|   0|    1|          0|
    |axi_last_4_loc_fu_78                                                            |   1|   0|    1|          0|
    |cmp10403_reg_471                                                                |   1|   0|    1|          0|
    |cols_reg_448                                                                    |  12|   0|   12|          0|
    |grp_AXIvideo2MultiPixStream_1_Pipeline_loop_wait_for_eol_fu_190_ap_start_reg    |   1|   0|    1|          0|
    |grp_AXIvideo2MultiPixStream_1_Pipeline_loop_wait_for_start_fu_142_ap_start_reg  |   1|   0|    1|          0|
    |grp_AXIvideo2MultiPixStream_1_Pipeline_loop_width_fu_162_ap_start_reg           |   1|   0|    1|          0|
    |i_fu_98                                                                         |  12|   0|   12|          0|
    |layerEnableFlag_read_reg_439                                                    |   1|   0|    1|          0|
    |rows_reg_443                                                                    |  12|   0|   12|          0|
    |select_ln3436_reg_498                                                           |   1|   0|    1|          0|
    |sof_reg_120                                                                     |   1|   0|    1|          0|
    |start_once_reg                                                                  |   1|   0|    1|          0|
    |xor_ln3436_reg_476                                                              |   1|   0|    1|          0|
    +--------------------------------------------------------------------------------+----+----+-----+-----------+
    |Total                                                                           |  82|   0|   82|          0|
    +--------------------------------------------------------------------------------+----+----+-----+-----------+



================================================================
== Interface
================================================================
* Summary: 
+--------------------------+-----+-----+------------+---------------------------+--------------+
|         RTL Ports        | Dir | Bits|  Protocol  |       Source Object       |    C Type    |
+--------------------------+-----+-----+------------+---------------------------+--------------+
|ap_clk                    |   in|    1|  ap_ctrl_hs|  AXIvideo2MultiPixStream.1|  return value|
|ap_rst                    |   in|    1|  ap_ctrl_hs|  AXIvideo2MultiPixStream.1|  return value|
|ap_start                  |   in|    1|  ap_ctrl_hs|  AXIvideo2MultiPixStream.1|  return value|
|start_full_n              |   in|    1|  ap_ctrl_hs|  AXIvideo2MultiPixStream.1|  return value|
|ap_done                   |  out|    1|  ap_ctrl_hs|  AXIvideo2MultiPixStream.1|  return value|
|ap_continue               |   in|    1|  ap_ctrl_hs|  AXIvideo2MultiPixStream.1|  return value|
|ap_idle                   |  out|    1|  ap_ctrl_hs|  AXIvideo2MultiPixStream.1|  return value|
|ap_ready                  |  out|    1|  ap_ctrl_hs|  AXIvideo2MultiPixStream.1|  return value|
|start_out                 |  out|    1|  ap_ctrl_hs|  AXIvideo2MultiPixStream.1|  return value|
|start_write               |  out|    1|  ap_ctrl_hs|  AXIvideo2MultiPixStream.1|  return value|
|s_axis_video_TDATA        |   in|   24|        axis|      s_axis_video_V_data_V|       pointer|
|s_axis_video_TVALID       |   in|    1|        axis|      s_axis_video_V_dest_V|       pointer|
|s_axis_video_TREADY       |  out|    1|        axis|      s_axis_video_V_dest_V|       pointer|
|s_axis_video_TDEST        |   in|    1|        axis|      s_axis_video_V_dest_V|       pointer|
|s_axis_video_TKEEP        |   in|    3|        axis|      s_axis_video_V_keep_V|       pointer|
|s_axis_video_TSTRB        |   in|    3|        axis|      s_axis_video_V_strb_V|       pointer|
|s_axis_video_TUSER        |   in|    1|        axis|      s_axis_video_V_user_V|       pointer|
|s_axis_video_TLAST        |   in|    1|        axis|      s_axis_video_V_last_V|       pointer|
|s_axis_video_TID          |   in|    1|        axis|        s_axis_video_V_id_V|       pointer|
|srcLayer0_din             |  out|   24|     ap_fifo|                  srcLayer0|       pointer|
|srcLayer0_full_n          |   in|    1|     ap_fifo|                  srcLayer0|       pointer|
|srcLayer0_write           |  out|    1|     ap_fifo|                  srcLayer0|       pointer|
|srcLayer0_num_data_valid  |   in|    3|     ap_fifo|                  srcLayer0|       pointer|
|srcLayer0_fifo_cap        |   in|    3|     ap_fifo|                  srcLayer0|       pointer|
|Height                    |   in|   12|   ap_stable|                     Height|        scalar|
|WidthIn                   |   in|   12|   ap_stable|                    WidthIn|        scalar|
|layerEnableFlag           |   in|    1|   ap_stable|            layerEnableFlag|        scalar|
+--------------------------+-----+-----+------------+---------------------------+--------------+

