================================================================
== Design Size Report
================================================================

* Total Instructions per Compilation Phase
+---------------+-----------------------------+--------------+----------------------------------------------------------------------------------------+
| Phase         | Step                        | Instructions | Description                                                                            |
+---------------+-----------------------------+--------------+----------------------------------------------------------------------------------------+
| Compile/Link  |                             | 6,365        | After all functions are compiled and linked into a single design                       |
|               |                             |              |                                                                                        |
| Unroll/Inline |                             |              | After user unroll and inline pragmas are applied                                       |
|               | (1) unroll                  | 3,194        | user unroll pragmas are applied                                                        |
|               | (2) simplification          | 2,121        | simplification of applied user unroll pragmas                                          |
|               | (3) inline                  | 2,179        | user inline pragmas are applied                                                        |
|               | (4) simplification          | 2,175        | simplification of applied user inline pragmas                                          |
|               |                             |              |                                                                                        |
| Array/Struct  |                             |              | After user array partition and struct aggregate/disaggregate pragmas are applied       |
|               | (1) array partition         | 1,637        | user array partition pragmas are applied                                               |
|               | (2) simplification          | 1,585        | simplification of applied user array partition & struct aggregate/disaggregate pragmas |
|               | (3) aggregate/disaggregate  | 1,615        | user struct aggregate/disaggregate pragmas are applied                                 |
|               | (4) array reshape           | 2,009        | apply array reshape pragmas                                                            |
|               | (5) access patterns         | 2,391        | array access pattern optmizations                                                      |
|               |                             |              |                                                                                        |
| Performance   |                             |              | After transformations are applied to meet performance pragma targets                   |
|               | (1) loop simplification     | 2,318        | loop and instruction simplification                                                    |
|               | (2) parallelization         | 2,219        | loops are unrolled or pipelined to meet performance targets                            |
|               | (3) array partition         | 1,992        | arrays are partitioned to meet performance targets                                     |
|               | (4) simplification          | 1,992        | simplification of design after performance transformations                             |
|               |                             |              |                                                                                        |
| HW Transforms |                             |              | After hardware transfomations                                                          |
|               | (1) lowering                | 1,905        | initial conversion to HW specific instructions                                         |
|               | (2) optimizations           | 1,778        | high level synthesis optimizations                                                     |
+---------------+-----------------------------+--------------+----------------------------------------------------------------------------------------+

* Instructions per Function for each Compilation Phase
+---------------------------------------+----------------------+-----------------+----------------+----------------+----------------+----------------+
| Function                              | Location             | Compile/Link    | Unroll/Inline  | Array/Struct   | Performance    | HW Transforms  |
+---------------------------------------+----------------------+-----------------+----------------+----------------+----------------+----------------+
| + v_mix                               | v_mix.cpp:2034       | 6,365           | 2,175          | 2,391          | 1,992          | 1,778          |
|  + VMixHlsDataFlowFunction            | v_mix.cpp:498        | 6,111           | 1,986          | 2,149          | 1,833          | 1,509          |
|   + AXIvideo2MultiPixStream           | v_mix.cpp:3358       | 1,851 (3 calls) |  624 (3 calls) |  819 (3 calls) |  624 (3 calls) |  372 (3 calls) |
|      Scalar                           | hls_video_core.h:196 |   15 (3 calls)  |                |                |                |                |
|      reg<unsigned short>              | x_hls_utils.h:222    |    6 (6 calls)  |    6 (6 calls) |    6 (6 calls) |    6 (6 calls) |   24 (6 calls) |
|    + AXIGetBitFields<24, ap_uint<...  | hls_axi_io.h:83      |  666 (9 calls)  |                |                |                |                |
|       AXIGetBitFields<24, ap_uint<... | hls_axi_io.h:60      |  612 (9 calls)  |                |                |                |                |
|   + v_mix_420_to_422<false>           | v_csc.cpp:58         |  165 (3 calls)  |  132 (3 calls) |   75 (3 calls) |   69 (3 calls) |   96 (3 calls) |
|      Scalar                           | hls_video_core.h:196 |   15 (3 calls)  |                |                |                |                |
|   + v_mix_422_to_444<false>           | v_csc.cpp:87         |  110 (2 calls)  |   88 (2 calls) |   92 (2 calls) |   88 (2 calls) |   84 (2 calls) |
|      Scalar                           | hls_video_core.h:196 |   10 (2 calls)  |                |                |                |                |
|   + v_mix_yuv2rgb<false>              | v_csc.cpp:865        |  110 (2 calls)  |   88 (2 calls) |   50 (2 calls) |   46 (2 calls) |   64 (2 calls) |
|      Scalar                           | hls_video_core.h:196 |   10 (2 calls)  |                |                |                |                |
|   + v_mix_422_to_444<true>            | v_csc.cpp:123        | 1,081           |  235           |  183           |  168           |  147           |
|      Scalar                           | hls_video_core.h:196 |   40 (8 calls)  |                |                |                |                |
|   + v_mix_yuv2rgb<true>               | v_csc.cpp:908        |  511            |  103           |  114           |  112           |  103           |
|      Scalar                           | hls_video_core.h:196 |   10 (2 calls)  |                |                |                |                |
|   + v_mix_upsample<false>             | v_mix.cpp:93         |  110 (2 calls)  |   88 (2 calls) |  134 (2 calls) |  130 (2 calls) |  104 (2 calls) |
|      Scalar                           | hls_video_core.h:196 |   10 (2 calls)  |                |                |                |                |
|   + v_mix_core_alpha<false, fals...   | v_mix.cpp:435        |  309            |  128           |  141           |  128           |  113           |
|      Scalar                           | hls_video_core.h:196 |   20 (4 calls)  |                |                |                |                |
|   + v_mix_core_alpha<true, false...   | v_mix.cpp:361        |  725            |  193           |  193           |  179           |  164           |
|      Scalar                           | hls_video_core.h:196 |   20 (4 calls)  |                |                |                |                |
|      reg<unsigned short>              | x_hls_utils.h:222    |    1            |    1           |    1           |    1           |    4           |
|   + v_mix_rgb2yuv<false>              | v_csc.cpp:1013       |   57            |   44           |   67           |   63           |   50           |
|      Scalar                           | hls_video_core.h:196 |    5            |                |                |                |                |
|   + v_mix_444_to_422<false>           | v_csc.cpp:702        |   57            |   44           |   25           |   21           |   30           |
|      Scalar                           | hls_video_core.h:196 |    5            |                |                |                |                |
|   + v_mix_422_to_420<false>           | v_csc.cpp:493        |   57            |   44           |   25           |   21           |   30           |
|      Scalar                           | hls_video_core.h:196 |    5            |                |                |                |                |
|   + MultiPixStream2AXIvideo           | v_mix.cpp:3458       |  642            |   96           |  161           |  125           |   72           |
|      Scalar                           | hls_video_core.h:196 |    5            |                |                |                |                |
|      reg<unsigned short>              | x_hls_utils.h:222    |    2 (2 calls)  |    2 (2 calls) |    2 (2 calls) |    2 (2 calls) |    8 (2 calls) |
+---------------------------------------+----------------------+-----------------+----------------+----------------+----------------+----------------+

* Design Size Message Settings
+---------------------------------------------+--------+------------------------------------------------------------------+
| Message Setting                             | Value  | Description                                                      |
+---------------------------------------------+--------+------------------------------------------------------------------+
| config_compile -design_size_maximum_warning | 100000 | Show a warning when total design instructions exceeds this value |
+---------------------------------------------+--------+------------------------------------------------------------------+


