

================================================================
== Vitis HLS Report for 'MultiPixStream2AXIvideo'
================================================================
* Date:           Sat Sep  6 13:59:19 2025

* Version:        2025.1 (Build 6135595 on May 21 2025)
* Project:        prj
* Solution:       sol (Vivado IP Flow Target)
* Product family: zynquplus
* Target device:  xczu3eg-sfvc784-1-e


================================================================
== Performance Estimates
================================================================
+ Timing: 
    * Summary: 
    +--------+---------+----------+------------+
    |  Clock |  Target | Estimated| Uncertainty|
    +--------+---------+----------+------------+
    |ap_clk  |  5.00 ns|  2.437 ns|     1.35 ns|
    +--------+---------+----------+------------+

+ Latency: 
    * Summary: 
    +---------+---------+-----------+-----------+-----+---------+---------+
    |  Latency (cycles) |   Latency (absolute)  |    Interval   | Pipeline|
    |   min   |   max   |    min    |    max    | min |   max   |   Type  |
    +---------+---------+-----------+-----------+-----+---------+---------+
    |        2|  8305202|  10.000 ns|  41.526 ms|    2|  8305202|       no|
    +---------+---------+-----------+-----------+-----+---------+---------+

    + Detail: 
        * Instance: 
        +--------------------------------------------------------------+----------------------------------------------------+---------+---------+-----------+-----------+-----+------+------------------------------------------------+
        |                                                              |                                                    |  Latency (cycles) |   Latency (absolute)  |  Interval  |                    Pipeline                    |
        |                           Instance                           |                       Module                       |   min   |   max   |    min    |    max    | min |  max |                      Type                      |
        +--------------------------------------------------------------+----------------------------------------------------+---------+---------+-----------+-----------+-----+------+------------------------------------------------+
        |grp_MultiPixStream2AXIvideo_Pipeline_VITIS_LOOP_3519_3_fu_96  |MultiPixStream2AXIvideo_Pipeline_VITIS_LOOP_3519_3  |        3|     3843|  15.000 ns|  19.215 us|    1|  3841|  loop auto-rewind stp (delay=0 clock cycles(s))|
        |grp_reg_unsigned_short_1_fu_120                               |reg_unsigned_short_1                                |        1|        1|   5.000 ns|   5.000 ns|    1|     1|                                             yes|
        |grp_reg_unsigned_short_1_fu_126                               |reg_unsigned_short_1                                |        1|        1|   5.000 ns|   5.000 ns|    1|     1|                                             yes|
        +--------------------------------------------------------------+----------------------------------------------------+---------+---------+-----------+-----------+-----+------+------------------------------------------------+

        * Loop: 
        +---------------------+---------+---------+----------+-----------+-----------+----------+----------+
        |                     |  Latency (cycles) | Iteration|  Initiation Interval  |   Trip   |          |
        |      Loop Name      |   min   |   max   |  Latency |  achieved |   target  |   Count  | Pipelined|
        +---------------------+---------+---------+----------+-----------+-----------+----------+----------+
        |- VITIS_LOOP_3517_2  |        0|  8305200|  5 ~ 3845|          -|          -|  0 ~ 2160|        no|
        +---------------------+---------+---------+----------+-----------+-----------+----------+----------+



================================================================
== Utilization Estimates
================================================================
* Summary: 
+-----------------+---------+-----+--------+-------+-----+
|       Name      | BRAM_18K| DSP |   FF   |  LUT  | URAM|
+-----------------+---------+-----+--------+-------+-----+
|DSP              |        -|    -|       -|      -|    -|
|Expression       |        -|    -|       0|     83|    -|
|FIFO             |        -|    -|       -|      -|    -|
|Instance         |        -|    -|      47|    133|    -|
|Memory           |        -|    -|       -|      -|    -|
|Multiplexer      |        -|    -|       0|    116|    -|
|Register         |        -|    -|      92|      -|    -|
+-----------------+---------+-----+--------+-------+-----+
|Total            |        0|    0|     139|    332|    0|
+-----------------+---------+-----+--------+-------+-----+
|Available        |      432|  360|  141120|  70560|    0|
+-----------------+---------+-----+--------+-------+-----+
|Utilization (%)  |        0|    0|      ~0|     ~0|    0|
+-----------------+---------+-----+--------+-------+-----+

+ Detail: 
    * Instance: 
    +--------------------------------------------------------------+----------------------------------------------------+---------+----+----+-----+-----+
    |                           Instance                           |                       Module                       | BRAM_18K| DSP| FF | LUT | URAM|
    +--------------------------------------------------------------+----------------------------------------------------+---------+----+----+-----+-----+
    |grp_MultiPixStream2AXIvideo_Pipeline_VITIS_LOOP_3519_3_fu_96  |MultiPixStream2AXIvideo_Pipeline_VITIS_LOOP_3519_3  |        0|   0|  19|  129|    0|
    |grp_reg_unsigned_short_1_fu_120                               |reg_unsigned_short_1                                |        0|   0|  14|    2|    0|
    |grp_reg_unsigned_short_1_fu_126                               |reg_unsigned_short_1                                |        0|   0|  14|    2|    0|
    +--------------------------------------------------------------+----------------------------------------------------+---------+----+----+-----+-----+
    |Total                                                         |                                                    |        0|   0|  47|  133|    0|
    +--------------------------------------------------------------+----------------------------------------------------+---------+----+----+-----+-----+

    * DSP: 
    N/A

    * Memory: 
    N/A

    * FIFO: 
    N/A

    * Expression: 
    +----------------------------------------------------------------------------------+----------+----+---+----+------------+------------+
    |                                   Variable Name                                  | Operation| DSP| FF| LUT| Bitwidth P0| Bitwidth P1|
    +----------------------------------------------------------------------------------+----------+----+---+----+------------+------------+
    |i_2_fu_161_p2                                                                     |         +|   0|  0|  19|          12|           1|
    |sub_fu_141_p2                                                                     |         +|   0|  0|  20|          13|           2|
    |and_ln3517_fu_167_p2                                                              |       and|   0|  0|   2|           1|           1|
    |grp_MultiPixStream2AXIvideo_Pipeline_VITIS_LOOP_3519_3_fu_96_m_axis_video_TREADY  |       and|   0|  0|   2|           1|           1|
    |icmp_ln3517_1_fu_156_p2                                                           |      icmp|   0|  0|  19|          12|          12|
    |icmp_ln3517_fu_147_p2                                                             |      icmp|   0|  0|  19|          12|           1|
    |ap_block_state1                                                                   |        or|   0|  0|   2|           1|           1|
    +----------------------------------------------------------------------------------+----------+----+---+----+------------+------------+
    |Total                                                                             |          |   0|  0|  83|          52|          19|
    +----------------------------------------------------------------------------------+----------+----+---+----+------------+------------+

    * Multiplexer: 
    +--------------------+----+-----------+-----+-----------+
    |        Name        | LUT| Input Size| Bits| Total Bits|
    +--------------------+----+-----------+-----+-----------+
    |ap_NS_fsm           |  26|          5|    1|          5|
    |ap_done             |   9|          2|    1|          2|
    |i_fu_68             |   9|          2|   12|         24|
    |m_axis_video_TDATA  |   9|          2|   24|         48|
    |m_axis_video_TDEST  |   9|          2|    1|          2|
    |m_axis_video_TID    |   9|          2|    1|          2|
    |m_axis_video_TKEEP  |   9|          2|    3|          6|
    |m_axis_video_TLAST  |   9|          2|    1|          2|
    |m_axis_video_TSTRB  |   9|          2|    3|          6|
    |m_axis_video_TUSER  |   9|          2|    1|          2|
    |sof_reg_84          |   9|          2|    1|          2|
    +--------------------+----+-----------+-----+-----------+
    |Total               | 116|         25|   49|        101|
    +--------------------+----+-----------+-----+-----------+

    * Register: 
    +---------------------------------------------------------------------------+----+----+-----+-----------+
    |                                    Name                                   | FF | LUT| Bits| Const Bits|
    +---------------------------------------------------------------------------+----+----+-----+-----------+
    |and_ln3517_reg_217                                                         |   1|   0|    1|          0|
    |ap_CS_fsm                                                                  |   4|   0|    4|          0|
    |ap_done_reg                                                                |   1|   0|    1|          0|
    |cols_reg_199                                                               |  12|   0|   12|          0|
    |grp_MultiPixStream2AXIvideo_Pipeline_VITIS_LOOP_3519_3_fu_96_ap_start_reg  |   1|   0|    1|          0|
    |i_fu_68                                                                    |  12|   0|   12|          0|
    |icmp_ln3517_reg_209                                                        |   1|   0|    1|          0|
    |m_axis_video_TDATA_reg                                                     |  24|   0|   24|          0|
    |m_axis_video_TDEST_reg                                                     |   1|   0|    1|          0|
    |m_axis_video_TID_reg                                                       |   1|   0|    1|          0|
    |m_axis_video_TKEEP_reg                                                     |   3|   0|    3|          0|
    |m_axis_video_TLAST_reg                                                     |   1|   0|    1|          0|
    |m_axis_video_TSTRB_reg                                                     |   3|   0|    3|          0|
    |m_axis_video_TUSER_reg                                                     |   1|   0|    1|          0|
    |rows_reg_194                                                               |  12|   0|   12|          0|
    |sof_reg_84                                                                 |   1|   0|    1|          0|
    |sub_reg_204                                                                |  13|   0|   13|          0|
    +---------------------------------------------------------------------------+----+----+-----+-----------+
    |Total                                                                      |  92|   0|   92|          0|
    +---------------------------------------------------------------------------+----+----+-----+-----------+



================================================================
== Interface
================================================================
* Summary: 
+-----------------------+-----+-----+------------+-------------------------+--------------+
|       RTL Ports       | Dir | Bits|  Protocol  |      Source Object      |    C Type    |
+-----------------------+-----+-----+------------+-------------------------+--------------+
|ap_clk                 |   in|    1|  ap_ctrl_hs|  MultiPixStream2AXIvideo|  return value|
|ap_rst                 |   in|    1|  ap_ctrl_hs|  MultiPixStream2AXIvideo|  return value|
|ap_start               |   in|    1|  ap_ctrl_hs|  MultiPixStream2AXIvideo|  return value|
|ap_done                |  out|    1|  ap_ctrl_hs|  MultiPixStream2AXIvideo|  return value|
|ap_continue            |   in|    1|  ap_ctrl_hs|  MultiPixStream2AXIvideo|  return value|
|ap_idle                |  out|    1|  ap_ctrl_hs|  MultiPixStream2AXIvideo|  return value|
|ap_ready               |  out|    1|  ap_ctrl_hs|  MultiPixStream2AXIvideo|  return value|
|out420_dout            |   in|   24|     ap_fifo|                   out420|       pointer|
|out420_empty_n         |   in|    1|     ap_fifo|                   out420|       pointer|
|out420_read            |  out|    1|     ap_fifo|                   out420|       pointer|
|out420_num_data_valid  |   in|    3|     ap_fifo|                   out420|       pointer|
|out420_fifo_cap        |   in|    3|     ap_fifo|                   out420|       pointer|
|m_axis_video_TDATA     |  out|   24|        axis|    m_axis_video_V_data_V|       pointer|
|m_axis_video_TVALID    |  out|    1|        axis|    m_axis_video_V_dest_V|       pointer|
|m_axis_video_TREADY    |   in|    1|        axis|    m_axis_video_V_dest_V|       pointer|
|m_axis_video_TDEST     |  out|    1|        axis|    m_axis_video_V_dest_V|       pointer|
|m_axis_video_TKEEP     |  out|    3|        axis|    m_axis_video_V_keep_V|       pointer|
|m_axis_video_TSTRB     |  out|    3|        axis|    m_axis_video_V_strb_V|       pointer|
|m_axis_video_TUSER     |  out|    1|        axis|    m_axis_video_V_user_V|       pointer|
|m_axis_video_TLAST     |  out|    1|        axis|    m_axis_video_V_last_V|       pointer|
|m_axis_video_TID       |  out|    1|        axis|      m_axis_video_V_id_V|       pointer|
|Height                 |   in|   12|   ap_stable|                   Height|        scalar|
|WidthOut               |   in|   12|   ap_stable|                 WidthOut|        scalar|
+-----------------------+-----+-----+------------+-------------------------+--------------+

