

================================================================
== Vitis HLS Report for 'reg_unsigned_short_12'
================================================================
* Date:           Sat Sep  6 13:59:19 2025

* Version:        2025.1 (Build 6135595 on May 21 2025)
* Project:        prj
* Solution:       sol (Vivado IP Flow Target)
* Product family: zynquplus
* Target device:  xczu3eg-sfvc784-1-e


================================================================
== Performance Estimates
================================================================
+ Timing: 
    * Summary: 
    +--------+---------+----------+------------+
    |  Clock |  Target | Estimated| Uncertainty|
    +--------+---------+----------+------------+
    |ap_clk  |  5.00 ns|      0 ns|     1.35 ns|
    +--------+---------+----------+------------+

+ Latency: 
    * Summary: 
    +---------+---------+----------+----------+-----+-----+---------+
    |  Latency (cycles) |  Latency (absolute) |  Interval | Pipeline|
    |   min   |   max   |    min   |    max   | min | max |   Type  |
    +---------+---------+----------+----------+-----+-----+---------+
    |        1|        1|  5.000 ns|  5.000 ns|    1|    1|      yes|
    +---------+---------+----------+----------+-----+-----+---------+

    + Detail: 
        * Instance: 
        N/A

        * Loop: 
        N/A



================================================================
== Utilization Estimates
================================================================
* Summary: 
+-----------------+---------+-----+--------+-------+-----+
|       Name      | BRAM_18K| DSP |   FF   |  LUT  | URAM|
+-----------------+---------+-----+--------+-------+-----+
|DSP              |        -|    -|       -|      -|    -|
|Expression       |        -|    -|       0|      2|    -|
|FIFO             |        -|    -|       -|      -|    -|
|Instance         |        -|    -|       -|      -|    -|
|Memory           |        -|    -|       -|      -|    -|
|Multiplexer      |        -|    -|       -|      -|    -|
|Register         |        -|    -|      11|      -|    -|
+-----------------+---------+-----+--------+-------+-----+
|Total            |        0|    0|      11|      2|    0|
+-----------------+---------+-----+--------+-------+-----+
|Available        |      432|  360|  141120|  70560|    0|
+-----------------+---------+-----+--------+-------+-----+
|Utilization (%)  |        0|    0|      ~0|     ~0|    0|
+-----------------+---------+-----+--------+-------+-----+

+ Detail: 
    * Instance: 
    N/A

    * DSP: 
    N/A

    * Memory: 
    N/A

    * FIFO: 
    N/A

    * Expression: 
    +---------------+----------+----+---+----+------------+------------+
    | Variable Name | Operation| DSP| FF| LUT| Bitwidth P0| Bitwidth P1|
    +---------------+----------+----+---+----+------------+------------+
    |ap_enable_pp0  |       xor|   0|  0|   2|           1|           2|
    +---------------+----------+----+---+----+------------+------------+
    |Total          |          |   0|  0|   2|           1|           2|
    +---------------+----------+----+---+----+------------+------------+

    * Multiplexer: 
    N/A

    * Register: 
    +-------------------------+---+----+-----+-----------+
    |           Name          | FF| LUT| Bits| Const Bits|
    +-------------------------+---+----+-----+-----------+
    |ap_CS_fsm                |  1|   0|    1|          0|
    |ap_enable_reg_pp0_iter1  |  1|   0|    1|          0|
    |ap_port_reg_d            |  9|   0|    9|          0|
    +-------------------------+---+----+-----+-----------+
    |Total                    | 11|   0|   11|          0|
    +-------------------------+---+----+-----+-----------+



================================================================
== Interface
================================================================
* Summary: 
+-----------+-----+-----+------------+-----------------------+--------------+
| RTL Ports | Dir | Bits|  Protocol  |     Source Object     |    C Type    |
+-----------+-----+-----+------------+-----------------------+--------------+
|ap_clk     |   in|    1|  ap_ctrl_hs|  reg<unsigned short>12|  return value|
|ap_rst     |   in|    1|  ap_ctrl_hs|  reg<unsigned short>12|  return value|
|ap_start   |   in|    1|  ap_ctrl_hs|  reg<unsigned short>12|  return value|
|ap_done    |  out|    1|  ap_ctrl_hs|  reg<unsigned short>12|  return value|
|ap_idle    |  out|    1|  ap_ctrl_hs|  reg<unsigned short>12|  return value|
|ap_ready   |  out|    1|  ap_ctrl_hs|  reg<unsigned short>12|  return value|
|ap_return  |  out|    9|  ap_ctrl_hs|  reg<unsigned short>12|  return value|
|d          |   in|    9|   ap_stable|                      d|        scalar|
+-----------+-----+-----+------------+-----------------------+--------------+

