

================================================================
== Vitis HLS Report for 'v_mix_422_to_444_true_s'
================================================================
* Date:           Sat Sep  6 13:59:18 2025

* Version:        2025.1 (Build 6135595 on May 21 2025)
* Project:        prj
* Solution:       sol (Vivado IP Flow Target)
* Product family: zynquplus
* Target device:  xczu3eg-sfvc784-1-e


================================================================
== Performance Estimates
================================================================
+ Timing: 
    * Summary: 
    +--------+---------+----------+------------+
    |  Clock |  Target | Estimated| Uncertainty|
    +--------+---------+----------+------------+
    |ap_clk  |  5.00 ns|  2.314 ns|     1.35 ns|
    +--------+---------+----------+------------+

+ Latency: 
    * Summary: 
    +---------+------------+----------+-----------+-----+------------+---------+
    |   Latency (cycles)   |  Latency (absolute)  |     Interval     | Pipeline|
    |   min   |     max    |    min   |    max    | min |     max    |   Type  |
    +---------+------------+----------+-----------+-----+------------+---------+
    |        1|  1073938426|  5.000 ns|  5.370 sec|    1|  1073938426|       no|
    +---------+------------+----------+-----------+-----+------------+---------+

    + Detail: 
        * Instance: 
        +------------------------------------------------------------+-------------------------------------------------+---------+---------+-----------+----------+-----+-------+------------------------------------------------+
        |                                                            |                                                 |  Latency (cycles) |  Latency (absolute)  |   Interval  |                    Pipeline                    |
        |                          Instance                          |                      Module                     |   min   |   max   |    min    |    max   | min |  max  |                      Type                      |
        +------------------------------------------------------------+-------------------------------------------------+---------+---------+-----------+----------+-----+-------+------------------------------------------------+
        |grp_v_mix_422_to_444_true_Pipeline_VITIS_LOOP_161_2_fu_134  |v_mix_422_to_444_true_Pipeline_VITIS_LOOP_161_2  |        4|    32771|  20.000 ns|  0.164 ms|    1|  32768|  loop auto-rewind stp (delay=0 clock cycles(s))|
        +------------------------------------------------------------+-------------------------------------------------+---------+---------+-----------+----------+-----+-------+------------------------------------------------+

        * Loop: 
        +--------------------+---------+------------+-----------+-----------+-----------+-----------+----------+
        |                    |   Latency (cycles)   | Iteration |  Initiation Interval  |    Trip   |          |
        |      Loop Name     |   min   |     max    |  Latency  |  achieved |   target  |   Count   | Pipelined|
        +--------------------+---------+------------+-----------+-----------+-----------+-----------+----------+
        |- VITIS_LOOP_159_1  |        0|  1073938425|  8 ~ 32775|          -|          -|  0 ~ 32767|        no|
        +--------------------+---------+------------+-----------+-----------+-----------+-----------+----------+



================================================================
== Utilization Estimates
================================================================
* Summary: 
+-----------------+---------+-----+--------+-------+-----+
|       Name      | BRAM_18K| DSP |   FF   |  LUT  | URAM|
+-----------------+---------+-----+--------+-------+-----+
|DSP              |        -|    -|       -|      -|    -|
|Expression       |        -|    -|       0|    101|    -|
|FIFO             |        -|    -|       -|      -|    -|
|Instance         |        -|    -|     161|    537|    -|
|Memory           |        -|    -|       -|      -|    -|
|Multiplexer      |        -|    -|       0|     58|    -|
|Register         |        -|    -|     209|      -|    -|
+-----------------+---------+-----+--------+-------+-----+
|Total            |        0|    0|     370|    696|    0|
+-----------------+---------+-----+--------+-------+-----+
|Available        |      432|  360|  141120|  70560|    0|
+-----------------+---------+-----+--------+-------+-----+
|Utilization (%)  |        0|    0|      ~0|     ~0|    0|
+-----------------+---------+-----+--------+-------+-----+

+ Detail: 
    * Instance: 
    +------------------------------------------------------------+-------------------------------------------------+---------+----+-----+-----+-----+
    |                          Instance                          |                      Module                     | BRAM_18K| DSP|  FF | LUT | URAM|
    +------------------------------------------------------------+-------------------------------------------------+---------+----+-----+-----+-----+
    |grp_v_mix_422_to_444_true_Pipeline_VITIS_LOOP_161_2_fu_134  |v_mix_422_to_444_true_Pipeline_VITIS_LOOP_161_2  |        0|   0|  161|  537|    0|
    +------------------------------------------------------------+-------------------------------------------------+---------+----+-----+-----+-----+
    |Total                                                       |                                                 |        0|   0|  161|  537|    0|
    +------------------------------------------------------------+-------------------------------------------------+---------+----+-----+-----+-----+

    * DSP: 
    N/A

    * Memory: 
    N/A

    * FIFO: 
    N/A

    * Expression: 
    +------------------------+----------+----+---+----+------------+------------+
    |      Variable Name     | Operation| DSP| FF| LUT| Bitwidth P0| Bitwidth P1|
    +------------------------+----------+----+---+----+------------+------------+
    |add_ln159_fu_191_p2     |         +|   0|  0|  22|          15|           1|
    |loopWidth_fu_162_p2     |         +|   0|  0|  23|          16|           3|
    |cmp28336_fu_168_p2      |      icmp|   0|  0|  23|          16|           1|
    |icmp_ln159_fu_186_p2    |      icmp|   0|  0|  23|          16|          16|
    |ap_block_state1         |        or|   0|  0|   2|           1|           1|
    |select_ln159_fu_222_p3  |    select|   0|  0|   8|           1|           8|
    +------------------------+----------+----+---+----+------------+------------+
    |Total                   |          |   0|  0| 101|          65|          30|
    +------------------------+----------+----+---+----+------------+------------+

    * Multiplexer: 
    +------------+----+-----------+-----+-----------+
    |    Name    | LUT| Input Size| Bits| Total Bits|
    +------------+----+-----------+-----+-----------+
    |ap_NS_fsm   |  31|          6|    1|          6|
    |ap_done     |   9|          2|    1|          2|
    |real_start  |   9|          2|    1|          2|
    |y_9_fu_56   |   9|          2|   15|         30|
    +------------+----+-----------+-----+-----------+
    |Total       |  58|         12|   18|         40|
    +------------+----+-----------+-----+-----------+

    * Register: 
    +-------------------------------------------------------------------------+----+----+-----+-----------+
    |                                   Name                                  | FF | LUT| Bits| Const Bits|
    +-------------------------------------------------------------------------+----+----+-----+-----------+
    |ap_CS_fsm                                                                |   5|   0|    5|          0|
    |ap_done_reg                                                              |   1|   0|    1|          0|
    |cmp28336_reg_345                                                         |   1|   0|    1|          0|
    |grp_v_mix_422_to_444_true_Pipeline_VITIS_LOOP_161_2_fu_134_ap_start_reg  |   1|   0|    1|          0|
    |height_read_reg_247                                                      |  16|   0|   16|          0|
    |layerEnableFlag_read_reg_238                                             |   1|   0|    1|          0|
    |loopWidth_reg_258                                                        |  16|   0|   16|          0|
    |p_0_0_0199355388_lcssa450_fu_112                                         |   8|   0|    8|          0|
    |p_0_0_0199355_lcssa407_fu_64                                             |   8|   0|    8|          0|
    |p_0_0_0200353385_lcssa447_fu_108                                         |   8|   0|    8|          0|
    |p_0_0_0200353_lcssa404_fu_60                                             |   8|   0|    8|          0|
    |p_0_0_0206358_lcssa364426_fu_88                                          |   8|   0|    8|          0|
    |p_0_0_0206358_lcssa409_fu_68                                             |   8|   0|    8|          0|
    |p_0_0_0_0_0205_1365_lcssa429_fu_92                                       |   8|   0|    8|          0|
    |p_0_0_0_0_0205_2379_lcssa441_fu_100                                      |   8|   0|    8|          0|
    |p_0_0_0_0_0207_1_lcssa412_fu_72                                          |   8|   0|    8|          0|
    |p_0_0_0_0_0207_2_lcssa417_fu_76                                          |   8|   0|    8|          0|
    |p_0_0_0_0_0207_2_lcssa417_load_reg_353                                   |   8|   0|    8|          0|
    |p_0_0_0_0_0207_3_lcssa420_fu_80                                          |   8|   0|    8|          0|
    |p_0_0_0_0_0207_3_lcssa420_load_reg_358                                   |   8|   0|    8|          0|
    |p_0_0_0_0_0207_4_lcssa423_fu_84                                          |   8|   0|    8|          0|
    |p_0_0_0_0_0207_4_lcssa423_load_reg_363                                   |   8|   0|    8|          0|
    |p_0_0_0_0_0_1372_lcssa435_fu_96                                          |   8|   0|    8|          0|
    |p_0_0_0_0_0_2382_lcssa444_fu_104                                         |   8|   0|    8|          0|
    |start_once_reg                                                           |   1|   0|    1|          0|
    |width_read_reg_242                                                       |  16|   0|   16|          0|
    |y_9_fu_56                                                                |  15|   0|   15|          0|
    +-------------------------------------------------------------------------+----+----+-----+-----------+
    |Total                                                                    | 209|   0|  209|          0|
    +-------------------------------------------------------------------------+----+----+-----+-----------+



================================================================
== Interface
================================================================
* Summary: 
+--------------------------------+-----+-----+------------+------------------------+--------------+
|            RTL Ports           | Dir | Bits|  Protocol  |      Source Object     |    C Type    |
+--------------------------------+-----+-----+------------+------------------------+--------------+
|ap_clk                          |   in|    1|  ap_ctrl_hs|  v_mix_422_to_444<true>|  return value|
|ap_rst                          |   in|    1|  ap_ctrl_hs|  v_mix_422_to_444<true>|  return value|
|ap_start                        |   in|    1|  ap_ctrl_hs|  v_mix_422_to_444<true>|  return value|
|start_full_n                    |   in|    1|  ap_ctrl_hs|  v_mix_422_to_444<true>|  return value|
|ap_done                         |  out|    1|  ap_ctrl_hs|  v_mix_422_to_444<true>|  return value|
|ap_continue                     |   in|    1|  ap_ctrl_hs|  v_mix_422_to_444<true>|  return value|
|ap_idle                         |  out|    1|  ap_ctrl_hs|  v_mix_422_to_444<true>|  return value|
|ap_ready                        |  out|    1|  ap_ctrl_hs|  v_mix_422_to_444<true>|  return value|
|start_out                       |  out|    1|  ap_ctrl_hs|  v_mix_422_to_444<true>|  return value|
|start_write                     |  out|    1|  ap_ctrl_hs|  v_mix_422_to_444<true>|  return value|
|srcLayer1Yuv422_dout            |   in|   24|     ap_fifo|         srcLayer1Yuv422|       pointer|
|srcLayer1Yuv422_empty_n         |   in|    1|     ap_fifo|         srcLayer1Yuv422|       pointer|
|srcLayer1Yuv422_read            |  out|    1|     ap_fifo|         srcLayer1Yuv422|       pointer|
|srcLayer1Yuv422_num_data_valid  |   in|    3|     ap_fifo|         srcLayer1Yuv422|       pointer|
|srcLayer1Yuv422_fifo_cap        |   in|    3|     ap_fifo|         srcLayer1Yuv422|       pointer|
|height                          |   in|   16|   ap_stable|                  height|        scalar|
|width                           |   in|   16|   ap_stable|                   width|        scalar|
|layerEnableFlag                 |   in|    1|   ap_stable|         layerEnableFlag|        scalar|
|srcLayer1Yuv_din                |  out|   24|     ap_fifo|            srcLayer1Yuv|       pointer|
|srcLayer1Yuv_full_n             |   in|    1|     ap_fifo|            srcLayer1Yuv|       pointer|
|srcLayer1Yuv_write              |  out|    1|     ap_fifo|            srcLayer1Yuv|       pointer|
|srcLayer1Yuv_num_data_valid     |   in|   32|     ap_fifo|            srcLayer1Yuv|       pointer|
|srcLayer1Yuv_fifo_cap           |   in|   32|     ap_fifo|            srcLayer1Yuv|       pointer|
+--------------------------------+-----+-----+------------+------------------------+--------------+

