

================================================================
== Vitis HLS Report for 'v_mix_rgb2yuv_false_s'
================================================================
* Date:           Sat Sep  6 13:59:19 2025

* Version:        2025.1 (Build 6135595 on May 21 2025)
* Project:        prj
* Solution:       sol (Vivado IP Flow Target)
* Product family: zynquplus
* Target device:  xczu3eg-sfvc784-1-e


================================================================
== Performance Estimates
================================================================
+ Timing: 
    * Summary: 
    +--------+---------+----------+------------+
    |  Clock |  Target | Estimated| Uncertainty|
    +--------+---------+----------+------------+
    |ap_clk  |  5.00 ns|  3.650 ns|     1.35 ns|
    +--------+---------+----------+------------+

+ Latency: 
    * Summary: 
    +---------+---------+-----------+-----------+------+---------+---------+
    |  Latency (cycles) |   Latency (absolute)  |    Interval    | Pipeline|
    |   min   |   max   |    min    |    max    |  min |   max   |   Type  |
    +---------+---------+-----------+-----------+------+---------+---------+
    |     4353|  8303041|  21.765 us|  41.515 ms|  4353|  8303041|       no|
    +---------+---------+-----------+-----------+------+---------+---------+

    + Detail: 
        * Instance: 
        +----------------------------------------------------------+------------------------------------------------+---------+---------+----------+-----------+-----+------+------------------------------------------------+
        |                                                          |                                                |  Latency (cycles) |  Latency (absolute)  |  Interval  |                    Pipeline                    |
        |                         Instance                         |                     Module                     |   min   |   max   |    min   |    max    | min |  max |                      Type                      |
        +----------------------------------------------------------+------------------------------------------------+---------+---------+----------+-----------+-----+------+------------------------------------------------+
        |grp_v_mix_rgb2yuv_false_Pipeline_VITIS_LOOP_1042_2_fu_62  |v_mix_rgb2yuv_false_Pipeline_VITIS_LOOP_1042_2  |       66|     3842|  0.330 us|  19.210 us|   65|  3841|  loop auto-rewind stp (delay=0 clock cycles(s))|
        +----------------------------------------------------------+------------------------------------------------+---------+---------+----------+-----------+-----+------+------------------------------------------------+

        * Loop: 
        +---------------------+---------+---------+-----------+-----------+-----------+-----------+----------+
        |                     |  Latency (cycles) | Iteration |  Initiation Interval  |    Trip   |          |
        |      Loop Name      |   min   |   max   |  Latency  |  achieved |   target  |   Count   | Pipelined|
        +---------------------+---------+---------+-----------+-----------+-----------+-----------+----------+
        |- VITIS_LOOP_1040_1  |     4352|  8303040|  68 ~ 3844|          -|          -|  64 ~ 2160|        no|
        +---------------------+---------+---------+-----------+-----------+-----------+-----------+----------+



================================================================
== Utilization Estimates
================================================================
* Summary: 
+-----------------+---------+-----+--------+-------+-----+
|       Name      | BRAM_18K| DSP |   FF   |  LUT  | URAM|
+-----------------+---------+-----+--------+-------+-----+
|DSP              |        -|    -|       -|      -|    -|
|Expression       |        -|    -|       0|     40|    -|
|FIFO             |        -|    -|       -|      -|    -|
|Instance         |        -|    -|      15|     98|    -|
|Memory           |        -|    -|       -|      -|    -|
|Multiplexer      |        -|    -|       0|     47|    -|
|Register         |        -|    -|      42|      -|    -|
+-----------------+---------+-----+--------+-------+-----+
|Total            |        0|    0|      57|    185|    0|
+-----------------+---------+-----+--------+-------+-----+
|Available        |      432|  360|  141120|  70560|    0|
+-----------------+---------+-----+--------+-------+-----+
|Utilization (%)  |        0|    0|      ~0|     ~0|    0|
+-----------------+---------+-----+--------+-------+-----+

+ Detail: 
    * Instance: 
    +----------------------------------------------------------+------------------------------------------------+---------+----+----+----+-----+
    |                         Instance                         |                     Module                     | BRAM_18K| DSP| FF | LUT| URAM|
    +----------------------------------------------------------+------------------------------------------------+---------+----+----+----+-----+
    |grp_v_mix_rgb2yuv_false_Pipeline_VITIS_LOOP_1042_2_fu_62  |v_mix_rgb2yuv_false_Pipeline_VITIS_LOOP_1042_2  |        0|   0|  15|  98|    0|
    +----------------------------------------------------------+------------------------------------------------+---------+----+----+----+-----+
    |Total                                                     |                                                |        0|   0|  15|  98|    0|
    +----------------------------------------------------------+------------------------------------------------+---------+----+----+----+-----+

    * DSP: 
    N/A

    * Memory: 
    N/A

    * FIFO: 
    N/A

    * Expression: 
    +----------------------+----------+----+---+----+------------+------------+
    |     Variable Name    | Operation| DSP| FF| LUT| Bitwidth P0| Bitwidth P1|
    +----------------------+----------+----+---+----+------------+------------+
    |y_12_fu_84_p2         |         +|   0|  0|  19|          12|           1|
    |icmp_ln1040_fu_79_p2  |      icmp|   0|  0|  19|          12|          12|
    |ap_block_state1       |        or|   0|  0|   2|           1|           1|
    +----------------------+----------+----+---+----+------------+------------+
    |Total                 |          |   0|  0|  40|          25|          14|
    +----------------------+----------+----+---+----+------------+------------+

    * Multiplexer: 
    +------------+----+-----------+-----+-----------+
    |    Name    | LUT| Input Size| Bits| Total Bits|
    +------------+----+-----------+-----+-----------+
    |ap_NS_fsm   |  20|          4|    1|          4|
    |ap_done     |   9|          2|    1|          2|
    |real_start  |   9|          2|    1|          2|
    |y_fu_46     |   9|          2|   12|         24|
    +------------+----+-----------+-----+-----------+
    |Total       |  47|         10|   15|         32|
    +------------+----+-----------+-----+-----------+

    * Register: 
    +-----------------------------------------------------------------------+----+----+-----+-----------+
    |                                  Name                                 | FF | LUT| Bits| Const Bits|
    +-----------------------------------------------------------------------+----+----+-----+-----------+
    |ap_CS_fsm                                                              |   3|   0|    3|          0|
    |ap_done_reg                                                            |   1|   0|    1|          0|
    |grp_v_mix_rgb2yuv_false_Pipeline_VITIS_LOOP_1042_2_fu_62_ap_start_reg  |   1|   0|    1|          0|
    |height_val_read_reg_107                                                |  12|   0|   12|          0|
    |start_once_reg                                                         |   1|   0|    1|          0|
    |width_val_read_reg_102                                                 |  12|   0|   12|          0|
    |y_fu_46                                                                |  12|   0|   12|          0|
    +-----------------------------------------------------------------------+----+----+-----+-----------+
    |Total                                                                  |  42|   0|   42|          0|
    +-----------------------------------------------------------------------+----+----+-----+-----------+



================================================================
== Interface
================================================================
* Summary: 
+--------------------------+-----+-----+------------+----------------------+--------------+
|         RTL Ports        | Dir | Bits|  Protocol  |     Source Object    |    C Type    |
+--------------------------+-----+-----+------------+----------------------+--------------+
|ap_clk                    |   in|    1|  ap_ctrl_hs|  v_mix_rgb2yuv<false>|  return value|
|ap_rst                    |   in|    1|  ap_ctrl_hs|  v_mix_rgb2yuv<false>|  return value|
|ap_start                  |   in|    1|  ap_ctrl_hs|  v_mix_rgb2yuv<false>|  return value|
|start_full_n              |   in|    1|  ap_ctrl_hs|  v_mix_rgb2yuv<false>|  return value|
|ap_done                   |  out|    1|  ap_ctrl_hs|  v_mix_rgb2yuv<false>|  return value|
|ap_continue               |   in|    1|  ap_ctrl_hs|  v_mix_rgb2yuv<false>|  return value|
|ap_idle                   |  out|    1|  ap_ctrl_hs|  v_mix_rgb2yuv<false>|  return value|
|ap_ready                  |  out|    1|  ap_ctrl_hs|  v_mix_rgb2yuv<false>|  return value|
|start_out                 |  out|    1|  ap_ctrl_hs|  v_mix_rgb2yuv<false>|  return value|
|start_write               |  out|    1|  ap_ctrl_hs|  v_mix_rgb2yuv<false>|  return value|
|outLayer2_dout            |   in|   24|     ap_fifo|             outLayer2|       pointer|
|outLayer2_empty_n         |   in|    1|     ap_fifo|             outLayer2|       pointer|
|outLayer2_read            |  out|    1|     ap_fifo|             outLayer2|       pointer|
|outLayer2_num_data_valid  |   in|    3|     ap_fifo|             outLayer2|       pointer|
|outLayer2_fifo_cap        |   in|    3|     ap_fifo|             outLayer2|       pointer|
|height_val                |   in|   12|   ap_stable|            height_val|        scalar|
|width_val                 |   in|   12|   ap_stable|             width_val|        scalar|
|outYuv_din                |  out|   24|     ap_fifo|                outYuv|       pointer|
|outYuv_full_n             |   in|    1|     ap_fifo|                outYuv|       pointer|
|outYuv_write              |  out|    1|     ap_fifo|                outYuv|       pointer|
|outYuv_num_data_valid     |   in|   32|     ap_fifo|                outYuv|       pointer|
|outYuv_fifo_cap           |   in|   32|     ap_fifo|                outYuv|       pointer|
+--------------------------+-----+-----+------------+----------------------+--------------+

