

================================================================
== Vitis HLS Report for 'v_mix_core_alpha_true_false_Pipeline_VITIS_LOOP_395_3'
================================================================
* Date:           Sat Sep  6 13:59:19 2025

* Version:        2025.1 (Build 6135595 on May 21 2025)
* Project:        prj
* Solution:       sol (Vivado IP Flow Target)
* Product family: zynquplus
* Target device:  xczu3eg-sfvc784-1-e


================================================================
== Performance Estimates
================================================================
+ Timing: 
    * Summary: 
    +--------+---------+----------+------------+
    |  Clock |  Target | Estimated| Uncertainty|
    +--------+---------+----------+------------+
    |ap_clk  |  5.00 ns|  2.656 ns|     1.35 ns|
    +--------+---------+----------+------------+

+ Latency: 
    * Summary: 
    +---------+---------+----------+-----------+-----+------+------------------------------------------------+
    |  Latency (cycles) |  Latency (absolute)  |  Interval  |                    Pipeline                    |
    |   min   |   max   |    min   |    max    | min |  max |                      Type                      |
    +---------+---------+----------+-----------+-----+------+------------------------------------------------+
    |       70|     3846|  0.350 us|  19.230 us|   65|  3841|  loop auto-rewind stp (delay=0 clock cycles(s))|
    +---------+---------+----------+-----------+-----+------+------------------------------------------------+

    + Detail: 
        * Instance: 
        N/A

        * Loop: 
        +--------------------+---------+---------+----------+-----------+-----------+-----------+----------+
        |                    |  Latency (cycles) | Iteration|  Initiation Interval  |    Trip   |          |
        |      Loop Name     |   min   |   max   |  Latency |  achieved |   target  |   Count   | Pipelined|
        +--------------------+---------+---------+----------+-----------+-----------+-----------+----------+
        |- VITIS_LOOP_395_3  |       68|     3844|         6|          1|          1|  64 ~ 3840|       yes|
        +--------------------+---------+---------+----------+-----------+-----------+-----------+----------+



================================================================
== Utilization Estimates
================================================================
* Summary: 
+-----------------+---------+-----+--------+-------+-----+
|       Name      | BRAM_18K| DSP |   FF   |  LUT  | URAM|
+-----------------+---------+-----+--------+-------+-----+
|DSP              |        -|    3|       -|      -|    -|
|Expression       |        -|    -|       0|    155|    -|
|FIFO             |        -|    -|       -|      -|    -|
|Instance         |        -|    -|       -|      -|    -|
|Memory           |        -|    -|       -|      -|    -|
|Multiplexer      |        -|    -|       0|    108|    -|
|Register         |        -|    -|     259|     96|    -|
+-----------------+---------+-----+--------+-------+-----+
|Total            |        0|    3|     259|    359|    0|
+-----------------+---------+-----+--------+-------+-----+
|Available        |      432|  360|  141120|  70560|    0|
+-----------------+---------+-----+--------+-------+-----+
|Utilization (%)  |        0|   ~0|      ~0|     ~0|    0|
+-----------------+---------+-----+--------+-------+-----+

+ Detail: 
    * Instance: 
    N/A

    * DSP: 
    +------------------------------------+-------------------------------+--------------+
    |              Instance              |             Module            |  Expression  |
    +------------------------------------+-------------------------------+--------------+
    |mac_muladd_9ns_9s_16ns_16_4_1_U285  |mac_muladd_9ns_9s_16ns_16_4_1  |  i0 * i1 + i2|
    |mac_muladd_9ns_9s_16ns_16_4_1_U286  |mac_muladd_9ns_9s_16ns_16_4_1  |  i0 * i1 + i2|
    |mac_muladd_9s_9ns_16ns_16_4_1_U284  |mac_muladd_9s_9ns_16ns_16_4_1  |  i0 * i1 + i2|
    +------------------------------------+-------------------------------+--------------+

    * Memory: 
    N/A

    * FIFO: 
    N/A

    * Expression: 
    +----------------------------------+----------+----+---+----+------------+------------+
    |           Variable Name          | Operation| DSP| FF| LUT| Bitwidth P0| Bitwidth P1|
    +----------------------------------+----------+----+---+----+------------+------------+
    |add_ln395_fu_188_p2               |         +|   0|  0|  19|          12|           1|
    |sub_ln426_1_fu_355_p2             |         -|   0|  0|  16|           9|           9|
    |sub_ln426_2_fu_372_p2             |         -|   0|  0|  16|           9|           9|
    |sub_ln426_fu_334_p2               |         -|   0|  0|  16|           9|           9|
    |and_ln407_1_fu_232_p2             |       and|   0|  0|   2|           1|           1|
    |and_ln407_2_fu_226_p2             |       and|   0|  0|   2|           1|           1|
    |and_ln407_3_fu_238_p2             |       and|   0|  0|   2|           1|           1|
    |and_ln407_fu_220_p2               |       and|   0|  0|   2|           1|           1|
    |ap_condition_176                  |       and|   0|  0|   2|           1|           1|
    |ap_condition_178                  |       and|   0|  0|   2|           1|           1|
    |ap_predicate_op44_read_state2     |       and|   0|  0|   2|           1|           1|
    |icmp_ln395_fu_182_p2              |      icmp|   0|  0|  19|          12|          12|
    |icmp_ln408_fu_202_p2              |      icmp|   0|  0|  23|          16|          16|
    |icmp_ln409_fu_214_p2              |      icmp|   0|  0|  24|          17|          17|
    |ap_block_pp0_stage0_01001         |        or|   0|  0|   2|           1|           1|
    |ap_block_state2_pp0_stage0_iter1  |        or|   0|  0|   2|           1|           1|
    |ap_enable_pp0                     |       xor|   0|  0|   2|           1|           2|
    |xor_ln408_fu_208_p2               |       xor|   0|  0|   2|           1|           2|
    +----------------------------------+----------+----+---+----+------------+------------+
    |Total                             |          |   0|  0| 155|          95|          86|
    +----------------------------------+----------+----+---+----+------------+------------+

    * Multiplexer: 
    +--------------------------------+----+-----------+-----+-----------+
    |              Name              | LUT| Input Size| Bits| Total Bits|
    +--------------------------------+----+-----------+-----+-----------+
    |ap_done_int                     |   9|          2|    1|          2|
    |ap_enable_reg_pp0_iter1         |   9|          2|    1|          2|
    |ap_phi_reg_pp0_iter1_a_reg_163  |   9|          2|    9|         18|
    |ap_phi_reg_pp0_iter2_a_reg_163  |   9|          2|    9|         18|
    |ap_sig_allocacmp_x_12           |   9|          2|   12|         24|
    |outLayer1_blk_n                 |   9|          2|    1|          2|
    |outLayer2_blk_n                 |   9|          2|    1|          2|
    |p_out1_o                        |   9|          2|    8|         16|
    |p_out2_o                        |   9|          2|    8|         16|
    |p_out_o                         |   9|          2|    8|         16|
    |srcLayer2x_blk_n                |   9|          2|    1|          2|
    |x_fu_98                         |   9|          2|   12|         24|
    +--------------------------------+----+-----------+-----+-----------+
    |Total                           | 108|         24|   71|        142|
    +--------------------------------+----+-----------+-----+-----------+

    * Register: 
    +----------------------------------+----+----+-----+-----------+
    |               Name               | FF | LUT| Bits| Const Bits|
    +----------------------------------+----+----+-----+-----------+
    |and_ln407_3_reg_484               |   1|   0|    1|          0|
    |ap_CS_fsm                         |   1|   0|    1|          0|
    |ap_done_reg                       |   1|   0|    1|          0|
    |ap_enable_reg_pp0_iter1           |   1|   0|    1|          0|
    |ap_enable_reg_pp0_iter2           |   1|   0|    1|          0|
    |ap_enable_reg_pp0_iter3           |   1|   0|    1|          0|
    |ap_enable_reg_pp0_iter4           |   1|   0|    1|          0|
    |ap_enable_reg_pp0_iter5           |   1|   0|    1|          0|
    |ap_loop_exit_ready_pp0_iter1_reg  |   1|   0|    1|          0|
    |ap_loop_exit_ready_pp0_iter2_reg  |   1|   0|    1|          0|
    |ap_loop_exit_ready_pp0_iter3_reg  |   1|   0|    1|          0|
    |ap_loop_exit_ready_pp0_iter4_reg  |   1|   0|    1|          0|
    |ap_phi_reg_pp0_iter1_a_reg_163    |   9|   0|    9|          0|
    |ap_phi_reg_pp0_iter2_a_reg_163    |   9|   0|    9|          0|
    |icmp_ln395_reg_480                |   1|   0|    1|          0|
    |tmp_1_reg_494                     |   8|   0|    8|          0|
    |tmp_4_reg_500                     |   8|   0|    8|          0|
    |trunc_ln400_reg_488               |   8|   0|    8|          0|
    |x_fu_98                           |  12|   0|   12|          0|
    |tmp_1_reg_494                     |  64|  32|    8|          0|
    |tmp_4_reg_500                     |  64|  32|    8|          0|
    |trunc_ln400_reg_488               |  64|  32|    8|          0|
    +----------------------------------+----+----+-----+-----------+
    |Total                             | 259|  96|   91|          0|
    +----------------------------------+----+----+-----+-----------+



================================================================
== Interface
================================================================
* Summary: 
+---------------------------+-----+-----+------------+---------------------------------------------------------+--------------+
|         RTL Ports         | Dir | Bits|  Protocol  |                      Source Object                      |    C Type    |
+---------------------------+-----+-----+------------+---------------------------------------------------------+--------------+
|ap_clk                     |   in|    1|  ap_ctrl_hs|  v_mix_core_alpha<true, false>_Pipeline_VITIS_LOOP_395_3|  return value|
|ap_rst                     |   in|    1|  ap_ctrl_hs|  v_mix_core_alpha<true, false>_Pipeline_VITIS_LOOP_395_3|  return value|
|ap_start                   |   in|    1|  ap_ctrl_hs|  v_mix_core_alpha<true, false>_Pipeline_VITIS_LOOP_395_3|  return value|
|ap_done                    |  out|    1|  ap_ctrl_hs|  v_mix_core_alpha<true, false>_Pipeline_VITIS_LOOP_395_3|  return value|
|ap_idle                    |  out|    1|  ap_ctrl_hs|  v_mix_core_alpha<true, false>_Pipeline_VITIS_LOOP_395_3|  return value|
|ap_ready                   |  out|    1|  ap_ctrl_hs|  v_mix_core_alpha<true, false>_Pipeline_VITIS_LOOP_395_3|  return value|
|outLayer1_dout             |   in|   24|     ap_fifo|                                                outLayer1|       pointer|
|outLayer1_empty_n          |   in|    1|     ap_fifo|                                                outLayer1|       pointer|
|outLayer1_read             |  out|    1|     ap_fifo|                                                outLayer1|       pointer|
|outLayer1_num_data_valid   |   in|    3|     ap_fifo|                                                outLayer1|       pointer|
|outLayer1_fifo_cap         |   in|    3|     ap_fifo|                                                outLayer1|       pointer|
|srcLayer2x_dout            |   in|   24|     ap_fifo|                                               srcLayer2x|       pointer|
|srcLayer2x_empty_n         |   in|    1|     ap_fifo|                                               srcLayer2x|       pointer|
|srcLayer2x_read            |  out|    1|     ap_fifo|                                               srcLayer2x|       pointer|
|srcLayer2x_num_data_valid  |   in|    3|     ap_fifo|                                               srcLayer2x|       pointer|
|srcLayer2x_fifo_cap        |   in|    3|     ap_fifo|                                               srcLayer2x|       pointer|
|outLayer2_din              |  out|   24|     ap_fifo|                                                outLayer2|       pointer|
|outLayer2_full_n           |   in|    1|     ap_fifo|                                                outLayer2|       pointer|
|outLayer2_write            |  out|    1|     ap_fifo|                                                outLayer2|       pointer|
|outLayer2_num_data_valid   |   in|   32|     ap_fifo|                                                outLayer2|       pointer|
|outLayer2_fifo_cap         |   in|   32|     ap_fifo|                                                outLayer2|       pointer|
|hwReg_width_val            |   in|   12|   ap_stable|                                          hwReg_width_val|        scalar|
|alpha                      |   in|    9|     ap_none|                                                    alpha|        scalar|
|hwReg_layerStartX_2_val    |   in|   16|   ap_stable|                                  hwReg_layerStartX_2_val|        scalar|
|add75                      |   in|   17|   ap_stable|                                                    add75|        scalar|
|cmp65                      |   in|    1|     ap_none|                                                    cmp65|        scalar|
|rev7                       |   in|    1|     ap_none|                                                     rev7|        scalar|
|empty                      |   in|    1|   ap_stable|                                                    empty|        scalar|
|p_out_i                    |   in|    8|     ap_ovld|                                                    p_out|       pointer|
|p_out_o                    |  out|    8|     ap_ovld|                                                    p_out|       pointer|
|p_out_o_ap_vld             |  out|    1|     ap_ovld|                                                    p_out|       pointer|
|p_out1_i                   |   in|    8|     ap_ovld|                                                   p_out1|       pointer|
|p_out1_o                   |  out|    8|     ap_ovld|                                                   p_out1|       pointer|
|p_out1_o_ap_vld            |  out|    1|     ap_ovld|                                                   p_out1|       pointer|
|p_out2_i                   |   in|    8|     ap_ovld|                                                   p_out2|       pointer|
|p_out2_o                   |  out|    8|     ap_ovld|                                                   p_out2|       pointer|
|p_out2_o_ap_vld            |  out|    1|     ap_ovld|                                                   p_out2|       pointer|
+---------------------------+-----+-----+------------+---------------------------------------------------------+--------------+

