

================================================================
== Vitis HLS Report for 'v_mix'
================================================================
* Date:           Sat Sep  6 13:59:19 2025

* Version:        2025.1 (Build 6135595 on May 21 2025)
* Project:        prj
* Solution:       sol (Vivado IP Flow Target)
* Product family: zynquplus
* Target device:  xczu3eg-sfvc784-1-e


================================================================
== Performance Estimates
================================================================
+ Timing: 
    * Summary: 
    +--------+---------+----------+------------+
    |  Clock |  Target | Estimated| Uncertainty|
    +--------+---------+----------+------------+
    |ap_clk  |  5.00 ns|  3.650 ns|     1.35 ns|
    +--------+---------+----------+------------+

+ Latency: 
    * Summary: 
    +---------+------------+-----------+-----------+------+------------+---------+
    |   Latency (cycles)   |   Latency (absolute)  |      Interval     | Pipeline|
    |   min   |     max    |    min    |    max    |  min |     max    |   Type  |
    +---------+------------+-----------+-----------+------+------------+---------+
    |     4635|  1073938437|  23.175 us|  5.370 sec|  4636|  1073938438|       no|
    +---------+------------+-----------+-----------+------+------------+---------+

    + Detail: 
        * Instance: 
        +------------------------------------+-------------------------+---------+------------+-----------+-----------+------+------------+----------+
        |                                    |                         |   Latency (cycles)   |   Latency (absolute)  |      Interval     | Pipeline |
        |              Instance              |          Module         |   min   |     max    |    min    |    max    |  min |     max    |   Type   |
        +------------------------------------+-------------------------+---------+------------+-----------+-----------+------+------------+----------+
        |grp_VMixHlsDataFlowFunction_fu_500  |VMixHlsDataFlowFunction  |     4629|  1073938431|  23.145 us|  5.370 sec|  4611|  1073938427|  dataflow|
        +------------------------------------+-------------------------+---------+------------+-----------+-----------+------+------------+----------+

        * Loop: 
        +---------------------+---------+---------+----------+-----------+-----------+------+----------+
        |                     |  Latency (cycles) | Iteration|  Initiation Interval  | Trip |          |
        |      Loop Name      |   min   |   max   |  Latency |  achieved |   target  | Count| Pipelined|
        +---------------------+---------+---------+----------+-----------+-----------+------+----------+
        |- VITIS_LOOP_2912_1  |        2|        2|         1|          1|          1|     3|       yes|
        +---------------------+---------+---------+----------+-----------+-----------+------+----------+



================================================================
== Utilization Estimates
================================================================
* Summary: 
+-----------------+---------+-----+--------+-------+-----+
|       Name      | BRAM_18K| DSP |   FF   |  LUT  | URAM|
+-----------------+---------+-----+--------+-------+-----+
|DSP              |        -|    -|       -|      -|    -|
|Expression       |        -|    -|       0|     23|    -|
|FIFO             |        -|    -|       -|      -|    -|
|Instance         |        0|    7|    4934|   8258|    0|
|Memory           |        -|    -|       -|      -|    -|
|Multiplexer      |        -|    -|       0|    130|    -|
|Register         |        -|    -|     563|      -|    -|
+-----------------+---------+-----+--------+-------+-----+
|Total            |        0|    7|    5497|   8411|    0|
+-----------------+---------+-----+--------+-------+-----+
|Available        |      432|  360|  141120|  70560|    0|
+-----------------+---------+-----+--------+-------+-----+
|Utilization (%)  |        0|    1|       3|     11|    0|
+-----------------+---------+-----+--------+-------+-----+

+ Detail: 
    * Instance: 
    +------------------------------------+------------------------------+---------+----+------+------+-----+
    |              Instance              |            Module            | BRAM_18K| DSP|  FF  |  LUT | URAM|
    +------------------------------------+------------------------------+---------+----+------+------+-----+
    |CTRL_s_axi_U                        |CTRL_s_axi                    |        0|   0|   520|   744|    0|
    |grp_VMixHlsDataFlowFunction_fu_500  |VMixHlsDataFlowFunction       |        0|   7|  4414|  7451|    0|
    |bitselect_1ns_32ns_2ns_1_1_1_U446   |bitselect_1ns_32ns_2ns_1_1_1  |        0|   0|     0|     9|    0|
    |sparsemux_7_2_16_1_1_U440           |sparsemux_7_2_16_1_1          |        0|   0|     0|     9|    0|
    |sparsemux_7_2_16_1_1_U441           |sparsemux_7_2_16_1_1          |        0|   0|     0|     9|    0|
    |sparsemux_7_2_16_1_1_U442           |sparsemux_7_2_16_1_1          |        0|   0|     0|     9|    0|
    |sparsemux_7_2_16_1_1_U443           |sparsemux_7_2_16_1_1          |        0|   0|     0|     9|    0|
    |sparsemux_7_2_16_1_1_U444           |sparsemux_7_2_16_1_1          |        0|   0|     0|     9|    0|
    |sparsemux_7_2_8_1_1_U445            |sparsemux_7_2_8_1_1           |        0|   0|     0|     9|    0|
    +------------------------------------+------------------------------+---------+----+------+------+-----+
    |Total                               |                              |        0|   7|  4934|  8258|    0|
    +------------------------------------+------------------------------+---------+----+------+------+-----+

    * DSP: 
    N/A

    * Memory: 
    N/A

    * FIFO: 
    N/A

    * Expression: 
    +--------------------------------------------------------+----------+----+---+----+------------+------------+
    |                      Variable Name                     | Operation| DSP| FF| LUT| Bitwidth P0| Bitwidth P1|
    +--------------------------------------------------------+----------+----+---+----+------------+------------+
    |i_fu_721_p2                                             |         +|   0|  0|   9|           2|           1|
    |grp_VMixHlsDataFlowFunction_fu_500_m_axis_video_TREADY  |       and|   0|  0|   2|           1|           1|
    |icmp_ln2912_fu_805_p2                                   |      icmp|   0|  0|  10|           2|           3|
    |ap_sync_grp_VMixHlsDataFlowFunction_fu_500_ap_ready     |        or|   0|  0|   2|           1|           1|
    +--------------------------------------------------------+----------+----+---+----+------------+------------+
    |Total                                                   |          |   0|  0|  23|           6|           6|
    +--------------------------------------------------------+----------+----+---+----+------------+------------+

    * Multiplexer: 
    +-----------------------------------+----+-----------+-----+-----------+
    |                Name               | LUT| Input Size| Bits| Total Bits|
    +-----------------------------------+----+-----------+-----+-----------+
    |ap_NS_fsm                          |  31|          6|    1|          6|
    |i7_fu_296                          |   9|          2|    2|          4|
    |m_axis_video_TDATA_int_regslice    |   9|          2|   24|         48|
    |m_axis_video_TDEST_int_regslice    |   9|          2|    1|          2|
    |m_axis_video_TID_int_regslice      |   9|          2|    1|          2|
    |m_axis_video_TKEEP_int_regslice    |   9|          2|    3|          6|
    |m_axis_video_TLAST_int_regslice    |   9|          2|    1|          2|
    |m_axis_video_TSTRB_int_regslice    |   9|          2|    3|          6|
    |m_axis_video_TUSER_int_regslice    |   9|          2|    1|          2|
    |s_axis_video1_TREADY_int_regslice  |   9|          2|    1|          2|
    |s_axis_video2_TREADY_int_regslice  |   9|          2|    1|          2|
    |s_axis_video_TREADY_int_regslice   |   9|          2|    1|          2|
    +-----------------------------------+----+-----------+-----+-----------+
    |Total                              | 130|         28|   40|         84|
    +-----------------------------------+----+-----------+-----+-----------+

    * Register: 
    +---------------------------------------------------------+----+----+-----+-----------+
    |                           Name                          | FF | LUT| Bits| Const Bits|
    +---------------------------------------------------------+----+----+-----+-----------+
    |ap_CS_fsm                                                |   5|   0|    5|          0|
    |ap_sync_reg_grp_VMixHlsDataFlowFunction_fu_500_ap_done   |   1|   0|    1|          0|
    |ap_sync_reg_grp_VMixHlsDataFlowFunction_fu_500_ap_ready  |   1|   0|    1|          0|
    |empty_88_fu_308                                          |  16|   0|   16|          0|
    |empty_89_fu_312                                          |  16|   0|   16|          0|
    |empty_90_fu_316                                          |  16|   0|   16|          0|
    |empty_91_fu_320                                          |  16|   0|   16|          0|
    |empty_92_fu_324                                          |  16|   0|   16|          0|
    |empty_93_fu_336                                          |   8|   0|    8|          0|
    |empty_94_fu_340                                          |  16|   0|   16|          0|
    |empty_95_fu_344                                          |  16|   0|   16|          0|
    |empty_96_fu_348                                          |  16|   0|   16|          0|
    |empty_97_fu_352                                          |  16|   0|   16|          0|
    |empty_fu_304                                             |   8|   0|    8|          0|
    |grp_VMixHlsDataFlowFunction_fu_500_ap_start_reg          |   1|   0|    1|          0|
    |i7_fu_296                                                |   2|   0|    2|          0|
    |layerAlpha_0_read_reg_1002                               |  16|   0|   16|          0|
    |layerAlpha_1_read_reg_1007                               |  16|   0|   16|          0|
    |layerAlpha_2_read_reg_1012                               |  16|   0|   16|          0|
    |layerEnable_read_reg_967                                 |  32|   0|   32|          0|
    |layerHeight_0_read_reg_1062                              |  16|   0|   16|          0|
    |layerHeight_1_read_reg_1067                              |  16|   0|   16|          0|
    |layerHeight_2_read_reg_1072                              |  16|   0|   16|          0|
    |layerScaleFactor_0_read_reg_1077                         |   8|   0|    8|          0|
    |layerScaleFactor_1_read_reg_1082                         |   8|   0|    8|          0|
    |layerScaleFactor_2_read_reg_1087                         |   8|   0|    8|          0|
    |layerStartX_0_read_reg_1017                              |  16|   0|   16|          0|
    |layerStartX_1_read_reg_1022                              |  16|   0|   16|          0|
    |layerStartX_2_read_reg_1027                              |  16|   0|   16|          0|
    |layerStartY_0_read_reg_1032                              |  16|   0|   16|          0|
    |layerStartY_1_read_reg_1037                              |  16|   0|   16|          0|
    |layerStartY_2_read_reg_1042                              |  16|   0|   16|          0|
    |layerWidth_0_read_reg_1047                               |  16|   0|   16|          0|
    |layerWidth_1_read_reg_1052                               |  16|   0|   16|          0|
    |layerWidth_2_read_reg_1057                               |  16|   0|   16|          0|
    |m_axis_video_TDATA_reg                                   |  24|   0|   24|          0|
    |m_axis_video_TDEST_reg                                   |   1|   0|    1|          0|
    |m_axis_video_TID_reg                                     |   1|   0|    1|          0|
    |m_axis_video_TKEEP_reg                                   |   3|   0|    3|          0|
    |m_axis_video_TLAST_reg                                   |   1|   0|    1|          0|
    |m_axis_video_TSTRB_reg                                   |   3|   0|    3|          0|
    |m_axis_video_TUSER_reg                                   |   1|   0|    1|          0|
    |tobool172_fu_300                                         |   1|   0|    1|          0|
    |tobool56_fu_332                                          |   1|   0|    1|          0|
    |tobool94_fu_328                                          |   1|   0|    1|          0|
    |trunc_ln2034_1_reg_977                                   |   8|   0|    8|          0|
    |trunc_ln2034_2_reg_982                                   |   8|   0|    8|          0|
    |trunc_ln2034_3_reg_987                                   |   8|   0|    8|          0|
    |trunc_ln2034_4_reg_992                                   |  12|   0|   12|          0|
    |trunc_ln2034_5_reg_997                                   |  12|   0|   12|          0|
    |trunc_ln2034_reg_972                                     |   3|   0|    3|          0|
    |trunc_ln2912_reg_1137                                    |   9|   0|    9|          0|
    +---------------------------------------------------------+----+----+-----+-----------+
    |Total                                                    | 563|   0|  563|          0|
    +---------------------------------------------------------+----+----+-----+-----------+



================================================================
== Interface
================================================================
* Summary: 
+---------------------------+-----+-----+------------+------------------------+--------------+
|         RTL Ports         | Dir | Bits|  Protocol  |      Source Object     |    C Type    |
+---------------------------+-----+-----+------------+------------------------+--------------+
|s_axi_CTRL_AWVALID         |   in|    1|       s_axi|                    CTRL|        scalar|
|s_axi_CTRL_AWREADY         |  out|    1|       s_axi|                    CTRL|        scalar|
|s_axi_CTRL_AWADDR          |   in|   12|       s_axi|                    CTRL|        scalar|
|s_axi_CTRL_WVALID          |   in|    1|       s_axi|                    CTRL|        scalar|
|s_axi_CTRL_WREADY          |  out|    1|       s_axi|                    CTRL|        scalar|
|s_axi_CTRL_WDATA           |   in|   32|       s_axi|                    CTRL|        scalar|
|s_axi_CTRL_WSTRB           |   in|    4|       s_axi|                    CTRL|        scalar|
|s_axi_CTRL_ARVALID         |   in|    1|       s_axi|                    CTRL|        scalar|
|s_axi_CTRL_ARREADY         |  out|    1|       s_axi|                    CTRL|        scalar|
|s_axi_CTRL_ARADDR          |   in|   12|       s_axi|                    CTRL|        scalar|
|s_axi_CTRL_RVALID          |  out|    1|       s_axi|                    CTRL|        scalar|
|s_axi_CTRL_RREADY          |   in|    1|       s_axi|                    CTRL|        scalar|
|s_axi_CTRL_RDATA           |  out|   32|       s_axi|                    CTRL|        scalar|
|s_axi_CTRL_RRESP           |  out|    2|       s_axi|                    CTRL|        scalar|
|s_axi_CTRL_BVALID          |  out|    1|       s_axi|                    CTRL|        scalar|
|s_axi_CTRL_BREADY          |   in|    1|       s_axi|                    CTRL|        scalar|
|s_axi_CTRL_BRESP           |  out|    2|       s_axi|                    CTRL|        scalar|
|ap_clk                     |   in|    1|  ap_ctrl_hs|                   v_mix|  return value|
|ap_rst_n                   |   in|    1|  ap_ctrl_hs|                   v_mix|  return value|
|interrupt                  |  out|    1|  ap_ctrl_hs|                   v_mix|  return value|
|s_axis_video_TDATA         |   in|   24|        axis|   s_axis_video_V_data_V|       pointer|
|s_axis_video_TVALID        |   in|    1|        axis|   s_axis_video_V_dest_V|       pointer|
|s_axis_video_TREADY        |  out|    1|        axis|   s_axis_video_V_dest_V|       pointer|
|s_axis_video_TDEST         |   in|    1|        axis|   s_axis_video_V_dest_V|       pointer|
|s_axis_video_TKEEP         |   in|    3|        axis|   s_axis_video_V_keep_V|       pointer|
|s_axis_video_TSTRB         |   in|    3|        axis|   s_axis_video_V_strb_V|       pointer|
|s_axis_video_TUSER         |   in|    1|        axis|   s_axis_video_V_user_V|       pointer|
|s_axis_video_TLAST         |   in|    1|        axis|   s_axis_video_V_last_V|       pointer|
|s_axis_video_TID           |   in|    1|        axis|     s_axis_video_V_id_V|       pointer|
|s_axis_video1_TDATA        |   in|   24|        axis|  s_axis_video1_V_data_V|       pointer|
|s_axis_video1_TVALID       |   in|    1|        axis|  s_axis_video1_V_dest_V|       pointer|
|s_axis_video1_TREADY       |  out|    1|        axis|  s_axis_video1_V_dest_V|       pointer|
|s_axis_video1_TDEST        |   in|    1|        axis|  s_axis_video1_V_dest_V|       pointer|
|s_axis_video1_TKEEP        |   in|    3|        axis|  s_axis_video1_V_keep_V|       pointer|
|s_axis_video1_TSTRB        |   in|    3|        axis|  s_axis_video1_V_strb_V|       pointer|
|s_axis_video1_TUSER        |   in|    1|        axis|  s_axis_video1_V_user_V|       pointer|
|s_axis_video1_TLAST        |   in|    1|        axis|  s_axis_video1_V_last_V|       pointer|
|s_axis_video1_TID          |   in|    1|        axis|    s_axis_video1_V_id_V|       pointer|
|s_axis_video2_TDATA        |   in|   24|        axis|  s_axis_video2_V_data_V|       pointer|
|s_axis_video2_TVALID       |   in|    1|        axis|  s_axis_video2_V_dest_V|       pointer|
|s_axis_video2_TREADY       |  out|    1|        axis|  s_axis_video2_V_dest_V|       pointer|
|s_axis_video2_TDEST        |   in|    1|        axis|  s_axis_video2_V_dest_V|       pointer|
|s_axis_video2_TKEEP        |   in|    3|        axis|  s_axis_video2_V_keep_V|       pointer|
|s_axis_video2_TSTRB        |   in|    3|        axis|  s_axis_video2_V_strb_V|       pointer|
|s_axis_video2_TUSER        |   in|    1|        axis|  s_axis_video2_V_user_V|       pointer|
|s_axis_video2_TLAST        |   in|    1|        axis|  s_axis_video2_V_last_V|       pointer|
|s_axis_video2_TID          |   in|    1|        axis|    s_axis_video2_V_id_V|       pointer|
|layerAlpha_0               |   in|   16|     ap_none|            layerAlpha_0|       pointer|
|layerStartX_0              |   in|   16|     ap_none|           layerStartX_0|       pointer|
|layerStartY_0              |   in|   16|     ap_none|           layerStartY_0|       pointer|
|layerWidth_0               |   in|   16|     ap_none|            layerWidth_0|       pointer|
|layerHeight_0              |   in|   16|     ap_none|           layerHeight_0|       pointer|
|layerScaleFactor_0         |   in|    8|     ap_none|      layerScaleFactor_0|       pointer|
|layerVideoFormat_address0  |  out|    2|   ap_memory|        layerVideoFormat|         array|
|layerVideoFormat_ce0       |  out|    1|   ap_memory|        layerVideoFormat|         array|
|layerVideoFormat_we0       |  out|    1|   ap_memory|        layerVideoFormat|         array|
|layerVideoFormat_d0        |  out|    8|   ap_memory|        layerVideoFormat|         array|
|layerVideoFormat_q0        |   in|    8|   ap_memory|        layerVideoFormat|         array|
|layerVideoFormat_address1  |  out|    2|   ap_memory|        layerVideoFormat|         array|
|layerVideoFormat_ce1       |  out|    1|   ap_memory|        layerVideoFormat|         array|
|layerVideoFormat_we1       |  out|    1|   ap_memory|        layerVideoFormat|         array|
|layerVideoFormat_d1        |  out|    8|   ap_memory|        layerVideoFormat|         array|
|layerVideoFormat_q1        |   in|    8|   ap_memory|        layerVideoFormat|         array|
|layerStride_0              |   in|   16|     ap_none|           layerStride_0|       pointer|
|K11                        |   in|   32|     ap_none|                     K11|        scalar|
|K12                        |   in|   32|     ap_none|                     K12|        scalar|
|K13                        |   in|   32|     ap_none|                     K13|        scalar|
|K21                        |   in|   32|     ap_none|                     K21|        scalar|
|K22                        |   in|   32|     ap_none|                     K22|        scalar|
|K23                        |   in|   32|     ap_none|                     K23|        scalar|
|K31                        |   in|   32|     ap_none|                     K31|        scalar|
|K32                        |   in|   32|     ap_none|                     K32|        scalar|
|K33                        |   in|   32|     ap_none|                     K33|        scalar|
|ROffset                    |   in|   32|     ap_none|                 ROffset|        scalar|
|GOffset                    |   in|   32|     ap_none|                 GOffset|        scalar|
|BOffset                    |   in|   32|     ap_none|                 BOffset|        scalar|
|K11_2                      |   in|   32|     ap_none|                   K11_2|        scalar|
|K12_2                      |   in|   32|     ap_none|                   K12_2|        scalar|
|K13_2                      |   in|   32|     ap_none|                   K13_2|        scalar|
|K21_2                      |   in|   32|     ap_none|                   K21_2|        scalar|
|K22_2                      |   in|   32|     ap_none|                   K22_2|        scalar|
|K23_2                      |   in|   32|     ap_none|                   K23_2|        scalar|
|K31_2                      |   in|   32|     ap_none|                   K31_2|        scalar|
|K32_2                      |   in|   32|     ap_none|                   K32_2|        scalar|
|K33_2                      |   in|   32|     ap_none|                   K33_2|        scalar|
|YOffset                    |   in|   32|     ap_none|                 YOffset|        scalar|
|UOffset                    |   in|   32|     ap_none|                 UOffset|        scalar|
|VOffset                    |   in|   32|     ap_none|                 VOffset|        scalar|
|m_axis_video_TDATA         |  out|   24|        axis|   m_axis_video_V_data_V|       pointer|
|m_axis_video_TVALID        |  out|    1|        axis|   m_axis_video_V_dest_V|       pointer|
|m_axis_video_TREADY        |   in|    1|        axis|   m_axis_video_V_dest_V|       pointer|
|m_axis_video_TDEST         |  out|    1|        axis|   m_axis_video_V_dest_V|       pointer|
|m_axis_video_TKEEP         |  out|    3|        axis|   m_axis_video_V_keep_V|       pointer|
|m_axis_video_TSTRB         |  out|    3|        axis|   m_axis_video_V_strb_V|       pointer|
|m_axis_video_TUSER         |  out|    1|        axis|   m_axis_video_V_user_V|       pointer|
|m_axis_video_TLAST         |  out|    1|        axis|   m_axis_video_V_last_V|       pointer|
|m_axis_video_TID           |  out|    1|        axis|     m_axis_video_V_id_V|       pointer|
+---------------------------+-----+-----+------------+------------------------+--------------+

