

================================================================
== Vitis HLS Report for 'v_mix_upsample_false_s'
================================================================
* Date:           Sat Sep  6 13:59:19 2025

* Version:        2025.1 (Build 6135595 on May 21 2025)
* Project:        prj
* Solution:       sol (Vivado IP Flow Target)
* Product family: zynquplus
* Target device:  xczu3eg-sfvc784-1-e


================================================================
== Performance Estimates
================================================================
+ Timing: 
    * Summary: 
    +--------+---------+----------+------------+
    |  Clock |  Target | Estimated| Uncertainty|
    +--------+---------+----------+------------+
    |ap_clk  |  5.00 ns|  3.650 ns|     1.35 ns|
    +--------+---------+----------+------------+

+ Latency: 
    * Summary: 
    +---------+---------+----------+-----------+-----+---------+---------+
    |  Latency (cycles) |  Latency (absolute)  |    Interval   | Pipeline|
    |   min   |   max   |    min   |    max    | min |   max   |   Type  |
    +---------+---------+----------+-----------+-----+---------+---------+
    |        1|  8303041|  5.000 ns|  41.515 ms|    1|  8303041|       no|
    +---------+---------+----------+-----------+-----+---------+---------+

    + Detail: 
        * Instance: 
        +----------------------------------------------------------+------------------------------------------------+---------+---------+-----------+-----------+-----+------+------------------------------------------------+
        |                                                          |                                                |  Latency (cycles) |   Latency (absolute)  |  Interval  |                    Pipeline                    |
        |                         Instance                         |                     Module                     |   min   |   max   |    min    |    max    | min |  max |                      Type                      |
        +----------------------------------------------------------+------------------------------------------------+---------+---------+-----------+-----------+-----+------+------------------------------------------------+
        |grp_v_mix_upsample_false_Pipeline_VITIS_LOOP_107_2_fu_70  |v_mix_upsample_false_Pipeline_VITIS_LOOP_107_2  |        2|     3842|  10.000 ns|  19.210 us|    1|  3841|  loop auto-rewind stp (delay=0 clock cycles(s))|
        +----------------------------------------------------------+------------------------------------------------+---------+---------+-----------+-----------+-----+------+------------------------------------------------+

        * Loop: 
        +--------------------+---------+---------+----------+-----------+-----------+----------+----------+
        |                    |  Latency (cycles) | Iteration|  Initiation Interval  |   Trip   |          |
        |      Loop Name     |   min   |   max   |  Latency |  achieved |   target  |   Count  | Pipelined|
        +--------------------+---------+---------+----------+-----------+-----------+----------+----------+
        |- VITIS_LOOP_105_1  |        0|  8303040|  4 ~ 3844|          -|          -|  0 ~ 2160|        no|
        +--------------------+---------+---------+----------+-----------+-----------+----------+----------+



================================================================
== Utilization Estimates
================================================================
* Summary: 
+-----------------+---------+-----+--------+-------+-----+
|       Name      | BRAM_18K| DSP |   FF   |  LUT  | URAM|
+-----------------+---------+-----+--------+-------+-----+
|DSP              |        -|    -|       -|      -|    -|
|Expression       |        -|    -|       0|     40|    -|
|FIFO             |        -|    -|       -|      -|    -|
|Instance         |        -|    -|      15|     98|    -|
|Memory           |        -|    -|       -|      -|    -|
|Multiplexer      |        -|    -|       0|     38|    -|
|Register         |        -|    -|      42|      -|    -|
+-----------------+---------+-----+--------+-------+-----+
|Total            |        0|    0|      57|    176|    0|
+-----------------+---------+-----+--------+-------+-----+
|Available        |      432|  360|  141120|  70560|    0|
+-----------------+---------+-----+--------+-------+-----+
|Utilization (%)  |        0|    0|      ~0|     ~0|    0|
+-----------------+---------+-----+--------+-------+-----+

+ Detail: 
    * Instance: 
    +----------------------------------------------------------+------------------------------------------------+---------+----+----+----+-----+
    |                         Instance                         |                     Module                     | BRAM_18K| DSP| FF | LUT| URAM|
    +----------------------------------------------------------+------------------------------------------------+---------+----+----+----+-----+
    |grp_v_mix_upsample_false_Pipeline_VITIS_LOOP_107_2_fu_70  |v_mix_upsample_false_Pipeline_VITIS_LOOP_107_2  |        0|   0|  15|  98|    0|
    +----------------------------------------------------------+------------------------------------------------+---------+----+----+----+-----+
    |Total                                                     |                                                |        0|   0|  15|  98|    0|
    +----------------------------------------------------------+------------------------------------------------+---------+----+----+----+-----+

    * DSP: 
    N/A

    * Memory: 
    N/A

    * FIFO: 
    N/A

    * Expression: 
    +---------------------+----------+----+---+----+------------+------------+
    |    Variable Name    | Operation| DSP| FF| LUT| Bitwidth P0| Bitwidth P1|
    +---------------------+----------+----+---+----+------------+------------+
    |y_10_fu_92_p2        |         +|   0|  0|  19|          12|           1|
    |icmp_ln105_fu_87_p2  |      icmp|   0|  0|  19|          12|          12|
    |ap_block_state1      |        or|   0|  0|   2|           1|           1|
    +---------------------+----------+----+---+----+------------+------------+
    |Total                |          |   0|  0|  40|          25|          14|
    +---------------------+----------+----+---+----+------------+------------+

    * Multiplexer: 
    +-----------+----+-----------+-----+-----------+
    |    Name   | LUT| Input Size| Bits| Total Bits|
    +-----------+----+-----------+-----+-----------+
    |ap_NS_fsm  |  20|          4|    1|          4|
    |ap_done    |   9|          2|    1|          2|
    |y_fu_48    |   9|          2|   12|         24|
    +-----------+----+-----------+-----+-----------+
    |Total      |  38|          8|   14|         30|
    +-----------+----+-----------+-----+-----------+

    * Register: 
    +-----------------------------------------------------------------------+----+----+-----+-----------+
    |                                  Name                                 | FF | LUT| Bits| Const Bits|
    +-----------------------------------------------------------------------+----+----+-----+-----------+
    |HwReg_layerEnableFlag_2_val_read_reg_103                               |   1|   0|    1|          0|
    |HwReg_layerHeight_2_val_read_reg_112                                   |  12|   0|   12|          0|
    |HwReg_layerWidth_2_val_read_reg_107                                    |  12|   0|   12|          0|
    |ap_CS_fsm                                                              |   3|   0|    3|          0|
    |ap_done_reg                                                            |   1|   0|    1|          0|
    |grp_v_mix_upsample_false_Pipeline_VITIS_LOOP_107_2_fu_70_ap_start_reg  |   1|   0|    1|          0|
    |y_fu_48                                                                |  12|   0|   12|          0|
    +-----------------------------------------------------------------------+----+----+-----+-----------+
    |Total                                                                  |  42|   0|   42|          0|
    +-----------------------------------------------------------------------+----+----+-----+-----------+



================================================================
== Interface
================================================================
* Summary: 
+-----------------------------+-----+-----+------------+-----------------------------+--------------+
|          RTL Ports          | Dir | Bits|  Protocol  |        Source Object        |    C Type    |
+-----------------------------+-----+-----+------------+-----------------------------+--------------+
|ap_clk                       |   in|    1|  ap_ctrl_hs|        v_mix_upsample<false>|  return value|
|ap_rst                       |   in|    1|  ap_ctrl_hs|        v_mix_upsample<false>|  return value|
|ap_start                     |   in|    1|  ap_ctrl_hs|        v_mix_upsample<false>|  return value|
|ap_done                      |  out|    1|  ap_ctrl_hs|        v_mix_upsample<false>|  return value|
|ap_continue                  |   in|    1|  ap_ctrl_hs|        v_mix_upsample<false>|  return value|
|ap_idle                      |  out|    1|  ap_ctrl_hs|        v_mix_upsample<false>|  return value|
|ap_ready                     |  out|    1|  ap_ctrl_hs|        v_mix_upsample<false>|  return value|
|srcLayer2Rgb_dout            |   in|   24|     ap_fifo|                 srcLayer2Rgb|       pointer|
|srcLayer2Rgb_empty_n         |   in|    1|     ap_fifo|                 srcLayer2Rgb|       pointer|
|srcLayer2Rgb_read            |  out|    1|     ap_fifo|                 srcLayer2Rgb|       pointer|
|srcLayer2Rgb_num_data_valid  |   in|    3|     ap_fifo|                 srcLayer2Rgb|       pointer|
|srcLayer2Rgb_fifo_cap        |   in|    3|     ap_fifo|                 srcLayer2Rgb|       pointer|
|HwReg_layerHeight_2_val      |   in|   12|   ap_stable|      HwReg_layerHeight_2_val|        scalar|
|HwReg_layerWidth_2_val       |   in|   12|   ap_stable|       HwReg_layerWidth_2_val|        scalar|
|HwReg_layerEnableFlag_2_val  |   in|    1|   ap_stable|  HwReg_layerEnableFlag_2_val|        scalar|
|srcLayer2x_din               |  out|   24|     ap_fifo|                   srcLayer2x|       pointer|
|srcLayer2x_full_n            |   in|    1|     ap_fifo|                   srcLayer2x|       pointer|
|srcLayer2x_write             |  out|    1|     ap_fifo|                   srcLayer2x|       pointer|
|srcLayer2x_num_data_valid    |   in|   32|     ap_fifo|                   srcLayer2x|       pointer|
|srcLayer2x_fifo_cap          |   in|   32|     ap_fifo|                   srcLayer2x|       pointer|
+-----------------------------+-----+-----+------------+-----------------------------+--------------+

