

================================================================
== Vitis HLS Report for 'v_mix_422_to_444_true_Pipeline_VITIS_LOOP_161_2'
================================================================
* Date:           Sat Sep  6 13:59:18 2025

* Version:        2025.1 (Build 6135595 on May 21 2025)
* Project:        prj
* Solution:       sol (Vivado IP Flow Target)
* Product family: zynquplus
* Target device:  xczu3eg-sfvc784-1-e


================================================================
== Performance Estimates
================================================================
+ Timing: 
    * Summary: 
    +--------+---------+----------+------------+
    |  Clock |  Target | Estimated| Uncertainty|
    +--------+---------+----------+------------+
    |ap_clk  |  5.00 ns|  2.314 ns|     1.35 ns|
    +--------+---------+----------+------------+

+ Latency: 
    * Summary: 
    +---------+---------+-----------+----------+-----+-------+------------------------------------------------+
    |  Latency (cycles) |  Latency (absolute)  |   Interval  |                    Pipeline                    |
    |   min   |   max   |    min    |    max   | min |  max  |                      Type                      |
    +---------+---------+-----------+----------+-----+-------+------------------------------------------------+
    |        4|    32771|  20.000 ns|  0.164 ms|    1|  32768|  loop auto-rewind stp (delay=0 clock cycles(s))|
    +---------+---------+-----------+----------+-----+-------+------------------------------------------------+

    + Detail: 
        * Instance: 
        N/A

        * Loop: 
        +--------------------+---------+---------+----------+-----------+-----------+-----------+----------+
        |                    |  Latency (cycles) | Iteration|  Initiation Interval  |    Trip   |          |
        |      Loop Name     |   min   |   max   |  Latency |  achieved |   target  |   Count   | Pipelined|
        +--------------------+---------+---------+----------+-----------+-----------+-----------+----------+
        |- VITIS_LOOP_161_2  |        2|    32769|         4|          1|          1|  0 ~ 32767|       yes|
        +--------------------+---------+---------+----------+-----------+-----------+-----------+----------+



================================================================
== Utilization Estimates
================================================================
* Summary: 
+-----------------+---------+-----+--------+-------+-----+
|       Name      | BRAM_18K| DSP |   FF   |  LUT  | URAM|
+-----------------+---------+-----+--------+-------+-----+
|DSP              |        -|    -|       -|      -|    -|
|Expression       |        -|    -|       0|    325|    -|
|FIFO             |        -|    -|       -|      -|    -|
|Instance         |        -|    -|       -|      -|    -|
|Memory           |        -|    -|       -|      -|    -|
|Multiplexer      |        -|    -|       0|    180|    -|
|Register         |        -|    -|     161|     32|    -|
+-----------------+---------+-----+--------+-------+-----+
|Total            |        0|    0|     161|    537|    0|
+-----------------+---------+-----+--------+-------+-----+
|Available        |      432|  360|  141120|  70560|    0|
+-----------------+---------+-----+--------+-------+-----+
|Utilization (%)  |        0|    0|      ~0|     ~0|    0|
+-----------------+---------+-----+--------+-------+-----+

+ Detail: 
    * Instance: 
    N/A

    * DSP: 
    N/A

    * Memory: 
    N/A

    * FIFO: 
    N/A

    * Expression: 
    +---------------------------------------+----------+----+---+----+------------+------------+
    |             Variable Name             | Operation| DSP| FF| LUT| Bitwidth P0| Bitwidth P1|
    +---------------------------------------+----------+----+---+----+------------+------------+
    |add_ln161_fu_233_p2                    |         +|   0|  0|  22|          15|           1|
    |add_ln167_fu_239_p2                    |         +|   0|  0|  23|          16|           4|
    |add_ln270_1_fu_478_p2                  |         +|   0|  0|  18|           9|           9|
    |add_ln270_fu_472_p2                    |         +|   0|  0|  18|           9|           1|
    |add_ln271_1_fu_508_p2                  |         +|   0|  0|  18|           9|           9|
    |add_ln271_fu_502_p2                    |         +|   0|  0|  18|           9|           1|
    |ap_block_state2_pp0_stage0_iter1_grp1  |       and|   0|  0|   2|           1|           1|
    |ap_block_state4_pp0_stage0_iter3_grp1  |       and|   0|  0|   2|           1|           1|
    |ap_condition_514                       |       and|   0|  0|   2|           1|           1|
    |ap_predicate_op49_read_state2          |       and|   0|  0|   2|           1|           1|
    |cmp111_fu_255_p2                       |      icmp|   0|  0|  22|          15|           1|
    |icmp_ln161_fu_227_p2                   |      icmp|   0|  0|  23|          16|          16|
    |icmp_ln169_fu_245_p2                   |      icmp|   0|  0|  23|          16|          16|
    |ap_block_pp0_stage0_01001_grp1         |        or|   0|  0|   2|           1|           1|
    |conv3_i_i74392_fu_524_p3               |    select|   0|  0|   8|           1|           8|
    |outpix_0_2_0_0_0_load_fu_531_p3        |    select|   0|  0|   8|           1|           8|
    |select_ln177_1_fu_311_p3               |    select|   0|  0|   8|           1|           8|
    |select_ln177_fu_304_p3                 |    select|   0|  0|   8|           1|           8|
    |select_ln222_1_fu_387_p3               |    select|   0|  0|   8|           1|           8|
    |select_ln222_2_fu_394_p3               |    select|   0|  0|   8|           1|           8|
    |select_ln222_3_fu_401_p3               |    select|   0|  0|   8|           1|           8|
    |select_ln222_4_fu_408_p3               |    select|   0|  0|   8|           1|           8|
    |select_ln222_5_fu_415_p3               |    select|   0|  0|   8|           1|           8|
    |select_ln222_fu_380_p3                 |    select|   0|  0|   8|           1|           8|
    |select_ln242_1_fu_429_p3               |    select|   0|  0|   8|           1|           8|
    |select_ln242_2_fu_436_p3               |    select|   0|  0|   8|           1|           8|
    |select_ln242_3_fu_443_p3               |    select|   0|  0|   8|           1|           8|
    |select_ln242_4_fu_450_p3               |    select|   0|  0|   8|           1|           8|
    |select_ln242_5_fu_457_p3               |    select|   0|  0|   8|           1|           8|
    |select_ln242_fu_422_p3                 |    select|   0|  0|   8|           1|           8|
    |ap_enable_pp0                          |       xor|   0|  0|   2|           1|           2|
    +---------------------------------------+----------+----+---+----+------------+------------+
    |Total                                  |          |   0|  0| 325|         136|         193|
    +---------------------------------------+----------+----+---+----+------------+------------+

    * Multiplexer: 
    +----------------------------+----+-----------+-----+-----------+
    |            Name            | LUT| Input Size| Bits| Total Bits|
    +----------------------------+----+-----------+-----+-----------+
    |ap_done_int                 |   9|          2|    1|          2|
    |ap_enable_reg_pp0_iter3     |   9|          2|    1|          2|
    |ap_sig_allocacmp_x_15       |   9|          2|   15|         30|
    |p_0_0_0199354_out_o         |   9|          2|    8|         16|
    |p_0_0_0199355390_out_o      |   9|          2|    8|         16|
    |p_0_0_0200352_out_o         |   9|          2|    8|         16|
    |p_0_0_0200353387_out_o      |   9|          2|    8|         16|
    |p_0_0_0206357_fu_108        |   9|          2|    8|         16|
    |p_0_0_0206358363_fu_124     |   9|          2|    8|         16|
    |p_0_0_0_0_0205_1367_out_o   |   9|          2|    8|         16|
    |p_0_0_0_0_0205_2381_out_o   |   9|          2|    8|         16|
    |p_0_0_0_0_0207_1359_out_o   |   9|          2|    8|         16|
    |p_0_0_0_0_0207_2360_fu_112  |   9|          2|    8|         16|
    |p_0_0_0_0_0207_3361_fu_116  |   9|          2|    8|         16|
    |p_0_0_0_0_0207_4362_fu_120  |   9|          2|    8|         16|
    |p_0_0_0_0_0_1374_out_o      |   9|          2|    8|         16|
    |p_0_0_0_0_0_2384_out_o      |   9|          2|    8|         16|
    |srcLayer1Yuv422_blk_n       |   9|          2|    1|          2|
    |srcLayer1Yuv_blk_n          |   9|          2|    1|          2|
    |x_fu_104                    |   9|          2|   15|         30|
    +----------------------------+----+-----------+-----+-----------+
    |Total                       | 180|         40|  146|        292|
    +----------------------------+----+-----------+-----+-----------+

    * Register: 
    +----------------------------------+----+----+-----+-----------+
    |               Name               | FF | LUT| Bits| Const Bits|
    +----------------------------------+----+----+-----+-----------+
    |CRpix_reg_699                     |   1|   0|    1|          0|
    |CRpix_reg_699_pp0_iter1_reg       |   1|   0|    1|          0|
    |ap_CS_fsm                         |   1|   0|    1|          0|
    |ap_done_reg                       |   1|   0|    1|          0|
    |ap_enable_reg_pp0_iter1           |   1|   0|    1|          0|
    |ap_enable_reg_pp0_iter2           |   1|   0|    1|          0|
    |ap_enable_reg_pp0_iter3           |   1|   0|    1|          0|
    |ap_loop_exit_ready_pp0_iter1_reg  |   1|   0|    1|          0|
    |ap_loop_exit_ready_pp0_iter2_reg  |   1|   0|    1|          0|
    |cmp111_reg_689                    |   1|   0|    1|          0|
    |cmp111_reg_689_pp0_iter1_reg      |   1|   0|    1|          0|
    |conv3_i_i74392_reg_724            |   8|   0|    8|          0|
    |icmp_ln161_reg_675                |   1|   0|    1|          0|
    |icmp_ln161_reg_675_pp0_iter1_reg  |   1|   0|    1|          0|
    |icmp_ln169_reg_679                |   1|   0|    1|          0|
    |odd_col_reg_709                   |   1|   0|    1|          0|
    |odd_col_reg_709_pp0_iter1_reg     |   1|   0|    1|          0|
    |outpix_0_2_0_0_0_load_reg_729     |   8|   0|    8|          0|
    |p_0_0_0206357_fu_108              |   8|   0|    8|          0|
    |p_0_0_0206358363_fu_124           |   8|   0|    8|          0|
    |p_0_0_0_0_0207_2360_fu_112        |   8|   0|    8|          0|
    |p_0_0_0_0_0207_2360_load_reg_719  |   8|   0|    8|          0|
    |p_0_0_0_0_0207_3361_fu_116        |   8|   0|    8|          0|
    |p_0_0_0_0_0207_4362_fu_120        |   8|   0|    8|          0|
    |tmp_reg_715                       |   1|   0|    1|          0|
    |trunc_ln177_reg_683               |   1|   0|    1|          0|
    |x_fu_104                          |  15|   0|   15|          0|
    |tmp_reg_715                       |  64|  32|    1|          0|
    +----------------------------------+----+----+-----+-----------+
    |Total                             | 161|  32|   98|          0|
    +----------------------------------+----+----+-----+-----------+



================================================================
== Interface
================================================================
* Summary: 
+----------------------------------+-----+-----+------------+--------------------------------------------------+--------------+
|             RTL Ports            | Dir | Bits|  Protocol  |                   Source Object                  |    C Type    |
+----------------------------------+-----+-----+------------+--------------------------------------------------+--------------+
|ap_clk                            |   in|    1|  ap_ctrl_hs|  v_mix_422_to_444<true>_Pipeline_VITIS_LOOP_161_2|  return value|
|ap_rst                            |   in|    1|  ap_ctrl_hs|  v_mix_422_to_444<true>_Pipeline_VITIS_LOOP_161_2|  return value|
|ap_start                          |   in|    1|  ap_ctrl_hs|  v_mix_422_to_444<true>_Pipeline_VITIS_LOOP_161_2|  return value|
|ap_done                           |  out|    1|  ap_ctrl_hs|  v_mix_422_to_444<true>_Pipeline_VITIS_LOOP_161_2|  return value|
|ap_idle                           |  out|    1|  ap_ctrl_hs|  v_mix_422_to_444<true>_Pipeline_VITIS_LOOP_161_2|  return value|
|ap_ready                          |  out|    1|  ap_ctrl_hs|  v_mix_422_to_444<true>_Pipeline_VITIS_LOOP_161_2|  return value|
|srcLayer1Yuv422_dout              |   in|   24|     ap_fifo|                                   srcLayer1Yuv422|       pointer|
|srcLayer1Yuv422_empty_n           |   in|    1|     ap_fifo|                                   srcLayer1Yuv422|       pointer|
|srcLayer1Yuv422_read              |  out|    1|     ap_fifo|                                   srcLayer1Yuv422|       pointer|
|srcLayer1Yuv422_num_data_valid    |   in|    3|     ap_fifo|                                   srcLayer1Yuv422|       pointer|
|srcLayer1Yuv422_fifo_cap          |   in|    3|     ap_fifo|                                   srcLayer1Yuv422|       pointer|
|srcLayer1Yuv_din                  |  out|   24|     ap_fifo|                                      srcLayer1Yuv|       pointer|
|srcLayer1Yuv_full_n               |   in|    1|     ap_fifo|                                      srcLayer1Yuv|       pointer|
|srcLayer1Yuv_write                |  out|    1|     ap_fifo|                                      srcLayer1Yuv|       pointer|
|srcLayer1Yuv_num_data_valid       |   in|   32|     ap_fifo|                                      srcLayer1Yuv|       pointer|
|srcLayer1Yuv_fifo_cap             |   in|   32|     ap_fifo|                                      srcLayer1Yuv|       pointer|
|p_0_0_0206358_lcssa364426         |   in|    8|     ap_none|                         p_0_0_0206358_lcssa364426|        scalar|
|p_0_0_0_0_0207_4_lcssa423         |   in|    8|     ap_none|                         p_0_0_0_0_0207_4_lcssa423|        scalar|
|p_0_0_0_0_0207_3_lcssa420         |   in|    8|     ap_none|                         p_0_0_0_0_0207_3_lcssa420|        scalar|
|p_0_0_0_0_0207_2_lcssa417         |   in|    8|     ap_none|                         p_0_0_0_0_0207_2_lcssa417|        scalar|
|p_0_0_0206358_lcssa409            |   in|    8|     ap_none|                            p_0_0_0206358_lcssa409|        scalar|
|loopWidth                         |   in|   16|   ap_stable|                                         loopWidth|        scalar|
|width                             |   in|   16|   ap_stable|                                             width|        scalar|
|p_0_0_0199355390_out_i            |   in|    8|     ap_ovld|                              p_0_0_0199355390_out|       pointer|
|p_0_0_0199355390_out_o            |  out|    8|     ap_ovld|                              p_0_0_0199355390_out|       pointer|
|p_0_0_0199355390_out_o_ap_vld     |  out|    1|     ap_ovld|                              p_0_0_0199355390_out|       pointer|
|p_0_0_0200353387_out_i            |   in|    8|     ap_ovld|                              p_0_0_0200353387_out|       pointer|
|p_0_0_0200353387_out_o            |  out|    8|     ap_ovld|                              p_0_0_0200353387_out|       pointer|
|p_0_0_0200353387_out_o_ap_vld     |  out|    1|     ap_ovld|                              p_0_0_0200353387_out|       pointer|
|p_0_0_0_0_0_2384_out_i            |   in|    8|     ap_ovld|                              p_0_0_0_0_0_2384_out|       pointer|
|p_0_0_0_0_0_2384_out_o            |  out|    8|     ap_ovld|                              p_0_0_0_0_0_2384_out|       pointer|
|p_0_0_0_0_0_2384_out_o_ap_vld     |  out|    1|     ap_ovld|                              p_0_0_0_0_0_2384_out|       pointer|
|p_0_0_0_0_0205_2381_out_i         |   in|    8|     ap_ovld|                           p_0_0_0_0_0205_2381_out|       pointer|
|p_0_0_0_0_0205_2381_out_o         |  out|    8|     ap_ovld|                           p_0_0_0_0_0205_2381_out|       pointer|
|p_0_0_0_0_0205_2381_out_o_ap_vld  |  out|    1|     ap_ovld|                           p_0_0_0_0_0205_2381_out|       pointer|
|p_0_0_0_0_0_1374_out_i            |   in|    8|     ap_ovld|                              p_0_0_0_0_0_1374_out|       pointer|
|p_0_0_0_0_0_1374_out_o            |  out|    8|     ap_ovld|                              p_0_0_0_0_0_1374_out|       pointer|
|p_0_0_0_0_0_1374_out_o_ap_vld     |  out|    1|     ap_ovld|                              p_0_0_0_0_0_1374_out|       pointer|
|p_0_0_0_0_0205_1367_out_i         |   in|    8|     ap_ovld|                           p_0_0_0_0_0205_1367_out|       pointer|
|p_0_0_0_0_0205_1367_out_o         |  out|    8|     ap_ovld|                           p_0_0_0_0_0205_1367_out|       pointer|
|p_0_0_0_0_0205_1367_out_o_ap_vld  |  out|    1|     ap_ovld|                           p_0_0_0_0_0205_1367_out|       pointer|
|p_0_0_0206358363_out              |  out|    8|      ap_vld|                              p_0_0_0206358363_out|       pointer|
|p_0_0_0206358363_out_ap_vld       |  out|    1|      ap_vld|                              p_0_0_0206358363_out|       pointer|
|p_0_0_0_0_0207_4362_out           |  out|    8|      ap_vld|                           p_0_0_0_0_0207_4362_out|       pointer|
|p_0_0_0_0_0207_4362_out_ap_vld    |  out|    1|      ap_vld|                           p_0_0_0_0_0207_4362_out|       pointer|
|p_0_0_0_0_0207_3361_out           |  out|    8|      ap_vld|                           p_0_0_0_0_0207_3361_out|       pointer|
|p_0_0_0_0_0207_3361_out_ap_vld    |  out|    1|      ap_vld|                           p_0_0_0_0_0207_3361_out|       pointer|
|p_0_0_0_0_0207_2360_out           |  out|    8|      ap_vld|                           p_0_0_0_0_0207_2360_out|       pointer|
|p_0_0_0_0_0207_2360_out_ap_vld    |  out|    1|      ap_vld|                           p_0_0_0_0_0207_2360_out|       pointer|
|p_0_0_0_0_0207_1359_out_i         |   in|    8|     ap_ovld|                           p_0_0_0_0_0207_1359_out|       pointer|
|p_0_0_0_0_0207_1359_out_o         |  out|    8|     ap_ovld|                           p_0_0_0_0_0207_1359_out|       pointer|
|p_0_0_0_0_0207_1359_out_o_ap_vld  |  out|    1|     ap_ovld|                           p_0_0_0_0_0207_1359_out|       pointer|
|p_0_0_0199354_out_i               |   in|    8|     ap_ovld|                                 p_0_0_0199354_out|       pointer|
|p_0_0_0199354_out_o               |  out|    8|     ap_ovld|                                 p_0_0_0199354_out|       pointer|
|p_0_0_0199354_out_o_ap_vld        |  out|    1|     ap_ovld|                                 p_0_0_0199354_out|       pointer|
|p_0_0_0200352_out_i               |   in|    8|     ap_ovld|                                 p_0_0_0200352_out|       pointer|
|p_0_0_0200352_out_o               |  out|    8|     ap_ovld|                                 p_0_0_0200352_out|       pointer|
|p_0_0_0200352_out_o_ap_vld        |  out|    1|     ap_ovld|                                 p_0_0_0200352_out|       pointer|
+----------------------------------+-----+-----+------------+--------------------------------------------------+--------------+

