

================================================================
== Vitis HLS Report for 'VMixHlsDataFlowFunction'
================================================================
* Date:           Sat Sep  6 13:59:19 2025

* Version:        2025.1 (Build 6135595 on May 21 2025)
* Project:        prj
* Solution:       sol (Vivado IP Flow Target)
* Product family: zynquplus
* Target device:  xczu3eg-sfvc784-1-e


================================================================
== Performance Estimates
================================================================
+ Timing: 
    * Summary: 
    +--------+---------+----------+------------+
    |  Clock |  Target | Estimated| Uncertainty|
    +--------+---------+----------+------------+
    |ap_clk  |  5.00 ns|  3.650 ns|     1.35 ns|
    +--------+---------+----------+------------+

+ Latency: 
    * Summary: 
    +---------+------------+-----------+-----------+------+------------+----------+
    |   Latency (cycles)   |   Latency (absolute)  |      Interval     | Pipeline |
    |   min   |     max    |    min    |    max    |  min |     max    |   Type   |
    +---------+------------+-----------+-----------+------+------------+----------+
    |     4629|  1073938431|  23.145 us|  5.370 sec|  4611|  1073938427|  dataflow|
    +---------+------------+-----------+-----------+------+------------+----------+

    + Detail: 
        * Instance: 
        +---------------------------------+--------------------------------+---------+------------+-----------+-----------+------+------------+---------+
        |                                 |                                |   Latency (cycles)   |   Latency (absolute)  |      Interval     | Pipeline|
        |             Instance            |             Module             |   min   |     max    |    min    |    max    |  min |     max    |   Type  |
        +---------------------------------+--------------------------------+---------+------------+-----------+-----------+------+------------+---------+
        |AXIvideo2MultiPixStream_1_U0     |AXIvideo2MultiPixStream_1       |        2|     8316006|  10.000 ns|  41.580 ms|     2|     8316006|       no|
        |AXIvideo2MultiPixStream_5_U0     |AXIvideo2MultiPixStream_5       |        2|     8316006|  10.000 ns|  41.580 ms|     2|     8316006|       no|
        |AXIvideo2MultiPixStream_U0       |AXIvideo2MultiPixStream         |        2|     8316006|  10.000 ns|  41.580 ms|     2|     8316006|       no|
        |v_mix_420_to_422_false_2_U0      |v_mix_420_to_422_false_2        |        1|     8303041|   5.000 ns|  41.515 ms|     1|     8303041|       no|
        |v_mix_420_to_422_false_6_U0      |v_mix_420_to_422_false_6        |        1|     8303041|   5.000 ns|  41.515 ms|     1|     8303041|       no|
        |v_mix_420_to_422_false_U0        |v_mix_420_to_422_false_s        |        1|     8303041|   5.000 ns|  41.515 ms|     1|     8303041|       no|
        |v_mix_422_to_444_false_3_U0      |v_mix_422_to_444_false_3        |        1|     8303041|   5.000 ns|  41.515 ms|     1|     8303041|       no|
        |v_mix_422_to_444_true_U0         |v_mix_422_to_444_true_s         |        1|  1073938426|   5.000 ns|  5.370 sec|     1|  1073938426|       no|
        |v_mix_422_to_444_false_U0        |v_mix_422_to_444_false_s        |        1|     8303041|   5.000 ns|  41.515 ms|     1|     8303041|       no|
        |v_mix_yuv2rgb_false_4_U0         |v_mix_yuv2rgb_false_4           |        1|     8303041|   5.000 ns|  41.515 ms|     1|     8303041|       no|
        |v_mix_yuv2rgb_true_U0            |v_mix_yuv2rgb_true_s            |        1|     8311681|   5.000 ns|  41.558 ms|     1|     8311681|       no|
        |v_mix_yuv2rgb_false_U0           |v_mix_yuv2rgb_false_s           |        1|     8303041|   5.000 ns|  41.515 ms|     1|     8303041|       no|
        |v_mix_upsample_false_7_U0        |v_mix_upsample_false_7          |        1|     8303041|   5.000 ns|  41.515 ms|     1|     8303041|       no|
        |v_mix_upsample_false_U0          |v_mix_upsample_false_s          |        1|     8303041|   5.000 ns|  41.515 ms|     1|     8303041|       no|
        |v_mix_core_alpha_false_false_U0  |v_mix_core_alpha_false_false_s  |     4417|     8305201|  22.085 us|  41.526 ms|  4417|     8305201|       no|
        |v_mix_core_alpha_true_false_U0   |v_mix_core_alpha_true_false_s   |     4610|     8311682|  23.050 us|  41.558 ms|  4610|     8311682|       no|
        |v_mix_rgb2yuv_false_U0           |v_mix_rgb2yuv_false_s           |     4353|     8303041|  21.765 us|  41.515 ms|  4353|     8303041|       no|
        |v_mix_444_to_422_false_U0        |v_mix_444_to_422_false_s        |     4353|     8303041|  21.765 us|  41.515 ms|  4353|     8303041|       no|
        |v_mix_422_to_420_false_U0        |v_mix_422_to_420_false_s        |     4353|     8303041|  21.765 us|  41.515 ms|  4353|     8303041|       no|
        |MultiPixStream2AXIvideo_U0       |MultiPixStream2AXIvideo         |        2|     8305202|  10.000 ns|  41.526 ms|     2|     8305202|       no|
        +---------------------------------+--------------------------------+---------+------------+-----------+-----------+------+------------+---------+

        * Loop: 
        N/A



================================================================
== Utilization Estimates
================================================================
* Summary: 
+-----------------+---------+-----+--------+-------+-----+
|       Name      | BRAM_18K| DSP |   FF   |  LUT  | URAM|
+-----------------+---------+-----+--------+-------+-----+
|DSP              |        -|    -|       -|      -|    -|
|Expression       |        -|    -|       0|     16|    -|
|FIFO             |        -|    -|    1881|   1273|    -|
|Instance         |        -|    7|    2529|   6135|    -|
|Memory           |        -|    -|       -|      -|    -|
|Multiplexer      |        -|    -|       0|     27|    -|
|Register         |        -|    -|       4|      -|    -|
+-----------------+---------+-----+--------+-------+-----+
|Total            |        0|    7|    4414|   7451|    0|
+-----------------+---------+-----+--------+-------+-----+
|Available        |      432|  360|  141120|  70560|    0|
+-----------------+---------+-----+--------+-------+-----+
|Utilization (%)  |        0|    1|       3|     10|    0|
+-----------------+---------+-----+--------+-------+-----+

+ Detail: 
    * Instance: 
    +---------------------------------+--------------------------------+---------+----+-----+-----+-----+
    |             Instance            |             Module             | BRAM_18K| DSP|  FF | LUT | URAM|
    +---------------------------------+--------------------------------+---------+----+-----+-----+-----+
    |AXIvideo2MultiPixStream_U0       |AXIvideo2MultiPixStream         |        0|   0|  164|  447|    0|
    |AXIvideo2MultiPixStream_1_U0     |AXIvideo2MultiPixStream_1       |        0|   0|  164|  447|    0|
    |AXIvideo2MultiPixStream_5_U0     |AXIvideo2MultiPixStream_5       |        0|   0|  164|  447|    0|
    |MultiPixStream2AXIvideo_U0       |MultiPixStream2AXIvideo         |        0|   0|  139|  332|    0|
    |v_mix_420_to_422_false_2_U0      |v_mix_420_to_422_false_2        |        0|   0|   58|  185|    0|
    |v_mix_420_to_422_false_6_U0      |v_mix_420_to_422_false_6        |        0|   0|   58|  185|    0|
    |v_mix_420_to_422_false_U0        |v_mix_420_to_422_false_s        |        0|   0|   58|  185|    0|
    |v_mix_422_to_420_false_U0        |v_mix_422_to_420_false_s        |        0|   0|   57|  185|    0|
    |v_mix_422_to_444_false_3_U0      |v_mix_422_to_444_false_3        |        0|   0|   58|  185|    0|
    |v_mix_422_to_444_false_U0        |v_mix_422_to_444_false_s        |        0|   0|   58|  185|    0|
    |v_mix_422_to_444_true_U0         |v_mix_422_to_444_true_s         |        0|   0|  370|  696|    0|
    |v_mix_444_to_422_false_U0        |v_mix_444_to_422_false_s        |        0|   0|   57|  185|    0|
    |v_mix_core_alpha_false_false_U0  |v_mix_core_alpha_false_false_s  |        0|   0|  204|  522|    0|
    |v_mix_core_alpha_true_false_U0   |v_mix_core_alpha_true_false_s   |        0|   3|  415|  621|    0|
    |v_mix_rgb2yuv_false_U0           |v_mix_rgb2yuv_false_s           |        0|   0|   57|  185|    0|
    |v_mix_upsample_false_7_U0        |v_mix_upsample_false_7          |        0|   0|   57|  176|    0|
    |v_mix_upsample_false_U0          |v_mix_upsample_false_s          |        0|   0|   57|  176|    0|
    |v_mix_yuv2rgb_false_4_U0         |v_mix_yuv2rgb_false_4           |        0|   0|   58|  185|    0|
    |v_mix_yuv2rgb_false_U0           |v_mix_yuv2rgb_false_s           |        0|   0|   58|  185|    0|
    |v_mix_yuv2rgb_true_U0            |v_mix_yuv2rgb_true_s            |        0|   4|  218|  421|    0|
    +---------------------------------+--------------------------------+---------+----+-----+-----+-----+
    |Total                            |                                |        0|   7| 2529| 6135|    0|
    +---------------------------------+--------------------------------+---------+----+-----+-----+-----+

    * DSP: 
    N/A

    * Memory: 
    N/A

    * FIFO: 
    +-------------------+---------+----+----+-----+------+-----+---------+
    |        Name       | BRAM_18K| FF | LUT| URAM| Depth| Bits| Size:D*B|
    +-------------------+---------+----+----+-----+------+-----+---------+
    |out420_U           |        0|  99|   0|    -|     2|   24|       48|
    |out422_U           |        0|  99|   0|    -|     2|   24|       48|
    |outLayer0_U        |        0|  99|   0|    -|     2|   24|       48|
    |outLayer1_U        |        0|  99|   0|    -|     2|   24|       48|
    |outLayer2_U        |        0|  99|   0|    -|     2|   24|       48|
    |outYuv_U           |        0|  99|   0|    -|     2|   24|       48|
    |srcLayer0Yuv422_U  |        0|  99|   0|    -|     2|   24|       48|
    |srcLayer0Yuv_U     |        0|  99|   0|    -|     2|   24|       48|
    |srcLayer0_U        |        0|  99|   0|    -|     2|   24|       48|
    |srcLayer1Rgb_U     |        0|  99|   0|    -|     2|   24|       48|
    |srcLayer1Yuv422_U  |        0|  99|   0|    -|     2|   24|       48|
    |srcLayer1Yuv_U     |        0|  99|   0|    -|     2|   24|       48|
    |srcLayer1_U        |        0|  99|   0|    -|     2|   24|       48|
    |srcLayer1x_U       |        0|  99|   0|    -|     2|   24|       48|
    |srcLayer2Rgb_U     |        0|  99|   0|    -|     2|   24|       48|
    |srcLayer2Yuv422_U  |        0|  99|   0|    -|     2|   24|       48|
    |srcLayer2Yuv_U     |        0|  99|   0|    -|     2|   24|       48|
    |srcLayer2_U        |        0|  99|   0|    -|     2|   24|       48|
    |srcLayer2x_U       |        0|  99|   0|    -|     2|   24|       48|
    +-------------------+---------+----+----+-----+------+-----+---------+
    |Total              |        0|1881|   0|    0|    38|  456|      912|
    +-------------------+---------+----+----+-----+------+-----+---------+

    * Expression: 
    +-----------------------------------------------+----------+----+---+----+------------+------------+
    |                 Variable Name                 | Operation| DSP| FF| LUT| Bitwidth P0| Bitwidth P1|
    +-----------------------------------------------+----------+----+---+----+------------+------------+
    |AXIvideo2MultiPixStream_1_U0_ap_start          |       and|   0|  0|   2|           1|           1|
    |AXIvideo2MultiPixStream_5_U0_ap_start          |       and|   0|  0|   2|           1|           1|
    |AXIvideo2MultiPixStream_U0_ap_start            |       and|   0|  0|   2|           1|           1|
    |ap_idle                                        |       and|   0|  0|   2|           1|           1|
    |ap_sync_ready                                  |       and|   0|  0|   2|           1|           1|
    |ap_sync_AXIvideo2MultiPixStream_1_U0_ap_ready  |        or|   0|  0|   2|           1|           1|
    |ap_sync_AXIvideo2MultiPixStream_5_U0_ap_ready  |        or|   0|  0|   2|           1|           1|
    |ap_sync_AXIvideo2MultiPixStream_U0_ap_ready    |        or|   0|  0|   2|           1|           1|
    +-----------------------------------------------+----------+----+---+----+------------+------------+
    |Total                                          |          |   0|  0|  16|           8|           8|
    +-----------------------------------------------+----------+----+---+----+------------+------------+

    * Multiplexer: 
    +---------------------------------------------------+----+-----------+-----+-----------+
    |                        Name                       | LUT| Input Size| Bits| Total Bits|
    +---------------------------------------------------+----+-----------+-----+-----------+
    |ap_sync_reg_AXIvideo2MultiPixStream_1_U0_ap_ready  |   9|          2|    1|          2|
    |ap_sync_reg_AXIvideo2MultiPixStream_5_U0_ap_ready  |   9|          2|    1|          2|
    |ap_sync_reg_AXIvideo2MultiPixStream_U0_ap_ready    |   9|          2|    1|          2|
    +---------------------------------------------------+----+-----------+-----+-----------+
    |Total                                              |  27|          6|    3|          6|
    +---------------------------------------------------+----+-----------+-----+-----------+

    * Register: 
    +---------------------------------------------------+---+----+-----+-----------+
    |                        Name                       | FF| LUT| Bits| Const Bits|
    +---------------------------------------------------+---+----+-----+-----------+
    |ap_sync_ready                                      |  1|   0|    1|          0|
    |ap_sync_reg_AXIvideo2MultiPixStream_1_U0_ap_ready  |  1|   0|    1|          0|
    |ap_sync_reg_AXIvideo2MultiPixStream_5_U0_ap_ready  |  1|   0|    1|          0|
    |ap_sync_reg_AXIvideo2MultiPixStream_U0_ap_ready    |  1|   0|    1|          0|
    +---------------------------------------------------+---+----+-----+-----------+
    |Total                                              |  4|   0|    4|          0|
    +---------------------------------------------------+---+----+-----+-----------+



================================================================
== Interface
================================================================
* Summary: 
+---------------------------------------+-----+-----+------------+--------------------------------+--------------+
|               RTL Ports               | Dir | Bits|  Protocol  |          Source Object         |    C Type    |
+---------------------------------------+-----+-----+------------+--------------------------------+--------------+
|HwReg_width_val                        |   in|   12|     ap_none|                 HwReg_width_val|        scalar|
|HwReg_width_val_ap_vld                 |   in|    1|     ap_none|                 HwReg_width_val|        scalar|
|HwReg_height_val                       |   in|   12|     ap_none|                HwReg_height_val|        scalar|
|HwReg_height_val_ap_vld                |   in|    1|     ap_none|                HwReg_height_val|        scalar|
|HwReg_background_Y_R_val12             |   in|    8|     ap_none|      HwReg_background_Y_R_val12|        scalar|
|HwReg_background_Y_R_val12_ap_vld      |   in|    1|     ap_none|      HwReg_background_Y_R_val12|        scalar|
|HwReg_background_U_G_val13             |   in|    8|     ap_none|      HwReg_background_U_G_val13|        scalar|
|HwReg_background_U_G_val13_ap_vld      |   in|    1|     ap_none|      HwReg_background_U_G_val13|        scalar|
|HwReg_background_V_B_val14             |   in|    8|     ap_none|      HwReg_background_V_B_val14|        scalar|
|HwReg_background_V_B_val14_ap_vld      |   in|    1|     ap_none|      HwReg_background_V_B_val14|        scalar|
|HwReg_layerEnable_val16                |   in|    3|     ap_none|         HwReg_layerEnable_val16|        scalar|
|HwReg_layerEnable_val16_ap_vld         |   in|    1|     ap_none|         HwReg_layerEnable_val16|        scalar|
|HwReg_layerEnableFlag_0_val            |   in|    1|     ap_none|     HwReg_layerEnableFlag_0_val|        scalar|
|HwReg_layerEnableFlag_0_val_ap_vld     |   in|    1|     ap_none|     HwReg_layerEnableFlag_0_val|        scalar|
|HwReg_layerEnableFlag_1_val            |   in|    1|     ap_none|     HwReg_layerEnableFlag_1_val|        scalar|
|HwReg_layerEnableFlag_1_val_ap_vld     |   in|    1|     ap_none|     HwReg_layerEnableFlag_1_val|        scalar|
|HwReg_layerEnableFlag_2_val            |   in|    1|     ap_none|     HwReg_layerEnableFlag_2_val|        scalar|
|HwReg_layerEnableFlag_2_val_ap_vld     |   in|    1|     ap_none|     HwReg_layerEnableFlag_2_val|        scalar|
|HwReg_layerAlpha_2_val17               |   in|    9|     ap_none|        HwReg_layerAlpha_2_val17|        scalar|
|HwReg_layerAlpha_2_val17_ap_vld        |   in|    1|     ap_none|        HwReg_layerAlpha_2_val17|        scalar|
|HwReg_layerStartX_1_val18              |   in|   16|     ap_none|       HwReg_layerStartX_1_val18|        scalar|
|HwReg_layerStartX_1_val18_ap_vld       |   in|    1|     ap_none|       HwReg_layerStartX_1_val18|        scalar|
|HwReg_layerStartX_2_val19              |   in|   16|     ap_none|       HwReg_layerStartX_2_val19|        scalar|
|HwReg_layerStartX_2_val19_ap_vld       |   in|    1|     ap_none|       HwReg_layerStartX_2_val19|        scalar|
|HwReg_layerStartY_1_val20              |   in|   16|     ap_none|       HwReg_layerStartY_1_val20|        scalar|
|HwReg_layerStartY_1_val20_ap_vld       |   in|    1|     ap_none|       HwReg_layerStartY_1_val20|        scalar|
|HwReg_layerStartY_2_val21              |   in|   16|     ap_none|       HwReg_layerStartY_2_val21|        scalar|
|HwReg_layerStartY_2_val21_ap_vld       |   in|    1|     ap_none|       HwReg_layerStartY_2_val21|        scalar|
|HwReg_layerWidth_1_val                 |   in|   16|     ap_none|          HwReg_layerWidth_1_val|        scalar|
|HwReg_layerWidth_1_val_ap_vld          |   in|    1|     ap_none|          HwReg_layerWidth_1_val|        scalar|
|HwReg_layerWidth_2_val                 |   in|   16|     ap_none|          HwReg_layerWidth_2_val|        scalar|
|HwReg_layerWidth_2_val_ap_vld          |   in|    1|     ap_none|          HwReg_layerWidth_2_val|        scalar|
|HwReg_layerHeight_1_val                |   in|   16|     ap_none|         HwReg_layerHeight_1_val|        scalar|
|HwReg_layerHeight_1_val_ap_vld         |   in|    1|     ap_none|         HwReg_layerHeight_1_val|        scalar|
|HwReg_layerHeight_2_val                |   in|   16|     ap_none|         HwReg_layerHeight_2_val|        scalar|
|HwReg_layerHeight_2_val_ap_vld         |   in|    1|     ap_none|         HwReg_layerHeight_2_val|        scalar|
|HwReg_layerScaleFactor_1_val26         |   in|    8|     ap_none|  HwReg_layerScaleFactor_1_val26|        scalar|
|HwReg_layerScaleFactor_1_val26_ap_vld  |   in|    1|     ap_none|  HwReg_layerScaleFactor_1_val26|        scalar|
|HwReg_layerScaleFactor_2_val27         |   in|    8|     ap_none|  HwReg_layerScaleFactor_2_val27|        scalar|
|HwReg_layerScaleFactor_2_val27_ap_vld  |   in|    1|     ap_none|  HwReg_layerScaleFactor_2_val27|        scalar|
|s_axis_video_TDATA                     |   in|   24|        axis|           s_axis_video_V_data_V|       pointer|
|s_axis_video_TKEEP                     |   in|    3|        axis|           s_axis_video_V_keep_V|       pointer|
|s_axis_video_TSTRB                     |   in|    3|        axis|           s_axis_video_V_strb_V|       pointer|
|s_axis_video_TUSER                     |   in|    1|        axis|           s_axis_video_V_user_V|       pointer|
|s_axis_video_TLAST                     |   in|    1|        axis|           s_axis_video_V_last_V|       pointer|
|s_axis_video_TID                       |   in|    1|        axis|             s_axis_video_V_id_V|       pointer|
|s_axis_video_TDEST                     |   in|    1|        axis|           s_axis_video_V_dest_V|       pointer|
|s_axis_video_TVALID                    |   in|    1|        axis|           s_axis_video_V_dest_V|       pointer|
|s_axis_video_TREADY                    |  out|    1|        axis|           s_axis_video_V_dest_V|       pointer|
|s_axis_video1_TDATA                    |   in|   24|        axis|          s_axis_video1_V_data_V|       pointer|
|s_axis_video1_TKEEP                    |   in|    3|        axis|          s_axis_video1_V_keep_V|       pointer|
|s_axis_video1_TSTRB                    |   in|    3|        axis|          s_axis_video1_V_strb_V|       pointer|
|s_axis_video1_TUSER                    |   in|    1|        axis|          s_axis_video1_V_user_V|       pointer|
|s_axis_video1_TLAST                    |   in|    1|        axis|          s_axis_video1_V_last_V|       pointer|
|s_axis_video1_TID                      |   in|    1|        axis|            s_axis_video1_V_id_V|       pointer|
|s_axis_video1_TDEST                    |   in|    1|        axis|          s_axis_video1_V_dest_V|       pointer|
|s_axis_video1_TVALID                   |   in|    1|        axis|          s_axis_video1_V_dest_V|       pointer|
|s_axis_video1_TREADY                   |  out|    1|        axis|          s_axis_video1_V_dest_V|       pointer|
|s_axis_video2_TDATA                    |   in|   24|        axis|          s_axis_video2_V_data_V|       pointer|
|s_axis_video2_TKEEP                    |   in|    3|        axis|          s_axis_video2_V_keep_V|       pointer|
|s_axis_video2_TSTRB                    |   in|    3|        axis|          s_axis_video2_V_strb_V|       pointer|
|s_axis_video2_TUSER                    |   in|    1|        axis|          s_axis_video2_V_user_V|       pointer|
|s_axis_video2_TLAST                    |   in|    1|        axis|          s_axis_video2_V_last_V|       pointer|
|s_axis_video2_TID                      |   in|    1|        axis|            s_axis_video2_V_id_V|       pointer|
|s_axis_video2_TDEST                    |   in|    1|        axis|          s_axis_video2_V_dest_V|       pointer|
|s_axis_video2_TVALID                   |   in|    1|        axis|          s_axis_video2_V_dest_V|       pointer|
|s_axis_video2_TREADY                   |  out|    1|        axis|          s_axis_video2_V_dest_V|       pointer|
|m_axis_video_TDATA                     |  out|   24|        axis|           m_axis_video_V_data_V|       pointer|
|m_axis_video_TKEEP                     |  out|    3|        axis|           m_axis_video_V_keep_V|       pointer|
|m_axis_video_TSTRB                     |  out|    3|        axis|           m_axis_video_V_strb_V|       pointer|
|m_axis_video_TUSER                     |  out|    1|        axis|           m_axis_video_V_user_V|       pointer|
|m_axis_video_TLAST                     |  out|    1|        axis|           m_axis_video_V_last_V|       pointer|
|m_axis_video_TID                       |  out|    1|        axis|             m_axis_video_V_id_V|       pointer|
|m_axis_video_TDEST                     |  out|    1|        axis|           m_axis_video_V_dest_V|       pointer|
|m_axis_video_TVALID                    |  out|    1|        axis|           m_axis_video_V_dest_V|       pointer|
|m_axis_video_TREADY                    |   in|    1|        axis|           m_axis_video_V_dest_V|       pointer|
|ap_clk                                 |   in|    1|  ap_ctrl_hs|         VMixHlsDataFlowFunction|  return value|
|ap_rst                                 |   in|    1|  ap_ctrl_hs|         VMixHlsDataFlowFunction|  return value|
|ap_start                               |   in|    1|  ap_ctrl_hs|         VMixHlsDataFlowFunction|  return value|
|ap_done                                |  out|    1|  ap_ctrl_hs|         VMixHlsDataFlowFunction|  return value|
|ap_ready                               |  out|    1|  ap_ctrl_hs|         VMixHlsDataFlowFunction|  return value|
|ap_idle                                |  out|    1|  ap_ctrl_hs|         VMixHlsDataFlowFunction|  return value|
|ap_continue                            |   in|    1|  ap_ctrl_hs|         VMixHlsDataFlowFunction|  return value|
+---------------------------------------+-----+-----+------------+--------------------------------+--------------+

