

================================================================
== Vitis HLS Report for 'Bytes2MultiPixStream_Pipeline_VITIS_LOOP_1696_1'
================================================================
* Date:           Sat Sep  6 13:57:13 2025

* Version:        2025.1 (Build 6135595 on May 21 2025)
* Project:        prj
* Solution:       sol (Vivado IP Flow Target)
* Product family: zynquplus
* Target device:  xczu3eg-sfvc784-1-e


================================================================
== Performance Estimates
================================================================
+ Timing: 
    * Summary: 
    +--------+---------+----------+------------+
    |  Clock |  Target | Estimated| Uncertainty|
    +--------+---------+----------+------------+
    |ap_clk  |  5.00 ns|  3.650 ns|     1.35 ns|
    +--------+---------+----------+------------+

+ Latency: 
    * Summary: 
    +---------+---------+-----------+-----------+-----+------+------------------------------------------------+
    |  Latency (cycles) |   Latency (absolute)  |  Interval  |                    Pipeline                    |
    |   min   |   max   |    min    |    max    | min |  max |                      Type                      |
    +---------+---------+-----------+-----------+-----+------+------------------------------------------------+
    |        2|     5762|  10.000 ns|  28.810 us|    1|  5761|  loop auto-rewind stp (delay=0 clock cycles(s))|
    +---------+---------+-----------+-----------+-----+------+------------------------------------------------+

    + Detail: 
        * Instance: 
        N/A

        * Loop: 
        +---------------------+---------+---------+----------+-----------+-----------+----------+----------+
        |                     |  Latency (cycles) | Iteration|  Initiation Interval  |   Trip   |          |
        |      Loop Name      |   min   |   max   |  Latency |  achieved |   target  |   Count  | Pipelined|
        +---------------------+---------+---------+----------+-----------+-----------+----------+----------+
        |- VITIS_LOOP_1696_1  |        0|     5760|         3|          2|          2|  0 ~ 2880|       yes|
        +---------------------+---------+---------+----------+-----------+-----------+----------+----------+



================================================================
== Utilization Estimates
================================================================
* Summary: 
+-----------------+---------+-----+--------+-------+-----+
|       Name      | BRAM_18K| DSP |   FF   |  LUT  | URAM|
+-----------------+---------+-----+--------+-------+-----+
|DSP              |        -|    -|       -|      -|    -|
|Expression       |        -|    -|       0|     70|    -|
|FIFO             |        -|    -|       -|      -|    -|
|Instance         |        -|    -|       -|      -|    -|
|Memory           |        -|    -|       -|      -|    -|
|Multiplexer      |        -|    -|       0|    100|    -|
|Register         |        -|    -|      51|      -|    -|
+-----------------+---------+-----+--------+-------+-----+
|Total            |        0|    0|      51|    170|    0|
+-----------------+---------+-----+--------+-------+-----+
|Available        |      432|  360|  141120|  70560|    0|
+-----------------+---------+-----+--------+-------+-----+
|Utilization (%)  |        0|    0|      ~0|     ~0|    0|
+-----------------+---------+-----+--------+-------+-----+

+ Detail: 
    * Instance: 
    N/A

    * DSP: 
    N/A

    * Memory: 
    N/A

    * FIFO: 
    N/A

    * Expression: 
    +---------------------------------------+----------+----+---+----+------------+------------+
    |             Variable Name             | Operation| DSP| FF| LUT| Bitwidth P0| Bitwidth P1|
    +---------------------------------------+----------+----+---+----+------------+------------+
    |x_4_fu_113_p2                          |         +|   0|  0|  19|          12|           1|
    |ap_block_pp0_stage0_01001_grp2         |       and|   0|  0|   2|           1|           1|
    |ap_block_pp0_stage1_01001_grp1         |       and|   0|  0|   2|           1|           1|
    |ap_block_state3_pp0_stage0_iter1_grp2  |       and|   0|  0|   2|           1|           1|
    |cmp186_fu_123_p2                       |      icmp|   0|  0|  20|          13|          13|
    |icmp_ln1696_fu_107_p2                  |      icmp|   0|  0|  19|          12|          12|
    |ap_block_state2_pp0_stage1_iter0_grp1  |        or|   0|  0|   2|           1|           1|
    |or_ln1711_fu_129_p2                    |        or|   0|  0|   2|           1|           1|
    |ap_enable_pp0                          |       xor|   0|  0|   2|           1|           2|
    +---------------------------------------+----------+----+---+----+------------+------------+
    |Total                                  |          |   0|  0|  70|          43|          33|
    +---------------------------------------+----------+----+---+----+------------+------------+

    * Multiplexer: 
    +-----------------------------+----+-----------+-----+-----------+
    |             Name            | LUT| Input Size| Bits| Total Bits|
    +-----------------------------+----+-----------+-----+-----------+
    |ap_NS_fsm                    |  14|          3|    1|          3|
    |ap_done_int                  |   9|          2|    1|          2|
    |ap_enable_reg_pp0_iter0      |   9|          2|    1|          2|
    |ap_enable_reg_pp0_iter0_reg  |   9|          2|    1|          2|
    |ap_enable_reg_pp0_iter1      |   9|          2|    1|          2|
    |ap_sig_allocacmp_x_3         |   9|          2|   12|         24|
    |bytePlanes_blk_n             |   9|          2|    1|          2|
    |img_blk_n                    |   9|          2|    1|          2|
    |img_din                      |  14|          3|   32|         96|
    |x_fu_64                      |   9|          2|   12|         24|
    +-----------------------------+----+-----------+-----+-----------+
    |Total                        | 100|         22|   63|        159|
    +-----------------------------+----+-----------+-----+-----------+

    * Register: 
    +-----------------------------+----+----+-----+-----------+
    |             Name            | FF | LUT| Bits| Const Bits|
    +-----------------------------+----+----+-----+-----------+
    |ap_CS_fsm                    |   2|   0|    2|          0|
    |ap_done_reg                  |   1|   0|    1|          0|
    |ap_enable_reg_pp0_iter0_reg  |   1|   0|    1|          0|
    |ap_enable_reg_pp0_iter1      |   1|   0|    1|          0|
    |icmp_ln1696_reg_162          |   1|   0|    1|          0|
    |or_ln1711_reg_166            |   1|   0|    1|          0|
    |or_ln1711_s_reg_170          |  32|   0|   32|          0|
    |x_fu_64                      |  12|   0|   12|          0|
    +-----------------------------+----+----+-----+-----------+
    |Total                        |  51|   0|   51|          0|
    +-----------------------------+----+----+-----+-----------+



================================================================
== Interface
================================================================
* Summary: 
+---------------------------+-----+-----+------------+-------------------------------------------------+--------------+
|         RTL Ports         | Dir | Bits|  Protocol  |                  Source Object                  |    C Type    |
+---------------------------+-----+-----+------------+-------------------------------------------------+--------------+
|ap_clk                     |   in|    1|  ap_ctrl_hs|  Bytes2MultiPixStream_Pipeline_VITIS_LOOP_1696_1|  return value|
|ap_rst                     |   in|    1|  ap_ctrl_hs|  Bytes2MultiPixStream_Pipeline_VITIS_LOOP_1696_1|  return value|
|ap_start                   |   in|    1|  ap_ctrl_hs|  Bytes2MultiPixStream_Pipeline_VITIS_LOOP_1696_1|  return value|
|ap_done                    |  out|    1|  ap_ctrl_hs|  Bytes2MultiPixStream_Pipeline_VITIS_LOOP_1696_1|  return value|
|ap_idle                    |  out|    1|  ap_ctrl_hs|  Bytes2MultiPixStream_Pipeline_VITIS_LOOP_1696_1|  return value|
|ap_ready                   |  out|    1|  ap_ctrl_hs|  Bytes2MultiPixStream_Pipeline_VITIS_LOOP_1696_1|  return value|
|img_din                    |  out|   32|     ap_fifo|                                              img|       pointer|
|img_full_n                 |   in|    1|     ap_fifo|                                              img|       pointer|
|img_write                  |  out|    1|     ap_fifo|                                              img|       pointer|
|img_num_data_valid         |   in|   32|     ap_fifo|                                              img|       pointer|
|img_fifo_cap               |   in|   32|     ap_fifo|                                              img|       pointer|
|bytePlanes_dout            |   in|   64|     ap_fifo|                                       bytePlanes|       pointer|
|bytePlanes_empty_n         |   in|    1|     ap_fifo|                                       bytePlanes|       pointer|
|bytePlanes_read            |  out|    1|     ap_fifo|                                       bytePlanes|       pointer|
|bytePlanes_num_data_valid  |   in|   11|     ap_fifo|                                       bytePlanes|       pointer|
|bytePlanes_fifo_cap        |   in|   11|     ap_fifo|                                       bytePlanes|       pointer|
|trunc_ln1683_1             |   in|   12|   ap_stable|                                   trunc_ln1683_1|        scalar|
|sub185                     |   in|   13|   ap_stable|                                           sub185|        scalar|
|rev                        |   in|    1|   ap_stable|                                              rev|        scalar|
+---------------------------+-----+-----+------------+-------------------------------------------------+--------------+

============================================================
+ Verbose Summary: Synthesis Manager
============================================================
InlineROM: 1
ExposeGlobal: 0
============================================================
+ Verbose Summary: CDFG Model
============================================================
IsTopModel: 0
ResetActiveHigh: 1
IsCombinational: 2
IsDatapathOnly: 2
HasWiredReturn: 1
HasMFsm: 2
HasVarLatency: 1
IsPipeline: 0
IsRtlPipelined: 0
IsInstanceOverlapped: 0
IsDontTouch: 0
HasImplIP: 0
IsGatedGlobalClock: 0

+ Individual pipeline summary: 
  * Pipeline-0: initiation interval (II) = 2, depth = 3


============================================================
+ Verbose Summary: Schedule
============================================================
* Number of FSM states : 3
* Pipeline : 1
  Pipeline-0 : II = 2, D = 3, States = { 1 2 3 }
* Dataflow Pipeline: 0

* FSM state transitions: 
1 --> 2 
2 --> 3 
3 --> 

* FSM state operations: 

State 1 <SV = 0> <Delay = 1.93>
ST_1 : Operation 6 [1/1] (0.00ns)   --->   "%x = alloca i32 1" [/home/e/Documents/research/byotee/OSDZU3_Ref_Design/OSDZU3_Ref_Design.runs/design_1_v_frmbuf_rd_0_0_synth_1/prj/sol/.autopilot/db/v_frmbuf_rd.cpp:1696]   --->   Operation 6 'alloca' 'x' <Predicate = true> <Delay = 0.00>
ST_1 : Operation 7 [1/1] (0.00ns)   --->   "%specmemcore_ln0 = specmemcore void @_ssdm_op_SpecMemCore, i64 %bytePlanes, i64 666, i64 8, i64 18446744073709551615"   --->   Operation 7 'specmemcore' 'specmemcore_ln0' <Predicate = true> <Delay = 0.00>
ST_1 : Operation 8 [1/1] (0.00ns)   --->   "%specinterface_ln0 = specinterface void @_ssdm_op_SpecInterface, i32 %img, void @empty_7, i32 0, i32 0, void @empty_5, i32 0, i32 0, void @empty_5, void @empty_5, void @empty_5, i32 0, i32 0, i32 0, i32 0, void @empty_5, void @empty_5, i32 4294967295, i32 0, i32 0"   --->   Operation 8 'specinterface' 'specinterface_ln0' <Predicate = true> <Delay = 0.00>
ST_1 : Operation 9 [1/1] (0.00ns)   --->   "%specinterface_ln0 = specinterface void @_ssdm_op_SpecInterface, i64 %bytePlanes, void @empty_7, i32 0, i32 0, void @empty_5, i32 0, i32 0, void @empty_5, void @empty_5, void @empty_5, i32 0, i32 0, i32 0, i32 0, void @empty_5, void @empty_5, i32 4294967295, i32 0, i32 0"   --->   Operation 9 'specinterface' 'specinterface_ln0' <Predicate = true> <Delay = 0.00>
ST_1 : Operation 10 [1/1] (0.00ns)   --->   "%rev_read = read i1 @_ssdm_op_Read.ap_auto.i1, i1 %rev" [/home/e/Documents/research/byotee/OSDZU3_Ref_Design/OSDZU3_Ref_Design.runs/design_1_v_frmbuf_rd_0_0_synth_1/prj/sol/.autopilot/db/v_frmbuf_rd.cpp:686]   --->   Operation 10 'read' 'rev_read' <Predicate = true> <Delay = 0.00>
ST_1 : Operation 11 [1/1] (0.00ns)   --->   "%sub185_read = read i13 @_ssdm_op_Read.ap_auto.i13, i13 %sub185" [/home/e/Documents/research/byotee/OSDZU3_Ref_Design/OSDZU3_Ref_Design.runs/design_1_v_frmbuf_rd_0_0_synth_1/prj/sol/.autopilot/db/v_frmbuf_rd.cpp:686]   --->   Operation 11 'read' 'sub185_read' <Predicate = true> <Delay = 0.00>
ST_1 : Operation 12 [1/1] (0.00ns)   --->   "%trunc_ln1683_1_read = read i12 @_ssdm_op_Read.ap_auto.i12, i12 %trunc_ln1683_1" [/home/e/Documents/research/byotee/OSDZU3_Ref_Design/OSDZU3_Ref_Design.runs/design_1_v_frmbuf_rd_0_0_synth_1/prj/sol/.autopilot/db/v_frmbuf_rd.cpp:686]   --->   Operation 12 'read' 'trunc_ln1683_1_read' <Predicate = true> <Delay = 0.00>
ST_1 : Operation 13 [1/1] (0.48ns)   --->   "%store_ln1696 = store i12 0, i12 %x" [/home/e/Documents/research/byotee/OSDZU3_Ref_Design/OSDZU3_Ref_Design.runs/design_1_v_frmbuf_rd_0_0_synth_1/prj/sol/.autopilot/db/v_frmbuf_rd.cpp:1696]   --->   Operation 13 'store' 'store_ln1696' <Predicate = true> <Delay = 0.48>
ST_1 : Operation 14 [1/1] (0.00ns)   --->   "%br_ln1696 = br void %VITIS_LOOP_1702_2" [/home/e/Documents/research/byotee/OSDZU3_Ref_Design/OSDZU3_Ref_Design.runs/design_1_v_frmbuf_rd_0_0_synth_1/prj/sol/.autopilot/db/v_frmbuf_rd.cpp:1696]   --->   Operation 14 'br' 'br_ln1696' <Predicate = true> <Delay = 0.00>
ST_1 : Operation 15 [1/1] (0.00ns)   --->   "%x_3 = load i12 %x" [/home/e/Documents/research/byotee/OSDZU3_Ref_Design/OSDZU3_Ref_Design.runs/design_1_v_frmbuf_rd_0_0_synth_1/prj/sol/.autopilot/db/v_frmbuf_rd.cpp:1696]   --->   Operation 15 'load' 'x_3' <Predicate = true> <Delay = 0.00>
ST_1 : Operation 16 [1/1] (0.96ns)   --->   "%icmp_ln1696 = icmp_eq  i12 %x_3, i12 %trunc_ln1683_1_read" [/home/e/Documents/research/byotee/OSDZU3_Ref_Design/OSDZU3_Ref_Design.runs/design_1_v_frmbuf_rd_0_0_synth_1/prj/sol/.autopilot/db/v_frmbuf_rd.cpp:1696]   --->   Operation 16 'icmp' 'icmp_ln1696' <Predicate = true> <Delay = 0.96> <CoreInst = "Cmp">   --->   Core 9 'Cmp' <Latency = 0> <II = 1> <Delay = 0.96> <FuncUnit> <Opcode : 'seteq' 'setne' 'setle' 'setge' 'setlt' 'setgt'> <InPorts = 2> <OutPorts = 1>
ST_1 : Operation 17 [1/1] (0.00ns)   --->   "%speclooptripcount_ln0 = speclooptripcount void @_ssdm_op_SpecLoopTripCount, i64 0, i64 2880, i64 0"   --->   Operation 17 'speclooptripcount' 'speclooptripcount_ln0' <Predicate = true> <Delay = 0.00>
ST_1 : Operation 18 [1/1] (0.96ns)   --->   "%x_4 = add i12 %x_3, i12 1" [/home/e/Documents/research/byotee/OSDZU3_Ref_Design/OSDZU3_Ref_Design.runs/design_1_v_frmbuf_rd_0_0_synth_1/prj/sol/.autopilot/db/v_frmbuf_rd.cpp:1696]   --->   Operation 18 'add' 'x_4' <Predicate = true> <Delay = 0.96> <CoreInst = "Adder">   --->   Core 1 'Adder' <Latency = 0> <II = 1> <Delay = 0.96> <FuncUnit> <Opcode : 'add' 'sub'> <InPorts = 2> <OutPorts = 1>
ST_1 : Operation 19 [1/1] (0.00ns)   --->   "%br_ln1696 = br i1 %icmp_ln1696, void %VITIS_LOOP_1702_2.split, void %for.inc197.exitStub" [/home/e/Documents/research/byotee/OSDZU3_Ref_Design/OSDZU3_Ref_Design.runs/design_1_v_frmbuf_rd_0_0_synth_1/prj/sol/.autopilot/db/v_frmbuf_rd.cpp:1696]   --->   Operation 19 'br' 'br_ln1696' <Predicate = true> <Delay = 0.00>
ST_1 : Operation 20 [1/1] (0.00ns)   --->   "%zext_ln1696 = zext i12 %x_3" [/home/e/Documents/research/byotee/OSDZU3_Ref_Design/OSDZU3_Ref_Design.runs/design_1_v_frmbuf_rd_0_0_synth_1/prj/sol/.autopilot/db/v_frmbuf_rd.cpp:1696]   --->   Operation 20 'zext' 'zext_ln1696' <Predicate = (!icmp_ln1696)> <Delay = 0.00>
ST_1 : Operation 21 [1/1] (0.97ns)   --->   "%cmp186 = icmp_slt  i13 %zext_ln1696, i13 %sub185_read" [/home/e/Documents/research/byotee/OSDZU3_Ref_Design/OSDZU3_Ref_Design.runs/design_1_v_frmbuf_rd_0_0_synth_1/prj/sol/.autopilot/db/v_frmbuf_rd.cpp:1696]   --->   Operation 21 'icmp' 'cmp186' <Predicate = (!icmp_ln1696)> <Delay = 0.97> <CoreInst = "Cmp">   --->   Core 9 'Cmp' <Latency = 0> <II = 1> <Delay = 0.97> <FuncUnit> <Opcode : 'seteq' 'setne' 'setle' 'setge' 'setlt' 'setgt'> <InPorts = 2> <OutPorts = 1>
ST_1 : Operation 22 [1/1] (0.33ns)   --->   "%or_ln1711 = or i1 %cmp186, i1 %rev_read" [/home/e/Documents/research/byotee/OSDZU3_Ref_Design/OSDZU3_Ref_Design.runs/design_1_v_frmbuf_rd_0_0_synth_1/prj/sol/.autopilot/db/v_frmbuf_rd.cpp:1711]   --->   Operation 22 'or' 'or_ln1711' <Predicate = (!icmp_ln1696)> <Delay = 0.33> <CoreInst = "LogicGate">   --->   Core 74 'LogicGate' <Latency = 0> <II = 1> <Delay = 0.33> <FuncUnit> <Opcode : 'and' 'or' 'xor'> <InPorts = 2> <OutPorts = 1>
ST_1 : Operation 23 [1/1] (0.00ns)   --->   "%br_ln1711 = br i1 %or_ln1711, void %for.inc191.1, void %if.then190.1" [/home/e/Documents/research/byotee/OSDZU3_Ref_Design/OSDZU3_Ref_Design.runs/design_1_v_frmbuf_rd_0_0_synth_1/prj/sol/.autopilot/db/v_frmbuf_rd.cpp:1711]   --->   Operation 23 'br' 'br_ln1711' <Predicate = (!icmp_ln1696)> <Delay = 0.00>
ST_1 : Operation 24 [1/1] (0.48ns)   --->   "%store_ln1696 = store i12 %x_4, i12 %x" [/home/e/Documents/research/byotee/OSDZU3_Ref_Design/OSDZU3_Ref_Design.runs/design_1_v_frmbuf_rd_0_0_synth_1/prj/sol/.autopilot/db/v_frmbuf_rd.cpp:1696]   --->   Operation 24 'store' 'store_ln1696' <Predicate = (!icmp_ln1696)> <Delay = 0.48>
ST_1 : Operation 25 [1/1] (0.00ns)   --->   "%br_ln1696 = br void %VITIS_LOOP_1702_2" [/home/e/Documents/research/byotee/OSDZU3_Ref_Design/OSDZU3_Ref_Design.runs/design_1_v_frmbuf_rd_0_0_synth_1/prj/sol/.autopilot/db/v_frmbuf_rd.cpp:1696]   --->   Operation 25 'br' 'br_ln1696' <Predicate = (!icmp_ln1696)> <Delay = 0.00>
ST_1 : Operation 34 [1/1] (0.48ns)   --->   "%ret_ln0 = ret"   --->   Operation 34 'ret' 'ret_ln0' <Predicate = (icmp_ln1696)> <Delay = 0.48>

State 2 <SV = 1> <Delay = 3.65>
ST_2 : Operation 26 [1/1] (0.00ns)   --->   "%specpipeline_ln1698 = specpipeline void @_ssdm_op_SpecPipeline, i32 2, i32 0, i32 0, i32 0, void @empty_5" [/home/e/Documents/research/byotee/OSDZU3_Ref_Design/OSDZU3_Ref_Design.runs/design_1_v_frmbuf_rd_0_0_synth_1/prj/sol/.autopilot/db/v_frmbuf_rd.cpp:1698]   --->   Operation 26 'specpipeline' 'specpipeline_ln1698' <Predicate = (!icmp_ln1696)> <Delay = 0.00>
ST_2 : Operation 27 [1/1] (0.00ns)   --->   "%specloopname_ln1696 = specloopname void @_ssdm_op_SpecLoopName, void @empty_23" [/home/e/Documents/research/byotee/OSDZU3_Ref_Design/OSDZU3_Ref_Design.runs/design_1_v_frmbuf_rd_0_0_synth_1/prj/sol/.autopilot/db/v_frmbuf_rd.cpp:1696]   --->   Operation 27 'specloopname' 'specloopname_ln1696' <Predicate = (!icmp_ln1696)> <Delay = 0.00>
ST_2 : Operation 28 [1/1] ( I:1.82ns O:1.82ns )   --->   "%rd = read i64 @_ssdm_op_Read.ap_fifo.volatile.i64P0A, i64 %bytePlanes" [/home/e/Documents/research/byotee/OSDZU3_Ref_Design/OSDZU3_Ref_Design.runs/design_1_v_frmbuf_rd_0_0_synth_1/prj/sol/.autopilot/db/v_frmbuf_rd.cpp:1701]   --->   Operation 28 'read' 'rd' <Predicate = (!icmp_ln1696)> <Delay = 1.82> <CoreInst = "FIFO_BRAM">   --->   Core 78 'FIFO_BRAM' <Latency = 0> <II = 1> <Delay = 2.01> <Storage> <Opcode : 'read' 'write' 'nbread' 'nbwrite'> <Ports = 0> <Width = 64> <Depth = 961> <FIFO>
ST_2 : Operation 29 [1/1] (0.00ns)   --->   "%trunc_ln1711 = trunc i64 %rd" [/home/e/Documents/research/byotee/OSDZU3_Ref_Design/OSDZU3_Ref_Design.runs/design_1_v_frmbuf_rd_0_0_synth_1/prj/sol/.autopilot/db/v_frmbuf_rd.cpp:1711]   --->   Operation 29 'trunc' 'trunc_ln1711' <Predicate = (!icmp_ln1696)> <Delay = 0.00>
ST_2 : Operation 30 [1/1] ( I:1.82ns O:1.82ns )   --->   "%write_ln1711 = write void @_ssdm_op_Write.ap_fifo.volatile.i32P0A, i32 %img, i32 %trunc_ln1711" [/home/e/Documents/research/byotee/OSDZU3_Ref_Design/OSDZU3_Ref_Design.runs/design_1_v_frmbuf_rd_0_0_synth_1/prj/sol/.autopilot/db/v_frmbuf_rd.cpp:1711]   --->   Operation 30 'write' 'write_ln1711' <Predicate = (!icmp_ln1696)> <Delay = 1.82> <CoreInst = "FIFO_SRL">   --->   Core 80 'FIFO_SRL' <Latency = 0> <II = 1> <Delay = 2.16> <Storage> <Opcode : 'read' 'write' 'nbread' 'nbwrite'> <Ports = 0> <Width = 32> <Depth = 2> <FIFO>
ST_2 : Operation 31 [1/1] (0.00ns)   --->   "%or_ln1711_s = partselect i32 @_ssdm_op_PartSelect.i32.i64.i32.i32, i64 %rd, i32 32, i32 63" [/home/e/Documents/research/byotee/OSDZU3_Ref_Design/OSDZU3_Ref_Design.runs/design_1_v_frmbuf_rd_0_0_synth_1/prj/sol/.autopilot/db/v_frmbuf_rd.cpp:1711]   --->   Operation 31 'partselect' 'or_ln1711_s' <Predicate = (!icmp_ln1696 & or_ln1711)> <Delay = 0.00>

State 3 <SV = 2> <Delay = 1.82>
ST_3 : Operation 32 [1/1] ( I:1.82ns O:1.82ns )   --->   "%write_ln1711 = write void @_ssdm_op_Write.ap_fifo.volatile.i32P0A, i32 %img, i32 %or_ln1711_s" [/home/e/Documents/research/byotee/OSDZU3_Ref_Design/OSDZU3_Ref_Design.runs/design_1_v_frmbuf_rd_0_0_synth_1/prj/sol/.autopilot/db/v_frmbuf_rd.cpp:1711]   --->   Operation 32 'write' 'write_ln1711' <Predicate = (or_ln1711)> <Delay = 1.82> <CoreInst = "FIFO_SRL">   --->   Core 80 'FIFO_SRL' <Latency = 0> <II = 1> <Delay = 2.16> <Storage> <Opcode : 'read' 'write' 'nbread' 'nbwrite'> <Ports = 0> <Width = 32> <Depth = 2> <FIFO>
ST_3 : Operation 33 [1/1] (0.00ns)   --->   "%br_ln1711 = br void %for.inc191.1" [/home/e/Documents/research/byotee/OSDZU3_Ref_Design/OSDZU3_Ref_Design.runs/design_1_v_frmbuf_rd_0_0_synth_1/prj/sol/.autopilot/db/v_frmbuf_rd.cpp:1711]   --->   Operation 33 'br' 'br_ln1711' <Predicate = (or_ln1711)> <Delay = 0.00>


============================================================
+ Verbose Summary: Binding
============================================================
STG Binding: 
---------------- STG Properties BEGIN ----------------
- Is combinational: 0
- Is one-state seq: 0
- Is datapath-only: 0
- Is pipelined: 0
- Is top level: 0
Port [ Return ] is wired: 1; IO mode=ap_ctrl_hs:ce=0
Port [ trunc_ln1683_1]:  wired=1; compound=0; hidden=0; nouse=0; global=0; static=0; extern=0; dir=0; type=0; pingpong=0; private_global=0; IO mode=ap_stable:ce=0
Port [ bytePlanes]:  wired=1; compound=1; hidden=0; nouse=0; global=0; static=0; extern=0; dir=0; type=3; pingpong=0; private_global=0; IO mode=ap_fifo:ce=0
Port [ sub185]:  wired=1; compound=0; hidden=0; nouse=0; global=0; static=0; extern=0; dir=0; type=0; pingpong=0; private_global=0; IO mode=ap_stable:ce=0
Port [ img]:  wired=1; compound=1; hidden=0; nouse=0; global=0; static=0; extern=0; dir=1; type=3; pingpong=0; private_global=0; IO mode=ap_fifo:ce=0
Port [ rev]:  wired=1; compound=0; hidden=0; nouse=0; global=0; static=0; extern=0; dir=0; type=0; pingpong=0; private_global=0; IO mode=ap_stable:ce=0
---------------- STG Properties END ------------------

---------------- Datapath Model BEGIN ----------------

<LifeTime>
<method=bitvector/>
x                     (alloca           ) [ 0100]
specmemcore_ln0       (specmemcore      ) [ 0000]
specinterface_ln0     (specinterface    ) [ 0000]
specinterface_ln0     (specinterface    ) [ 0000]
rev_read              (read             ) [ 0000]
sub185_read           (read             ) [ 0000]
trunc_ln1683_1_read   (read             ) [ 0000]
store_ln1696          (store            ) [ 0000]
br_ln1696             (br               ) [ 0000]
x_3                   (load             ) [ 0000]
icmp_ln1696           (icmp             ) [ 0110]
speclooptripcount_ln0 (speclooptripcount) [ 0000]
x_4                   (add              ) [ 0000]
br_ln1696             (br               ) [ 0000]
zext_ln1696           (zext             ) [ 0000]
cmp186                (icmp             ) [ 0000]
or_ln1711             (or               ) [ 0111]
br_ln1711             (br               ) [ 0000]
store_ln1696          (store            ) [ 0000]
br_ln1696             (br               ) [ 0000]
specpipeline_ln1698   (specpipeline     ) [ 0000]
specloopname_ln1696   (specloopname     ) [ 0000]
rd                    (read             ) [ 0000]
trunc_ln1711          (trunc            ) [ 0000]
write_ln1711          (write            ) [ 0000]
or_ln1711_s           (partselect       ) [ 0101]
write_ln1711          (write            ) [ 0000]
br_ln1711             (br               ) [ 0000]
ret_ln0               (ret              ) [ 0000]
</LifeTime>

<model>

<comp_list>
<comp id="0" class="1000" name="trunc_ln1683_1">
<pin_list>
<pin id="1" dir="1" index="0" bw="1" slack="0"/>
</pin_list>
<bind>
<StgValue><ssdm name="trunc_ln1683_1"/></StgValue>
</bind>
</comp>

<comp id="2" class="1000" name="bytePlanes">
<pin_list>
<pin id="3" dir="1" index="0" bw="1" slack="0"/>
</pin_list>
<bind>
<StgValue><ssdm name="bytePlanes"/></StgValue>
</bind>
</comp>

<comp id="4" class="1000" name="sub185">
<pin_list>
<pin id="5" dir="1" index="0" bw="1" slack="0"/>
</pin_list>
<bind>
<StgValue><ssdm name="sub185"/></StgValue>
</bind>
</comp>

<comp id="6" class="1000" name="img">
<pin_list>
<pin id="7" dir="1" index="0" bw="1" slack="0"/>
</pin_list>
<bind>
<StgValue><ssdm name="img"/></StgValue>
</bind>
</comp>

<comp id="8" class="1000" name="rev">
<pin_list>
<pin id="9" dir="1" index="0" bw="1" slack="0"/>
</pin_list>
<bind>
<StgValue><ssdm name="rev"/></StgValue>
</bind>
</comp>

<comp id="10" class="1001" name="const_10">
<pin_list>
<pin id="11" dir="1" index="0" bw="1" slack="0"/>
</pin_list>
<bind>
<StgValue><ssdm name=""/></StgValue>
</bind>
</comp>

<comp id="12" class="1001" name="const_12">
<pin_list>
<pin id="13" dir="1" index="0" bw="1" slack="2147483647"/>
</pin_list>
<bind>
<StgValue><ssdm name="_ssdm_op_SpecMemCore"/></StgValue>
</bind>
</comp>

<comp id="14" class="1001" name="const_14">
<pin_list>
<pin id="15" dir="1" index="0" bw="1" slack="2147483647"/>
</pin_list>
<bind>
<StgValue><ssdm name=""/></StgValue>
</bind>
</comp>

<comp id="16" class="1001" name="const_16">
<pin_list>
<pin id="17" dir="1" index="0" bw="1" slack="2147483647"/>
</pin_list>
<bind>
<StgValue><ssdm name=""/></StgValue>
</bind>
</comp>

<comp id="18" class="1001" name="const_18">
<pin_list>
<pin id="19" dir="1" index="0" bw="1" slack="2147483647"/>
</pin_list>
<bind>
<StgValue><ssdm name=""/></StgValue>
</bind>
</comp>

<comp id="20" class="1001" name="const_20">
<pin_list>
<pin id="21" dir="1" index="0" bw="1" slack="2147483647"/>
</pin_list>
<bind>
<StgValue><ssdm name="_ssdm_op_SpecInterface"/></StgValue>
</bind>
</comp>

<comp id="22" class="1001" name="const_22">
<pin_list>
<pin id="23" dir="1" index="0" bw="1" slack="2147483647"/>
</pin_list>
<bind>
<StgValue><ssdm name="empty_7"/></StgValue>
</bind>
</comp>

<comp id="24" class="1001" name="const_24">
<pin_list>
<pin id="25" dir="1" index="0" bw="1" slack="2147483647"/>
</pin_list>
<bind>
<StgValue><ssdm name=""/></StgValue>
</bind>
</comp>

<comp id="26" class="1001" name="const_26">
<pin_list>
<pin id="27" dir="1" index="0" bw="1" slack="2147483647"/>
</pin_list>
<bind>
<StgValue><ssdm name="empty_5"/></StgValue>
</bind>
</comp>

<comp id="28" class="1001" name="const_28">
<pin_list>
<pin id="29" dir="1" index="0" bw="1" slack="2147483647"/>
</pin_list>
<bind>
<StgValue><ssdm name=""/></StgValue>
</bind>
</comp>

<comp id="30" class="1001" name="const_30">
<pin_list>
<pin id="31" dir="1" index="0" bw="1" slack="0"/>
</pin_list>
<bind>
<StgValue><ssdm name="_ssdm_op_Read.ap_auto.i1"/></StgValue>
</bind>
</comp>

<comp id="32" class="1001" name="const_32">
<pin_list>
<pin id="33" dir="1" index="0" bw="1" slack="0"/>
</pin_list>
<bind>
<StgValue><ssdm name="_ssdm_op_Read.ap_auto.i13"/></StgValue>
</bind>
</comp>

<comp id="34" class="1001" name="const_34">
<pin_list>
<pin id="35" dir="1" index="0" bw="1" slack="0"/>
</pin_list>
<bind>
<StgValue><ssdm name="_ssdm_op_Read.ap_auto.i12"/></StgValue>
</bind>
</comp>

<comp id="36" class="1001" name="const_36">
<pin_list>
<pin id="37" dir="1" index="0" bw="1" slack="0"/>
</pin_list>
<bind>
<StgValue><ssdm name=""/></StgValue>
</bind>
</comp>

<comp id="38" class="1001" name="const_38">
<pin_list>
<pin id="39" dir="1" index="0" bw="1" slack="2147483647"/>
</pin_list>
<bind>
<StgValue><ssdm name="_ssdm_op_SpecLoopTripCount"/></StgValue>
</bind>
</comp>

<comp id="40" class="1001" name="const_40">
<pin_list>
<pin id="41" dir="1" index="0" bw="1" slack="2147483647"/>
</pin_list>
<bind>
<StgValue><ssdm name=""/></StgValue>
</bind>
</comp>

<comp id="42" class="1001" name="const_42">
<pin_list>
<pin id="43" dir="1" index="0" bw="1" slack="2147483647"/>
</pin_list>
<bind>
<StgValue><ssdm name=""/></StgValue>
</bind>
</comp>

<comp id="44" class="1001" name="const_44">
<pin_list>
<pin id="45" dir="1" index="0" bw="1" slack="0"/>
</pin_list>
<bind>
<StgValue><ssdm name=""/></StgValue>
</bind>
</comp>

<comp id="46" class="1001" name="const_46">
<pin_list>
<pin id="47" dir="1" index="0" bw="1" slack="2147483647"/>
</pin_list>
<bind>
<StgValue><ssdm name="_ssdm_op_SpecPipeline"/></StgValue>
</bind>
</comp>

<comp id="48" class="1001" name="const_48">
<pin_list>
<pin id="49" dir="1" index="0" bw="1" slack="2147483647"/>
</pin_list>
<bind>
<StgValue><ssdm name=""/></StgValue>
</bind>
</comp>

<comp id="50" class="1001" name="const_50">
<pin_list>
<pin id="51" dir="1" index="0" bw="1" slack="2147483647"/>
</pin_list>
<bind>
<StgValue><ssdm name="_ssdm_op_SpecLoopName"/></StgValue>
</bind>
</comp>

<comp id="52" class="1001" name="const_52">
<pin_list>
<pin id="53" dir="1" index="0" bw="1" slack="2147483647"/>
</pin_list>
<bind>
<StgValue><ssdm name="empty_23"/></StgValue>
</bind>
</comp>

<comp id="54" class="1001" name="const_54">
<pin_list>
<pin id="55" dir="1" index="0" bw="1" slack="0"/>
</pin_list>
<bind>
<StgValue><ssdm name="_ssdm_op_Read.ap_fifo.volatile.i64P0A"/></StgValue>
</bind>
</comp>

<comp id="56" class="1001" name="const_56">
<pin_list>
<pin id="57" dir="1" index="0" bw="1" slack="0"/>
</pin_list>
<bind>
<StgValue><ssdm name="_ssdm_op_Write.ap_fifo.volatile.i32P0A"/></StgValue>
</bind>
</comp>

<comp id="58" class="1001" name="const_58">
<pin_list>
<pin id="59" dir="1" index="0" bw="1" slack="0"/>
</pin_list>
<bind>
<StgValue><ssdm name="_ssdm_op_PartSelect.i32.i64.i32.i32"/></StgValue>
</bind>
</comp>

<comp id="60" class="1001" name="const_60">
<pin_list>
<pin id="61" dir="1" index="0" bw="1" slack="0"/>
</pin_list>
<bind>
<StgValue><ssdm name=""/></StgValue>
</bind>
</comp>

<comp id="62" class="1001" name="const_62">
<pin_list>
<pin id="63" dir="1" index="0" bw="1" slack="0"/>
</pin_list>
<bind>
<StgValue><ssdm name=""/></StgValue>
</bind>
</comp>

<comp id="64" class="1004" name="x_fu_64">
<pin_list>
<pin id="65" dir="0" index="0" bw="1" slack="0"/>
<pin id="66" dir="1" index="1" bw="12" slack="0"/>
</pin_list>
<bind>
<opcode="alloca(26) " fcode="alloca"/>
<opset="x/1 "/>
</bind>
</comp>

<comp id="68" class="1004" name="rev_read_read_fu_68">
<pin_list>
<pin id="69" dir="0" index="0" bw="1" slack="0"/>
<pin id="70" dir="0" index="1" bw="1" slack="0"/>
<pin id="71" dir="1" index="2" bw="1" slack="0"/>
</pin_list>
<bind>
<opcode="read(1150) " fcode="read"/>
<opset="rev_read/1 "/>
</bind>
</comp>

<comp id="74" class="1004" name="sub185_read_read_fu_74">
<pin_list>
<pin id="75" dir="0" index="0" bw="13" slack="0"/>
<pin id="76" dir="0" index="1" bw="13" slack="0"/>
<pin id="77" dir="1" index="2" bw="13" slack="0"/>
</pin_list>
<bind>
<opcode="read(1150) " fcode="read"/>
<opset="sub185_read/1 "/>
</bind>
</comp>

<comp id="80" class="1004" name="trunc_ln1683_1_read_read_fu_80">
<pin_list>
<pin id="81" dir="0" index="0" bw="12" slack="0"/>
<pin id="82" dir="0" index="1" bw="12" slack="0"/>
<pin id="83" dir="1" index="2" bw="12" slack="0"/>
</pin_list>
<bind>
<opcode="read(1150) " fcode="read"/>
<opset="trunc_ln1683_1_read/1 "/>
</bind>
</comp>

<comp id="86" class="1004" name="rd_read_fu_86">
<pin_list>
<pin id="87" dir="0" index="0" bw="64" slack="0"/>
<pin id="88" dir="0" index="1" bw="64" slack="0"/>
<pin id="89" dir="1" index="2" bw="64" slack="0"/>
</pin_list>
<bind>
<opcode="read(1150) " fcode="read"/>
<opset="rd/2 "/>
</bind>
</comp>

<comp id="92" class="1004" name="grp_write_fu_92">
<pin_list>
<pin id="93" dir="0" index="0" bw="0" slack="0"/>
<pin id="94" dir="0" index="1" bw="32" slack="0"/>
<pin id="95" dir="0" index="2" bw="32" slack="0"/>
<pin id="96" dir="1" index="3" bw="0" slack="2147483647"/>
</pin_list>
<bind>
<opcode="write(1151) " fcode="write"/>
<opset="write_ln1711/2 write_ln1711/3 "/>
</bind>
</comp>

<comp id="99" class="1004" name="store_ln1696_store_fu_99">
<pin_list>
<pin id="100" dir="0" index="0" bw="1" slack="0"/>
<pin id="101" dir="0" index="1" bw="12" slack="0"/>
<pin id="102" dir="1" index="2" bw="0" slack="2147483647"/>
</pin_list>
<bind>
<opcode="store(28) " fcode="store"/>
<opset="store_ln1696/1 "/>
</bind>
</comp>

<comp id="104" class="1004" name="x_3_load_fu_104">
<pin_list>
<pin id="105" dir="0" index="0" bw="12" slack="0"/>
<pin id="106" dir="1" index="1" bw="12" slack="0"/>
</pin_list>
<bind>
<opcode="load(27) " fcode="load"/>
<opset="x_3/1 "/>
</bind>
</comp>

<comp id="107" class="1004" name="icmp_ln1696_fu_107">
<pin_list>
<pin id="108" dir="0" index="0" bw="12" slack="0"/>
<pin id="109" dir="0" index="1" bw="12" slack="0"/>
<pin id="110" dir="1" index="2" bw="1" slack="1"/>
</pin_list>
<bind>
<opcode="icmp(45) " fcode="icmp"/>
<opset="icmp_ln1696/1 "/>
</bind>
</comp>

<comp id="113" class="1004" name="x_4_fu_113">
<pin_list>
<pin id="114" dir="0" index="0" bw="12" slack="0"/>
<pin id="115" dir="0" index="1" bw="1" slack="0"/>
<pin id="116" dir="1" index="2" bw="12" slack="0"/>
</pin_list>
<bind>
<opcode="add(8) " fcode="add"/>
<opset="x_4/1 "/>
</bind>
</comp>

<comp id="119" class="1004" name="zext_ln1696_fu_119">
<pin_list>
<pin id="120" dir="0" index="0" bw="12" slack="0"/>
<pin id="121" dir="1" index="1" bw="13" slack="0"/>
</pin_list>
<bind>
<opcode="zext(34) " fcode="zext"/>
<opset="zext_ln1696/1 "/>
</bind>
</comp>

<comp id="123" class="1004" name="cmp186_fu_123">
<pin_list>
<pin id="124" dir="0" index="0" bw="13" slack="0"/>
<pin id="125" dir="0" index="1" bw="13" slack="0"/>
<pin id="126" dir="1" index="2" bw="1" slack="0"/>
</pin_list>
<bind>
<opcode="icmp(45) " fcode="icmp"/>
<opset="cmp186/1 "/>
</bind>
</comp>

<comp id="129" class="1004" name="or_ln1711_fu_129">
<pin_list>
<pin id="130" dir="0" index="0" bw="1" slack="0"/>
<pin id="131" dir="0" index="1" bw="1" slack="0"/>
<pin id="132" dir="1" index="2" bw="1" slack="1"/>
</pin_list>
<bind>
<opcode="or(24) " fcode="or"/>
<opset="or_ln1711/1 "/>
</bind>
</comp>

<comp id="135" class="1004" name="store_ln1696_store_fu_135">
<pin_list>
<pin id="136" dir="0" index="0" bw="12" slack="0"/>
<pin id="137" dir="0" index="1" bw="12" slack="0"/>
<pin id="138" dir="1" index="2" bw="0" slack="2147483647"/>
</pin_list>
<bind>
<opcode="store(28) " fcode="store"/>
<opset="store_ln1696/1 "/>
</bind>
</comp>

<comp id="140" class="1004" name="trunc_ln1711_fu_140">
<pin_list>
<pin id="141" dir="0" index="0" bw="64" slack="0"/>
<pin id="142" dir="1" index="1" bw="32" slack="0"/>
</pin_list>
<bind>
<opcode="trunc(33) " fcode="trunc"/>
<opset="trunc_ln1711/2 "/>
</bind>
</comp>

<comp id="145" class="1004" name="or_ln1711_s_fu_145">
<pin_list>
<pin id="146" dir="0" index="0" bw="32" slack="0"/>
<pin id="147" dir="0" index="1" bw="64" slack="0"/>
<pin id="148" dir="0" index="2" bw="7" slack="0"/>
<pin id="149" dir="0" index="3" bw="7" slack="0"/>
<pin id="150" dir="1" index="4" bw="32" slack="1"/>
</pin_list>
<bind>
<opcode="partselect(1002) " fcode="partselect"/>
<opset="or_ln1711_s/2 "/>
</bind>
</comp>

<comp id="155" class="1005" name="x_reg_155">
<pin_list>
<pin id="156" dir="0" index="0" bw="12" slack="0"/>
<pin id="157" dir="1" index="1" bw="12" slack="0"/>
</pin_list>
<bind>
<opset="x "/>
</bind>
</comp>

<comp id="162" class="1005" name="icmp_ln1696_reg_162">
<pin_list>
<pin id="163" dir="0" index="0" bw="1" slack="1"/>
<pin id="164" dir="1" index="1" bw="1" slack="2147483647"/>
</pin_list>
<bind>
<opset="icmp_ln1696 "/>
</bind>
</comp>

<comp id="166" class="1005" name="or_ln1711_reg_166">
<pin_list>
<pin id="167" dir="0" index="0" bw="1" slack="1"/>
<pin id="168" dir="1" index="1" bw="1" slack="2147483647"/>
</pin_list>
<bind>
<opset="or_ln1711 "/>
</bind>
</comp>

<comp id="170" class="1005" name="or_ln1711_s_reg_170">
<pin_list>
<pin id="171" dir="0" index="0" bw="32" slack="1"/>
<pin id="172" dir="1" index="1" bw="32" slack="1"/>
</pin_list>
<bind>
<opset="or_ln1711_s "/>
</bind>
</comp>

</comp_list>

<net_list>
<net id="67"><net_src comp="10" pin="0"/><net_sink comp="64" pin=0"/></net>

<net id="72"><net_src comp="30" pin="0"/><net_sink comp="68" pin=0"/></net>

<net id="73"><net_src comp="8" pin="0"/><net_sink comp="68" pin=1"/></net>

<net id="78"><net_src comp="32" pin="0"/><net_sink comp="74" pin=0"/></net>

<net id="79"><net_src comp="4" pin="0"/><net_sink comp="74" pin=1"/></net>

<net id="84"><net_src comp="34" pin="0"/><net_sink comp="80" pin=0"/></net>

<net id="85"><net_src comp="0" pin="0"/><net_sink comp="80" pin=1"/></net>

<net id="90"><net_src comp="54" pin="0"/><net_sink comp="86" pin=0"/></net>

<net id="91"><net_src comp="2" pin="0"/><net_sink comp="86" pin=1"/></net>

<net id="97"><net_src comp="56" pin="0"/><net_sink comp="92" pin=0"/></net>

<net id="98"><net_src comp="6" pin="0"/><net_sink comp="92" pin=1"/></net>

<net id="103"><net_src comp="36" pin="0"/><net_sink comp="99" pin=0"/></net>

<net id="111"><net_src comp="104" pin="1"/><net_sink comp="107" pin=0"/></net>

<net id="112"><net_src comp="80" pin="2"/><net_sink comp="107" pin=1"/></net>

<net id="117"><net_src comp="104" pin="1"/><net_sink comp="113" pin=0"/></net>

<net id="118"><net_src comp="44" pin="0"/><net_sink comp="113" pin=1"/></net>

<net id="122"><net_src comp="104" pin="1"/><net_sink comp="119" pin=0"/></net>

<net id="127"><net_src comp="119" pin="1"/><net_sink comp="123" pin=0"/></net>

<net id="128"><net_src comp="74" pin="2"/><net_sink comp="123" pin=1"/></net>

<net id="133"><net_src comp="123" pin="2"/><net_sink comp="129" pin=0"/></net>

<net id="134"><net_src comp="68" pin="2"/><net_sink comp="129" pin=1"/></net>

<net id="139"><net_src comp="113" pin="2"/><net_sink comp="135" pin=0"/></net>

<net id="143"><net_src comp="86" pin="2"/><net_sink comp="140" pin=0"/></net>

<net id="144"><net_src comp="140" pin="1"/><net_sink comp="92" pin=2"/></net>

<net id="151"><net_src comp="58" pin="0"/><net_sink comp="145" pin=0"/></net>

<net id="152"><net_src comp="86" pin="2"/><net_sink comp="145" pin=1"/></net>

<net id="153"><net_src comp="60" pin="0"/><net_sink comp="145" pin=2"/></net>

<net id="154"><net_src comp="62" pin="0"/><net_sink comp="145" pin=3"/></net>

<net id="158"><net_src comp="64" pin="1"/><net_sink comp="155" pin=0"/></net>

<net id="159"><net_src comp="155" pin="1"/><net_sink comp="99" pin=1"/></net>

<net id="160"><net_src comp="155" pin="1"/><net_sink comp="104" pin=0"/></net>

<net id="161"><net_src comp="155" pin="1"/><net_sink comp="135" pin=1"/></net>

<net id="165"><net_src comp="107" pin="2"/><net_sink comp="162" pin=0"/></net>

<net id="169"><net_src comp="129" pin="2"/><net_sink comp="166" pin=0"/></net>

<net id="173"><net_src comp="145" pin="4"/><net_sink comp="170" pin=0"/></net>

<net id="174"><net_src comp="170" pin="1"/><net_sink comp="92" pin=2"/></net>

</net_list>

</model> 
---------------- Datapath Model END ------------------

* FSMD analyzer results:
  - Output states:
	Port: bytePlanes | {}
	Port: img | {2 3 }
 - Input state : 
	Port: Bytes2MultiPixStream_Pipeline_VITIS_LOOP_1696_1 : trunc_ln1683_1 | {1 }
	Port: Bytes2MultiPixStream_Pipeline_VITIS_LOOP_1696_1 : bytePlanes | {2 }
	Port: Bytes2MultiPixStream_Pipeline_VITIS_LOOP_1696_1 : sub185 | {1 }
	Port: Bytes2MultiPixStream_Pipeline_VITIS_LOOP_1696_1 : img | {}
	Port: Bytes2MultiPixStream_Pipeline_VITIS_LOOP_1696_1 : rev | {1 }
  - Chain level:
	State 1
		store_ln1696 : 1
		x_3 : 1
		icmp_ln1696 : 2
		x_4 : 2
		br_ln1696 : 3
		zext_ln1696 : 2
		cmp186 : 3
		or_ln1711 : 4
		br_ln1711 : 4
		store_ln1696 : 3
	State 2
		write_ln1711 : 1
	State 3


============================================================
+ Verbose Summary: Datapath Resource usage 
============================================================

* Functional unit list:
|----------|--------------------------------|---------|---------|
| Operation|         Functional Unit        |    FF   |   LUT   |
|----------|--------------------------------|---------|---------|
|   icmp   |       icmp_ln1696_fu_107       |    0    |    19   |
|          |          cmp186_fu_123         |    0    |    20   |
|----------|--------------------------------|---------|---------|
|    add   |           x_4_fu_113           |    0    |    19   |
|----------|--------------------------------|---------|---------|
|    or    |        or_ln1711_fu_129        |    0    |    2    |
|----------|--------------------------------|---------|---------|
|          |       rev_read_read_fu_68      |    0    |    0    |
|   read   |     sub185_read_read_fu_74     |    0    |    0    |
|          | trunc_ln1683_1_read_read_fu_80 |    0    |    0    |
|          |          rd_read_fu_86         |    0    |    0    |
|----------|--------------------------------|---------|---------|
|   write  |         grp_write_fu_92        |    0    |    0    |
|----------|--------------------------------|---------|---------|
|   zext   |       zext_ln1696_fu_119       |    0    |    0    |
|----------|--------------------------------|---------|---------|
|   trunc  |       trunc_ln1711_fu_140      |    0    |    0    |
|----------|--------------------------------|---------|---------|
|partselect|       or_ln1711_s_fu_145       |    0    |    0    |
|----------|--------------------------------|---------|---------|
|   Total  |                                |    0    |    60   |
|----------|--------------------------------|---------|---------|

Memories:
N/A

* Register list:
+-------------------+--------+
|                   |   FF   |
+-------------------+--------+
|icmp_ln1696_reg_162|    1   |
| or_ln1711_reg_166 |    1   |
|or_ln1711_s_reg_170|   32   |
|     x_reg_155     |   12   |
+-------------------+--------+
|       Total       |   46   |
+-------------------+--------+

* Multiplexer (MUX) list: 
|-----------------|------|------|------|--------||---------||---------||---------|
|       Comp      |  Pin | Size |  BW  | S x BW ||  Delay  ||    FF   ||   LUT   |
|-----------------|------|------|------|--------||---------||---------||---------|
| grp_write_fu_92 |  p2  |   2  |  32  |   64   ||    0    ||    9    |
|-----------------|------|------|------|--------||---------||---------||---------|
|      Total      |      |      |      |   64   ||  0.489  ||    0    ||    9    |
|-----------------|------|------|------|--------||---------||---------||---------|



* Summary:
+-----------+--------+--------+--------+
|           |  Delay |   FF   |   LUT  |
+-----------+--------+--------+--------+
|  Function |    -   |    0   |   60   |
|   Memory  |    -   |    -   |    -   |
|Multiplexer|    0   |    0   |    9   |
|  Register |    -   |   46   |    -   |
+-----------+--------+--------+--------+
|   Total   |    0   |   46   |   69   |
+-----------+--------+--------+--------+
