

================================================================
== Vitis HLS Report for 'MultiPixStream2AXIvideo_Pipeline_VITIS_LOOP_460_2'
================================================================
* Date:           Sat Sep  6 13:57:12 2025

* Version:        2025.1 (Build 6135595 on May 21 2025)
* Project:        prj
* Solution:       sol (Vivado IP Flow Target)
* Product family: zynquplus
* Target device:  xczu3eg-sfvc784-1-e


================================================================
== Performance Estimates
================================================================
+ Timing: 
    * Summary: 
    +--------+---------+----------+------------+
    |  Clock |  Target | Estimated| Uncertainty|
    +--------+---------+----------+------------+
    |ap_clk  |  5.00 ns|  2.935 ns|     1.35 ns|
    +--------+---------+----------+------------+

+ Latency: 
    * Summary: 
    +---------+---------+-----------+-----------+-----+------+------------------------------------------------+
    |  Latency (cycles) |   Latency (absolute)  |  Interval  |                    Pipeline                    |
    |   min   |   max   |    min    |    max    | min |  max |                      Type                      |
    +---------+---------+-----------+-----------+-----+------+------------------------------------------------+
    |        3|     3843|  15.000 ns|  19.215 us|    1|  3841|  loop auto-rewind stp (delay=0 clock cycles(s))|
    +---------+---------+-----------+-----------+-----+------+------------------------------------------------+

    + Detail: 
        * Instance: 
        N/A

        * Loop: 
        +--------------------+---------+---------+----------+-----------+-----------+----------+----------+
        |                    |  Latency (cycles) | Iteration|  Initiation Interval  |   Trip   |          |
        |      Loop Name     |   min   |   max   |  Latency |  achieved |   target  |   Count  | Pipelined|
        +--------------------+---------+---------+----------+-----------+-----------+----------+----------+
        |- VITIS_LOOP_460_2  |        1|     3841|         2|          1|          1|  0 ~ 3840|       yes|
        +--------------------+---------+---------+----------+-----------+-----------+----------+----------+

============================================================
+ Verbose Summary: Synthesis Manager
============================================================
InlineROM: 1
ExposeGlobal: 0
============================================================
+ Verbose Summary: CDFG Model
============================================================
IsTopModel: 0
ResetActiveHigh: 1
IsCombinational: 0
IsDatapathOnly: 0
HasWiredReturn: 1
HasMFsm: 2
HasVarLatency: 1
IsPipeline: 0
IsRtlPipelined: 0
IsInstanceOverlapped: 0
IsDontTouch: 0
HasImplIP: 0
IsGatedGlobalClock: 0

+ Individual pipeline summary: 
  * Pipeline-0: initiation interval (II) = 1, depth = 2


============================================================
+ Verbose Summary: Schedule
============================================================
* Number of FSM states : 2
* Pipeline : 1
  Pipeline-0 : II = 1, D = 2, States = { 1 2 }
* Dataflow Pipeline: 0

* FSM state transitions: 
1 --> 2 
2 --> 

* FSM state operations: 

State 1 <SV = 0> <Delay = 1.93>
ST_1 : Operation 5 [1/1] (0.00ns)   --->   "%j = alloca i32 1" [/home/e/Documents/research/byotee/OSDZU3_Ref_Design/OSDZU3_Ref_Design.runs/design_1_v_frmbuf_rd_0_0_synth_1/prj/sol/.autopilot/db/v_frmbuf_rd.cpp:460]   --->   Operation 5 'alloca' 'j' <Predicate = true> <Delay = 0.00>
ST_1 : Operation 6 [1/1] (0.00ns)   --->   "%specaxissidechannel_ln0 = specaxissidechannel void @_ssdm_op_SpecAXISSideChannel, i32 %m_axis_video_V_data_V, i4 %m_axis_video_V_keep_V, i4 %m_axis_video_V_strb_V, i1 %m_axis_video_V_user_V, i1 %m_axis_video_V_last_V, i1 %m_axis_video_V_id_V, i1 %m_axis_video_V_dest_V, void @empty_19"   --->   Operation 6 'specaxissidechannel' 'specaxissidechannel_ln0' <Predicate = true> <Delay = 0.00>
ST_1 : Operation 7 [1/1] (0.00ns)   --->   "%specinterface_ln0 = specinterface void @_ssdm_op_SpecInterface, i1 %m_axis_video_V_dest_V, i1 %m_axis_video_V_id_V, i1 %m_axis_video_V_last_V, i1 %m_axis_video_V_user_V, i4 %m_axis_video_V_strb_V, i4 %m_axis_video_V_keep_V, i32 %m_axis_video_V_data_V, void @empty_11, i32 0, i32 0, void @empty_1, i32 0, i32 0, void @empty_5, void @empty_5, void @empty_5, i32 0, i32 0, i32 0, i32 0, void @empty_5, void @empty_5, i32 4294967295, i32 0, i32 0"   --->   Operation 7 'specinterface' 'specinterface_ln0' <Predicate = true> <Delay = 0.00>
ST_1 : Operation 8 [1/1] (0.00ns)   --->   "%specinterface_ln0 = specinterface void @_ssdm_op_SpecInterface, i32 %img, void @empty_7, i32 0, i32 0, void @empty_5, i32 0, i32 0, void @empty_5, void @empty_5, void @empty_5, i32 0, i32 0, i32 0, i32 0, void @empty_5, void @empty_5, i32 4294967295, i32 0, i32 0"   --->   Operation 8 'specinterface' 'specinterface_ln0' <Predicate = true> <Delay = 0.00>
ST_1 : Operation 9 [1/1] (0.00ns)   --->   "%thr_or17_read = read i1 @_ssdm_op_Read.ap_auto.i1, i1 %thr_or17"   --->   Operation 9 'read' 'thr_or17_read' <Predicate = true> <Delay = 0.00>
ST_1 : Operation 10 [1/1] (0.00ns)   --->   "%sub_read = read i13 @_ssdm_op_Read.ap_auto.i13, i13 %sub"   --->   Operation 10 'read' 'sub_read' <Predicate = true> <Delay = 0.00>
ST_1 : Operation 11 [1/1] (0.00ns)   --->   "%cols_read = read i12 @_ssdm_op_Read.ap_auto.i12, i12 %cols"   --->   Operation 11 'read' 'cols_read' <Predicate = true> <Delay = 0.00>
ST_1 : Operation 12 [1/1] (0.00ns)   --->   "%sof_read = read i1 @_ssdm_op_Read.ap_auto.i1, i1 %sof"   --->   Operation 12 'read' 'sof_read' <Predicate = true> <Delay = 0.00>
ST_1 : Operation 13 [1/1] (0.48ns)   --->   "%store_ln460 = store i12 0, i12 %j" [/home/e/Documents/research/byotee/OSDZU3_Ref_Design/OSDZU3_Ref_Design.runs/design_1_v_frmbuf_rd_0_0_synth_1/prj/sol/.autopilot/db/v_frmbuf_rd.cpp:460]   --->   Operation 13 'store' 'store_ln460' <Predicate = true> <Delay = 0.48>
ST_1 : Operation 14 [1/1] (0.48ns)   --->   "%br_ln460 = br void %for.body13" [/home/e/Documents/research/byotee/OSDZU3_Ref_Design/OSDZU3_Ref_Design.runs/design_1_v_frmbuf_rd_0_0_synth_1/prj/sol/.autopilot/db/v_frmbuf_rd.cpp:460]   --->   Operation 14 'br' 'br_ln460' <Predicate = true> <Delay = 0.48>
ST_1 : Operation 15 [1/1] (0.00ns)   --->   "%j_1 = load i12 %j" [/home/e/Documents/research/byotee/OSDZU3_Ref_Design/OSDZU3_Ref_Design.runs/design_1_v_frmbuf_rd_0_0_synth_1/prj/sol/.autopilot/db/v_frmbuf_rd.cpp:460]   --->   Operation 15 'load' 'j_1' <Predicate = true> <Delay = 0.00>
ST_1 : Operation 16 [1/1] (0.96ns)   --->   "%icmp_ln460 = icmp_eq  i12 %j_1, i12 %cols_read" [/home/e/Documents/research/byotee/OSDZU3_Ref_Design/OSDZU3_Ref_Design.runs/design_1_v_frmbuf_rd_0_0_synth_1/prj/sol/.autopilot/db/v_frmbuf_rd.cpp:460]   --->   Operation 16 'icmp' 'icmp_ln460' <Predicate = true> <Delay = 0.96> <CoreInst = "Cmp">   --->   Core 9 'Cmp' <Latency = 0> <II = 1> <Delay = 0.96> <FuncUnit> <Opcode : 'seteq' 'setne' 'setle' 'setge' 'setlt' 'setgt'> <InPorts = 2> <OutPorts = 1>
ST_1 : Operation 17 [1/1] (0.96ns)   --->   "%j_2 = add i12 %j_1, i12 1" [/home/e/Documents/research/byotee/OSDZU3_Ref_Design/OSDZU3_Ref_Design.runs/design_1_v_frmbuf_rd_0_0_synth_1/prj/sol/.autopilot/db/v_frmbuf_rd.cpp:460]   --->   Operation 17 'add' 'j_2' <Predicate = true> <Delay = 0.96> <CoreInst = "Adder">   --->   Core 1 'Adder' <Latency = 0> <II = 1> <Delay = 0.96> <FuncUnit> <Opcode : 'add' 'sub'> <InPorts = 2> <OutPorts = 1>
ST_1 : Operation 18 [1/1] (0.00ns)   --->   "%br_ln460 = br i1 %icmp_ln460, void %for.body13.split, void %for.inc89.exitStub" [/home/e/Documents/research/byotee/OSDZU3_Ref_Design/OSDZU3_Ref_Design.runs/design_1_v_frmbuf_rd_0_0_synth_1/prj/sol/.autopilot/db/v_frmbuf_rd.cpp:460]   --->   Operation 18 'br' 'br_ln460' <Predicate = true> <Delay = 0.00>
ST_1 : Operation 19 [1/1] (0.00ns)   --->   "%zext_ln460 = zext i12 %j_1" [/home/e/Documents/research/byotee/OSDZU3_Ref_Design/OSDZU3_Ref_Design.runs/design_1_v_frmbuf_rd_0_0_synth_1/prj/sol/.autopilot/db/v_frmbuf_rd.cpp:460]   --->   Operation 19 'zext' 'zext_ln460' <Predicate = (!icmp_ln460)> <Delay = 0.00>
ST_1 : Operation 20 [1/1] (0.97ns)   --->   "%axi_last = icmp_eq  i13 %zext_ln460, i13 %sub_read" [/home/e/Documents/research/byotee/OSDZU3_Ref_Design/OSDZU3_Ref_Design.runs/design_1_v_frmbuf_rd_0_0_synth_1/prj/sol/.autopilot/db/v_frmbuf_rd.cpp:470]   --->   Operation 20 'icmp' 'axi_last' <Predicate = (!icmp_ln460)> <Delay = 0.97> <CoreInst = "Cmp">   --->   Core 9 'Cmp' <Latency = 0> <II = 1> <Delay = 0.97> <FuncUnit> <Opcode : 'seteq' 'setne' 'setle' 'setge' 'setlt' 'setgt'> <InPorts = 2> <OutPorts = 1>
ST_1 : Operation 21 [1/1] (0.48ns)   --->   "%store_ln460 = store i12 %j_2, i12 %j" [/home/e/Documents/research/byotee/OSDZU3_Ref_Design/OSDZU3_Ref_Design.runs/design_1_v_frmbuf_rd_0_0_synth_1/prj/sol/.autopilot/db/v_frmbuf_rd.cpp:460]   --->   Operation 21 'store' 'store_ln460' <Predicate = (!icmp_ln460)> <Delay = 0.48>
ST_1 : Operation 22 [1/1] (0.00ns)   --->   "%br_ln460 = br void %for.body13" [/home/e/Documents/research/byotee/OSDZU3_Ref_Design/OSDZU3_Ref_Design.runs/design_1_v_frmbuf_rd_0_0_synth_1/prj/sol/.autopilot/db/v_frmbuf_rd.cpp:460]   --->   Operation 22 'br' 'br_ln460' <Predicate = (!icmp_ln460)> <Delay = 0.00>

State 2 <SV = 1> <Delay = 2.93>
ST_2 : Operation 23 [1/1] (0.00ns)   --->   "%sof_2 = phi i1 %sof_read, void %newFuncRoot, i1 0, void %for.body13.split"   --->   Operation 23 'phi' 'sof_2' <Predicate = true> <Delay = 0.00>
ST_2 : Operation 24 [1/1] (0.00ns)   --->   "%speclooptripcount_ln0 = speclooptripcount void @_ssdm_op_SpecLoopTripCount, i64 0, i64 3840, i64 0"   --->   Operation 24 'speclooptripcount' 'speclooptripcount_ln0' <Predicate = true> <Delay = 0.00>
ST_2 : Operation 25 [1/1] (0.00ns)   --->   "%specpipeline_ln463 = specpipeline void @_ssdm_op_SpecPipeline, i32 1, i32 0, i32 0, i32 0, void @empty_5" [/home/e/Documents/research/byotee/OSDZU3_Ref_Design/OSDZU3_Ref_Design.runs/design_1_v_frmbuf_rd_0_0_synth_1/prj/sol/.autopilot/db/v_frmbuf_rd.cpp:463]   --->   Operation 25 'specpipeline' 'specpipeline_ln463' <Predicate = (!icmp_ln460)> <Delay = 0.00>
ST_2 : Operation 26 [1/1] (0.00ns)   --->   "%specloopname_ln460 = specloopname void @_ssdm_op_SpecLoopName, void @empty_10" [/home/e/Documents/research/byotee/OSDZU3_Ref_Design/OSDZU3_Ref_Design.runs/design_1_v_frmbuf_rd_0_0_synth_1/prj/sol/.autopilot/db/v_frmbuf_rd.cpp:460]   --->   Operation 26 'specloopname' 'specloopname_ln460' <Predicate = (!icmp_ln460)> <Delay = 0.00>
ST_2 : Operation 27 [1/1] ( I:1.82ns O:1.82ns )   --->   "%img_read = read i32 @_ssdm_op_Read.ap_fifo.volatile.i32P0A, i32 %img" [/home/e/Documents/research/byotee/OSDZU3_Ref_Design/OSDZU3_Ref_Design.runs/design_1_v_frmbuf_rd_0_0_synth_1/prj/sol/.autopilot/db/v_frmbuf_rd.cpp:475]   --->   Operation 27 'read' 'img_read' <Predicate = (!icmp_ln460)> <Delay = 1.82> <CoreInst = "FIFO_SRL">   --->   Core 80 'FIFO_SRL' <Latency = 0> <II = 1> <Delay = 2.16> <Storage> <Opcode : 'read' 'write' 'nbread' 'nbwrite'> <Ports = 0> <Width = 32> <Depth = 2> <FIFO>
ST_2 : Operation 28 [1/1] (0.00ns)   --->   "%trunc_ln475 = trunc i32 %img_read" [/home/e/Documents/research/byotee/OSDZU3_Ref_Design/OSDZU3_Ref_Design.runs/design_1_v_frmbuf_rd_0_0_synth_1/prj/sol/.autopilot/db/v_frmbuf_rd.cpp:475]   --->   Operation 28 'trunc' 'trunc_ln475' <Predicate = (!icmp_ln460)> <Delay = 0.00>
ST_2 : Operation 29 [1/1] (0.00ns)   --->   "%trunc_ln475_1 = partselect i8 @_ssdm_op_PartSelect.i8.i32.i32.i32, i32 %img_read, i32 8, i32 15" [/home/e/Documents/research/byotee/OSDZU3_Ref_Design/OSDZU3_Ref_Design.runs/design_1_v_frmbuf_rd_0_0_synth_1/prj/sol/.autopilot/db/v_frmbuf_rd.cpp:475]   --->   Operation 29 'partselect' 'trunc_ln475_1' <Predicate = (!icmp_ln460)> <Delay = 0.00>
ST_2 : Operation 30 [1/1] (0.00ns)   --->   "%trunc_ln475_2 = partselect i8 @_ssdm_op_PartSelect.i8.i32.i32.i32, i32 %img_read, i32 16, i32 23" [/home/e/Documents/research/byotee/OSDZU3_Ref_Design/OSDZU3_Ref_Design.runs/design_1_v_frmbuf_rd_0_0_synth_1/prj/sol/.autopilot/db/v_frmbuf_rd.cpp:475]   --->   Operation 30 'partselect' 'trunc_ln475_2' <Predicate = (!icmp_ln460)> <Delay = 0.00>
ST_2 : Operation 31 [1/1] (0.00ns)   --->   "%pix_444 = partselect i8 @_ssdm_op_PartSelect.i8.i32.i32.i32, i32 %img_read, i32 24, i32 31" [/home/e/Documents/research/byotee/OSDZU3_Ref_Design/OSDZU3_Ref_Design.runs/design_1_v_frmbuf_rd_0_0_synth_1/prj/sol/.autopilot/db/v_frmbuf_rd.cpp:475]   --->   Operation 31 'partselect' 'pix_444' <Predicate = (!icmp_ln460)> <Delay = 0.00>
ST_2 : Operation 32 [1/1] (0.44ns)   --->   "%select_ln485 = select i1 %thr_or17_read, i8 %trunc_ln475, i8 %trunc_ln475_1" [/home/e/Documents/research/byotee/OSDZU3_Ref_Design/OSDZU3_Ref_Design.runs/design_1_v_frmbuf_rd_0_0_synth_1/prj/sol/.autopilot/db/v_frmbuf_rd.cpp:485]   --->   Operation 32 'select' 'select_ln485' <Predicate = (!icmp_ln460)> <Delay = 0.44> <CoreInst = "Sel">   --->   Core 73 'Sel' <Latency = 0> <II = 1> <Delay = 0.44> <FuncUnit> <Opcode : 'select'> <InPorts = 3> <OutPorts = 1>
ST_2 : Operation 33 [1/1] (0.44ns)   --->   "%select_ln485_1 = select i1 %thr_or17_read, i8 %trunc_ln475_1, i8 %trunc_ln475_2" [/home/e/Documents/research/byotee/OSDZU3_Ref_Design/OSDZU3_Ref_Design.runs/design_1_v_frmbuf_rd_0_0_synth_1/prj/sol/.autopilot/db/v_frmbuf_rd.cpp:485]   --->   Operation 33 'select' 'select_ln485_1' <Predicate = (!icmp_ln460)> <Delay = 0.44> <CoreInst = "Sel">   --->   Core 73 'Sel' <Latency = 0> <II = 1> <Delay = 0.44> <FuncUnit> <Opcode : 'select'> <InPorts = 3> <OutPorts = 1>
ST_2 : Operation 34 [1/1] (0.44ns)   --->   "%select_ln485_2 = select i1 %thr_or17_read, i8 %trunc_ln475_2, i8 %trunc_ln475" [/home/e/Documents/research/byotee/OSDZU3_Ref_Design/OSDZU3_Ref_Design.runs/design_1_v_frmbuf_rd_0_0_synth_1/prj/sol/.autopilot/db/v_frmbuf_rd.cpp:485]   --->   Operation 34 'select' 'select_ln485_2' <Predicate = (!icmp_ln460)> <Delay = 0.44> <CoreInst = "Sel">   --->   Core 73 'Sel' <Latency = 0> <II = 1> <Delay = 0.44> <FuncUnit> <Opcode : 'select'> <InPorts = 3> <OutPorts = 1>
ST_2 : Operation 35 [1/1] (0.00ns)   --->   "%axi_data = bitconcatenate i32 @_ssdm_op_BitConcatenate.i32.i8.i8.i8.i8, i8 %pix_444, i8 %select_ln485_2, i8 %select_ln485_1, i8 %select_ln485" [/home/e/Documents/research/byotee/OSDZU3_Ref_Design/OSDZU3_Ref_Design.runs/design_1_v_frmbuf_rd_0_0_synth_1/prj/sol/.autopilot/db/v_frmbuf_rd.cpp:485]   --->   Operation 35 'bitconcatenate' 'axi_data' <Predicate = (!icmp_ln460)> <Delay = 0.00>
ST_2 : Operation 36 [1/1] (0.66ns)   --->   "%write_ln490 = write void @_ssdm_op_Write.axis.volatile.i32P0A.i4P0A.i4P0A.i1P0A.i1P0A.i1P0A.i1P0A, i32 %m_axis_video_V_data_V, i4 %m_axis_video_V_keep_V, i4 %m_axis_video_V_strb_V, i1 %m_axis_video_V_user_V, i1 %m_axis_video_V_last_V, i1 %m_axis_video_V_id_V, i1 %m_axis_video_V_dest_V, i32 %axi_data, i4 15, i4 0, i1 %sof_2, i1 %axi_last, i1 0, i1 0" [/home/e/Documents/research/byotee/OSDZU3_Ref_Design/OSDZU3_Ref_Design.runs/design_1_v_frmbuf_rd_0_0_synth_1/prj/sol/.autopilot/db/v_frmbuf_rd.cpp:490]   --->   Operation 36 'write' 'write_ln490' <Predicate = (!icmp_ln460)> <Delay = 0.66> <CoreInst = "regslice">   --->   Core 147 'regslice' <Latency = 0> <II = 1> <Delay = 0.90> <Adapter> <Opcode : 'read' 'write'>
ST_2 : Operation 37 [1/1] (0.48ns)   --->   "%ret_ln0 = ret"   --->   Operation 37 'ret' 'ret_ln0' <Predicate = (icmp_ln460)> <Delay = 0.48>


============================================================
+ Verbose Summary: Binding
============================================================
STG Binding: 
---------------- STG Properties BEGIN ----------------
- Is combinational: 0
- Is one-state seq: 0
- Is datapath-only: 0
- Is pipelined: 0
- Is top level: 0
Port [ Return ] is wired: 1; IO mode=ap_ctrl_hs:ce=0
Port [ sof]:  wired=1; compound=0; hidden=0; nouse=0; global=0; static=0; extern=0; dir=0; type=0; pingpong=0; private_global=0; IO mode=ap_none:ce=0
Port [ cols]:  wired=1; compound=0; hidden=0; nouse=0; global=0; static=0; extern=0; dir=0; type=0; pingpong=0; private_global=0; IO mode=ap_none:ce=0
Port [ sub]:  wired=1; compound=0; hidden=0; nouse=0; global=0; static=0; extern=0; dir=0; type=0; pingpong=0; private_global=0; IO mode=ap_none:ce=0
Port [ img]:  wired=1; compound=1; hidden=0; nouse=0; global=0; static=0; extern=0; dir=0; type=3; pingpong=0; private_global=0; IO mode=ap_fifo:ce=0
Port [ thr_or17]:  wired=1; compound=0; hidden=0; nouse=0; global=0; static=0; extern=0; dir=0; type=0; pingpong=0; private_global=0; IO mode=ap_stable:ce=0
Port [ m_axis_video_V_data_V]:  wired=1; compound=1; hidden=0; nouse=0; global=0; static=0; extern=0; dir=1; type=0; pingpong=0; private_global=0; IO mode=axis:ce=0
Port [ m_axis_video_V_keep_V]:  wired=1; compound=1; hidden=0; nouse=0; global=0; static=0; extern=0; dir=1; type=0; pingpong=0; private_global=0; IO mode=axis:ce=0
Port [ m_axis_video_V_strb_V]:  wired=1; compound=1; hidden=0; nouse=0; global=0; static=0; extern=0; dir=1; type=0; pingpong=0; private_global=0; IO mode=axis:ce=0
Port [ m_axis_video_V_user_V]:  wired=1; compound=1; hidden=0; nouse=0; global=0; static=0; extern=0; dir=1; type=0; pingpong=0; private_global=0; IO mode=axis:ce=0
Port [ m_axis_video_V_last_V]:  wired=1; compound=1; hidden=0; nouse=0; global=0; static=0; extern=0; dir=1; type=0; pingpong=0; private_global=0; IO mode=axis:ce=0
Port [ m_axis_video_V_id_V]:  wired=1; compound=1; hidden=0; nouse=0; global=0; static=0; extern=0; dir=1; type=0; pingpong=0; private_global=0; IO mode=axis:ce=0
Port [ m_axis_video_V_dest_V]:  wired=1; compound=1; hidden=0; nouse=0; global=0; static=0; extern=0; dir=1; type=0; pingpong=0; private_global=0; IO mode=axis:ce=0
---------------- STG Properties END ------------------

---------------- Datapath Model BEGIN ----------------

<LifeTime>
<method=bitvector/>
j                       (alloca             ) [ 010]
specaxissidechannel_ln0 (specaxissidechannel) [ 000]
specinterface_ln0       (specinterface      ) [ 000]
specinterface_ln0       (specinterface      ) [ 000]
thr_or17_read           (read               ) [ 011]
sub_read                (read               ) [ 000]
cols_read               (read               ) [ 000]
sof_read                (read               ) [ 011]
store_ln460             (store              ) [ 000]
br_ln460                (br                 ) [ 011]
j_1                     (load               ) [ 000]
icmp_ln460              (icmp               ) [ 011]
j_2                     (add                ) [ 000]
br_ln460                (br                 ) [ 000]
zext_ln460              (zext               ) [ 000]
axi_last                (icmp               ) [ 011]
store_ln460             (store              ) [ 000]
br_ln460                (br                 ) [ 011]
sof_2                   (phi                ) [ 011]
speclooptripcount_ln0   (speclooptripcount  ) [ 000]
specpipeline_ln463      (specpipeline       ) [ 000]
specloopname_ln460      (specloopname       ) [ 000]
img_read                (read               ) [ 000]
trunc_ln475             (trunc              ) [ 000]
trunc_ln475_1           (partselect         ) [ 000]
trunc_ln475_2           (partselect         ) [ 000]
pix_444                 (partselect         ) [ 000]
select_ln485            (select             ) [ 000]
select_ln485_1          (select             ) [ 000]
select_ln485_2          (select             ) [ 000]
axi_data                (bitconcatenate     ) [ 000]
write_ln490             (write              ) [ 000]
ret_ln0                 (ret                ) [ 000]
</LifeTime>

<model>

<comp_list>
<comp id="0" class="1000" name="sof">
<pin_list>
<pin id="1" dir="1" index="0" bw="1" slack="0"/>
</pin_list>
<bind>
<StgValue><ssdm name="sof"/></StgValue>
</bind>
</comp>

<comp id="2" class="1000" name="cols">
<pin_list>
<pin id="3" dir="1" index="0" bw="1" slack="0"/>
</pin_list>
<bind>
<StgValue><ssdm name="cols"/></StgValue>
</bind>
</comp>

<comp id="4" class="1000" name="sub">
<pin_list>
<pin id="5" dir="1" index="0" bw="1" slack="0"/>
</pin_list>
<bind>
<StgValue><ssdm name="sub"/></StgValue>
</bind>
</comp>

<comp id="6" class="1000" name="img">
<pin_list>
<pin id="7" dir="1" index="0" bw="1" slack="0"/>
</pin_list>
<bind>
<StgValue><ssdm name="img"/></StgValue>
</bind>
</comp>

<comp id="8" class="1000" name="thr_or17">
<pin_list>
<pin id="9" dir="1" index="0" bw="1" slack="0"/>
</pin_list>
<bind>
<StgValue><ssdm name="thr_or17"/></StgValue>
</bind>
</comp>

<comp id="10" class="1000" name="m_axis_video_V_data_V">
<pin_list>
<pin id="11" dir="1" index="0" bw="1" slack="0"/>
</pin_list>
<bind>
<StgValue><ssdm name="m_axis_video_V_data_V"/></StgValue>
</bind>
</comp>

<comp id="12" class="1000" name="m_axis_video_V_keep_V">
<pin_list>
<pin id="13" dir="1" index="0" bw="1" slack="0"/>
</pin_list>
<bind>
<StgValue><ssdm name="m_axis_video_V_keep_V"/></StgValue>
</bind>
</comp>

<comp id="14" class="1000" name="m_axis_video_V_strb_V">
<pin_list>
<pin id="15" dir="1" index="0" bw="1" slack="0"/>
</pin_list>
<bind>
<StgValue><ssdm name="m_axis_video_V_strb_V"/></StgValue>
</bind>
</comp>

<comp id="16" class="1000" name="m_axis_video_V_user_V">
<pin_list>
<pin id="17" dir="1" index="0" bw="1" slack="0"/>
</pin_list>
<bind>
<StgValue><ssdm name="m_axis_video_V_user_V"/></StgValue>
</bind>
</comp>

<comp id="18" class="1000" name="m_axis_video_V_last_V">
<pin_list>
<pin id="19" dir="1" index="0" bw="1" slack="0"/>
</pin_list>
<bind>
<StgValue><ssdm name="m_axis_video_V_last_V"/></StgValue>
</bind>
</comp>

<comp id="20" class="1000" name="m_axis_video_V_id_V">
<pin_list>
<pin id="21" dir="1" index="0" bw="1" slack="0"/>
</pin_list>
<bind>
<StgValue><ssdm name="m_axis_video_V_id_V"/></StgValue>
</bind>
</comp>

<comp id="22" class="1000" name="m_axis_video_V_dest_V">
<pin_list>
<pin id="23" dir="1" index="0" bw="1" slack="0"/>
</pin_list>
<bind>
<StgValue><ssdm name="m_axis_video_V_dest_V"/></StgValue>
</bind>
</comp>

<comp id="24" class="1001" name="const_24">
<pin_list>
<pin id="25" dir="1" index="0" bw="1" slack="0"/>
</pin_list>
<bind>
<StgValue><ssdm name=""/></StgValue>
</bind>
</comp>

<comp id="26" class="1001" name="const_26">
<pin_list>
<pin id="27" dir="1" index="0" bw="1" slack="2147483647"/>
</pin_list>
<bind>
<StgValue><ssdm name="_ssdm_op_SpecAXISSideChannel"/></StgValue>
</bind>
</comp>

<comp id="28" class="1001" name="const_28">
<pin_list>
<pin id="29" dir="1" index="0" bw="1" slack="2147483647"/>
</pin_list>
<bind>
<StgValue><ssdm name="empty_19"/></StgValue>
</bind>
</comp>

<comp id="30" class="1001" name="const_30">
<pin_list>
<pin id="31" dir="1" index="0" bw="1" slack="2147483647"/>
</pin_list>
<bind>
<StgValue><ssdm name="_ssdm_op_SpecInterface"/></StgValue>
</bind>
</comp>

<comp id="32" class="1001" name="const_32">
<pin_list>
<pin id="33" dir="1" index="0" bw="1" slack="2147483647"/>
</pin_list>
<bind>
<StgValue><ssdm name="empty_11"/></StgValue>
</bind>
</comp>

<comp id="34" class="1001" name="const_34">
<pin_list>
<pin id="35" dir="1" index="0" bw="1" slack="2147483647"/>
</pin_list>
<bind>
<StgValue><ssdm name=""/></StgValue>
</bind>
</comp>

<comp id="36" class="1001" name="const_36">
<pin_list>
<pin id="37" dir="1" index="0" bw="1" slack="2147483647"/>
</pin_list>
<bind>
<StgValue><ssdm name="empty_1"/></StgValue>
</bind>
</comp>

<comp id="38" class="1001" name="const_38">
<pin_list>
<pin id="39" dir="1" index="0" bw="1" slack="2147483647"/>
</pin_list>
<bind>
<StgValue><ssdm name="empty_5"/></StgValue>
</bind>
</comp>

<comp id="40" class="1001" name="const_40">
<pin_list>
<pin id="41" dir="1" index="0" bw="1" slack="2147483647"/>
</pin_list>
<bind>
<StgValue><ssdm name=""/></StgValue>
</bind>
</comp>

<comp id="42" class="1001" name="const_42">
<pin_list>
<pin id="43" dir="1" index="0" bw="1" slack="2147483647"/>
</pin_list>
<bind>
<StgValue><ssdm name="empty_7"/></StgValue>
</bind>
</comp>

<comp id="44" class="1001" name="const_44">
<pin_list>
<pin id="45" dir="1" index="0" bw="1" slack="0"/>
</pin_list>
<bind>
<StgValue><ssdm name="_ssdm_op_Read.ap_auto.i1"/></StgValue>
</bind>
</comp>

<comp id="46" class="1001" name="const_46">
<pin_list>
<pin id="47" dir="1" index="0" bw="1" slack="0"/>
</pin_list>
<bind>
<StgValue><ssdm name="_ssdm_op_Read.ap_auto.i13"/></StgValue>
</bind>
</comp>

<comp id="48" class="1001" name="const_48">
<pin_list>
<pin id="49" dir="1" index="0" bw="1" slack="0"/>
</pin_list>
<bind>
<StgValue><ssdm name="_ssdm_op_Read.ap_auto.i12"/></StgValue>
</bind>
</comp>

<comp id="50" class="1001" name="const_50">
<pin_list>
<pin id="51" dir="1" index="0" bw="1" slack="0"/>
</pin_list>
<bind>
<StgValue><ssdm name=""/></StgValue>
</bind>
</comp>

<comp id="52" class="1001" name="const_52">
<pin_list>
<pin id="53" dir="1" index="0" bw="1" slack="0"/>
</pin_list>
<bind>
<StgValue><ssdm name=""/></StgValue>
</bind>
</comp>

<comp id="54" class="1001" name="const_54">
<pin_list>
<pin id="55" dir="1" index="0" bw="1" slack="1"/>
</pin_list>
<bind>
<StgValue><ssdm name=""/></StgValue>
</bind>
</comp>

<comp id="56" class="1001" name="const_56">
<pin_list>
<pin id="57" dir="1" index="0" bw="1" slack="2147483647"/>
</pin_list>
<bind>
<StgValue><ssdm name="_ssdm_op_SpecLoopTripCount"/></StgValue>
</bind>
</comp>

<comp id="58" class="1001" name="const_58">
<pin_list>
<pin id="59" dir="1" index="0" bw="1" slack="2147483647"/>
</pin_list>
<bind>
<StgValue><ssdm name=""/></StgValue>
</bind>
</comp>

<comp id="60" class="1001" name="const_60">
<pin_list>
<pin id="61" dir="1" index="0" bw="1" slack="2147483647"/>
</pin_list>
<bind>
<StgValue><ssdm name=""/></StgValue>
</bind>
</comp>

<comp id="62" class="1001" name="const_62">
<pin_list>
<pin id="63" dir="1" index="0" bw="1" slack="2147483647"/>
</pin_list>
<bind>
<StgValue><ssdm name="_ssdm_op_SpecPipeline"/></StgValue>
</bind>
</comp>

<comp id="64" class="1001" name="const_64">
<pin_list>
<pin id="65" dir="1" index="0" bw="1" slack="2147483647"/>
</pin_list>
<bind>
<StgValue><ssdm name="_ssdm_op_SpecLoopName"/></StgValue>
</bind>
</comp>

<comp id="66" class="1001" name="const_66">
<pin_list>
<pin id="67" dir="1" index="0" bw="1" slack="2147483647"/>
</pin_list>
<bind>
<StgValue><ssdm name="empty_10"/></StgValue>
</bind>
</comp>

<comp id="68" class="1001" name="const_68">
<pin_list>
<pin id="69" dir="1" index="0" bw="1" slack="0"/>
</pin_list>
<bind>
<StgValue><ssdm name="_ssdm_op_Read.ap_fifo.volatile.i32P0A"/></StgValue>
</bind>
</comp>

<comp id="70" class="1001" name="const_70">
<pin_list>
<pin id="71" dir="1" index="0" bw="1" slack="0"/>
</pin_list>
<bind>
<StgValue><ssdm name="_ssdm_op_PartSelect.i8.i32.i32.i32"/></StgValue>
</bind>
</comp>

<comp id="72" class="1001" name="const_72">
<pin_list>
<pin id="73" dir="1" index="0" bw="1" slack="0"/>
</pin_list>
<bind>
<StgValue><ssdm name=""/></StgValue>
</bind>
</comp>

<comp id="74" class="1001" name="const_74">
<pin_list>
<pin id="75" dir="1" index="0" bw="1" slack="0"/>
</pin_list>
<bind>
<StgValue><ssdm name=""/></StgValue>
</bind>
</comp>

<comp id="76" class="1001" name="const_76">
<pin_list>
<pin id="77" dir="1" index="0" bw="1" slack="0"/>
</pin_list>
<bind>
<StgValue><ssdm name=""/></StgValue>
</bind>
</comp>

<comp id="78" class="1001" name="const_78">
<pin_list>
<pin id="79" dir="1" index="0" bw="1" slack="0"/>
</pin_list>
<bind>
<StgValue><ssdm name=""/></StgValue>
</bind>
</comp>

<comp id="80" class="1001" name="const_80">
<pin_list>
<pin id="81" dir="1" index="0" bw="1" slack="0"/>
</pin_list>
<bind>
<StgValue><ssdm name=""/></StgValue>
</bind>
</comp>

<comp id="82" class="1001" name="const_82">
<pin_list>
<pin id="83" dir="1" index="0" bw="1" slack="0"/>
</pin_list>
<bind>
<StgValue><ssdm name=""/></StgValue>
</bind>
</comp>

<comp id="84" class="1001" name="const_84">
<pin_list>
<pin id="85" dir="1" index="0" bw="1" slack="0"/>
</pin_list>
<bind>
<StgValue><ssdm name="_ssdm_op_BitConcatenate.i32.i8.i8.i8.i8"/></StgValue>
</bind>
</comp>

<comp id="86" class="1001" name="const_86">
<pin_list>
<pin id="87" dir="1" index="0" bw="1" slack="0"/>
</pin_list>
<bind>
<StgValue><ssdm name="_ssdm_op_Write.axis.volatile.i32P0A.i4P0A.i4P0A.i1P0A.i1P0A.i1P0A.i1P0A"/></StgValue>
</bind>
</comp>

<comp id="88" class="1001" name="const_88">
<pin_list>
<pin id="89" dir="1" index="0" bw="1" slack="0"/>
</pin_list>
<bind>
<StgValue><ssdm name=""/></StgValue>
</bind>
</comp>

<comp id="90" class="1001" name="const_90">
<pin_list>
<pin id="91" dir="1" index="0" bw="1" slack="0"/>
</pin_list>
<bind>
<StgValue><ssdm name=""/></StgValue>
</bind>
</comp>

<comp id="92" class="1001" name="const_92">
<pin_list>
<pin id="93" dir="1" index="0" bw="1" slack="0"/>
</pin_list>
<bind>
<StgValue><ssdm name=""/></StgValue>
</bind>
</comp>

<comp id="94" class="1004" name="j_fu_94">
<pin_list>
<pin id="95" dir="0" index="0" bw="1" slack="0"/>
<pin id="96" dir="1" index="1" bw="12" slack="0"/>
</pin_list>
<bind>
<opcode="alloca(26) " fcode="alloca"/>
<opset="j/1 "/>
</bind>
</comp>

<comp id="98" class="1004" name="thr_or17_read_read_fu_98">
<pin_list>
<pin id="99" dir="0" index="0" bw="1" slack="0"/>
<pin id="100" dir="0" index="1" bw="1" slack="0"/>
<pin id="101" dir="1" index="2" bw="1" slack="1"/>
</pin_list>
<bind>
<opcode="read(1150) " fcode="read"/>
<opset="thr_or17_read/1 "/>
</bind>
</comp>

<comp id="104" class="1004" name="sub_read_read_fu_104">
<pin_list>
<pin id="105" dir="0" index="0" bw="13" slack="0"/>
<pin id="106" dir="0" index="1" bw="13" slack="0"/>
<pin id="107" dir="1" index="2" bw="13" slack="0"/>
</pin_list>
<bind>
<opcode="read(1150) " fcode="read"/>
<opset="sub_read/1 "/>
</bind>
</comp>

<comp id="110" class="1004" name="cols_read_read_fu_110">
<pin_list>
<pin id="111" dir="0" index="0" bw="12" slack="0"/>
<pin id="112" dir="0" index="1" bw="12" slack="0"/>
<pin id="113" dir="1" index="2" bw="12" slack="0"/>
</pin_list>
<bind>
<opcode="read(1150) " fcode="read"/>
<opset="cols_read/1 "/>
</bind>
</comp>

<comp id="116" class="1004" name="sof_read_read_fu_116">
<pin_list>
<pin id="117" dir="0" index="0" bw="1" slack="0"/>
<pin id="118" dir="0" index="1" bw="1" slack="0"/>
<pin id="119" dir="1" index="2" bw="1" slack="1"/>
</pin_list>
<bind>
<opcode="read(1150) " fcode="read"/>
<opset="sof_read/1 "/>
</bind>
</comp>

<comp id="122" class="1004" name="img_read_read_fu_122">
<pin_list>
<pin id="123" dir="0" index="0" bw="32" slack="0"/>
<pin id="124" dir="0" index="1" bw="32" slack="0"/>
<pin id="125" dir="1" index="2" bw="32" slack="0"/>
</pin_list>
<bind>
<opcode="read(1150) " fcode="read"/>
<opset="img_read/2 "/>
</bind>
</comp>

<comp id="128" class="1004" name="write_ln490_write_fu_128">
<pin_list>
<pin id="129" dir="0" index="0" bw="0" slack="0"/>
<pin id="130" dir="0" index="1" bw="32" slack="0"/>
<pin id="131" dir="0" index="2" bw="4" slack="0"/>
<pin id="132" dir="0" index="3" bw="4" slack="0"/>
<pin id="133" dir="0" index="4" bw="1" slack="0"/>
<pin id="134" dir="0" index="5" bw="1" slack="0"/>
<pin id="135" dir="0" index="6" bw="1" slack="0"/>
<pin id="136" dir="0" index="7" bw="1" slack="0"/>
<pin id="137" dir="0" index="8" bw="32" slack="0"/>
<pin id="138" dir="0" index="9" bw="1" slack="0"/>
<pin id="139" dir="0" index="10" bw="1" slack="0"/>
<pin id="140" dir="0" index="11" bw="1" slack="0"/>
<pin id="141" dir="0" index="12" bw="1" slack="1"/>
<pin id="142" dir="0" index="13" bw="1" slack="0"/>
<pin id="143" dir="0" index="14" bw="1" slack="0"/>
<pin id="144" dir="1" index="15" bw="0" slack="2147483647"/>
</pin_list>
<bind>
<opcode="write(1151) " fcode="write"/>
<opset="write_ln490/2 "/>
</bind>
</comp>

<comp id="157" class="1005" name="sof_2_reg_157">
<pin_list>
<pin id="158" dir="0" index="0" bw="1" slack="1"/>
<pin id="159" dir="1" index="1" bw="1" slack="1"/>
</pin_list>
<bind>
<opset="sof_2 (phireg) "/>
</bind>
</comp>

<comp id="161" class="1004" name="sof_2_phi_fu_161">
<pin_list>
<pin id="162" dir="0" index="0" bw="1" slack="1"/>
<pin id="163" dir="0" index="1" bw="0" slack="2147483647"/>
<pin id="164" dir="0" index="2" bw="1" slack="1"/>
<pin id="165" dir="0" index="3" bw="0" slack="2147483647"/>
<pin id="166" dir="1" index="4" bw="1" slack="0"/>
</pin_list>
<bind>
<opcode="phi(47) " fcode="phi"/>
<opset="sof_2/2 "/>
</bind>
</comp>

<comp id="169" class="1004" name="store_ln460_store_fu_169">
<pin_list>
<pin id="170" dir="0" index="0" bw="1" slack="0"/>
<pin id="171" dir="0" index="1" bw="12" slack="0"/>
<pin id="172" dir="1" index="2" bw="0" slack="2147483647"/>
</pin_list>
<bind>
<opcode="store(28) " fcode="store"/>
<opset="store_ln460/1 "/>
</bind>
</comp>

<comp id="174" class="1004" name="j_1_load_fu_174">
<pin_list>
<pin id="175" dir="0" index="0" bw="12" slack="0"/>
<pin id="176" dir="1" index="1" bw="12" slack="0"/>
</pin_list>
<bind>
<opcode="load(27) " fcode="load"/>
<opset="j_1/1 "/>
</bind>
</comp>

<comp id="177" class="1004" name="icmp_ln460_fu_177">
<pin_list>
<pin id="178" dir="0" index="0" bw="12" slack="0"/>
<pin id="179" dir="0" index="1" bw="12" slack="0"/>
<pin id="180" dir="1" index="2" bw="1" slack="1"/>
</pin_list>
<bind>
<opcode="icmp(45) " fcode="icmp"/>
<opset="icmp_ln460/1 "/>
</bind>
</comp>

<comp id="183" class="1004" name="j_2_fu_183">
<pin_list>
<pin id="184" dir="0" index="0" bw="12" slack="0"/>
<pin id="185" dir="0" index="1" bw="1" slack="0"/>
<pin id="186" dir="1" index="2" bw="12" slack="0"/>
</pin_list>
<bind>
<opcode="add(8) " fcode="add"/>
<opset="j_2/1 "/>
</bind>
</comp>

<comp id="189" class="1004" name="zext_ln460_fu_189">
<pin_list>
<pin id="190" dir="0" index="0" bw="12" slack="0"/>
<pin id="191" dir="1" index="1" bw="13" slack="0"/>
</pin_list>
<bind>
<opcode="zext(34) " fcode="zext"/>
<opset="zext_ln460/1 "/>
</bind>
</comp>

<comp id="193" class="1004" name="axi_last_fu_193">
<pin_list>
<pin id="194" dir="0" index="0" bw="12" slack="0"/>
<pin id="195" dir="0" index="1" bw="13" slack="0"/>
<pin id="196" dir="1" index="2" bw="1" slack="1"/>
</pin_list>
<bind>
<opcode="icmp(45) " fcode="icmp"/>
<opset="axi_last/1 "/>
</bind>
</comp>

<comp id="199" class="1004" name="store_ln460_store_fu_199">
<pin_list>
<pin id="200" dir="0" index="0" bw="12" slack="0"/>
<pin id="201" dir="0" index="1" bw="12" slack="0"/>
<pin id="202" dir="1" index="2" bw="0" slack="2147483647"/>
</pin_list>
<bind>
<opcode="store(28) " fcode="store"/>
<opset="store_ln460/1 "/>
</bind>
</comp>

<comp id="204" class="1004" name="trunc_ln475_fu_204">
<pin_list>
<pin id="205" dir="0" index="0" bw="32" slack="0"/>
<pin id="206" dir="1" index="1" bw="8" slack="0"/>
</pin_list>
<bind>
<opcode="trunc(33) " fcode="trunc"/>
<opset="trunc_ln475/2 "/>
</bind>
</comp>

<comp id="208" class="1004" name="trunc_ln475_1_fu_208">
<pin_list>
<pin id="209" dir="0" index="0" bw="8" slack="0"/>
<pin id="210" dir="0" index="1" bw="32" slack="0"/>
<pin id="211" dir="0" index="2" bw="5" slack="0"/>
<pin id="212" dir="0" index="3" bw="5" slack="0"/>
<pin id="213" dir="1" index="4" bw="8" slack="0"/>
</pin_list>
<bind>
<opcode="partselect(1002) " fcode="partselect"/>
<opset="trunc_ln475_1/2 "/>
</bind>
</comp>

<comp id="218" class="1004" name="trunc_ln475_2_fu_218">
<pin_list>
<pin id="219" dir="0" index="0" bw="8" slack="0"/>
<pin id="220" dir="0" index="1" bw="32" slack="0"/>
<pin id="221" dir="0" index="2" bw="6" slack="0"/>
<pin id="222" dir="0" index="3" bw="6" slack="0"/>
<pin id="223" dir="1" index="4" bw="8" slack="0"/>
</pin_list>
<bind>
<opcode="partselect(1002) " fcode="partselect"/>
<opset="trunc_ln475_2/2 "/>
</bind>
</comp>

<comp id="228" class="1004" name="pix_444_fu_228">
<pin_list>
<pin id="229" dir="0" index="0" bw="8" slack="0"/>
<pin id="230" dir="0" index="1" bw="32" slack="0"/>
<pin id="231" dir="0" index="2" bw="6" slack="0"/>
<pin id="232" dir="0" index="3" bw="6" slack="0"/>
<pin id="233" dir="1" index="4" bw="8" slack="0"/>
</pin_list>
<bind>
<opcode="partselect(1002) " fcode="partselect"/>
<opset="pix_444/2 "/>
</bind>
</comp>

<comp id="238" class="1004" name="select_ln485_fu_238">
<pin_list>
<pin id="239" dir="0" index="0" bw="1" slack="1"/>
<pin id="240" dir="0" index="1" bw="8" slack="0"/>
<pin id="241" dir="0" index="2" bw="8" slack="0"/>
<pin id="242" dir="1" index="3" bw="8" slack="0"/>
</pin_list>
<bind>
<opcode="select(49) " fcode="select"/>
<opset="select_ln485/2 "/>
</bind>
</comp>

<comp id="245" class="1004" name="select_ln485_1_fu_245">
<pin_list>
<pin id="246" dir="0" index="0" bw="1" slack="1"/>
<pin id="247" dir="0" index="1" bw="8" slack="0"/>
<pin id="248" dir="0" index="2" bw="8" slack="0"/>
<pin id="249" dir="1" index="3" bw="8" slack="0"/>
</pin_list>
<bind>
<opcode="select(49) " fcode="select"/>
<opset="select_ln485_1/2 "/>
</bind>
</comp>

<comp id="252" class="1004" name="select_ln485_2_fu_252">
<pin_list>
<pin id="253" dir="0" index="0" bw="1" slack="1"/>
<pin id="254" dir="0" index="1" bw="8" slack="0"/>
<pin id="255" dir="0" index="2" bw="8" slack="0"/>
<pin id="256" dir="1" index="3" bw="8" slack="0"/>
</pin_list>
<bind>
<opcode="select(49) " fcode="select"/>
<opset="select_ln485_2/2 "/>
</bind>
</comp>

<comp id="259" class="1004" name="axi_data_fu_259">
<pin_list>
<pin id="260" dir="0" index="0" bw="32" slack="0"/>
<pin id="261" dir="0" index="1" bw="8" slack="0"/>
<pin id="262" dir="0" index="2" bw="8" slack="0"/>
<pin id="263" dir="0" index="3" bw="8" slack="0"/>
<pin id="264" dir="0" index="4" bw="8" slack="0"/>
<pin id="265" dir="1" index="5" bw="32" slack="0"/>
</pin_list>
<bind>
<opcode="bitconcatenate(1004) " fcode="bitconcatenate"/>
<opset="axi_data/2 "/>
</bind>
</comp>

<comp id="272" class="1005" name="j_reg_272">
<pin_list>
<pin id="273" dir="0" index="0" bw="12" slack="0"/>
<pin id="274" dir="1" index="1" bw="12" slack="0"/>
</pin_list>
<bind>
<opset="j "/>
</bind>
</comp>

<comp id="279" class="1005" name="thr_or17_read_reg_279">
<pin_list>
<pin id="280" dir="0" index="0" bw="1" slack="1"/>
<pin id="281" dir="1" index="1" bw="1" slack="1"/>
</pin_list>
<bind>
<opset="thr_or17_read "/>
</bind>
</comp>

<comp id="286" class="1005" name="sof_read_reg_286">
<pin_list>
<pin id="287" dir="0" index="0" bw="1" slack="1"/>
<pin id="288" dir="1" index="1" bw="1" slack="1"/>
</pin_list>
<bind>
<opset="sof_read "/>
</bind>
</comp>

<comp id="291" class="1005" name="icmp_ln460_reg_291">
<pin_list>
<pin id="292" dir="0" index="0" bw="1" slack="1"/>
<pin id="293" dir="1" index="1" bw="1" slack="2147483647"/>
</pin_list>
<bind>
<opset="icmp_ln460 "/>
</bind>
</comp>

<comp id="295" class="1005" name="axi_last_reg_295">
<pin_list>
<pin id="296" dir="0" index="0" bw="1" slack="1"/>
<pin id="297" dir="1" index="1" bw="1" slack="1"/>
</pin_list>
<bind>
<opset="axi_last "/>
</bind>
</comp>

</comp_list>

<net_list>
<net id="97"><net_src comp="24" pin="0"/><net_sink comp="94" pin=0"/></net>

<net id="102"><net_src comp="44" pin="0"/><net_sink comp="98" pin=0"/></net>

<net id="103"><net_src comp="8" pin="0"/><net_sink comp="98" pin=1"/></net>

<net id="108"><net_src comp="46" pin="0"/><net_sink comp="104" pin=0"/></net>

<net id="109"><net_src comp="4" pin="0"/><net_sink comp="104" pin=1"/></net>

<net id="114"><net_src comp="48" pin="0"/><net_sink comp="110" pin=0"/></net>

<net id="115"><net_src comp="2" pin="0"/><net_sink comp="110" pin=1"/></net>

<net id="120"><net_src comp="44" pin="0"/><net_sink comp="116" pin=0"/></net>

<net id="121"><net_src comp="0" pin="0"/><net_sink comp="116" pin=1"/></net>

<net id="126"><net_src comp="68" pin="0"/><net_sink comp="122" pin=0"/></net>

<net id="127"><net_src comp="6" pin="0"/><net_sink comp="122" pin=1"/></net>

<net id="145"><net_src comp="86" pin="0"/><net_sink comp="128" pin=0"/></net>

<net id="146"><net_src comp="10" pin="0"/><net_sink comp="128" pin=1"/></net>

<net id="147"><net_src comp="12" pin="0"/><net_sink comp="128" pin=2"/></net>

<net id="148"><net_src comp="14" pin="0"/><net_sink comp="128" pin=3"/></net>

<net id="149"><net_src comp="16" pin="0"/><net_sink comp="128" pin=4"/></net>

<net id="150"><net_src comp="18" pin="0"/><net_sink comp="128" pin=5"/></net>

<net id="151"><net_src comp="20" pin="0"/><net_sink comp="128" pin=6"/></net>

<net id="152"><net_src comp="22" pin="0"/><net_sink comp="128" pin=7"/></net>

<net id="153"><net_src comp="88" pin="0"/><net_sink comp="128" pin=9"/></net>

<net id="154"><net_src comp="90" pin="0"/><net_sink comp="128" pin=10"/></net>

<net id="155"><net_src comp="92" pin="0"/><net_sink comp="128" pin=13"/></net>

<net id="156"><net_src comp="92" pin="0"/><net_sink comp="128" pin=14"/></net>

<net id="160"><net_src comp="54" pin="0"/><net_sink comp="157" pin=0"/></net>

<net id="167"><net_src comp="157" pin="1"/><net_sink comp="161" pin=2"/></net>

<net id="168"><net_src comp="161" pin="4"/><net_sink comp="128" pin=11"/></net>

<net id="173"><net_src comp="50" pin="0"/><net_sink comp="169" pin=0"/></net>

<net id="181"><net_src comp="174" pin="1"/><net_sink comp="177" pin=0"/></net>

<net id="182"><net_src comp="110" pin="2"/><net_sink comp="177" pin=1"/></net>

<net id="187"><net_src comp="174" pin="1"/><net_sink comp="183" pin=0"/></net>

<net id="188"><net_src comp="52" pin="0"/><net_sink comp="183" pin=1"/></net>

<net id="192"><net_src comp="174" pin="1"/><net_sink comp="189" pin=0"/></net>

<net id="197"><net_src comp="189" pin="1"/><net_sink comp="193" pin=0"/></net>

<net id="198"><net_src comp="104" pin="2"/><net_sink comp="193" pin=1"/></net>

<net id="203"><net_src comp="183" pin="2"/><net_sink comp="199" pin=0"/></net>

<net id="207"><net_src comp="122" pin="2"/><net_sink comp="204" pin=0"/></net>

<net id="214"><net_src comp="70" pin="0"/><net_sink comp="208" pin=0"/></net>

<net id="215"><net_src comp="122" pin="2"/><net_sink comp="208" pin=1"/></net>

<net id="216"><net_src comp="72" pin="0"/><net_sink comp="208" pin=2"/></net>

<net id="217"><net_src comp="74" pin="0"/><net_sink comp="208" pin=3"/></net>

<net id="224"><net_src comp="70" pin="0"/><net_sink comp="218" pin=0"/></net>

<net id="225"><net_src comp="122" pin="2"/><net_sink comp="218" pin=1"/></net>

<net id="226"><net_src comp="76" pin="0"/><net_sink comp="218" pin=2"/></net>

<net id="227"><net_src comp="78" pin="0"/><net_sink comp="218" pin=3"/></net>

<net id="234"><net_src comp="70" pin="0"/><net_sink comp="228" pin=0"/></net>

<net id="235"><net_src comp="122" pin="2"/><net_sink comp="228" pin=1"/></net>

<net id="236"><net_src comp="80" pin="0"/><net_sink comp="228" pin=2"/></net>

<net id="237"><net_src comp="82" pin="0"/><net_sink comp="228" pin=3"/></net>

<net id="243"><net_src comp="204" pin="1"/><net_sink comp="238" pin=1"/></net>

<net id="244"><net_src comp="208" pin="4"/><net_sink comp="238" pin=2"/></net>

<net id="250"><net_src comp="208" pin="4"/><net_sink comp="245" pin=1"/></net>

<net id="251"><net_src comp="218" pin="4"/><net_sink comp="245" pin=2"/></net>

<net id="257"><net_src comp="218" pin="4"/><net_sink comp="252" pin=1"/></net>

<net id="258"><net_src comp="204" pin="1"/><net_sink comp="252" pin=2"/></net>

<net id="266"><net_src comp="84" pin="0"/><net_sink comp="259" pin=0"/></net>

<net id="267"><net_src comp="228" pin="4"/><net_sink comp="259" pin=1"/></net>

<net id="268"><net_src comp="252" pin="3"/><net_sink comp="259" pin=2"/></net>

<net id="269"><net_src comp="245" pin="3"/><net_sink comp="259" pin=3"/></net>

<net id="270"><net_src comp="238" pin="3"/><net_sink comp="259" pin=4"/></net>

<net id="271"><net_src comp="259" pin="5"/><net_sink comp="128" pin=8"/></net>

<net id="275"><net_src comp="94" pin="1"/><net_sink comp="272" pin=0"/></net>

<net id="276"><net_src comp="272" pin="1"/><net_sink comp="169" pin=1"/></net>

<net id="277"><net_src comp="272" pin="1"/><net_sink comp="174" pin=0"/></net>

<net id="278"><net_src comp="272" pin="1"/><net_sink comp="199" pin=1"/></net>

<net id="282"><net_src comp="98" pin="2"/><net_sink comp="279" pin=0"/></net>

<net id="283"><net_src comp="279" pin="1"/><net_sink comp="238" pin=0"/></net>

<net id="284"><net_src comp="279" pin="1"/><net_sink comp="245" pin=0"/></net>

<net id="285"><net_src comp="279" pin="1"/><net_sink comp="252" pin=0"/></net>

<net id="289"><net_src comp="116" pin="2"/><net_sink comp="286" pin=0"/></net>

<net id="290"><net_src comp="286" pin="1"/><net_sink comp="161" pin=0"/></net>

<net id="294"><net_src comp="177" pin="2"/><net_sink comp="291" pin=0"/></net>

<net id="298"><net_src comp="193" pin="2"/><net_sink comp="295" pin=0"/></net>

<net id="299"><net_src comp="295" pin="1"/><net_sink comp="128" pin=12"/></net>

</net_list>

</model> 
---------------- Datapath Model END ------------------

* FSMD analyzer results:
  - Output states:
	Port: m_axis_video_V_data_V | {2 }
	Port: m_axis_video_V_keep_V | {2 }
	Port: m_axis_video_V_strb_V | {2 }
	Port: m_axis_video_V_user_V | {2 }
	Port: m_axis_video_V_last_V | {2 }
	Port: m_axis_video_V_id_V | {2 }
	Port: m_axis_video_V_dest_V | {2 }
 - Input state : 
	Port: MultiPixStream2AXIvideo_Pipeline_VITIS_LOOP_460_2 : sof | {1 }
	Port: MultiPixStream2AXIvideo_Pipeline_VITIS_LOOP_460_2 : cols | {1 }
	Port: MultiPixStream2AXIvideo_Pipeline_VITIS_LOOP_460_2 : sub | {1 }
	Port: MultiPixStream2AXIvideo_Pipeline_VITIS_LOOP_460_2 : img | {2 }
	Port: MultiPixStream2AXIvideo_Pipeline_VITIS_LOOP_460_2 : thr_or17 | {1 }
  - Chain level:
	State 1
		store_ln460 : 1
		j_1 : 1
		icmp_ln460 : 2
		j_2 : 2
		br_ln460 : 3
		zext_ln460 : 2
		axi_last : 3
		store_ln460 : 3
	State 2
		select_ln485 : 1
		select_ln485_1 : 1
		select_ln485_2 : 1
		axi_data : 2
		write_ln490 : 3


============================================================
+ Verbose Summary: Datapath Resource usage 
============================================================

* Functional unit list:
|----------|--------------------------|---------|---------|
| Operation|      Functional Unit     |    FF   |   LUT   |
|----------|--------------------------|---------|---------|
|   icmp   |     icmp_ln460_fu_177    |    0    |    19   |
|          |      axi_last_fu_193     |    0    |    20   |
|----------|--------------------------|---------|---------|
|          |    select_ln485_fu_238   |    0    |    8    |
|  select  |   select_ln485_1_fu_245  |    0    |    8    |
|          |   select_ln485_2_fu_252  |    0    |    8    |
|----------|--------------------------|---------|---------|
|    add   |        j_2_fu_183        |    0    |    19   |
|----------|--------------------------|---------|---------|
|          | thr_or17_read_read_fu_98 |    0    |    0    |
|          |   sub_read_read_fu_104   |    0    |    0    |
|   read   |   cols_read_read_fu_110  |    0    |    0    |
|          |   sof_read_read_fu_116   |    0    |    0    |
|          |   img_read_read_fu_122   |    0    |    0    |
|----------|--------------------------|---------|---------|
|   write  | write_ln490_write_fu_128 |    0    |    0    |
|----------|--------------------------|---------|---------|
|   zext   |     zext_ln460_fu_189    |    0    |    0    |
|----------|--------------------------|---------|---------|
|   trunc  |    trunc_ln475_fu_204    |    0    |    0    |
|----------|--------------------------|---------|---------|
|          |   trunc_ln475_1_fu_208   |    0    |    0    |
|partselect|   trunc_ln475_2_fu_218   |    0    |    0    |
|          |      pix_444_fu_228      |    0    |    0    |
|----------|--------------------------|---------|---------|
|bitconcatenate|      axi_data_fu_259     |    0    |    0    |
|----------|--------------------------|---------|---------|
|   Total  |                          |    0    |    82   |
|----------|--------------------------|---------|---------|

Memories:
N/A

* Register list:
+---------------------+--------+
|                     |   FF   |
+---------------------+--------+
|   axi_last_reg_295  |    1   |
|  icmp_ln460_reg_291 |    1   |
|      j_reg_272      |   12   |
|    sof_2_reg_157    |    1   |
|   sof_read_reg_286  |    1   |
|thr_or17_read_reg_279|    1   |
+---------------------+--------+
|        Total        |   17   |
+---------------------+--------+

* Multiplexer (MUX) list: 
|--------|------|------|------|--------|
|  Comp  |  Pin | Size |  BW  | S x BW |
|--------|------|------|------|--------|
|  Total |      |      |      |    0   |
|--------|------|------|------|--------|



* Summary:
+-----------+--------+--------+
|           |   FF   |   LUT  |
+-----------+--------+--------+
|  Function |    0   |   82   |
|   Memory  |    -   |    -   |
|Multiplexer|    -   |    -   |
|  Register |   17   |    -   |
+-----------+--------+--------+
|   Total   |   17   |   82   |
+-----------+--------+--------+
