

================================================================
== Vitis HLS Report for 'MultiPixStream2AXIvideo'
================================================================
* Date:           Sat Sep  6 13:57:13 2025

* Version:        2025.1 (Build 6135595 on May 21 2025)
* Project:        prj
* Solution:       sol (Vivado IP Flow Target)
* Product family: zynquplus
* Target device:  xczu3eg-sfvc784-1-e


================================================================
== Performance Estimates
================================================================
+ Timing: 
    * Summary: 
    +--------+---------+----------+------------+
    |  Clock |  Target | Estimated| Uncertainty|
    +--------+---------+----------+------------+
    |ap_clk  |  5.00 ns|  2.935 ns|     1.35 ns|
    +--------+---------+----------+------------+

+ Latency: 
    * Summary: 
    +---------+---------+-----------+-----------+-----+---------+---------+
    |  Latency (cycles) |   Latency (absolute)  |    Interval   | Pipeline|
    |   min   |   max   |    min    |    max    | min |   max   |   Type  |
    +---------+---------+-----------+-----------+-----+---------+---------+
    |        2|  8305202|  10.000 ns|  41.526 ms|    2|  8305202|       no|
    +---------+---------+-----------+-----------+-----+---------+---------+

    + Detail: 
        * Instance: 
        +--------------------------------------------------------------+---------------------------------------------------+---------+---------+-----------+-----------+-----+------+------------------------------------------------+
        |                                                              |                                                   |  Latency (cycles) |   Latency (absolute)  |  Interval  |                    Pipeline                    |
        |                           Instance                           |                       Module                      |   min   |   max   |    min    |    max    | min |  max |                      Type                      |
        +--------------------------------------------------------------+---------------------------------------------------+---------+---------+-----------+-----------+-----+------+------------------------------------------------+
        |grp_MultiPixStream2AXIvideo_Pipeline_VITIS_LOOP_460_2_fu_112  |MultiPixStream2AXIvideo_Pipeline_VITIS_LOOP_460_2  |        3|     3843|  15.000 ns|  19.215 us|    1|  3841|  loop auto-rewind stp (delay=0 clock cycles(s))|
        |grp_reg_unsigned_short_s_fu_137                               |reg_unsigned_short_s                               |        1|        1|   5.000 ns|   5.000 ns|    1|     1|                                             yes|
        |grp_reg_unsigned_short_s_fu_143                               |reg_unsigned_short_s                               |        1|        1|   5.000 ns|   5.000 ns|    1|     1|                                             yes|
        +--------------------------------------------------------------+---------------------------------------------------+---------+---------+-----------+-----------+-----+------+------------------------------------------------+

        * Loop: 
        +--------------------+---------+---------+----------+-----------+-----------+----------+----------+
        |                    |  Latency (cycles) | Iteration|  Initiation Interval  |   Trip   |          |
        |      Loop Name     |   min   |   max   |  Latency |  achieved |   target  |   Count  | Pipelined|
        +--------------------+---------+---------+----------+-----------+-----------+----------+----------+
        |- VITIS_LOOP_458_1  |        0|  8305200|  5 ~ 3845|          -|          -|  0 ~ 2160|        no|
        +--------------------+---------+---------+----------+-----------+-----------+----------+----------+



================================================================
== Utilization Estimates
================================================================
* Summary: 
+-----------------+---------+-----+--------+-------+-----+
|       Name      | BRAM_18K| DSP |   FF   |  LUT  | URAM|
+-----------------+---------+-----+--------+-------+-----+
|DSP              |        -|    -|       -|      -|    -|
|Expression       |        -|    -|       0|    105|    -|
|FIFO             |        -|    -|       -|      -|    -|
|Instance         |        -|    -|      48|    157|    -|
|Memory           |        -|    -|       -|      -|    -|
|Multiplexer      |        -|    -|       0|    116|    -|
|Register         |        -|    -|     103|      -|    -|
+-----------------+---------+-----+--------+-------+-----+
|Total            |        0|    0|     151|    378|    0|
+-----------------+---------+-----+--------+-------+-----+
|Available        |      432|  360|  141120|  70560|    0|
+-----------------+---------+-----+--------+-------+-----+
|Utilization (%)  |        0|    0|      ~0|     ~0|    0|
+-----------------+---------+-----+--------+-------+-----+

+ Detail: 
    * Instance: 
    +--------------------------------------------------------------+---------------------------------------------------+---------+----+----+-----+-----+
    |                           Instance                           |                       Module                      | BRAM_18K| DSP| FF | LUT | URAM|
    +--------------------------------------------------------------+---------------------------------------------------+---------+----+----+-----+-----+
    |grp_MultiPixStream2AXIvideo_Pipeline_VITIS_LOOP_460_2_fu_112  |MultiPixStream2AXIvideo_Pipeline_VITIS_LOOP_460_2  |        0|   0|  20|  153|    0|
    |grp_reg_unsigned_short_s_fu_137                               |reg_unsigned_short_s                               |        0|   0|  14|    2|    0|
    |grp_reg_unsigned_short_s_fu_143                               |reg_unsigned_short_s                               |        0|   0|  14|    2|    0|
    +--------------------------------------------------------------+---------------------------------------------------+---------+----+----+-----+-----+
    |Total                                                         |                                                   |        0|   0|  48|  157|    0|
    +--------------------------------------------------------------+---------------------------------------------------+---------+----+----+-----+-----+

    * DSP: 
    N/A

    * Memory: 
    N/A

    * FIFO: 
    N/A

    * Expression: 
    +----------------------------------------------------------------------------------+----------+----+---+----+------------+------------+
    |                                   Variable Name                                  | Operation| DSP| FF| LUT| Bitwidth P0| Bitwidth P1|
    +----------------------------------------------------------------------------------+----------+----+---+----+------------+------------+
    |i_2_fu_196_p2                                                                     |         +|   0|  0|  19|          12|           1|
    |sub_fu_158_p2                                                                     |         +|   0|  0|  20|          13|           2|
    |and_ln458_fu_202_p2                                                               |       and|   0|  0|   2|           1|           1|
    |grp_MultiPixStream2AXIvideo_Pipeline_VITIS_LOOP_460_2_fu_112_m_axis_video_TREADY  |       and|   0|  0|   2|           1|           1|
    |cmp45_fu_164_p2                                                                   |      icmp|   0|  0|  10|           3|           1|
    |cmp47_fu_170_p2                                                                   |      icmp|   0|  0|  10|           3|           3|
    |icmp_ln458_1_fu_191_p2                                                            |      icmp|   0|  0|  19|          12|          12|
    |icmp_ln458_fu_182_p2                                                              |      icmp|   0|  0|  19|          12|           1|
    |ap_block_state1                                                                   |        or|   0|  0|   2|           1|           1|
    |thr_or17_fu_176_p2                                                                |        or|   0|  0|   2|           1|           1|
    +----------------------------------------------------------------------------------+----------+----+---+----+------------+------------+
    |Total                                                                             |          |   0|  0| 105|          59|          24|
    +----------------------------------------------------------------------------------+----------+----+---+----+------------+------------+

    * Multiplexer: 
    +--------------------+----+-----------+-----+-----------+
    |        Name        | LUT| Input Size| Bits| Total Bits|
    +--------------------+----+-----------+-----+-----------+
    |ap_NS_fsm           |  26|          5|    1|          5|
    |ap_done             |   9|          2|    1|          2|
    |i_fu_78             |   9|          2|   12|         24|
    |m_axis_video_TDATA  |   9|          2|   32|         64|
    |m_axis_video_TDEST  |   9|          2|    1|          2|
    |m_axis_video_TID    |   9|          2|    1|          2|
    |m_axis_video_TKEEP  |   9|          2|    4|          8|
    |m_axis_video_TLAST  |   9|          2|    1|          2|
    |m_axis_video_TSTRB  |   9|          2|    4|          8|
    |m_axis_video_TUSER  |   9|          2|    1|          2|
    |sof_reg_100         |   9|          2|    1|          2|
    +--------------------+----+-----------+-----+-----------+
    |Total               | 116|         25|   59|        121|
    +--------------------+----+-----------+-----+-----------+

    * Register: 
    +---------------------------------------------------------------------------+----+----+-----+-----------+
    |                                    Name                                   | FF | LUT| Bits| Const Bits|
    +---------------------------------------------------------------------------+----+----+-----+-----------+
    |and_ln458_reg_257                                                          |   1|   0|    1|          0|
    |ap_CS_fsm                                                                  |   4|   0|    4|          0|
    |ap_done_reg                                                                |   1|   0|    1|          0|
    |cols_reg_234                                                               |  12|   0|   12|          0|
    |grp_MultiPixStream2AXIvideo_Pipeline_VITIS_LOOP_460_2_fu_112_ap_start_reg  |   1|   0|    1|          0|
    |i_fu_78                                                                    |  12|   0|   12|          0|
    |icmp_ln458_reg_249                                                         |   1|   0|    1|          0|
    |m_axis_video_TDATA_reg                                                     |  32|   0|   32|          0|
    |m_axis_video_TDEST_reg                                                     |   1|   0|    1|          0|
    |m_axis_video_TID_reg                                                       |   1|   0|    1|          0|
    |m_axis_video_TKEEP_reg                                                     |   4|   0|    4|          0|
    |m_axis_video_TLAST_reg                                                     |   1|   0|    1|          0|
    |m_axis_video_TSTRB_reg                                                     |   4|   0|    4|          0|
    |m_axis_video_TUSER_reg                                                     |   1|   0|    1|          0|
    |rows_reg_229                                                               |  12|   0|   12|          0|
    |sof_reg_100                                                                |   1|   0|    1|          0|
    |sub_reg_239                                                                |  13|   0|   13|          0|
    |thr_or17_reg_244                                                           |   1|   0|    1|          0|
    +---------------------------------------------------------------------------+----+----+-----+-----------+
    |Total                                                                      | 103|   0|  103|          0|
    +---------------------------------------------------------------------------+----+----+-----+-----------+



================================================================
== Interface
================================================================
* Summary: 
+---------------------+-----+-----+------------+-------------------------+--------------+
|      RTL Ports      | Dir | Bits|  Protocol  |      Source Object      |    C Type    |
+---------------------+-----+-----+------------+-------------------------+--------------+
|ap_clk               |   in|    1|  ap_ctrl_hs|  MultiPixStream2AXIvideo|  return value|
|ap_rst               |   in|    1|  ap_ctrl_hs|  MultiPixStream2AXIvideo|  return value|
|ap_start             |   in|    1|  ap_ctrl_hs|  MultiPixStream2AXIvideo|  return value|
|ap_done              |  out|    1|  ap_ctrl_hs|  MultiPixStream2AXIvideo|  return value|
|ap_continue          |   in|    1|  ap_ctrl_hs|  MultiPixStream2AXIvideo|  return value|
|ap_idle              |  out|    1|  ap_ctrl_hs|  MultiPixStream2AXIvideo|  return value|
|ap_ready             |  out|    1|  ap_ctrl_hs|  MultiPixStream2AXIvideo|  return value|
|img_dout             |   in|   32|     ap_fifo|                      img|       pointer|
|img_empty_n          |   in|    1|     ap_fifo|                      img|       pointer|
|img_read             |  out|    1|     ap_fifo|                      img|       pointer|
|img_num_data_valid   |   in|    3|     ap_fifo|                      img|       pointer|
|img_fifo_cap         |   in|    3|     ap_fifo|                      img|       pointer|
|m_axis_video_TDATA   |  out|   32|        axis|    m_axis_video_V_data_V|       pointer|
|m_axis_video_TVALID  |  out|    1|        axis|    m_axis_video_V_dest_V|       pointer|
|m_axis_video_TREADY  |   in|    1|        axis|    m_axis_video_V_dest_V|       pointer|
|m_axis_video_TDEST   |  out|    1|        axis|    m_axis_video_V_dest_V|       pointer|
|m_axis_video_TKEEP   |  out|    4|        axis|    m_axis_video_V_keep_V|       pointer|
|m_axis_video_TSTRB   |  out|    4|        axis|    m_axis_video_V_strb_V|       pointer|
|m_axis_video_TUSER   |  out|    1|        axis|    m_axis_video_V_user_V|       pointer|
|m_axis_video_TLAST   |  out|    1|        axis|    m_axis_video_V_last_V|       pointer|
|m_axis_video_TID     |  out|    1|        axis|      m_axis_video_V_id_V|       pointer|
|Height_val           |   in|   12|   ap_stable|               Height_val|        scalar|
|WidthOut_val         |   in|   12|   ap_stable|             WidthOut_val|        scalar|
|colorFormat_val      |   in|    3|   ap_stable|          colorFormat_val|        scalar|
+---------------------+-----+-----+------------+-------------------------+--------------+

============================================================
+ Verbose Summary: Synthesis Manager
============================================================
InlineROM: 1
ExposeGlobal: 0
============================================================
+ Verbose Summary: CDFG Model
============================================================
IsTopModel: 0
ResetActiveHigh: 1
IsCombinational: 2
IsDatapathOnly: 0
HasWiredReturn: 1
HasMFsm: 0
HasVarLatency: 1
IsPipeline: 0
IsRtlPipelined: 0
IsInstanceOverlapped: 0
IsDontTouch: 0
HasImplIP: 0
IsGatedGlobalClock: 0


============================================================
+ Verbose Summary: Schedule
============================================================
* Number of FSM states : 4
* Pipeline : 0
* Dataflow Pipeline: 0

* FSM state transitions: 
1 --> 2 
2 --> 3 
3 --> 4 
4 --> 3 

* FSM state operations: 

State 1 <SV = 0> <Delay = 0.48>
ST_1 : Operation 5 [1/1] (0.00ns)   --->   "%i = alloca i32 1" [/home/e/Documents/research/byotee/OSDZU3_Ref_Design/OSDZU3_Ref_Design.runs/design_1_v_frmbuf_rd_0_0_synth_1/prj/sol/.autopilot/db/v_frmbuf_rd.cpp:458]   --->   Operation 5 'alloca' 'i' <Predicate = true> <Delay = 0.00>
ST_1 : Operation 6 [1/1] (0.00ns)   --->   "%WidthOut_val_read = read i12 @_ssdm_op_Read.ap_auto.i12, i12 %WidthOut_val"   --->   Operation 6 'read' 'WidthOut_val_read' <Predicate = true> <Delay = 0.00>
ST_1 : Operation 7 [1/1] (0.00ns)   --->   "%Height_val_read = read i12 @_ssdm_op_Read.ap_auto.i12, i12 %Height_val"   --->   Operation 7 'read' 'Height_val_read' <Predicate = true> <Delay = 0.00>
ST_1 : Operation 8 [2/2] (0.00ns)   --->   "%rows = call i12 @reg<unsigned short>, i12 %Height_val_read" [/home/e/Documents/research/byotee/OSDZU3_Ref_Design/OSDZU3_Ref_Design.runs/design_1_v_frmbuf_rd_0_0_synth_1/prj/sol/.autopilot/db/v_frmbuf_rd.cpp:438]   --->   Operation 8 'call' 'rows' <Predicate = true> <Delay = 0.00> <CoreType = "Generic">   --->   Generic Core
ST_1 : Operation 9 [2/2] (0.00ns)   --->   "%cols = call i12 @reg<unsigned short>, i12 %WidthOut_val_read" [/home/e/Documents/research/byotee/OSDZU3_Ref_Design/OSDZU3_Ref_Design.runs/design_1_v_frmbuf_rd_0_0_synth_1/prj/sol/.autopilot/db/v_frmbuf_rd.cpp:439]   --->   Operation 9 'call' 'cols' <Predicate = true> <Delay = 0.00> <CoreType = "Generic">   --->   Generic Core
ST_1 : Operation 10 [1/1] (0.48ns)   --->   "%store_ln458 = store i12 0, i12 %i" [/home/e/Documents/research/byotee/OSDZU3_Ref_Design/OSDZU3_Ref_Design.runs/design_1_v_frmbuf_rd_0_0_synth_1/prj/sol/.autopilot/db/v_frmbuf_rd.cpp:458]   --->   Operation 10 'store' 'store_ln458' <Predicate = true> <Delay = 0.48>

State 2 <SV = 1> <Delay = 1.07>
ST_2 : Operation 11 [1/1] (0.00ns)   --->   "%specstablecontent_ln0 = specstablecontent void @_ssdm_op_SpecStableContent, i3 %colorFormat_val, i1 1, void @p_str"   --->   Operation 11 'specstablecontent' 'specstablecontent_ln0' <Predicate = true> <Delay = 0.00>
ST_2 : Operation 12 [1/1] (0.00ns)   --->   "%colorFormat_val_read = read i3 @_ssdm_op_Read.ap_auto.i3, i3 %colorFormat_val"   --->   Operation 12 'read' 'colorFormat_val_read' <Predicate = true> <Delay = 0.00>
ST_2 : Operation 13 [1/1] (0.00ns)   --->   "%specaxissidechannel_ln0 = specaxissidechannel void @_ssdm_op_SpecAXISSideChannel, i32 %m_axis_video_V_data_V, i4 %m_axis_video_V_keep_V, i4 %m_axis_video_V_strb_V, i1 %m_axis_video_V_user_V, i1 %m_axis_video_V_last_V, i1 %m_axis_video_V_id_V, i1 %m_axis_video_V_dest_V, void @empty_19"   --->   Operation 13 'specaxissidechannel' 'specaxissidechannel_ln0' <Predicate = true> <Delay = 0.00>
ST_2 : Operation 14 [1/1] (0.00ns)   --->   "%specstablecontent_ln0 = specstablecontent void @_ssdm_op_SpecStableContent, i12 %Height_val, i1 1, void "   --->   Operation 14 'specstablecontent' 'specstablecontent_ln0' <Predicate = true> <Delay = 0.00>
ST_2 : Operation 15 [1/1] (0.00ns)   --->   "%specstablecontent_ln0 = specstablecontent void @_ssdm_op_SpecStableContent, i12 %WidthOut_val, i1 1, void "   --->   Operation 15 'specstablecontent' 'specstablecontent_ln0' <Predicate = true> <Delay = 0.00>
ST_2 : Operation 16 [1/1] (0.00ns)   --->   "%specinterface_ln0 = specinterface void @_ssdm_op_SpecInterface, i32 %img, void @empty_7, i32 0, i32 0, void @empty_5, i32 0, i32 0, void @empty_5, void @empty_5, void @empty_5, i32 0, i32 0, i32 0, i32 0, void @empty_5, void @empty_5, i32 4294967295, i32 0, i32 0"   --->   Operation 16 'specinterface' 'specinterface_ln0' <Predicate = true> <Delay = 0.00>
ST_2 : Operation 17 [1/1] (0.00ns)   --->   "%specinterface_ln0 = specinterface void @_ssdm_op_SpecInterface, i32 %m_axis_video_V_data_V, i4 %m_axis_video_V_keep_V, i4 %m_axis_video_V_strb_V, i1 %m_axis_video_V_user_V, i1 %m_axis_video_V_last_V, i1 %m_axis_video_V_id_V, i1 %m_axis_video_V_dest_V, void @empty_11, i32 0, i32 0, void @empty_1, i32 0, i32 0, void @empty_5, void @empty_5, void @empty_5, i32 0, i32 0, i32 0, i32 0, void @empty_5, void @empty_5, i32 4294967295, i32 0, i32 0"   --->   Operation 17 'specinterface' 'specinterface_ln0' <Predicate = true> <Delay = 0.00>
ST_2 : Operation 18 [1/2] (0.00ns)   --->   "%rows = call i12 @reg<unsigned short>, i12 %Height_val_read" [/home/e/Documents/research/byotee/OSDZU3_Ref_Design/OSDZU3_Ref_Design.runs/design_1_v_frmbuf_rd_0_0_synth_1/prj/sol/.autopilot/db/v_frmbuf_rd.cpp:438]   --->   Operation 18 'call' 'rows' <Predicate = true> <Delay = 0.00> <CoreType = "Generic">   --->   Generic Core
ST_2 : Operation 19 [1/2] (0.00ns)   --->   "%cols = call i12 @reg<unsigned short>, i12 %WidthOut_val_read" [/home/e/Documents/research/byotee/OSDZU3_Ref_Design/OSDZU3_Ref_Design.runs/design_1_v_frmbuf_rd_0_0_synth_1/prj/sol/.autopilot/db/v_frmbuf_rd.cpp:439]   --->   Operation 19 'call' 'cols' <Predicate = true> <Delay = 0.00> <CoreType = "Generic">   --->   Generic Core
ST_2 : Operation 20 [1/1] (0.00ns)   --->   "%zext_ln439 = zext i12 %cols" [/home/e/Documents/research/byotee/OSDZU3_Ref_Design/OSDZU3_Ref_Design.runs/design_1_v_frmbuf_rd_0_0_synth_1/prj/sol/.autopilot/db/v_frmbuf_rd.cpp:439]   --->   Operation 20 'zext' 'zext_ln439' <Predicate = true> <Delay = 0.00>
ST_2 : Operation 21 [1/1] (0.96ns)   --->   "%sub = add i13 %zext_ln439, i13 8191" [/home/e/Documents/research/byotee/OSDZU3_Ref_Design/OSDZU3_Ref_Design.runs/design_1_v_frmbuf_rd_0_0_synth_1/prj/sol/.autopilot/db/v_frmbuf_rd.cpp:439]   --->   Operation 21 'add' 'sub' <Predicate = true> <Delay = 0.96> <CoreInst = "Adder">   --->   Core 1 'Adder' <Latency = 0> <II = 1> <Delay = 0.97> <FuncUnit> <Opcode : 'add' 'sub'> <InPorts = 2> <OutPorts = 1>
ST_2 : Operation 22 [1/1] (0.74ns)   --->   "%cmp45 = icmp_eq  i3 %colorFormat_val_read, i3 1"   --->   Operation 22 'icmp' 'cmp45' <Predicate = true> <Delay = 0.74> <CoreInst = "Cmp">   --->   Core 9 'Cmp' <Latency = 0> <II = 1> <Delay = 0.74> <FuncUnit> <Opcode : 'seteq' 'setne' 'setle' 'setge' 'setlt' 'setgt'> <InPorts = 2> <OutPorts = 1>
ST_2 : Operation 23 [1/1] (0.74ns)   --->   "%cmp47 = icmp_eq  i3 %colorFormat_val_read, i3 6"   --->   Operation 23 'icmp' 'cmp47' <Predicate = true> <Delay = 0.74> <CoreInst = "Cmp">   --->   Core 9 'Cmp' <Latency = 0> <II = 1> <Delay = 0.74> <FuncUnit> <Opcode : 'seteq' 'setne' 'setle' 'setge' 'setlt' 'setgt'> <InPorts = 2> <OutPorts = 1>
ST_2 : Operation 24 [1/1] (0.33ns)   --->   "%thr_or17 = or i1 %cmp45, i1 %cmp47"   --->   Operation 24 'or' 'thr_or17' <Predicate = true> <Delay = 0.33> <CoreInst = "LogicGate">   --->   Core 74 'LogicGate' <Latency = 0> <II = 1> <Delay = 0.33> <FuncUnit> <Opcode : 'and' 'or' 'xor'> <InPorts = 2> <OutPorts = 1>
ST_2 : Operation 25 [1/1] (0.96ns)   --->   "%icmp_ln458 = icmp_eq  i12 %cols, i12 0" [/home/e/Documents/research/byotee/OSDZU3_Ref_Design/OSDZU3_Ref_Design.runs/design_1_v_frmbuf_rd_0_0_synth_1/prj/sol/.autopilot/db/v_frmbuf_rd.cpp:458]   --->   Operation 25 'icmp' 'icmp_ln458' <Predicate = true> <Delay = 0.96> <CoreInst = "Cmp">   --->   Core 9 'Cmp' <Latency = 0> <II = 1> <Delay = 0.96> <FuncUnit> <Opcode : 'seteq' 'setne' 'setle' 'setge' 'setlt' 'setgt'> <InPorts = 2> <OutPorts = 1>
ST_2 : Operation 26 [1/1] (0.48ns)   --->   "%br_ln458 = br void %VITIS_LOOP_460_2" [/home/e/Documents/research/byotee/OSDZU3_Ref_Design/OSDZU3_Ref_Design.runs/design_1_v_frmbuf_rd_0_0_synth_1/prj/sol/.autopilot/db/v_frmbuf_rd.cpp:458]   --->   Operation 26 'br' 'br_ln458' <Predicate = true> <Delay = 0.48>

State 3 <SV = 2> <Delay = 2.41>
ST_3 : Operation 27 [1/1] (0.00ns)   --->   "%sof = phi i1 1, void %entry, i1 %and_ln458, void %for.body13.lr.ph" [/home/e/Documents/research/byotee/OSDZU3_Ref_Design/OSDZU3_Ref_Design.runs/design_1_v_frmbuf_rd_0_0_synth_1/prj/sol/.autopilot/db/v_frmbuf_rd.cpp:458]   --->   Operation 27 'phi' 'sof' <Predicate = true> <Delay = 0.00>
ST_3 : Operation 28 [1/1] (0.00ns)   --->   "%i_1 = load i12 %i" [/home/e/Documents/research/byotee/OSDZU3_Ref_Design/OSDZU3_Ref_Design.runs/design_1_v_frmbuf_rd_0_0_synth_1/prj/sol/.autopilot/db/v_frmbuf_rd.cpp:458]   --->   Operation 28 'load' 'i_1' <Predicate = true> <Delay = 0.00>
ST_3 : Operation 29 [1/1] (0.96ns)   --->   "%icmp_ln458_1 = icmp_eq  i12 %i_1, i12 %rows" [/home/e/Documents/research/byotee/OSDZU3_Ref_Design/OSDZU3_Ref_Design.runs/design_1_v_frmbuf_rd_0_0_synth_1/prj/sol/.autopilot/db/v_frmbuf_rd.cpp:458]   --->   Operation 29 'icmp' 'icmp_ln458_1' <Predicate = true> <Delay = 0.96> <CoreInst = "Cmp">   --->   Core 9 'Cmp' <Latency = 0> <II = 1> <Delay = 0.96> <FuncUnit> <Opcode : 'seteq' 'setne' 'setle' 'setge' 'setlt' 'setgt'> <InPorts = 2> <OutPorts = 1>
ST_3 : Operation 30 [1/1] (0.00ns)   --->   "%speclooptripcount_ln0 = speclooptripcount void @_ssdm_op_SpecLoopTripCount, i64 0, i64 2160, i64 0"   --->   Operation 30 'speclooptripcount' 'speclooptripcount_ln0' <Predicate = true> <Delay = 0.00>
ST_3 : Operation 31 [1/1] (0.96ns)   --->   "%i_2 = add i12 %i_1, i12 1" [/home/e/Documents/research/byotee/OSDZU3_Ref_Design/OSDZU3_Ref_Design.runs/design_1_v_frmbuf_rd_0_0_synth_1/prj/sol/.autopilot/db/v_frmbuf_rd.cpp:458]   --->   Operation 31 'add' 'i_2' <Predicate = true> <Delay = 0.96> <CoreInst = "Adder">   --->   Core 1 'Adder' <Latency = 0> <II = 1> <Delay = 0.96> <FuncUnit> <Opcode : 'add' 'sub'> <InPorts = 2> <OutPorts = 1>
ST_3 : Operation 32 [1/1] (0.00ns)   --->   "%br_ln458 = br i1 %icmp_ln458_1, void %for.body13.lr.ph, void %for.end91" [/home/e/Documents/research/byotee/OSDZU3_Ref_Design/OSDZU3_Ref_Design.runs/design_1_v_frmbuf_rd_0_0_synth_1/prj/sol/.autopilot/db/v_frmbuf_rd.cpp:458]   --->   Operation 32 'br' 'br_ln458' <Predicate = true> <Delay = 0.00>
ST_3 : Operation 33 [2/2] (1.45ns)   --->   "%call_ln458 = call void @MultiPixStream2AXIvideo_Pipeline_VITIS_LOOP_460_2, i1 %sof, i12 %cols, i13 %sub, i32 %img, i1 %thr_or17, i32 %m_axis_video_V_data_V, i4 %m_axis_video_V_keep_V, i4 %m_axis_video_V_strb_V, i1 %m_axis_video_V_user_V, i1 %m_axis_video_V_last_V, i1 %m_axis_video_V_id_V, i1 %m_axis_video_V_dest_V" [/home/e/Documents/research/byotee/OSDZU3_Ref_Design/OSDZU3_Ref_Design.runs/design_1_v_frmbuf_rd_0_0_synth_1/prj/sol/.autopilot/db/v_frmbuf_rd.cpp:458]   --->   Operation 33 'call' 'call_ln458' <Predicate = (!icmp_ln458_1)> <Delay = 1.45> <CoreType = "Generic">   --->   Generic Core
ST_3 : Operation 34 [1/1] (0.33ns)   --->   "%and_ln458 = and i1 %icmp_ln458, i1 %sof" [/home/e/Documents/research/byotee/OSDZU3_Ref_Design/OSDZU3_Ref_Design.runs/design_1_v_frmbuf_rd_0_0_synth_1/prj/sol/.autopilot/db/v_frmbuf_rd.cpp:458]   --->   Operation 34 'and' 'and_ln458' <Predicate = (!icmp_ln458_1)> <Delay = 0.33> <CoreInst = "LogicGate">   --->   Core 74 'LogicGate' <Latency = 0> <II = 1> <Delay = 0.33> <FuncUnit> <Opcode : 'and' 'or' 'xor'> <InPorts = 2> <OutPorts = 1>
ST_3 : Operation 35 [1/1] (0.48ns)   --->   "%store_ln458 = store i12 %i_2, i12 %i" [/home/e/Documents/research/byotee/OSDZU3_Ref_Design/OSDZU3_Ref_Design.runs/design_1_v_frmbuf_rd_0_0_synth_1/prj/sol/.autopilot/db/v_frmbuf_rd.cpp:458]   --->   Operation 35 'store' 'store_ln458' <Predicate = (!icmp_ln458_1)> <Delay = 0.48>
ST_3 : Operation 36 [1/1] (0.00ns)   --->   "%ret_ln494 = ret" [/home/e/Documents/research/byotee/OSDZU3_Ref_Design/OSDZU3_Ref_Design.runs/design_1_v_frmbuf_rd_0_0_synth_1/prj/sol/.autopilot/db/v_frmbuf_rd.cpp:494]   --->   Operation 36 'ret' 'ret_ln494' <Predicate = (icmp_ln458_1)> <Delay = 0.00>

State 4 <SV = 3> <Delay = 2.93>
ST_4 : Operation 37 [1/1] (0.00ns)   --->   "%specloopname_ln458 = specloopname void @_ssdm_op_SpecLoopName, void @empty_18" [/home/e/Documents/research/byotee/OSDZU3_Ref_Design/OSDZU3_Ref_Design.runs/design_1_v_frmbuf_rd_0_0_synth_1/prj/sol/.autopilot/db/v_frmbuf_rd.cpp:458]   --->   Operation 37 'specloopname' 'specloopname_ln458' <Predicate = true> <Delay = 0.00>
ST_4 : Operation 38 [1/2] (2.93ns)   --->   "%call_ln458 = call void @MultiPixStream2AXIvideo_Pipeline_VITIS_LOOP_460_2, i1 %sof, i12 %cols, i13 %sub, i32 %img, i1 %thr_or17, i32 %m_axis_video_V_data_V, i4 %m_axis_video_V_keep_V, i4 %m_axis_video_V_strb_V, i1 %m_axis_video_V_user_V, i1 %m_axis_video_V_last_V, i1 %m_axis_video_V_id_V, i1 %m_axis_video_V_dest_V" [/home/e/Documents/research/byotee/OSDZU3_Ref_Design/OSDZU3_Ref_Design.runs/design_1_v_frmbuf_rd_0_0_synth_1/prj/sol/.autopilot/db/v_frmbuf_rd.cpp:458]   --->   Operation 38 'call' 'call_ln458' <Predicate = true> <Delay = 2.93> <CoreType = "Generic">   --->   Generic Core
ST_4 : Operation 39 [1/1] (0.00ns)   --->   "%br_ln458 = br void %VITIS_LOOP_460_2" [/home/e/Documents/research/byotee/OSDZU3_Ref_Design/OSDZU3_Ref_Design.runs/design_1_v_frmbuf_rd_0_0_synth_1/prj/sol/.autopilot/db/v_frmbuf_rd.cpp:458]   --->   Operation 39 'br' 'br_ln458' <Predicate = true> <Delay = 0.00>


============================================================
+ Verbose Summary: Binding
============================================================
STG Binding: 
---------------- STG Properties BEGIN ----------------
- Is combinational: 0
- Is one-state seq: 0
- Is datapath-only: 0
- Is pipelined: 0
- Is top level: 0
Port [ Return ] is wired: 1; IO mode=ap_ctrl_hs:ce=0
Port [ img]:  wired=1; compound=1; hidden=0; nouse=0; global=0; static=0; extern=0; dir=0; type=3; pingpong=0; private_global=0; IO mode=ap_fifo:ce=0
Port [ m_axis_video_V_data_V]:  wired=1; compound=1; hidden=0; nouse=0; global=0; static=0; extern=0; dir=1; type=0; pingpong=0; private_global=0; IO mode=axis:ce=0
Port [ m_axis_video_V_keep_V]:  wired=1; compound=1; hidden=0; nouse=0; global=0; static=0; extern=0; dir=1; type=0; pingpong=0; private_global=0; IO mode=axis:ce=0
Port [ m_axis_video_V_strb_V]:  wired=1; compound=1; hidden=0; nouse=0; global=0; static=0; extern=0; dir=1; type=0; pingpong=0; private_global=0; IO mode=axis:ce=0
Port [ m_axis_video_V_user_V]:  wired=1; compound=1; hidden=0; nouse=0; global=0; static=0; extern=0; dir=1; type=0; pingpong=0; private_global=0; IO mode=axis:ce=0
Port [ m_axis_video_V_last_V]:  wired=1; compound=1; hidden=0; nouse=0; global=0; static=0; extern=0; dir=1; type=0; pingpong=0; private_global=0; IO mode=axis:ce=0
Port [ m_axis_video_V_id_V]:  wired=1; compound=1; hidden=0; nouse=0; global=0; static=0; extern=0; dir=1; type=0; pingpong=0; private_global=0; IO mode=axis:ce=0
Port [ m_axis_video_V_dest_V]:  wired=1; compound=1; hidden=0; nouse=0; global=0; static=0; extern=0; dir=1; type=0; pingpong=0; private_global=0; IO mode=axis:ce=0
Port [ Height_val]:  wired=1; compound=0; hidden=0; nouse=0; global=0; static=0; extern=0; dir=0; type=0; pingpong=0; private_global=0; IO mode=ap_stable:ce=0
Port [ WidthOut_val]:  wired=1; compound=0; hidden=0; nouse=0; global=0; static=0; extern=0; dir=0; type=0; pingpong=0; private_global=0; IO mode=ap_stable:ce=0
Port [ colorFormat_val]:  wired=1; compound=0; hidden=0; nouse=0; global=0; static=0; extern=0; dir=0; type=0; pingpong=0; private_global=0; IO mode=ap_stable:ce=0
---------------- STG Properties END ------------------

---------------- Datapath Model BEGIN ----------------

<LifeTime>
<method=bitvector/>
i                       (alloca             ) [ 01111]
WidthOut_val_read       (read               ) [ 00100]
Height_val_read         (read               ) [ 00100]
store_ln458             (store              ) [ 00000]
specstablecontent_ln0   (specstablecontent  ) [ 00000]
colorFormat_val_read    (read               ) [ 00000]
specaxissidechannel_ln0 (specaxissidechannel) [ 00000]
specstablecontent_ln0   (specstablecontent  ) [ 00000]
specstablecontent_ln0   (specstablecontent  ) [ 00000]
specinterface_ln0       (specinterface      ) [ 00000]
specinterface_ln0       (specinterface      ) [ 00000]
rows                    (call               ) [ 00011]
cols                    (call               ) [ 00011]
zext_ln439              (zext               ) [ 00000]
sub                     (add                ) [ 00011]
cmp45                   (icmp               ) [ 00000]
cmp47                   (icmp               ) [ 00000]
thr_or17                (or                 ) [ 00011]
icmp_ln458              (icmp               ) [ 00011]
br_ln458                (br                 ) [ 00111]
sof                     (phi                ) [ 00011]
i_1                     (load               ) [ 00000]
icmp_ln458_1            (icmp               ) [ 00011]
speclooptripcount_ln0   (speclooptripcount  ) [ 00000]
i_2                     (add                ) [ 00000]
br_ln458                (br                 ) [ 00000]
and_ln458               (and                ) [ 00111]
store_ln458             (store              ) [ 00000]
ret_ln494               (ret                ) [ 00000]
specloopname_ln458      (specloopname       ) [ 00000]
call_ln458              (call               ) [ 00000]
br_ln458                (br                 ) [ 00111]
</LifeTime>

<model>

<comp_list>
<comp id="0" class="1000" name="img">
<pin_list>
<pin id="1" dir="1" index="0" bw="1" slack="0"/>
</pin_list>
<bind>
<StgValue><ssdm name="img"/></StgValue>
</bind>
</comp>

<comp id="2" class="1000" name="m_axis_video_V_data_V">
<pin_list>
<pin id="3" dir="1" index="0" bw="1" slack="0"/>
</pin_list>
<bind>
<StgValue><ssdm name="m_axis_video_V_data_V"/></StgValue>
</bind>
</comp>

<comp id="4" class="1000" name="m_axis_video_V_keep_V">
<pin_list>
<pin id="5" dir="1" index="0" bw="1" slack="0"/>
</pin_list>
<bind>
<StgValue><ssdm name="m_axis_video_V_keep_V"/></StgValue>
</bind>
</comp>

<comp id="6" class="1000" name="m_axis_video_V_strb_V">
<pin_list>
<pin id="7" dir="1" index="0" bw="1" slack="0"/>
</pin_list>
<bind>
<StgValue><ssdm name="m_axis_video_V_strb_V"/></StgValue>
</bind>
</comp>

<comp id="8" class="1000" name="m_axis_video_V_user_V">
<pin_list>
<pin id="9" dir="1" index="0" bw="1" slack="0"/>
</pin_list>
<bind>
<StgValue><ssdm name="m_axis_video_V_user_V"/></StgValue>
</bind>
</comp>

<comp id="10" class="1000" name="m_axis_video_V_last_V">
<pin_list>
<pin id="11" dir="1" index="0" bw="1" slack="0"/>
</pin_list>
<bind>
<StgValue><ssdm name="m_axis_video_V_last_V"/></StgValue>
</bind>
</comp>

<comp id="12" class="1000" name="m_axis_video_V_id_V">
<pin_list>
<pin id="13" dir="1" index="0" bw="1" slack="0"/>
</pin_list>
<bind>
<StgValue><ssdm name="m_axis_video_V_id_V"/></StgValue>
</bind>
</comp>

<comp id="14" class="1000" name="m_axis_video_V_dest_V">
<pin_list>
<pin id="15" dir="1" index="0" bw="1" slack="0"/>
</pin_list>
<bind>
<StgValue><ssdm name="m_axis_video_V_dest_V"/></StgValue>
</bind>
</comp>

<comp id="16" class="1000" name="Height_val">
<pin_list>
<pin id="17" dir="1" index="0" bw="1" slack="0"/>
</pin_list>
<bind>
<StgValue><ssdm name="Height_val"/></StgValue>
</bind>
</comp>

<comp id="18" class="1000" name="WidthOut_val">
<pin_list>
<pin id="19" dir="1" index="0" bw="1" slack="0"/>
</pin_list>
<bind>
<StgValue><ssdm name="WidthOut_val"/></StgValue>
</bind>
</comp>

<comp id="20" class="1000" name="colorFormat_val">
<pin_list>
<pin id="21" dir="1" index="0" bw="1" slack="0"/>
</pin_list>
<bind>
<StgValue><ssdm name="colorFormat_val"/></StgValue>
</bind>
</comp>

<comp id="22" class="1001" name="const_22">
<pin_list>
<pin id="23" dir="1" index="0" bw="1" slack="0"/>
</pin_list>
<bind>
<StgValue><ssdm name=""/></StgValue>
</bind>
</comp>

<comp id="24" class="1001" name="const_24">
<pin_list>
<pin id="25" dir="1" index="0" bw="1" slack="0"/>
</pin_list>
<bind>
<StgValue><ssdm name="_ssdm_op_Read.ap_auto.i12"/></StgValue>
</bind>
</comp>

<comp id="26" class="1001" name="const_26">
<pin_list>
<pin id="27" dir="1" index="0" bw="1" slack="0"/>
</pin_list>
<bind>
<StgValue><ssdm name="reg<unsigned short>"/></StgValue>
</bind>
</comp>

<comp id="28" class="1001" name="const_28">
<pin_list>
<pin id="29" dir="1" index="0" bw="1" slack="0"/>
</pin_list>
<bind>
<StgValue><ssdm name=""/></StgValue>
</bind>
</comp>

<comp id="30" class="1001" name="const_30">
<pin_list>
<pin id="31" dir="1" index="0" bw="1" slack="2147483647"/>
</pin_list>
<bind>
<StgValue><ssdm name="_ssdm_op_SpecStableContent"/></StgValue>
</bind>
</comp>

<comp id="32" class="1001" name="const_32">
<pin_list>
<pin id="33" dir="1" index="0" bw="1" slack="1"/>
</pin_list>
<bind>
<StgValue><ssdm name=""/></StgValue>
</bind>
</comp>

<comp id="34" class="1001" name="const_34">
<pin_list>
<pin id="35" dir="1" index="0" bw="1" slack="2147483647"/>
</pin_list>
<bind>
<StgValue><ssdm name="p_str"/></StgValue>
</bind>
</comp>

<comp id="36" class="1001" name="const_36">
<pin_list>
<pin id="37" dir="1" index="0" bw="1" slack="0"/>
</pin_list>
<bind>
<StgValue><ssdm name="_ssdm_op_Read.ap_auto.i3"/></StgValue>
</bind>
</comp>

<comp id="38" class="1001" name="const_38">
<pin_list>
<pin id="39" dir="1" index="0" bw="1" slack="2147483647"/>
</pin_list>
<bind>
<StgValue><ssdm name="_ssdm_op_SpecAXISSideChannel"/></StgValue>
</bind>
</comp>

<comp id="40" class="1001" name="const_40">
<pin_list>
<pin id="41" dir="1" index="0" bw="1" slack="2147483647"/>
</pin_list>
<bind>
<StgValue><ssdm name="empty_19"/></StgValue>
</bind>
</comp>

<comp id="42" class="1001" name="const_42">
<pin_list>
<pin id="43" dir="1" index="0" bw="1" slack="2147483647"/>
</pin_list>
<bind>
<StgValue><ssdm name=""/></StgValue>
</bind>
</comp>

<comp id="44" class="1001" name="const_44">
<pin_list>
<pin id="45" dir="1" index="0" bw="1" slack="2147483647"/>
</pin_list>
<bind>
<StgValue><ssdm name="_ssdm_op_SpecInterface"/></StgValue>
</bind>
</comp>

<comp id="46" class="1001" name="const_46">
<pin_list>
<pin id="47" dir="1" index="0" bw="1" slack="2147483647"/>
</pin_list>
<bind>
<StgValue><ssdm name="empty_7"/></StgValue>
</bind>
</comp>

<comp id="48" class="1001" name="const_48">
<pin_list>
<pin id="49" dir="1" index="0" bw="1" slack="2147483647"/>
</pin_list>
<bind>
<StgValue><ssdm name=""/></StgValue>
</bind>
</comp>

<comp id="50" class="1001" name="const_50">
<pin_list>
<pin id="51" dir="1" index="0" bw="1" slack="2147483647"/>
</pin_list>
<bind>
<StgValue><ssdm name="empty_5"/></StgValue>
</bind>
</comp>

<comp id="52" class="1001" name="const_52">
<pin_list>
<pin id="53" dir="1" index="0" bw="1" slack="2147483647"/>
</pin_list>
<bind>
<StgValue><ssdm name=""/></StgValue>
</bind>
</comp>

<comp id="54" class="1001" name="const_54">
<pin_list>
<pin id="55" dir="1" index="0" bw="1" slack="2147483647"/>
</pin_list>
<bind>
<StgValue><ssdm name="empty_11"/></StgValue>
</bind>
</comp>

<comp id="56" class="1001" name="const_56">
<pin_list>
<pin id="57" dir="1" index="0" bw="1" slack="2147483647"/>
</pin_list>
<bind>
<StgValue><ssdm name="empty_1"/></StgValue>
</bind>
</comp>

<comp id="58" class="1001" name="const_58">
<pin_list>
<pin id="59" dir="1" index="0" bw="1" slack="0"/>
</pin_list>
<bind>
<StgValue><ssdm name=""/></StgValue>
</bind>
</comp>

<comp id="60" class="1001" name="const_60">
<pin_list>
<pin id="61" dir="1" index="0" bw="1" slack="0"/>
</pin_list>
<bind>
<StgValue><ssdm name=""/></StgValue>
</bind>
</comp>

<comp id="62" class="1001" name="const_62">
<pin_list>
<pin id="63" dir="1" index="0" bw="1" slack="0"/>
</pin_list>
<bind>
<StgValue><ssdm name=""/></StgValue>
</bind>
</comp>

<comp id="64" class="1001" name="const_64">
<pin_list>
<pin id="65" dir="1" index="0" bw="1" slack="2147483647"/>
</pin_list>
<bind>
<StgValue><ssdm name="_ssdm_op_SpecLoopTripCount"/></StgValue>
</bind>
</comp>

<comp id="66" class="1001" name="const_66">
<pin_list>
<pin id="67" dir="1" index="0" bw="1" slack="2147483647"/>
</pin_list>
<bind>
<StgValue><ssdm name=""/></StgValue>
</bind>
</comp>

<comp id="68" class="1001" name="const_68">
<pin_list>
<pin id="69" dir="1" index="0" bw="1" slack="2147483647"/>
</pin_list>
<bind>
<StgValue><ssdm name=""/></StgValue>
</bind>
</comp>

<comp id="70" class="1001" name="const_70">
<pin_list>
<pin id="71" dir="1" index="0" bw="1" slack="0"/>
</pin_list>
<bind>
<StgValue><ssdm name=""/></StgValue>
</bind>
</comp>

<comp id="72" class="1001" name="const_72">
<pin_list>
<pin id="73" dir="1" index="0" bw="1" slack="0"/>
</pin_list>
<bind>
<StgValue><ssdm name="MultiPixStream2AXIvideo_Pipeline_VITIS_LOOP_460_2"/></StgValue>
</bind>
</comp>

<comp id="74" class="1001" name="const_74">
<pin_list>
<pin id="75" dir="1" index="0" bw="1" slack="2147483647"/>
</pin_list>
<bind>
<StgValue><ssdm name="_ssdm_op_SpecLoopName"/></StgValue>
</bind>
</comp>

<comp id="76" class="1001" name="const_76">
<pin_list>
<pin id="77" dir="1" index="0" bw="1" slack="2147483647"/>
</pin_list>
<bind>
<StgValue><ssdm name="empty_18"/></StgValue>
</bind>
</comp>

<comp id="78" class="1004" name="i_fu_78">
<pin_list>
<pin id="79" dir="0" index="0" bw="1" slack="0"/>
<pin id="80" dir="1" index="1" bw="12" slack="0"/>
</pin_list>
<bind>
<opcode="alloca(26) " fcode="alloca"/>
<opset="i/1 "/>
</bind>
</comp>

<comp id="82" class="1004" name="WidthOut_val_read_read_fu_82">
<pin_list>
<pin id="83" dir="0" index="0" bw="12" slack="0"/>
<pin id="84" dir="0" index="1" bw="12" slack="0"/>
<pin id="85" dir="1" index="2" bw="12" slack="0"/>
</pin_list>
<bind>
<opcode="read(1150) " fcode="read"/>
<opset="WidthOut_val_read/1 "/>
</bind>
</comp>

<comp id="88" class="1004" name="Height_val_read_read_fu_88">
<pin_list>
<pin id="89" dir="0" index="0" bw="12" slack="0"/>
<pin id="90" dir="0" index="1" bw="12" slack="0"/>
<pin id="91" dir="1" index="2" bw="12" slack="0"/>
</pin_list>
<bind>
<opcode="read(1150) " fcode="read"/>
<opset="Height_val_read/1 "/>
</bind>
</comp>

<comp id="94" class="1004" name="colorFormat_val_read_read_fu_94">
<pin_list>
<pin id="95" dir="0" index="0" bw="3" slack="0"/>
<pin id="96" dir="0" index="1" bw="3" slack="0"/>
<pin id="97" dir="1" index="2" bw="3" slack="0"/>
</pin_list>
<bind>
<opcode="read(1150) " fcode="read"/>
<opset="colorFormat_val_read/2 "/>
</bind>
</comp>

<comp id="100" class="1005" name="sof_reg_100">
<pin_list>
<pin id="101" dir="0" index="0" bw="1" slack="1"/>
<pin id="102" dir="1" index="1" bw="1" slack="1"/>
</pin_list>
<bind>
<opset="sof (phireg) "/>
</bind>
</comp>

<comp id="104" class="1004" name="sof_phi_fu_104">
<pin_list>
<pin id="105" dir="0" index="0" bw="1" slack="1"/>
<pin id="106" dir="0" index="1" bw="0" slack="2147483647"/>
<pin id="107" dir="0" index="2" bw="1" slack="0"/>
<pin id="108" dir="0" index="3" bw="0" slack="2147483647"/>
<pin id="109" dir="1" index="4" bw="1" slack="0"/>
</pin_list>
<bind>
<opcode="phi(47) " fcode="phi"/>
<opset="sof/3 "/>
</bind>
</comp>

<comp id="112" class="1004" name="grp_MultiPixStream2AXIvideo_Pipeline_VITIS_LOOP_460_2_fu_112">
<pin_list>
<pin id="113" dir="0" index="0" bw="0" slack="0"/>
<pin id="114" dir="0" index="1" bw="1" slack="0"/>
<pin id="115" dir="0" index="2" bw="12" slack="1"/>
<pin id="116" dir="0" index="3" bw="13" slack="1"/>
<pin id="117" dir="0" index="4" bw="32" slack="0"/>
<pin id="118" dir="0" index="5" bw="1" slack="1"/>
<pin id="119" dir="0" index="6" bw="32" slack="0"/>
<pin id="120" dir="0" index="7" bw="4" slack="0"/>
<pin id="121" dir="0" index="8" bw="4" slack="0"/>
<pin id="122" dir="0" index="9" bw="1" slack="0"/>
<pin id="123" dir="0" index="10" bw="1" slack="0"/>
<pin id="124" dir="0" index="11" bw="1" slack="0"/>
<pin id="125" dir="0" index="12" bw="1" slack="0"/>
<pin id="126" dir="1" index="13" bw="0" slack="2147483647"/>
</pin_list>
<bind>
<opcode="call(48) " fcode="call"/>
<opset="call_ln458/3 "/>
</bind>
</comp>

<comp id="137" class="1004" name="grp_reg_unsigned_short_s_fu_137">
<pin_list>
<pin id="138" dir="0" index="0" bw="12" slack="0"/>
<pin id="139" dir="0" index="1" bw="12" slack="0"/>
<pin id="140" dir="1" index="2" bw="12" slack="1"/>
</pin_list>
<bind>
<opcode="call(48) " fcode="call"/>
<opset="rows/1 "/>
</bind>
</comp>

<comp id="143" class="1004" name="grp_reg_unsigned_short_s_fu_143">
<pin_list>
<pin id="144" dir="0" index="0" bw="12" slack="0"/>
<pin id="145" dir="0" index="1" bw="12" slack="0"/>
<pin id="146" dir="1" index="2" bw="12" slack="0"/>
</pin_list>
<bind>
<opcode="call(48) " fcode="call"/>
<opset="cols/1 "/>
</bind>
</comp>

<comp id="149" class="1004" name="store_ln458_store_fu_149">
<pin_list>
<pin id="150" dir="0" index="0" bw="1" slack="0"/>
<pin id="151" dir="0" index="1" bw="12" slack="0"/>
<pin id="152" dir="1" index="2" bw="0" slack="2147483647"/>
</pin_list>
<bind>
<opcode="store(28) " fcode="store"/>
<opset="store_ln458/1 "/>
</bind>
</comp>

<comp id="154" class="1004" name="zext_ln439_fu_154">
<pin_list>
<pin id="155" dir="0" index="0" bw="12" slack="0"/>
<pin id="156" dir="1" index="1" bw="13" slack="0"/>
</pin_list>
<bind>
<opcode="zext(34) " fcode="zext"/>
<opset="zext_ln439/2 "/>
</bind>
</comp>

<comp id="158" class="1004" name="sub_fu_158">
<pin_list>
<pin id="159" dir="0" index="0" bw="12" slack="0"/>
<pin id="160" dir="0" index="1" bw="1" slack="0"/>
<pin id="161" dir="1" index="2" bw="13" slack="1"/>
</pin_list>
<bind>
<opcode="add(8) " fcode="add"/>
<opset="sub/2 "/>
</bind>
</comp>

<comp id="164" class="1004" name="cmp45_fu_164">
<pin_list>
<pin id="165" dir="0" index="0" bw="3" slack="0"/>
<pin id="166" dir="0" index="1" bw="3" slack="0"/>
<pin id="167" dir="1" index="2" bw="1" slack="0"/>
</pin_list>
<bind>
<opcode="icmp(45) " fcode="icmp"/>
<opset="cmp45/2 "/>
</bind>
</comp>

<comp id="170" class="1004" name="cmp47_fu_170">
<pin_list>
<pin id="171" dir="0" index="0" bw="3" slack="0"/>
<pin id="172" dir="0" index="1" bw="3" slack="0"/>
<pin id="173" dir="1" index="2" bw="1" slack="0"/>
</pin_list>
<bind>
<opcode="icmp(45) " fcode="icmp"/>
<opset="cmp47/2 "/>
</bind>
</comp>

<comp id="176" class="1004" name="thr_or17_fu_176">
<pin_list>
<pin id="177" dir="0" index="0" bw="1" slack="0"/>
<pin id="178" dir="0" index="1" bw="1" slack="0"/>
<pin id="179" dir="1" index="2" bw="1" slack="1"/>
</pin_list>
<bind>
<opcode="or(24) " fcode="or"/>
<opset="thr_or17/2 "/>
</bind>
</comp>

<comp id="182" class="1004" name="icmp_ln458_fu_182">
<pin_list>
<pin id="183" dir="0" index="0" bw="12" slack="0"/>
<pin id="184" dir="0" index="1" bw="12" slack="0"/>
<pin id="185" dir="1" index="2" bw="1" slack="1"/>
</pin_list>
<bind>
<opcode="icmp(45) " fcode="icmp"/>
<opset="icmp_ln458/2 "/>
</bind>
</comp>

<comp id="188" class="1004" name="i_1_load_fu_188">
<pin_list>
<pin id="189" dir="0" index="0" bw="12" slack="2"/>
<pin id="190" dir="1" index="1" bw="12" slack="0"/>
</pin_list>
<bind>
<opcode="load(27) " fcode="load"/>
<opset="i_1/3 "/>
</bind>
</comp>

<comp id="191" class="1004" name="icmp_ln458_1_fu_191">
<pin_list>
<pin id="192" dir="0" index="0" bw="12" slack="0"/>
<pin id="193" dir="0" index="1" bw="12" slack="1"/>
<pin id="194" dir="1" index="2" bw="1" slack="2147483647"/>
</pin_list>
<bind>
<opcode="icmp(45) " fcode="icmp"/>
<opset="icmp_ln458_1/3 "/>
</bind>
</comp>

<comp id="196" class="1004" name="i_2_fu_196">
<pin_list>
<pin id="197" dir="0" index="0" bw="12" slack="0"/>
<pin id="198" dir="0" index="1" bw="1" slack="0"/>
<pin id="199" dir="1" index="2" bw="12" slack="0"/>
</pin_list>
<bind>
<opcode="add(8) " fcode="add"/>
<opset="i_2/3 "/>
</bind>
</comp>

<comp id="202" class="1004" name="and_ln458_fu_202">
<pin_list>
<pin id="203" dir="0" index="0" bw="1" slack="1"/>
<pin id="204" dir="0" index="1" bw="1" slack="0"/>
<pin id="205" dir="1" index="2" bw="1" slack="0"/>
</pin_list>
<bind>
<opcode="and(23) " fcode="and"/>
<opset="and_ln458/3 "/>
</bind>
</comp>

<comp id="207" class="1004" name="store_ln458_store_fu_207">
<pin_list>
<pin id="208" dir="0" index="0" bw="12" slack="0"/>
<pin id="209" dir="0" index="1" bw="12" slack="2"/>
<pin id="210" dir="1" index="2" bw="0" slack="2147483647"/>
</pin_list>
<bind>
<opcode="store(28) " fcode="store"/>
<opset="store_ln458/3 "/>
</bind>
</comp>

<comp id="212" class="1005" name="i_reg_212">
<pin_list>
<pin id="213" dir="0" index="0" bw="12" slack="0"/>
<pin id="214" dir="1" index="1" bw="12" slack="0"/>
</pin_list>
<bind>
<opset="i "/>
</bind>
</comp>

<comp id="219" class="1005" name="WidthOut_val_read_reg_219">
<pin_list>
<pin id="220" dir="0" index="0" bw="12" slack="1"/>
<pin id="221" dir="1" index="1" bw="12" slack="1"/>
</pin_list>
<bind>
<opset="WidthOut_val_read "/>
</bind>
</comp>

<comp id="224" class="1005" name="Height_val_read_reg_224">
<pin_list>
<pin id="225" dir="0" index="0" bw="12" slack="1"/>
<pin id="226" dir="1" index="1" bw="12" slack="1"/>
</pin_list>
<bind>
<opset="Height_val_read "/>
</bind>
</comp>

<comp id="229" class="1005" name="rows_reg_229">
<pin_list>
<pin id="230" dir="0" index="0" bw="12" slack="1"/>
<pin id="231" dir="1" index="1" bw="12" slack="1"/>
</pin_list>
<bind>
<opset="rows "/>
</bind>
</comp>

<comp id="234" class="1005" name="cols_reg_234">
<pin_list>
<pin id="235" dir="0" index="0" bw="12" slack="1"/>
<pin id="236" dir="1" index="1" bw="12" slack="1"/>
</pin_list>
<bind>
<opset="cols "/>
</bind>
</comp>

<comp id="239" class="1005" name="sub_reg_239">
<pin_list>
<pin id="240" dir="0" index="0" bw="13" slack="1"/>
<pin id="241" dir="1" index="1" bw="13" slack="1"/>
</pin_list>
<bind>
<opset="sub "/>
</bind>
</comp>

<comp id="244" class="1005" name="thr_or17_reg_244">
<pin_list>
<pin id="245" dir="0" index="0" bw="1" slack="1"/>
<pin id="246" dir="1" index="1" bw="1" slack="1"/>
</pin_list>
<bind>
<opset="thr_or17 "/>
</bind>
</comp>

<comp id="249" class="1005" name="icmp_ln458_reg_249">
<pin_list>
<pin id="250" dir="0" index="0" bw="1" slack="1"/>
<pin id="251" dir="1" index="1" bw="1" slack="1"/>
</pin_list>
<bind>
<opset="icmp_ln458 "/>
</bind>
</comp>

<comp id="257" class="1005" name="and_ln458_reg_257">
<pin_list>
<pin id="258" dir="0" index="0" bw="1" slack="0"/>
<pin id="259" dir="1" index="1" bw="1" slack="0"/>
</pin_list>
<bind>
<opset="and_ln458 "/>
</bind>
</comp>

</comp_list>

<net_list>
<net id="81"><net_src comp="22" pin="0"/><net_sink comp="78" pin=0"/></net>

<net id="86"><net_src comp="24" pin="0"/><net_sink comp="82" pin=0"/></net>

<net id="87"><net_src comp="18" pin="0"/><net_sink comp="82" pin=1"/></net>

<net id="92"><net_src comp="24" pin="0"/><net_sink comp="88" pin=0"/></net>

<net id="93"><net_src comp="16" pin="0"/><net_sink comp="88" pin=1"/></net>

<net id="98"><net_src comp="36" pin="0"/><net_sink comp="94" pin=0"/></net>

<net id="99"><net_src comp="20" pin="0"/><net_sink comp="94" pin=1"/></net>

<net id="103"><net_src comp="32" pin="0"/><net_sink comp="100" pin=0"/></net>

<net id="110"><net_src comp="100" pin="1"/><net_sink comp="104" pin=0"/></net>

<net id="111"><net_src comp="104" pin="4"/><net_sink comp="100" pin=0"/></net>

<net id="127"><net_src comp="72" pin="0"/><net_sink comp="112" pin=0"/></net>

<net id="128"><net_src comp="104" pin="4"/><net_sink comp="112" pin=1"/></net>

<net id="129"><net_src comp="0" pin="0"/><net_sink comp="112" pin=4"/></net>

<net id="130"><net_src comp="2" pin="0"/><net_sink comp="112" pin=6"/></net>

<net id="131"><net_src comp="4" pin="0"/><net_sink comp="112" pin=7"/></net>

<net id="132"><net_src comp="6" pin="0"/><net_sink comp="112" pin=8"/></net>

<net id="133"><net_src comp="8" pin="0"/><net_sink comp="112" pin=9"/></net>

<net id="134"><net_src comp="10" pin="0"/><net_sink comp="112" pin=10"/></net>

<net id="135"><net_src comp="12" pin="0"/><net_sink comp="112" pin=11"/></net>

<net id="136"><net_src comp="14" pin="0"/><net_sink comp="112" pin=12"/></net>

<net id="141"><net_src comp="26" pin="0"/><net_sink comp="137" pin=0"/></net>

<net id="142"><net_src comp="88" pin="2"/><net_sink comp="137" pin=1"/></net>

<net id="147"><net_src comp="26" pin="0"/><net_sink comp="143" pin=0"/></net>

<net id="148"><net_src comp="82" pin="2"/><net_sink comp="143" pin=1"/></net>

<net id="153"><net_src comp="28" pin="0"/><net_sink comp="149" pin=0"/></net>

<net id="157"><net_src comp="143" pin="2"/><net_sink comp="154" pin=0"/></net>

<net id="162"><net_src comp="154" pin="1"/><net_sink comp="158" pin=0"/></net>

<net id="163"><net_src comp="58" pin="0"/><net_sink comp="158" pin=1"/></net>

<net id="168"><net_src comp="94" pin="2"/><net_sink comp="164" pin=0"/></net>

<net id="169"><net_src comp="60" pin="0"/><net_sink comp="164" pin=1"/></net>

<net id="174"><net_src comp="94" pin="2"/><net_sink comp="170" pin=0"/></net>

<net id="175"><net_src comp="62" pin="0"/><net_sink comp="170" pin=1"/></net>

<net id="180"><net_src comp="164" pin="2"/><net_sink comp="176" pin=0"/></net>

<net id="181"><net_src comp="170" pin="2"/><net_sink comp="176" pin=1"/></net>

<net id="186"><net_src comp="143" pin="2"/><net_sink comp="182" pin=0"/></net>

<net id="187"><net_src comp="28" pin="0"/><net_sink comp="182" pin=1"/></net>

<net id="195"><net_src comp="188" pin="1"/><net_sink comp="191" pin=0"/></net>

<net id="200"><net_src comp="188" pin="1"/><net_sink comp="196" pin=0"/></net>

<net id="201"><net_src comp="70" pin="0"/><net_sink comp="196" pin=1"/></net>

<net id="206"><net_src comp="104" pin="4"/><net_sink comp="202" pin=1"/></net>

<net id="211"><net_src comp="196" pin="2"/><net_sink comp="207" pin=0"/></net>

<net id="215"><net_src comp="78" pin="1"/><net_sink comp="212" pin=0"/></net>

<net id="216"><net_src comp="212" pin="1"/><net_sink comp="149" pin=1"/></net>

<net id="217"><net_src comp="212" pin="1"/><net_sink comp="188" pin=0"/></net>

<net id="218"><net_src comp="212" pin="1"/><net_sink comp="207" pin=1"/></net>

<net id="222"><net_src comp="82" pin="2"/><net_sink comp="219" pin=0"/></net>

<net id="223"><net_src comp="219" pin="1"/><net_sink comp="143" pin=1"/></net>

<net id="227"><net_src comp="88" pin="2"/><net_sink comp="224" pin=0"/></net>

<net id="228"><net_src comp="224" pin="1"/><net_sink comp="137" pin=1"/></net>

<net id="232"><net_src comp="137" pin="2"/><net_sink comp="229" pin=0"/></net>

<net id="233"><net_src comp="229" pin="1"/><net_sink comp="191" pin=1"/></net>

<net id="237"><net_src comp="143" pin="2"/><net_sink comp="234" pin=0"/></net>

<net id="238"><net_src comp="234" pin="1"/><net_sink comp="112" pin=2"/></net>

<net id="242"><net_src comp="158" pin="2"/><net_sink comp="239" pin=0"/></net>

<net id="243"><net_src comp="239" pin="1"/><net_sink comp="112" pin=3"/></net>

<net id="247"><net_src comp="176" pin="2"/><net_sink comp="244" pin=0"/></net>

<net id="248"><net_src comp="244" pin="1"/><net_sink comp="112" pin=5"/></net>

<net id="252"><net_src comp="182" pin="2"/><net_sink comp="249" pin=0"/></net>

<net id="253"><net_src comp="249" pin="1"/><net_sink comp="202" pin=0"/></net>

<net id="260"><net_src comp="202" pin="2"/><net_sink comp="257" pin=0"/></net>

<net id="261"><net_src comp="257" pin="1"/><net_sink comp="104" pin=2"/></net>

</net_list>

</model> 
---------------- Datapath Model END ------------------

* FSMD analyzer results:
  - Output states:
	Port: m_axis_video_V_data_V | {3 4 }
	Port: m_axis_video_V_keep_V | {3 4 }
	Port: m_axis_video_V_strb_V | {3 4 }
	Port: m_axis_video_V_user_V | {3 4 }
	Port: m_axis_video_V_last_V | {3 4 }
	Port: m_axis_video_V_id_V | {3 4 }
	Port: m_axis_video_V_dest_V | {3 4 }
 - Input state : 
	Port: MultiPixStream2AXIvideo : img | {3 4 }
	Port: MultiPixStream2AXIvideo : m_axis_video_V_data_V | {}
	Port: MultiPixStream2AXIvideo : m_axis_video_V_keep_V | {}
	Port: MultiPixStream2AXIvideo : m_axis_video_V_strb_V | {}
	Port: MultiPixStream2AXIvideo : m_axis_video_V_user_V | {}
	Port: MultiPixStream2AXIvideo : m_axis_video_V_last_V | {}
	Port: MultiPixStream2AXIvideo : m_axis_video_V_id_V | {}
	Port: MultiPixStream2AXIvideo : m_axis_video_V_dest_V | {}
	Port: MultiPixStream2AXIvideo : Height_val | {1 }
	Port: MultiPixStream2AXIvideo : WidthOut_val | {1 }
	Port: MultiPixStream2AXIvideo : colorFormat_val | {2 }
  - Chain level:
	State 1
		store_ln458 : 1
	State 2
		zext_ln439 : 1
		sub : 2
		thr_or17 : 1
		icmp_ln458 : 1
	State 3
		icmp_ln458_1 : 1
		i_2 : 1
		br_ln458 : 2
		call_ln458 : 1
		and_ln458 : 1
		store_ln458 : 2
	State 4


============================================================
+ Verbose Summary: Datapath Resource usage 
============================================================

* Functional unit list:
|----------|--------------------------------------------------------------|---------|---------|
| Operation|                        Functional Unit                       |    FF   |   LUT   |
|----------|--------------------------------------------------------------|---------|---------|
|          | grp_MultiPixStream2AXIvideo_Pipeline_VITIS_LOOP_460_2_fu_112 |    17   |    82   |
|   call   |                grp_reg_unsigned_short_s_fu_137               |    0    |    0    |
|          |                grp_reg_unsigned_short_s_fu_143               |    0    |    0    |
|----------|--------------------------------------------------------------|---------|---------|
|          |                         cmp45_fu_164                         |    0    |    10   |
|   icmp   |                         cmp47_fu_170                         |    0    |    10   |
|          |                       icmp_ln458_fu_182                      |    0    |    19   |
|          |                      icmp_ln458_1_fu_191                     |    0    |    19   |
|----------|--------------------------------------------------------------|---------|---------|
|    add   |                          sub_fu_158                          |    0    |    19   |
|          |                          i_2_fu_196                          |    0    |    19   |
|----------|--------------------------------------------------------------|---------|---------|
|    or    |                        thr_or17_fu_176                       |    0    |    2    |
|----------|--------------------------------------------------------------|---------|---------|
|    and   |                       and_ln458_fu_202                       |    0    |    2    |
|----------|--------------------------------------------------------------|---------|---------|
|          |                 WidthOut_val_read_read_fu_82                 |    0    |    0    |
|   read   |                  Height_val_read_read_fu_88                  |    0    |    0    |
|          |                colorFormat_val_read_read_fu_94               |    0    |    0    |
|----------|--------------------------------------------------------------|---------|---------|
|   zext   |                       zext_ln439_fu_154                      |    0    |    0    |
|----------|--------------------------------------------------------------|---------|---------|
|   Total  |                                                              |    17   |   182   |
|----------|--------------------------------------------------------------|---------|---------|

Memories:
N/A

* Register list:
+-------------------------+--------+
|                         |   FF   |
+-------------------------+--------+
| Height_val_read_reg_224 |   12   |
|WidthOut_val_read_reg_219|   12   |
|    and_ln458_reg_257    |    1   |
|       cols_reg_234      |   12   |
|        i_reg_212        |   12   |
|    icmp_ln458_reg_249   |    1   |
|       rows_reg_229      |   12   |
|       sof_reg_100       |    1   |
|       sub_reg_239       |   13   |
|     thr_or17_reg_244    |    1   |
+-------------------------+--------+
|          Total          |   77   |
+-------------------------+--------+

* Multiplexer (MUX) list: 
|---------------------------------|------|------|------|--------||---------||---------||---------|
|               Comp              |  Pin | Size |  BW  | S x BW ||  Delay  ||    FF   ||   LUT   |
|---------------------------------|------|------|------|--------||---------||---------||---------|
|           sof_reg_100           |  p0  |   2  |   1  |    2   ||    0    ||    9    |
| grp_reg_unsigned_short_s_fu_137 |  p1  |   2  |  12  |   24   ||    0    ||    9    |
| grp_reg_unsigned_short_s_fu_143 |  p1  |   2  |  12  |   24   ||    0    ||    9    |
|---------------------------------|------|------|------|--------||---------||---------||---------|
|              Total              |      |      |      |   50   ||  1.467  ||    0    ||    27   |
|---------------------------------|------|------|------|--------||---------||---------||---------|



* Summary:
+-----------+--------+--------+--------+
|           |  Delay |   FF   |   LUT  |
+-----------+--------+--------+--------+
|  Function |    -   |   17   |   182  |
|   Memory  |    -   |    -   |    -   |
|Multiplexer|    1   |    0   |   27   |
|  Register |    -   |   77   |    -   |
+-----------+--------+--------+--------+
|   Total   |    1   |   94   |   209  |
+-----------+--------+--------+--------+
