#-----------------------------------------------------------
# Vivado v2023.1 (64-bit)
# SW Build 3865809 on Sun May  7 15:04:56 MDT 2023
# IP Build 3864474 on Sun May  7 20:36:21 MDT 2023
# SharedData Build 3865790 on Sun May 07 13:33:03 MDT 2023
# Start of session at: Fri Sep 20 16:03:15 2024
# Process ID: 11813
# Current directory: /home/mylabmachine2023
# Command line: vivado
# Log file: /home/mylabmachine2023/vivado.log
# Journal file: /home/mylabmachine2023/vivado.jou
# Running On: mylabmachine2023, OS: Linux, CPU Frequency: 4654.829 MHz, CPU Physical cores: 10, Host memory: 67098 MB
#-----------------------------------------------------------
start_gui
WARNING: [Board 49-26] cannot add Board Part xilinx.com:vek280_es:part0:1.0 available at /tools/Xilinx/Vivado/2023.1/data/xhub/boards/XilinxBoardStore/boards/Xilinx/vek280/es/rev_a/1.0/board.xml as part xcve2802-vsvh1760-2lp-e-s-es1 specified in board_part file is either invalid or not available
WARNING: [Board 49-26] cannot add Board Part xilinx.com:vek280_es:part0:1.1 available at /tools/Xilinx/Vivado/2023.1/data/xhub/boards/XilinxBoardStore/boards/Xilinx/vek280/es/rev_a/1.1/board.xml as part xcve2802-vsvh1760-2lp-e-s-es1 specified in board_part file is either invalid or not available
WARNING: [Board 49-26] cannot add Board Part xilinx.com:vek280_es_revb:part0:1.0 available at /tools/Xilinx/Vivado/2023.1/data/xhub/boards/XilinxBoardStore/boards/Xilinx/vek280/es/rev_b/1.0/board.xml as part xcve2802-vsvh1760-2mp-e-s-es1 specified in board_part file is either invalid or not available
WARNING: [Board 49-26] cannot add Board Part xilinx.com:vek280_es_revb:part0:1.1 available at /tools/Xilinx/Vivado/2023.1/data/xhub/boards/XilinxBoardStore/boards/Xilinx/vek280/es/rev_b/1.1/board.xml as part xcve2802-vsvh1760-2mp-e-s-es1 specified in board_part file is either invalid or not available
WARNING: [Board 49-26] cannot add Board Part xilinx.com:vhk158_es:part0:1.0 available at /tools/Xilinx/Vivado/2023.1/data/xhub/boards/XilinxBoardStore/boards/Xilinx/vhk158/es/1.0/board.xml as part xcvh1582-vsva3697-2mp-e-s-es1 specified in board_part file is either invalid or not available
WARNING: [Board 49-26] cannot add Board Part xilinx.com:vhk158_es:part0:1.1 available at /tools/Xilinx/Vivado/2023.1/data/xhub/boards/XilinxBoardStore/boards/Xilinx/vhk158/es/1.1/board.xml as part xcvh1582-vsva3697-2mp-e-s-es1 specified in board_part file is either invalid or not available
WARNING: [Board 49-26] cannot add Board Part xilinx.com:vpk120_es:part0:1.2 available at /tools/Xilinx/Vivado/2023.1/data/xhub/boards/XilinxBoardStore/boards/Xilinx/vpk120/es/1.2/board.xml as part xcvp1202-vsva2785-2mp-e-s-es1 specified in board_part file is either invalid or not available
WARNING: [Board 49-26] cannot add Board Part xilinx.com:vpk120_es:part0:1.3 available at /tools/Xilinx/Vivado/2023.1/data/xhub/boards/XilinxBoardStore/boards/Xilinx/vpk120/es/1.3/board.xml as part xcvp1202-vsva2785-2mp-e-s-es1 specified in board_part file is either invalid or not available
WARNING: [Board 49-26] cannot add Board Part xilinx.com:vpk120_es_revb:part0:1.0 available at /tools/Xilinx/Vivado/2023.1/data/xhub/boards/XilinxBoardStore/boards/Xilinx/vpk120_revb/es/1.0/board.xml as part xcvp1202-vsva2785-2mp-e-s-es1 specified in board_part file is either invalid or not available
WARNING: [Board 49-26] cannot add Board Part xilinx.com:vpk120_es_revb:part0:1.1 available at /tools/Xilinx/Vivado/2023.1/data/xhub/boards/XilinxBoardStore/boards/Xilinx/vpk120_revb/es/1.1/board.xml as part xcvp1202-vsva2785-2mp-e-s-es1 specified in board_part file is either invalid or not available
WARNING: [Board 49-26] cannot add Board Part xilinx.com:vpk180_es:part0:1.0 available at /tools/Xilinx/Vivado/2023.1/data/xhub/boards/XilinxBoardStore/boards/Xilinx/vpk180/es/1.0/board.xml as part xcvp1802-lsvc4072-2mp-e-s-es1 specified in board_part file is either invalid or not available
WARNING: [Board 49-26] cannot add Board Part xilinx.com:vpk180_es:part0:1.1 available at /tools/Xilinx/Vivado/2023.1/data/xhub/boards/XilinxBoardStore/boards/Xilinx/vpk180/es/1.1/board.xml as part xcvp1802-lsvc4072-2mp-e-s-es1 specified in board_part file is either invalid or not available
WARNING: [Board 49-26] cannot add Board Part xilinx.com:zcu208ld:part0:2.0 available at /tools/Xilinx/Vivado/2023.1/data/xhub/boards/XilinxBoardStore/boards/Xilinx/zcu208ld/production/2.0/board.xml as part xczu58dr-fsvg1517-2-i specified in board_part file is either invalid or not available
WARNING: [Board 49-26] cannot add Board Part xilinx.com:zcu216ld:part0:2.0 available at /tools/Xilinx/Vivado/2023.1/data/xhub/boards/XilinxBoardStore/boards/Xilinx/zcu216ld/production/2.0/board.xml as part xczu59dr-ffvf1760-2-i specified in board_part file is either invalid or not available
WARNING: [Board 49-26] cannot add Board Part xilinx.com:zcu670:part0:2.0 available at /tools/Xilinx/Vivado/2023.1/data/xhub/boards/XilinxBoardStore/boards/Xilinx/zcu670/2.0/board.xml as part xczu67dr-fsve1156-2-i specified in board_part file is either invalid or not available
WARNING: [Board 49-26] cannot add Board Part xilinx.com:zcu670ld:part0:1.0 available at /tools/Xilinx/Vivado/2023.1/data/xhub/boards/XilinxBoardStore/boards/Xilinx/zcu670ld/1.0/board.xml as part xczu57dr-fsve1156-2-i specified in board_part file is either invalid or not available
open_project /home/mylabmachine2023/Desktop/workspaces/vivado/official_tests/ila/osdzu3_sip-master/Vv_23_1/OSDZU3_Ref_Design/Vivado/OSDZU3_Ref_Design.xpr
WARNING: [filemgmt 56-3] IPUserFilesDir: Could not find the directory '/home/mylabmachine2023/Desktop/workspaces/vivado/official_tests/ila/osdzu3_sip-master/Vv_23_1/OSDZU3_Ref_Design/Vivado/OSDZU3_Ref_Design.ip_user_files'.
Scanning sources...
Finished scanning sources
INFO: [IP_Flow 19-234] Refreshing IP repositories
INFO: [IP_Flow 19-1700] Loaded user IP repository '/home/mylabmachine2023/Desktop/workspaces/vivado/official_tests/ila/osdzu3_sip-master/Vv_23_1/IP_Repo'.
INFO: [IP_Flow 19-2313] Loaded Vivado IP repository '/tools/Xilinx/Vivado/2023.1/data/ip'.
open_project: Time (s): cpu = 00:00:14 ; elapsed = 00:00:08 . Memory (MB): peak = 9190.996 ; gain = 889.414 ; free physical = 25742 ; free virtual = 119002
open_bd_design {/home/mylabmachine2023/Desktop/workspaces/vivado/official_tests/ila/osdzu3_sip-master/Vv_23_1/OSDZU3_Ref_Design/Vivado/OSDZU3_Ref_Design.srcs/sources_1/bd/design_1/design_1.bd}
Reading block design file </home/mylabmachine2023/Desktop/workspaces/vivado/official_tests/ila/osdzu3_sip-master/Vv_23_1/OSDZU3_Ref_Design/Vivado/OSDZU3_Ref_Design.srcs/sources_1/bd/design_1/design_1.bd>...
Adding component instance block -- xilinx.com:ip:proc_sys_reset:5.0 - rst_ps8_0_100M
Adding component instance block -- designlinxhs.com:user:lvds_display_tx:1.2 - lvds_display_tx_0
Adding component instance block -- xilinx.com:ip:xlslice:1.0 - v_fb_rd_0_rst_n
Adding component instance block -- xilinx.com:ip:xlslice:1.0 - v_fb_rd_1_rst_n
Adding component instance block -- xilinx.com:ip:xlslice:1.0 - v_mix_rst_n
Adding component instance block -- xilinx.com:ip:xlconcat:2.1 - xlconcat_0
Adding component instance block -- xilinx.com:ip:xlconstant:1.1 - xlconstant_0
Adding component instance block -- xilinx.com:ip:xlslice:1.0 - xlslice_0
Adding component instance block -- xilinx.com:ip:xlslice:1.0 - xlslice_1
Adding component instance block -- xilinx.com:ip:xlslice:1.0 - xlslice_2
Adding component instance block -- xilinx.com:ip:axi_gpio:2.0 - axi_gpio_0
Adding component instance block -- xilinx.com:ip:axi_gpio:2.0 - touch_panel_gpio
Adding component instance block -- xilinx.com:ip:axi_timer:2.0 - backlight_pwm_timer
Adding component instance block -- xilinx.com:ip:axi_gpio:2.0 - hls_ip_reset
Adding component instance block -- xilinx.com:ip:axi_iic:2.1 - lvds_display_iic
Adding component instance block -- xilinx.com:ip:axi_interconnect:2.1 - ps8_0_axi_periph
Adding component instance block -- xilinx.com:ip:axi_crossbar:2.1 - xbar
Adding component instance block -- xilinx.com:ip:axi_clock_converter:2.1 - auto_cc
Adding component instance block -- xilinx.com:ip:axi_clock_converter:2.1 - auto_cc
Adding component instance block -- xilinx.com:ip:axi_clock_converter:2.1 - auto_cc
Adding component instance block -- xilinx.com:ip:axi_clock_converter:2.1 - auto_cc
Adding component instance block -- xilinx.com:ip:axi_clock_converter:2.1 - auto_cc
Adding component instance block -- xilinx.com:ip:system_ila:1.1 - system_ila_0
Adding component instance block -- xilinx.com:ip:system_ila:1.1 - system_ila_1
Adding component instance block -- xilinx.com:ip:system_ila:1.1 - system_ila_2
Adding component instance block -- xilinx.com:ip:v_axi4s_vid_out:4.0 - v_axi4s_vid_out_0
Adding component instance block -- xilinx.com:ip:v_frmbuf_rd:2.4 - v_frmbuf_rd_0
Adding component instance block -- xilinx.com:ip:v_frmbuf_rd:2.4 - v_frmbuf_rd_1
Adding component instance block -- xilinx.com:ip:v_mix:5.2 - v_mix_0
Adding component instance block -- xilinx.com:ip:v_tc:6.2 - v_tc_0
Adding component instance block -- xilinx.com:ip:proc_sys_reset:5.0 - rst_ps8_0_200M
Adding component instance block -- xilinx.com:ip:proc_sys_reset:5.0 - rst_ps8_0_60M
Adding component instance block -- xilinx.com:ip:axi_iic:2.1 - axi_iic_0
Adding component instance block -- xilinx.com:ip:axi_timer:2.0 - CLICK_PWM_TIMER
Adding component instance block -- xilinx.com:ip:axi_uart16550:2.0 - CLICK_UART
Adding component instance block -- xilinx.com:ip:axi_gpio:2.0 - axi_gpio_0
Adding component instance block -- xilinx.com:ip:axi_uart16550:2.0 - PMOD_A_UART
Adding component instance block -- xilinx.com:ip:axi_gpio:2.0 - axi_gpio_0
Adding component instance block -- xilinx.com:ip:axi_iic:2.1 - PMOD_B_I2C
Adding component instance block -- xilinx.com:ip:xlconcat:2.1 - IRQ0
Adding component instance block -- xilinx.com:ip:xlconcat:2.1 - IRQ1
Adding component instance block -- xilinx.com:ip:axi_gpio:2.0 - switch_gpio
Adding component instance block -- xilinx.com:ip:axi_gpio:2.0 - led_gpio
Adding component instance block -- xilinx.com:ip:axi_gpio:2.0 - button_gpio
Adding component instance block -- xilinx.com:ip:axi_interconnect:2.1 - ps8_0_axi_periph
Adding component instance block -- xilinx.com:ip:axi_crossbar:2.1 - xbar
Adding component instance block -- xilinx.com:ip:axi_dwidth_converter:2.1 - auto_ds
Adding component instance block -- xilinx.com:ip:axi_protocol_converter:2.1 - auto_pc
Adding component instance block -- xilinx.com:ip:smartconnect:1.0 - smartconnect_0
Adding component instance block -- xilinx.com:ip:zynq_ultra_ps_e:3.5 - zynq_ultra_ps_e_0
Excluding slave segment /zynq_ultra_ps_e_0/SAXIGP3/HP1_LPS_OCM from address space /LVDS_Display/v_frmbuf_rd_0/Data_m_axi_mm_video.
Excluding slave segment /zynq_ultra_ps_e_0/SAXIGP3/HP1_LPS_OCM from address space /LVDS_Display/v_frmbuf_rd_1/Data_m_axi_mm_video.
Successfully read diagram <design_1> from block design file </home/mylabmachine2023/Desktop/workspaces/vivado/official_tests/ila/osdzu3_sip-master/Vv_23_1/OSDZU3_Ref_Design/Vivado/OSDZU3_Ref_Design.srcs/sources_1/bd/design_1/design_1.bd>
INFO: [PSU-1]  DP_AUDIO clock source: RPLL is also being used by other peripheral clocks. Their outputs may get impacted if any driver changes DP_AUDIO PLL source to support runtime audio change 
INFO: [PSU-1]  DP_AUDIO clock source: RPLL is also being used by other peripheral clocks. Their outputs may get impacted if any driver changes DP_AUDIO PLL source to support runtime audio change 
WARNING: [IP_Flow 19-474] Invalid Parameter 'Component_Name'
archive_project /home/mylabmachine2023/Desktop/workspaces/vivado/official_tests/ila/osdzu3_sip-master/Vv_23_1/OSDZU3_Ref_Design/osdzu3-ref-1e-pl-pmods-pinmux-updated-ddr-1066mbps-orig.xpr.zip -force -exclude_run_results -include_local_ip_cache -include_config_settings
INFO: [Coretcl 2-137] starting archive...
INFO: [Coretcl 2-1499] Saving project copy to temporary location './.Xil/Vivado-11813-mylabmachine2023' for archiving project
WARNING: [filemgmt 56-3] IPUserFilesDir: Could not find the directory '/home/mylabmachine2023/Desktop/workspaces/vivado/official_tests/ila/osdzu3_sip-master/Vv_23_1/OSDZU3_Ref_Design/Vivado/OSDZU3_Ref_Design.ip_user_files'.
Scanning sources...
Finished scanning sources
INFO: [IP_Flow 19-234] Refreshing IP repositories
INFO: [IP_Flow 19-1700] Loaded user IP repository '/home/mylabmachine2023/Desktop/workspaces/vivado/official_tests/ila/osdzu3_sip-master/Vv_23_1/IP_Repo'.
INFO: [IP_Flow 19-2313] Loaded Vivado IP repository '/tools/Xilinx/Vivado/2023.1/data/ip'.
INFO: [Coretcl 2-1211] Creating project copy for archival...
INFO: [Coretcl 2-135] resetting runs for excluding generated files from archive...
WARNING: [Coretcl 2-105] Run 'synth_1' is currently active
INFO: [Coretcl 2-133] re-setting run 'synth_1'...
WARNING: [Coretcl 2-105] Run 'design_1_rst_ps8_0_100M_0_synth_1' is currently active
INFO: [Coretcl 2-133] re-setting run 'design_1_rst_ps8_0_100M_0_synth_1'...
WARNING: [Coretcl 2-105] Run 'design_1_lvds_display_tx_0_0_synth_1' is currently active
INFO: [Coretcl 2-133] re-setting run 'design_1_lvds_display_tx_0_0_synth_1'...
WARNING: [Coretcl 2-105] Run 'design_1_rst_ps8_0_100M_1_synth_1' is currently active
INFO: [Coretcl 2-133] re-setting run 'design_1_rst_ps8_0_100M_1_synth_1'...
WARNING: [Coretcl 2-105] Run 'design_1_rst_ps8_0_200M_0_synth_1' is currently active
INFO: [Coretcl 2-133] re-setting run 'design_1_rst_ps8_0_200M_0_synth_1'...
WARNING: [Coretcl 2-105] Run 'design_1_axi_gpio_0_0_synth_1' is currently active
INFO: [Coretcl 2-133] re-setting run 'design_1_axi_gpio_0_0_synth_1'...
WARNING: [Coretcl 2-105] Run 'design_1_axi_gpio_1_0_synth_1' is currently active
INFO: [Coretcl 2-133] re-setting run 'design_1_axi_gpio_1_0_synth_1'...
WARNING: [Coretcl 2-105] Run 'design_1_axi_gpio_2_0_synth_1' is currently active
INFO: [Coretcl 2-133] re-setting run 'design_1_axi_gpio_2_0_synth_1'...
WARNING: [Coretcl 2-105] Run 'design_1_axi_gpio_0_1_synth_1' is currently active
INFO: [Coretcl 2-133] re-setting run 'design_1_axi_gpio_0_1_synth_1'...
WARNING: [Coretcl 2-105] Run 'design_1_hls_ip_reset_0_synth_1' is currently active
INFO: [Coretcl 2-133] re-setting run 'design_1_hls_ip_reset_0_synth_1'...
WARNING: [Coretcl 2-105] Run 'design_1_lvds_display_iic_0_synth_1' is currently active
INFO: [Coretcl 2-133] re-setting run 'design_1_lvds_display_iic_0_synth_1'...
WARNING: [Coretcl 2-105] Run 'design_1_v_axi4s_vid_out_0_0_synth_1' is currently active
INFO: [Coretcl 2-133] re-setting run 'design_1_v_axi4s_vid_out_0_0_synth_1'...
WARNING: [Coretcl 2-105] Run 'design_1_v_frmbuf_rd_0_0_synth_1' is currently active
INFO: [Coretcl 2-133] re-setting run 'design_1_v_frmbuf_rd_0_0_synth_1'...
WARNING: [Coretcl 2-105] Run 'design_1_v_frmbuf_rd_1_0_synth_1' is currently active
INFO: [Coretcl 2-133] re-setting run 'design_1_v_frmbuf_rd_1_0_synth_1'...
WARNING: [Coretcl 2-105] Run 'design_1_v_mix_0_0_synth_1' is currently active
INFO: [Coretcl 2-133] re-setting run 'design_1_v_mix_0_0_synth_1'...
WARNING: [Coretcl 2-105] Run 'design_1_v_tc_0_0_synth_1' is currently active
INFO: [Coretcl 2-133] re-setting run 'design_1_v_tc_0_0_synth_1'...
WARNING: [Coretcl 2-105] Run 'design_1_axi_timer_0_0_synth_1' is currently active
INFO: [Coretcl 2-133] re-setting run 'design_1_axi_timer_0_0_synth_1'...
WARNING: [Coretcl 2-105] Run 'design_1_axi_gpio_1_1_synth_1' is currently active
INFO: [Coretcl 2-133] re-setting run 'design_1_axi_gpio_1_1_synth_1'...
WARNING: [Coretcl 2-105] Run 'design_1_axi_uart16550_1_0_synth_1' is currently active
INFO: [Coretcl 2-133] re-setting run 'design_1_axi_uart16550_1_0_synth_1'...
WARNING: [Coretcl 2-105] Run 'design_1_axi_timer_0_1_synth_1' is currently active
INFO: [Coretcl 2-133] re-setting run 'design_1_axi_timer_0_1_synth_1'...
WARNING: [Coretcl 2-105] Run 'design_1_axi_iic_0_0_synth_1' is currently active
INFO: [Coretcl 2-133] re-setting run 'design_1_axi_iic_0_0_synth_1'...
WARNING: [Coretcl 2-105] Run 'design_1_axi_uart16550_0_0_synth_1' is currently active
INFO: [Coretcl 2-133] re-setting run 'design_1_axi_uart16550_0_0_synth_1'...
WARNING: [Coretcl 2-105] Run 'design_1_axi_gpio_0_2_synth_1' is currently active
INFO: [Coretcl 2-133] re-setting run 'design_1_axi_gpio_0_2_synth_1'...
WARNING: [Coretcl 2-105] Run 'design_1_axi_iic_1_0_synth_1' is currently active
INFO: [Coretcl 2-133] re-setting run 'design_1_axi_iic_1_0_synth_1'...
WARNING: [Coretcl 2-105] Run 'design_1_axi_gpio_0_3_synth_1' is currently active
INFO: [Coretcl 2-133] re-setting run 'design_1_axi_gpio_0_3_synth_1'...
WARNING: [Coretcl 2-105] Run 'design_1_xbar_3_synth_1' is currently active
INFO: [Coretcl 2-133] re-setting run 'design_1_xbar_3_synth_1'...
WARNING: [Coretcl 2-105] Run 'design_1_xbar_2_synth_1' is currently active
INFO: [Coretcl 2-133] re-setting run 'design_1_xbar_2_synth_1'...
INFO: [Coretcl 2-133] re-setting run 'impl_1'...
INFO: [Coretcl 2-133] re-setting run 'design_1_rst_ps8_0_100M_0_impl_1'...
INFO: [Coretcl 2-133] re-setting run 'design_1_lvds_display_tx_0_0_impl_1'...
INFO: [Coretcl 2-133] re-setting run 'design_1_rst_ps8_0_100M_1_impl_1'...
INFO: [Coretcl 2-133] re-setting run 'design_1_rst_ps8_0_200M_0_impl_1'...
INFO: [Coretcl 2-133] re-setting run 'design_1_axi_gpio_0_0_impl_1'...
INFO: [Coretcl 2-133] re-setting run 'design_1_axi_gpio_1_0_impl_1'...
INFO: [Coretcl 2-133] re-setting run 'design_1_axi_gpio_2_0_impl_1'...
INFO: [Coretcl 2-133] re-setting run 'design_1_axi_gpio_0_1_impl_1'...
INFO: [Coretcl 2-133] re-setting run 'design_1_hls_ip_reset_0_impl_1'...
INFO: [Coretcl 2-133] re-setting run 'design_1_lvds_display_iic_0_impl_1'...
INFO: [Coretcl 2-133] re-setting run 'design_1_v_axi4s_vid_out_0_0_impl_1'...
INFO: [Coretcl 2-133] re-setting run 'design_1_v_frmbuf_rd_0_0_impl_1'...
INFO: [Coretcl 2-133] re-setting run 'design_1_v_frmbuf_rd_1_0_impl_1'...
INFO: [Coretcl 2-133] re-setting run 'design_1_v_mix_0_0_impl_1'...
INFO: [Coretcl 2-133] re-setting run 'design_1_v_tc_0_0_impl_1'...
INFO: [Coretcl 2-133] re-setting run 'design_1_axi_timer_0_0_impl_1'...
INFO: [Coretcl 2-133] re-setting run 'design_1_axi_gpio_1_1_impl_1'...
INFO: [Coretcl 2-133] re-setting run 'design_1_axi_uart16550_1_0_impl_1'...
INFO: [Coretcl 2-133] re-setting run 'design_1_axi_timer_0_1_impl_1'...
INFO: [Coretcl 2-133] re-setting run 'design_1_axi_iic_0_0_impl_1'...
INFO: [Coretcl 2-133] re-setting run 'design_1_axi_uart16550_0_0_impl_1'...
INFO: [Coretcl 2-133] re-setting run 'design_1_axi_gpio_0_2_impl_1'...
INFO: [Coretcl 2-133] re-setting run 'design_1_axi_iic_1_0_impl_1'...
INFO: [Coretcl 2-133] re-setting run 'design_1_axi_gpio_0_3_impl_1'...
INFO: [Coretcl 2-133] re-setting run 'design_1_xbar_3_impl_1'...
INFO: [Coretcl 2-133] re-setting run 'design_1_xbar_2_impl_1'...
INFO: [Coretcl 2-1212] Importing remotely added design sources and verilog include files (if any)...
INFO: [filemgmt 20-334] All file(s) are already imported in fileset: 'design_1_axi_gpio_0_0'
INFO: [filemgmt 20-348] Importing the appropriate files for fileset: 'design_1_axi_gpio_0_0'
INFO: [filemgmt 20-334] All file(s) are already imported in fileset: 'design_1_axi_gpio_0_1'
INFO: [filemgmt 20-348] Importing the appropriate files for fileset: 'design_1_axi_gpio_0_1'
INFO: [filemgmt 20-334] All file(s) are already imported in fileset: 'design_1_axi_gpio_0_2'
INFO: [filemgmt 20-348] Importing the appropriate files for fileset: 'design_1_axi_gpio_0_2'
INFO: [filemgmt 20-334] All file(s) are already imported in fileset: 'design_1_axi_gpio_0_3'
INFO: [filemgmt 20-348] Importing the appropriate files for fileset: 'design_1_axi_gpio_0_3'
INFO: [filemgmt 20-334] All file(s) are already imported in fileset: 'design_1_axi_gpio_1_0'
INFO: [filemgmt 20-348] Importing the appropriate files for fileset: 'design_1_axi_gpio_1_0'
INFO: [filemgmt 20-334] All file(s) are already imported in fileset: 'design_1_axi_gpio_1_1'
INFO: [filemgmt 20-348] Importing the appropriate files for fileset: 'design_1_axi_gpio_1_1'
INFO: [filemgmt 20-334] All file(s) are already imported in fileset: 'design_1_axi_gpio_2_0'
INFO: [filemgmt 20-348] Importing the appropriate files for fileset: 'design_1_axi_gpio_2_0'
INFO: [filemgmt 20-334] All file(s) are already imported in fileset: 'design_1_axi_iic_0_0'
INFO: [filemgmt 20-348] Importing the appropriate files for fileset: 'design_1_axi_iic_0_0'
INFO: [filemgmt 20-334] All file(s) are already imported in fileset: 'design_1_axi_iic_1_0'
INFO: [filemgmt 20-348] Importing the appropriate files for fileset: 'design_1_axi_iic_1_0'
INFO: [filemgmt 20-334] All file(s) are already imported in fileset: 'design_1_axi_timer_0_0'
INFO: [filemgmt 20-348] Importing the appropriate files for fileset: 'design_1_axi_timer_0_0'
INFO: [filemgmt 20-334] All file(s) are already imported in fileset: 'design_1_axi_timer_0_1'
INFO: [filemgmt 20-348] Importing the appropriate files for fileset: 'design_1_axi_timer_0_1'
INFO: [filemgmt 20-334] All file(s) are already imported in fileset: 'design_1_axi_uart16550_0_0'
INFO: [filemgmt 20-348] Importing the appropriate files for fileset: 'design_1_axi_uart16550_0_0'
INFO: [filemgmt 20-334] All file(s) are already imported in fileset: 'design_1_axi_uart16550_1_0'
INFO: [filemgmt 20-348] Importing the appropriate files for fileset: 'design_1_axi_uart16550_1_0'
INFO: [filemgmt 20-334] All file(s) are already imported in fileset: 'design_1_hls_ip_reset_0'
INFO: [filemgmt 20-348] Importing the appropriate files for fileset: 'design_1_hls_ip_reset_0'
INFO: [filemgmt 20-334] All file(s) are already imported in fileset: 'design_1_lvds_display_iic_0'
INFO: [filemgmt 20-348] Importing the appropriate files for fileset: 'design_1_lvds_display_iic_0'
INFO: [filemgmt 20-334] All file(s) are already imported in fileset: 'design_1_lvds_display_tx_0_0'
INFO: [filemgmt 20-348] Importing the appropriate files for fileset: 'design_1_lvds_display_tx_0_0'
INFO: [filemgmt 20-334] All file(s) are already imported in fileset: 'design_1_rst_ps8_0_100M_0'
INFO: [filemgmt 20-348] Importing the appropriate files for fileset: 'design_1_rst_ps8_0_100M_0'
INFO: [filemgmt 20-334] All file(s) are already imported in fileset: 'design_1_rst_ps8_0_100M_1'
INFO: [filemgmt 20-348] Importing the appropriate files for fileset: 'design_1_rst_ps8_0_100M_1'
INFO: [filemgmt 20-334] All file(s) are already imported in fileset: 'design_1_rst_ps8_0_200M_0'
INFO: [filemgmt 20-348] Importing the appropriate files for fileset: 'design_1_rst_ps8_0_200M_0'
INFO: [filemgmt 20-334] All file(s) are already imported in fileset: 'design_1_v_axi4s_vid_out_0_0'
INFO: [filemgmt 20-348] Importing the appropriate files for fileset: 'design_1_v_axi4s_vid_out_0_0'
INFO: [filemgmt 20-334] All file(s) are already imported in fileset: 'design_1_v_frmbuf_rd_0_0'
INFO: [filemgmt 20-348] Importing the appropriate files for fileset: 'design_1_v_frmbuf_rd_0_0'
INFO: [filemgmt 20-334] All file(s) are already imported in fileset: 'design_1_v_frmbuf_rd_1_0'
INFO: [filemgmt 20-348] Importing the appropriate files for fileset: 'design_1_v_frmbuf_rd_1_0'
INFO: [filemgmt 20-334] All file(s) are already imported in fileset: 'design_1_v_mix_0_0'
INFO: [filemgmt 20-348] Importing the appropriate files for fileset: 'design_1_v_mix_0_0'
INFO: [filemgmt 20-334] All file(s) are already imported in fileset: 'design_1_v_tc_0_0'
INFO: [filemgmt 20-348] Importing the appropriate files for fileset: 'design_1_v_tc_0_0'
INFO: [filemgmt 20-334] All file(s) are already imported in fileset: 'design_1_xbar_2'
INFO: [filemgmt 20-348] Importing the appropriate files for fileset: 'design_1_xbar_2'
INFO: [filemgmt 20-334] All file(s) are already imported in fileset: 'design_1_xbar_3'
INFO: [filemgmt 20-348] Importing the appropriate files for fileset: 'design_1_xbar_3'
INFO: [filemgmt 20-348] Importing the appropriate files for fileset: 'constrs_1'
INFO: [filemgmt 20-334] All file(s) are already imported in fileset: 'sources_1'
INFO: [filemgmt 20-348] Importing the appropriate files for fileset: 'sources_1'
