

================================================================
== Vitis HLS Report for 'Bytes2MultiPixStream_Pipeline_VITIS_LOOP_1157_4'
================================================================
* Date:           Sat Sep  6 13:58:46 2025

* Version:        2025.1 (Build 6135595 on May 21 2025)
* Project:        prj
* Solution:       sol (Vivado IP Flow Target)
* Product family: zynquplus
* Target device:  xczu3eg-sfvc784-1-e


================================================================
== Performance Estimates
================================================================
+ Timing: 
    * Summary: 
    +--------+---------+----------+------------+
    |  Clock |  Target | Estimated| Uncertainty|
    +--------+---------+----------+------------+
    |ap_clk  |  5.00 ns|  3.650 ns|     1.35 ns|
    +--------+---------+----------+------------+

+ Latency: 
    * Summary: 
    +---------+---------+-----------+-----------+-----+-------+------------------------------------------------+
    |  Latency (cycles) |   Latency (absolute)  |   Interval  |                    Pipeline                    |
    |   min   |   max   |    min    |    max    | min |  max  |                      Type                      |
    +---------+---------+-----------+-----------+-----+-------+------------------------------------------------+
    |        2|    11522|  10.000 ns|  57.610 us|    1|  11521|  loop auto-rewind stp (delay=0 clock cycles(s))|
    +---------+---------+-----------+-----------+-----+-------+------------------------------------------------+

    + Detail: 
        * Instance: 
        N/A

        * Loop: 
        +---------------------+---------+---------+----------+-----------+-----------+----------+----------+
        |                     |  Latency (cycles) | Iteration|  Initiation Interval  |   Trip   |          |
        |      Loop Name      |   min   |   max   |  Latency |  achieved |   target  |   Count  | Pipelined|
        +---------------------+---------+---------+----------+-----------+-----------+----------+----------+
        |- VITIS_LOOP_1157_4  |        0|    11520|         5|          4|          4|  0 ~ 2880|       yes|
        +---------------------+---------+---------+----------+-----------+-----------+----------+----------+

============================================================
+ Verbose Summary: Synthesis Manager
============================================================
InlineROM: 1
ExposeGlobal: 0
============================================================
+ Verbose Summary: CDFG Model
============================================================
IsTopModel: 0
ResetActiveHigh: 1
IsCombinational: 0
IsDatapathOnly: 0
HasWiredReturn: 1
HasMFsm: 2
HasVarLatency: 1
IsPipeline: 0
IsRtlPipelined: 0
IsInstanceOverlapped: 0
IsDontTouch: 0
HasImplIP: 0
IsGatedGlobalClock: 0

+ Individual pipeline summary: 
  * Pipeline-0: initiation interval (II) = 4, depth = 5


============================================================
+ Verbose Summary: Schedule
============================================================
* Number of FSM states : 5
* Pipeline : 1
  Pipeline-0 : II = 4, D = 5, States = { 1 2 3 4 5 }
* Dataflow Pipeline: 0

* FSM state transitions: 
1 --> 2 
2 --> 3 
3 --> 4 
4 --> 5 
5 --> 

* FSM state operations: 

State 1 <SV = 0> <Delay = 1.93>
ST_1 : Operation 8 [1/1] (0.00ns)   --->   "%x_1 = alloca i32 1" [/home/e/Documents/research/byotee/OSDZU3_Ref_Design/OSDZU3_Ref_Design.runs/design_1_v_frmbuf_rd_1_0_synth_1/prj/sol/.autopilot/db/v_frmbuf_rd.cpp:1157]   --->   Operation 8 'alloca' 'x_1' <Predicate = true> <Delay = 0.00>
ST_1 : Operation 9 [1/1] (0.00ns)   --->   "%specmemcore_ln0 = specmemcore void @_ssdm_op_SpecMemCore, i64 %bytePlanes_plane0, i64 666, i64 8, i64 18446744073709551615"   --->   Operation 9 'specmemcore' 'specmemcore_ln0' <Predicate = true> <Delay = 0.00>
ST_1 : Operation 10 [1/1] (0.00ns)   --->   "%specinterface_ln0 = specinterface void @_ssdm_op_SpecInterface, i24 %img, void @empty_15, i32 0, i32 0, void @empty_4, i32 0, i32 0, void @empty_4, void @empty_4, void @empty_4, i32 0, i32 0, i32 0, i32 0, void @empty_4, void @empty_4, i32 4294967295, i32 0, i32 0"   --->   Operation 10 'specinterface' 'specinterface_ln0' <Predicate = true> <Delay = 0.00>
ST_1 : Operation 11 [1/1] (0.00ns)   --->   "%specinterface_ln0 = specinterface void @_ssdm_op_SpecInterface, i64 %bytePlanes_plane0, void @empty_15, i32 0, i32 0, void @empty_4, i32 0, i32 0, void @empty_4, void @empty_4, void @empty_4, i32 0, i32 0, i32 0, i32 0, void @empty_4, void @empty_4, i32 4294967295, i32 0, i32 0"   --->   Operation 11 'specinterface' 'specinterface_ln0' <Predicate = true> <Delay = 0.00>
ST_1 : Operation 12 [1/1] (0.00ns)   --->   "%icmp9_read = read i1 @_ssdm_op_Read.ap_auto.i1, i1 %icmp9" [/home/e/Documents/research/byotee/OSDZU3_Ref_Design/OSDZU3_Ref_Design.runs/design_1_v_frmbuf_rd_1_0_synth_1/prj/sol/.autopilot/db/v_frmbuf_rd.cpp:686]   --->   Operation 12 'read' 'icmp9_read' <Predicate = true> <Delay = 0.00>
ST_1 : Operation 13 [1/1] (0.00ns)   --->   "%sub193_cast_read = read i13 @_ssdm_op_Read.ap_auto.i13, i13 %sub193_cast" [/home/e/Documents/research/byotee/OSDZU3_Ref_Design/OSDZU3_Ref_Design.runs/design_1_v_frmbuf_rd_1_0_synth_1/prj/sol/.autopilot/db/v_frmbuf_rd.cpp:686]   --->   Operation 13 'read' 'sub193_cast_read' <Predicate = true> <Delay = 0.00>
ST_1 : Operation 14 [1/1] (0.00ns)   --->   "%cmp197_2_read = read i1 @_ssdm_op_Read.ap_auto.i1, i1 %cmp197_2" [/home/e/Documents/research/byotee/OSDZU3_Ref_Design/OSDZU3_Ref_Design.runs/design_1_v_frmbuf_rd_1_0_synth_1/prj/sol/.autopilot/db/v_frmbuf_rd.cpp:686]   --->   Operation 14 'read' 'cmp197_2_read' <Predicate = true> <Delay = 0.00>
ST_1 : Operation 15 [1/1] (0.00ns)   --->   "%icmp_ln1147_read = read i1 @_ssdm_op_Read.ap_auto.i1, i1 %icmp_ln1147" [/home/e/Documents/research/byotee/OSDZU3_Ref_Design/OSDZU3_Ref_Design.runs/design_1_v_frmbuf_rd_1_0_synth_1/prj/sol/.autopilot/db/v_frmbuf_rd.cpp:686]   --->   Operation 15 'read' 'icmp_ln1147_read' <Predicate = true> <Delay = 0.00>
ST_1 : Operation 16 [1/1] (0.00ns)   --->   "%loopWidth_1_read = read i12 @_ssdm_op_Read.ap_auto.i12, i12 %loopWidth_1" [/home/e/Documents/research/byotee/OSDZU3_Ref_Design/OSDZU3_Ref_Design.runs/design_1_v_frmbuf_rd_1_0_synth_1/prj/sol/.autopilot/db/v_frmbuf_rd.cpp:686]   --->   Operation 16 'read' 'loopWidth_1_read' <Predicate = true> <Delay = 0.00>
ST_1 : Operation 17 [1/1] (0.48ns)   --->   "%store_ln1157 = store i12 0, i12 %x_1" [/home/e/Documents/research/byotee/OSDZU3_Ref_Design/OSDZU3_Ref_Design.runs/design_1_v_frmbuf_rd_1_0_synth_1/prj/sol/.autopilot/db/v_frmbuf_rd.cpp:1157]   --->   Operation 17 'store' 'store_ln1157' <Predicate = true> <Delay = 0.48>
ST_1 : Operation 18 [1/1] (0.00ns)   --->   "%br_ln1157 = br void %VITIS_LOOP_1164_5" [/home/e/Documents/research/byotee/OSDZU3_Ref_Design/OSDZU3_Ref_Design.runs/design_1_v_frmbuf_rd_1_0_synth_1/prj/sol/.autopilot/db/v_frmbuf_rd.cpp:1157]   --->   Operation 18 'br' 'br_ln1157' <Predicate = true> <Delay = 0.00>
ST_1 : Operation 19 [1/1] (0.00ns)   --->   "%x = load i12 %x_1" [/home/e/Documents/research/byotee/OSDZU3_Ref_Design/OSDZU3_Ref_Design.runs/design_1_v_frmbuf_rd_1_0_synth_1/prj/sol/.autopilot/db/v_frmbuf_rd.cpp:1157]   --->   Operation 19 'load' 'x' <Predicate = true> <Delay = 0.00>
ST_1 : Operation 20 [1/1] (0.00ns)   --->   "%zext_ln686 = zext i12 %x" [/home/e/Documents/research/byotee/OSDZU3_Ref_Design/OSDZU3_Ref_Design.runs/design_1_v_frmbuf_rd_1_0_synth_1/prj/sol/.autopilot/db/v_frmbuf_rd.cpp:686]   --->   Operation 20 'zext' 'zext_ln686' <Predicate = true> <Delay = 0.00>
ST_1 : Operation 21 [1/1] (0.96ns)   --->   "%icmp_ln1157 = icmp_eq  i12 %x, i12 %loopWidth_1_read" [/home/e/Documents/research/byotee/OSDZU3_Ref_Design/OSDZU3_Ref_Design.runs/design_1_v_frmbuf_rd_1_0_synth_1/prj/sol/.autopilot/db/v_frmbuf_rd.cpp:1157]   --->   Operation 21 'icmp' 'icmp_ln1157' <Predicate = true> <Delay = 0.96> <CoreInst = "Cmp">   --->   Core 9 'Cmp' <Latency = 0> <II = 1> <Delay = 0.96> <FuncUnit> <Opcode : 'seteq' 'setne' 'setle' 'setge' 'setlt' 'setgt'> <InPorts = 2> <OutPorts = 1>
ST_1 : Operation 22 [1/1] (0.00ns)   --->   "%speclooptripcount_ln0 = speclooptripcount void @_ssdm_op_SpecLoopTripCount, i64 0, i64 2880, i64 0"   --->   Operation 22 'speclooptripcount' 'speclooptripcount_ln0' <Predicate = true> <Delay = 0.00>
ST_1 : Operation 23 [1/1] (0.96ns)   --->   "%x_4 = add i12 %x, i12 1" [/home/e/Documents/research/byotee/OSDZU3_Ref_Design/OSDZU3_Ref_Design.runs/design_1_v_frmbuf_rd_1_0_synth_1/prj/sol/.autopilot/db/v_frmbuf_rd.cpp:1157]   --->   Operation 23 'add' 'x_4' <Predicate = true> <Delay = 0.96> <CoreInst = "Adder">   --->   Core 1 'Adder' <Latency = 0> <II = 1> <Delay = 0.96> <FuncUnit> <Opcode : 'add' 'sub'> <InPorts = 2> <OutPorts = 1>
ST_1 : Operation 24 [1/1] (0.00ns)   --->   "%br_ln1157 = br i1 %icmp_ln1157, void %VITIS_LOOP_1164_5.split, void %for.inc206.exitStub" [/home/e/Documents/research/byotee/OSDZU3_Ref_Design/OSDZU3_Ref_Design.runs/design_1_v_frmbuf_rd_1_0_synth_1/prj/sol/.autopilot/db/v_frmbuf_rd.cpp:1157]   --->   Operation 24 'br' 'br_ln1157' <Predicate = true> <Delay = 0.00>
ST_1 : Operation 25 [1/1] (0.97ns)   --->   "%cmp194 = icmp_slt  i13 %zext_ln686, i13 %sub193_cast_read" [/home/e/Documents/research/byotee/OSDZU3_Ref_Design/OSDZU3_Ref_Design.runs/design_1_v_frmbuf_rd_1_0_synth_1/prj/sol/.autopilot/db/v_frmbuf_rd.cpp:686]   --->   Operation 25 'icmp' 'cmp194' <Predicate = (!icmp_ln1157)> <Delay = 0.97> <CoreInst = "Cmp">   --->   Core 9 'Cmp' <Latency = 0> <II = 1> <Delay = 0.97> <FuncUnit> <Opcode : 'seteq' 'setne' 'setle' 'setge' 'setlt' 'setgt'> <InPorts = 2> <OutPorts = 1>
ST_1 : Operation 26 [1/1] (0.33ns)   --->   "%or_ln1173 = or i1 %cmp194, i1 %icmp9_read" [/home/e/Documents/research/byotee/OSDZU3_Ref_Design/OSDZU3_Ref_Design.runs/design_1_v_frmbuf_rd_1_0_synth_1/prj/sol/.autopilot/db/v_frmbuf_rd.cpp:1173]   --->   Operation 26 'or' 'or_ln1173' <Predicate = (!icmp_ln1157)> <Delay = 0.33> <CoreInst = "LogicGate">   --->   Core 74 'LogicGate' <Latency = 0> <II = 1> <Delay = 0.33> <FuncUnit> <Opcode : 'and' 'or' 'xor'> <InPorts = 2> <OutPorts = 1>
ST_1 : Operation 27 [1/1] (0.00ns)   --->   "%br_ln1173 = br i1 %or_ln1173, void %for.inc190.2, void %if.then198.1" [/home/e/Documents/research/byotee/OSDZU3_Ref_Design/OSDZU3_Ref_Design.runs/design_1_v_frmbuf_rd_1_0_synth_1/prj/sol/.autopilot/db/v_frmbuf_rd.cpp:1173]   --->   Operation 27 'br' 'br_ln1173' <Predicate = (!icmp_ln1157)> <Delay = 0.00>
ST_1 : Operation 28 [1/1] (0.33ns)   --->   "%or_ln1173_1 = or i1 %cmp194, i1 %cmp197_2_read" [/home/e/Documents/research/byotee/OSDZU3_Ref_Design/OSDZU3_Ref_Design.runs/design_1_v_frmbuf_rd_1_0_synth_1/prj/sol/.autopilot/db/v_frmbuf_rd.cpp:1173]   --->   Operation 28 'or' 'or_ln1173_1' <Predicate = (!icmp_ln1157)> <Delay = 0.33> <CoreInst = "LogicGate">   --->   Core 74 'LogicGate' <Latency = 0> <II = 1> <Delay = 0.33> <FuncUnit> <Opcode : 'and' 'or' 'xor'> <InPorts = 2> <OutPorts = 1>
ST_1 : Operation 29 [1/1] (0.00ns)   --->   "%br_ln1173 = br i1 %or_ln1173_1, void %for.inc190.3, void %if.then198.2" [/home/e/Documents/research/byotee/OSDZU3_Ref_Design/OSDZU3_Ref_Design.runs/design_1_v_frmbuf_rd_1_0_synth_1/prj/sol/.autopilot/db/v_frmbuf_rd.cpp:1173]   --->   Operation 29 'br' 'br_ln1173' <Predicate = (!icmp_ln1157)> <Delay = 0.00>
ST_1 : Operation 30 [1/1] (0.33ns)   --->   "%or_ln1173_2 = or i1 %cmp194, i1 %icmp_ln1147_read" [/home/e/Documents/research/byotee/OSDZU3_Ref_Design/OSDZU3_Ref_Design.runs/design_1_v_frmbuf_rd_1_0_synth_1/prj/sol/.autopilot/db/v_frmbuf_rd.cpp:1173]   --->   Operation 30 'or' 'or_ln1173_2' <Predicate = (!icmp_ln1157)> <Delay = 0.33> <CoreInst = "LogicGate">   --->   Core 74 'LogicGate' <Latency = 0> <II = 1> <Delay = 0.33> <FuncUnit> <Opcode : 'and' 'or' 'xor'> <InPorts = 2> <OutPorts = 1>
ST_1 : Operation 31 [1/1] (0.00ns)   --->   "%br_ln1173 = br i1 %or_ln1173_2, void %for.inc200.3, void %if.then198.3" [/home/e/Documents/research/byotee/OSDZU3_Ref_Design/OSDZU3_Ref_Design.runs/design_1_v_frmbuf_rd_1_0_synth_1/prj/sol/.autopilot/db/v_frmbuf_rd.cpp:1173]   --->   Operation 31 'br' 'br_ln1173' <Predicate = (!icmp_ln1157)> <Delay = 0.00>
ST_1 : Operation 32 [1/1] (0.48ns)   --->   "%store_ln1157 = store i12 %x_4, i12 %x_1" [/home/e/Documents/research/byotee/OSDZU3_Ref_Design/OSDZU3_Ref_Design.runs/design_1_v_frmbuf_rd_1_0_synth_1/prj/sol/.autopilot/db/v_frmbuf_rd.cpp:1157]   --->   Operation 32 'store' 'store_ln1157' <Predicate = (!icmp_ln1157)> <Delay = 0.48>
ST_1 : Operation 33 [1/1] (0.00ns)   --->   "%br_ln1157 = br void %VITIS_LOOP_1164_5" [/home/e/Documents/research/byotee/OSDZU3_Ref_Design/OSDZU3_Ref_Design.runs/design_1_v_frmbuf_rd_1_0_synth_1/prj/sol/.autopilot/db/v_frmbuf_rd.cpp:1157]   --->   Operation 33 'br' 'br_ln1157' <Predicate = (!icmp_ln1157)> <Delay = 0.00>
ST_1 : Operation 52 [1/1] (0.48ns)   --->   "%ret_ln0 = ret"   --->   Operation 52 'ret' 'ret_ln0' <Predicate = (icmp_ln1157)> <Delay = 0.48>

State 2 <SV = 1> <Delay = 3.65>
ST_2 : Operation 34 [1/1] (0.00ns)   --->   "%specpipeline_ln1159 = specpipeline void @_ssdm_op_SpecPipeline, i32 4, i32 0, i32 0, i32 0, void @empty_4" [/home/e/Documents/research/byotee/OSDZU3_Ref_Design/OSDZU3_Ref_Design.runs/design_1_v_frmbuf_rd_1_0_synth_1/prj/sol/.autopilot/db/v_frmbuf_rd.cpp:1159]   --->   Operation 34 'specpipeline' 'specpipeline_ln1159' <Predicate = (!icmp_ln1157)> <Delay = 0.00>
ST_2 : Operation 35 [1/1] (0.00ns)   --->   "%specloopname_ln1157 = specloopname void @_ssdm_op_SpecLoopName, void @empty_18" [/home/e/Documents/research/byotee/OSDZU3_Ref_Design/OSDZU3_Ref_Design.runs/design_1_v_frmbuf_rd_1_0_synth_1/prj/sol/.autopilot/db/v_frmbuf_rd.cpp:1157]   --->   Operation 35 'specloopname' 'specloopname_ln1157' <Predicate = (!icmp_ln1157)> <Delay = 0.00>
ST_2 : Operation 36 [1/1] ( I:1.82ns O:1.82ns )   --->   "%rd = read i64 @_ssdm_op_Read.ap_fifo.volatile.i64P0A, i64 %bytePlanes_plane0" [/home/e/Documents/research/byotee/OSDZU3_Ref_Design/OSDZU3_Ref_Design.runs/design_1_v_frmbuf_rd_1_0_synth_1/prj/sol/.autopilot/db/v_frmbuf_rd.cpp:1162]   --->   Operation 36 'read' 'rd' <Predicate = (!icmp_ln1157)> <Delay = 1.82> <CoreInst = "FIFO_BRAM">   --->   Core 78 'FIFO_BRAM' <Latency = 0> <II = 1> <Delay = 2.01> <Storage> <Opcode : 'read' 'write' 'nbread' 'nbwrite'> <Ports = 0> <Width = 64> <Depth = 961> <FIFO>
ST_2 : Operation 37 [1/1] (0.00ns)   --->   "%trunc_ln1174 = trunc i64 %rd" [/home/e/Documents/research/byotee/OSDZU3_Ref_Design/OSDZU3_Ref_Design.runs/design_1_v_frmbuf_rd_1_0_synth_1/prj/sol/.autopilot/db/v_frmbuf_rd.cpp:1174]   --->   Operation 37 'trunc' 'trunc_ln1174' <Predicate = (!icmp_ln1157)> <Delay = 0.00>
ST_2 : Operation 38 [1/1] (0.00ns)   --->   "%zext_ln1174 = zext i16 %trunc_ln1174" [/home/e/Documents/research/byotee/OSDZU3_Ref_Design/OSDZU3_Ref_Design.runs/design_1_v_frmbuf_rd_1_0_synth_1/prj/sol/.autopilot/db/v_frmbuf_rd.cpp:1174]   --->   Operation 38 'zext' 'zext_ln1174' <Predicate = (!icmp_ln1157)> <Delay = 0.00>
ST_2 : Operation 39 [1/1] ( I:1.82ns O:1.82ns )   --->   "%write_ln1174 = write void @_ssdm_op_Write.ap_fifo.volatile.i24P0A, i24 %img, i24 %zext_ln1174" [/home/e/Documents/research/byotee/OSDZU3_Ref_Design/OSDZU3_Ref_Design.runs/design_1_v_frmbuf_rd_1_0_synth_1/prj/sol/.autopilot/db/v_frmbuf_rd.cpp:1174]   --->   Operation 39 'write' 'write_ln1174' <Predicate = (!icmp_ln1157)> <Delay = 1.82> <CoreInst = "FIFO_SRL">   --->   Core 80 'FIFO_SRL' <Latency = 0> <II = 1> <Delay = 2.16> <Storage> <Opcode : 'read' 'write' 'nbread' 'nbwrite'> <Ports = 0> <Width = 24> <Depth = 2> <FIFO>
ST_2 : Operation 40 [1/1] (0.00ns)   --->   "%tmp_4 = partselect i16 @_ssdm_op_PartSelect.i16.i64.i32.i32, i64 %rd, i32 16, i32 31" [/home/e/Documents/research/byotee/OSDZU3_Ref_Design/OSDZU3_Ref_Design.runs/design_1_v_frmbuf_rd_1_0_synth_1/prj/sol/.autopilot/db/v_frmbuf_rd.cpp:1174]   --->   Operation 40 'partselect' 'tmp_4' <Predicate = (!icmp_ln1157 & or_ln1173)> <Delay = 0.00>
ST_2 : Operation 41 [1/1] (0.00ns)   --->   "%tmp_12 = partselect i16 @_ssdm_op_PartSelect.i16.i64.i32.i32, i64 %rd, i32 32, i32 47" [/home/e/Documents/research/byotee/OSDZU3_Ref_Design/OSDZU3_Ref_Design.runs/design_1_v_frmbuf_rd_1_0_synth_1/prj/sol/.autopilot/db/v_frmbuf_rd.cpp:1174]   --->   Operation 41 'partselect' 'tmp_12' <Predicate = (!icmp_ln1157 & or_ln1173_1)> <Delay = 0.00>
ST_2 : Operation 42 [1/1] (0.00ns)   --->   "%tmp_19 = partselect i16 @_ssdm_op_PartSelect.i16.i64.i32.i32, i64 %rd, i32 48, i32 63" [/home/e/Documents/research/byotee/OSDZU3_Ref_Design/OSDZU3_Ref_Design.runs/design_1_v_frmbuf_rd_1_0_synth_1/prj/sol/.autopilot/db/v_frmbuf_rd.cpp:1174]   --->   Operation 42 'partselect' 'tmp_19' <Predicate = (!icmp_ln1157 & or_ln1173_2)> <Delay = 0.00>

State 3 <SV = 2> <Delay = 1.82>
ST_3 : Operation 43 [1/1] (0.00ns)   --->   "%zext_ln1174_1 = zext i16 %tmp_4" [/home/e/Documents/research/byotee/OSDZU3_Ref_Design/OSDZU3_Ref_Design.runs/design_1_v_frmbuf_rd_1_0_synth_1/prj/sol/.autopilot/db/v_frmbuf_rd.cpp:1174]   --->   Operation 43 'zext' 'zext_ln1174_1' <Predicate = (!icmp_ln1157 & or_ln1173)> <Delay = 0.00>
ST_3 : Operation 44 [1/1] ( I:1.82ns O:1.82ns )   --->   "%write_ln1174 = write void @_ssdm_op_Write.ap_fifo.volatile.i24P0A, i24 %img, i24 %zext_ln1174_1" [/home/e/Documents/research/byotee/OSDZU3_Ref_Design/OSDZU3_Ref_Design.runs/design_1_v_frmbuf_rd_1_0_synth_1/prj/sol/.autopilot/db/v_frmbuf_rd.cpp:1174]   --->   Operation 44 'write' 'write_ln1174' <Predicate = (!icmp_ln1157 & or_ln1173)> <Delay = 1.82> <CoreInst = "FIFO_SRL">   --->   Core 80 'FIFO_SRL' <Latency = 0> <II = 1> <Delay = 2.16> <Storage> <Opcode : 'read' 'write' 'nbread' 'nbwrite'> <Ports = 0> <Width = 24> <Depth = 2> <FIFO>
ST_3 : Operation 45 [1/1] (0.00ns)   --->   "%br_ln1174 = br void %for.inc190.2" [/home/e/Documents/research/byotee/OSDZU3_Ref_Design/OSDZU3_Ref_Design.runs/design_1_v_frmbuf_rd_1_0_synth_1/prj/sol/.autopilot/db/v_frmbuf_rd.cpp:1174]   --->   Operation 45 'br' 'br_ln1174' <Predicate = (!icmp_ln1157 & or_ln1173)> <Delay = 0.00>

State 4 <SV = 3> <Delay = 1.82>
ST_4 : Operation 46 [1/1] (0.00ns)   --->   "%zext_ln1174_2 = zext i16 %tmp_12" [/home/e/Documents/research/byotee/OSDZU3_Ref_Design/OSDZU3_Ref_Design.runs/design_1_v_frmbuf_rd_1_0_synth_1/prj/sol/.autopilot/db/v_frmbuf_rd.cpp:1174]   --->   Operation 46 'zext' 'zext_ln1174_2' <Predicate = (!icmp_ln1157 & or_ln1173_1)> <Delay = 0.00>
ST_4 : Operation 47 [1/1] ( I:1.82ns O:1.82ns )   --->   "%write_ln1174 = write void @_ssdm_op_Write.ap_fifo.volatile.i24P0A, i24 %img, i24 %zext_ln1174_2" [/home/e/Documents/research/byotee/OSDZU3_Ref_Design/OSDZU3_Ref_Design.runs/design_1_v_frmbuf_rd_1_0_synth_1/prj/sol/.autopilot/db/v_frmbuf_rd.cpp:1174]   --->   Operation 47 'write' 'write_ln1174' <Predicate = (!icmp_ln1157 & or_ln1173_1)> <Delay = 1.82> <CoreInst = "FIFO_SRL">   --->   Core 80 'FIFO_SRL' <Latency = 0> <II = 1> <Delay = 2.16> <Storage> <Opcode : 'read' 'write' 'nbread' 'nbwrite'> <Ports = 0> <Width = 24> <Depth = 2> <FIFO>
ST_4 : Operation 48 [1/1] (0.00ns)   --->   "%br_ln1174 = br void %for.inc190.3" [/home/e/Documents/research/byotee/OSDZU3_Ref_Design/OSDZU3_Ref_Design.runs/design_1_v_frmbuf_rd_1_0_synth_1/prj/sol/.autopilot/db/v_frmbuf_rd.cpp:1174]   --->   Operation 48 'br' 'br_ln1174' <Predicate = (!icmp_ln1157 & or_ln1173_1)> <Delay = 0.00>

State 5 <SV = 4> <Delay = 1.82>
ST_5 : Operation 49 [1/1] (0.00ns)   --->   "%zext_ln1174_3 = zext i16 %tmp_19" [/home/e/Documents/research/byotee/OSDZU3_Ref_Design/OSDZU3_Ref_Design.runs/design_1_v_frmbuf_rd_1_0_synth_1/prj/sol/.autopilot/db/v_frmbuf_rd.cpp:1174]   --->   Operation 49 'zext' 'zext_ln1174_3' <Predicate = (or_ln1173_2)> <Delay = 0.00>
ST_5 : Operation 50 [1/1] ( I:1.82ns O:1.82ns )   --->   "%write_ln1174 = write void @_ssdm_op_Write.ap_fifo.volatile.i24P0A, i24 %img, i24 %zext_ln1174_3" [/home/e/Documents/research/byotee/OSDZU3_Ref_Design/OSDZU3_Ref_Design.runs/design_1_v_frmbuf_rd_1_0_synth_1/prj/sol/.autopilot/db/v_frmbuf_rd.cpp:1174]   --->   Operation 50 'write' 'write_ln1174' <Predicate = (or_ln1173_2)> <Delay = 1.82> <CoreInst = "FIFO_SRL">   --->   Core 80 'FIFO_SRL' <Latency = 0> <II = 1> <Delay = 2.16> <Storage> <Opcode : 'read' 'write' 'nbread' 'nbwrite'> <Ports = 0> <Width = 24> <Depth = 2> <FIFO>
ST_5 : Operation 51 [1/1] (0.00ns)   --->   "%br_ln1174 = br void %for.inc200.3" [/home/e/Documents/research/byotee/OSDZU3_Ref_Design/OSDZU3_Ref_Design.runs/design_1_v_frmbuf_rd_1_0_synth_1/prj/sol/.autopilot/db/v_frmbuf_rd.cpp:1174]   --->   Operation 51 'br' 'br_ln1174' <Predicate = (or_ln1173_2)> <Delay = 0.00>


============================================================
+ Verbose Summary: Binding
============================================================
STG Binding: 
---------------- STG Properties BEGIN ----------------
- Is combinational: 0
- Is one-state seq: 0
- Is datapath-only: 0
- Is pipelined: 0
- Is top level: 0
Port [ Return ] is wired: 1; IO mode=ap_ctrl_hs:ce=0
Port [ loopWidth_1]:  wired=1; compound=0; hidden=0; nouse=0; global=0; static=0; extern=0; dir=0; type=0; pingpong=0; private_global=0; IO mode=ap_stable:ce=0
Port [ icmp_ln1147]:  wired=1; compound=0; hidden=0; nouse=0; global=0; static=0; extern=0; dir=0; type=0; pingpong=0; private_global=0; IO mode=ap_stable:ce=0
Port [ cmp197_2]:  wired=1; compound=0; hidden=0; nouse=0; global=0; static=0; extern=0; dir=0; type=0; pingpong=0; private_global=0; IO mode=ap_stable:ce=0
Port [ bytePlanes_plane0]:  wired=1; compound=1; hidden=0; nouse=0; global=0; static=0; extern=0; dir=0; type=3; pingpong=0; private_global=0; IO mode=ap_fifo:ce=0
Port [ sub193_cast]:  wired=1; compound=0; hidden=0; nouse=0; global=0; static=0; extern=0; dir=0; type=0; pingpong=0; private_global=0; IO mode=ap_stable:ce=0
Port [ img]:  wired=1; compound=1; hidden=0; nouse=0; global=0; static=0; extern=0; dir=1; type=3; pingpong=0; private_global=0; IO mode=ap_fifo:ce=0
Port [ icmp9]:  wired=1; compound=0; hidden=0; nouse=0; global=0; static=0; extern=0; dir=0; type=0; pingpong=0; private_global=0; IO mode=ap_stable:ce=0
---------------- STG Properties END ------------------

---------------- Datapath Model BEGIN ----------------

<LifeTime>
<method=bitvector/>
x_1                   (alloca           ) [ 010000]
specmemcore_ln0       (specmemcore      ) [ 000000]
specinterface_ln0     (specinterface    ) [ 000000]
specinterface_ln0     (specinterface    ) [ 000000]
icmp9_read            (read             ) [ 000000]
sub193_cast_read      (read             ) [ 000000]
cmp197_2_read         (read             ) [ 000000]
icmp_ln1147_read      (read             ) [ 000000]
loopWidth_1_read      (read             ) [ 000000]
store_ln1157          (store            ) [ 000000]
br_ln1157             (br               ) [ 000000]
x                     (load             ) [ 000000]
zext_ln686            (zext             ) [ 000000]
icmp_ln1157           (icmp             ) [ 011110]
speclooptripcount_ln0 (speclooptripcount) [ 000000]
x_4                   (add              ) [ 000000]
br_ln1157             (br               ) [ 000000]
cmp194                (icmp             ) [ 000000]
or_ln1173             (or               ) [ 001100]
br_ln1173             (br               ) [ 000000]
or_ln1173_1           (or               ) [ 001110]
br_ln1173             (br               ) [ 000000]
or_ln1173_2           (or               ) [ 011111]
br_ln1173             (br               ) [ 000000]
store_ln1157          (store            ) [ 000000]
br_ln1157             (br               ) [ 000000]
specpipeline_ln1159   (specpipeline     ) [ 000000]
specloopname_ln1157   (specloopname     ) [ 000000]
rd                    (read             ) [ 000000]
trunc_ln1174          (trunc            ) [ 000000]
zext_ln1174           (zext             ) [ 000000]
write_ln1174          (write            ) [ 000000]
tmp_4                 (partselect       ) [ 000100]
tmp_12                (partselect       ) [ 000110]
tmp_19                (partselect       ) [ 010111]
zext_ln1174_1         (zext             ) [ 000000]
write_ln1174          (write            ) [ 000000]
br_ln1174             (br               ) [ 000000]
zext_ln1174_2         (zext             ) [ 000000]
write_ln1174          (write            ) [ 000000]
br_ln1174             (br               ) [ 000000]
zext_ln1174_3         (zext             ) [ 000000]
write_ln1174          (write            ) [ 000000]
br_ln1174             (br               ) [ 000000]
ret_ln0               (ret              ) [ 000000]
</LifeTime>

<model>

<comp_list>
<comp id="0" class="1000" name="loopWidth_1">
<pin_list>
<pin id="1" dir="1" index="0" bw="1" slack="0"/>
</pin_list>
<bind>
<StgValue><ssdm name="loopWidth_1"/></StgValue>
</bind>
</comp>

<comp id="2" class="1000" name="icmp_ln1147">
<pin_list>
<pin id="3" dir="1" index="0" bw="1" slack="0"/>
</pin_list>
<bind>
<StgValue><ssdm name="icmp_ln1147"/></StgValue>
</bind>
</comp>

<comp id="4" class="1000" name="cmp197_2">
<pin_list>
<pin id="5" dir="1" index="0" bw="1" slack="0"/>
</pin_list>
<bind>
<StgValue><ssdm name="cmp197_2"/></StgValue>
</bind>
</comp>

<comp id="6" class="1000" name="bytePlanes_plane0">
<pin_list>
<pin id="7" dir="1" index="0" bw="1" slack="0"/>
</pin_list>
<bind>
<StgValue><ssdm name="bytePlanes_plane0"/></StgValue>
</bind>
</comp>

<comp id="8" class="1000" name="sub193_cast">
<pin_list>
<pin id="9" dir="1" index="0" bw="1" slack="0"/>
</pin_list>
<bind>
<StgValue><ssdm name="sub193_cast"/></StgValue>
</bind>
</comp>

<comp id="10" class="1000" name="img">
<pin_list>
<pin id="11" dir="1" index="0" bw="1" slack="0"/>
</pin_list>
<bind>
<StgValue><ssdm name="img"/></StgValue>
</bind>
</comp>

<comp id="12" class="1000" name="icmp9">
<pin_list>
<pin id="13" dir="1" index="0" bw="1" slack="0"/>
</pin_list>
<bind>
<StgValue><ssdm name="icmp9"/></StgValue>
</bind>
</comp>

<comp id="14" class="1001" name="const_14">
<pin_list>
<pin id="15" dir="1" index="0" bw="1" slack="0"/>
</pin_list>
<bind>
<StgValue><ssdm name=""/></StgValue>
</bind>
</comp>

<comp id="16" class="1001" name="const_16">
<pin_list>
<pin id="17" dir="1" index="0" bw="1" slack="2147483647"/>
</pin_list>
<bind>
<StgValue><ssdm name="_ssdm_op_SpecMemCore"/></StgValue>
</bind>
</comp>

<comp id="18" class="1001" name="const_18">
<pin_list>
<pin id="19" dir="1" index="0" bw="1" slack="2147483647"/>
</pin_list>
<bind>
<StgValue><ssdm name=""/></StgValue>
</bind>
</comp>

<comp id="20" class="1001" name="const_20">
<pin_list>
<pin id="21" dir="1" index="0" bw="1" slack="2147483647"/>
</pin_list>
<bind>
<StgValue><ssdm name=""/></StgValue>
</bind>
</comp>

<comp id="22" class="1001" name="const_22">
<pin_list>
<pin id="23" dir="1" index="0" bw="1" slack="2147483647"/>
</pin_list>
<bind>
<StgValue><ssdm name=""/></StgValue>
</bind>
</comp>

<comp id="24" class="1001" name="const_24">
<pin_list>
<pin id="25" dir="1" index="0" bw="1" slack="2147483647"/>
</pin_list>
<bind>
<StgValue><ssdm name="_ssdm_op_SpecInterface"/></StgValue>
</bind>
</comp>

<comp id="26" class="1001" name="const_26">
<pin_list>
<pin id="27" dir="1" index="0" bw="1" slack="2147483647"/>
</pin_list>
<bind>
<StgValue><ssdm name="empty_15"/></StgValue>
</bind>
</comp>

<comp id="28" class="1001" name="const_28">
<pin_list>
<pin id="29" dir="1" index="0" bw="1" slack="2147483647"/>
</pin_list>
<bind>
<StgValue><ssdm name=""/></StgValue>
</bind>
</comp>

<comp id="30" class="1001" name="const_30">
<pin_list>
<pin id="31" dir="1" index="0" bw="1" slack="2147483647"/>
</pin_list>
<bind>
<StgValue><ssdm name="empty_4"/></StgValue>
</bind>
</comp>

<comp id="32" class="1001" name="const_32">
<pin_list>
<pin id="33" dir="1" index="0" bw="1" slack="2147483647"/>
</pin_list>
<bind>
<StgValue><ssdm name=""/></StgValue>
</bind>
</comp>

<comp id="34" class="1001" name="const_34">
<pin_list>
<pin id="35" dir="1" index="0" bw="1" slack="0"/>
</pin_list>
<bind>
<StgValue><ssdm name="_ssdm_op_Read.ap_auto.i1"/></StgValue>
</bind>
</comp>

<comp id="36" class="1001" name="const_36">
<pin_list>
<pin id="37" dir="1" index="0" bw="1" slack="0"/>
</pin_list>
<bind>
<StgValue><ssdm name="_ssdm_op_Read.ap_auto.i13"/></StgValue>
</bind>
</comp>

<comp id="38" class="1001" name="const_38">
<pin_list>
<pin id="39" dir="1" index="0" bw="1" slack="0"/>
</pin_list>
<bind>
<StgValue><ssdm name="_ssdm_op_Read.ap_auto.i12"/></StgValue>
</bind>
</comp>

<comp id="40" class="1001" name="const_40">
<pin_list>
<pin id="41" dir="1" index="0" bw="1" slack="0"/>
</pin_list>
<bind>
<StgValue><ssdm name=""/></StgValue>
</bind>
</comp>

<comp id="42" class="1001" name="const_42">
<pin_list>
<pin id="43" dir="1" index="0" bw="1" slack="2147483647"/>
</pin_list>
<bind>
<StgValue><ssdm name="_ssdm_op_SpecLoopTripCount"/></StgValue>
</bind>
</comp>

<comp id="44" class="1001" name="const_44">
<pin_list>
<pin id="45" dir="1" index="0" bw="1" slack="2147483647"/>
</pin_list>
<bind>
<StgValue><ssdm name=""/></StgValue>
</bind>
</comp>

<comp id="46" class="1001" name="const_46">
<pin_list>
<pin id="47" dir="1" index="0" bw="1" slack="2147483647"/>
</pin_list>
<bind>
<StgValue><ssdm name=""/></StgValue>
</bind>
</comp>

<comp id="48" class="1001" name="const_48">
<pin_list>
<pin id="49" dir="1" index="0" bw="1" slack="0"/>
</pin_list>
<bind>
<StgValue><ssdm name=""/></StgValue>
</bind>
</comp>

<comp id="50" class="1001" name="const_50">
<pin_list>
<pin id="51" dir="1" index="0" bw="1" slack="2147483647"/>
</pin_list>
<bind>
<StgValue><ssdm name="_ssdm_op_SpecPipeline"/></StgValue>
</bind>
</comp>

<comp id="52" class="1001" name="const_52">
<pin_list>
<pin id="53" dir="1" index="0" bw="1" slack="2147483647"/>
</pin_list>
<bind>
<StgValue><ssdm name=""/></StgValue>
</bind>
</comp>

<comp id="54" class="1001" name="const_54">
<pin_list>
<pin id="55" dir="1" index="0" bw="1" slack="2147483647"/>
</pin_list>
<bind>
<StgValue><ssdm name="_ssdm_op_SpecLoopName"/></StgValue>
</bind>
</comp>

<comp id="56" class="1001" name="const_56">
<pin_list>
<pin id="57" dir="1" index="0" bw="1" slack="2147483647"/>
</pin_list>
<bind>
<StgValue><ssdm name="empty_18"/></StgValue>
</bind>
</comp>

<comp id="58" class="1001" name="const_58">
<pin_list>
<pin id="59" dir="1" index="0" bw="1" slack="0"/>
</pin_list>
<bind>
<StgValue><ssdm name="_ssdm_op_Read.ap_fifo.volatile.i64P0A"/></StgValue>
</bind>
</comp>

<comp id="60" class="1001" name="const_60">
<pin_list>
<pin id="61" dir="1" index="0" bw="1" slack="0"/>
</pin_list>
<bind>
<StgValue><ssdm name="_ssdm_op_Write.ap_fifo.volatile.i24P0A"/></StgValue>
</bind>
</comp>

<comp id="62" class="1001" name="const_62">
<pin_list>
<pin id="63" dir="1" index="0" bw="1" slack="0"/>
</pin_list>
<bind>
<StgValue><ssdm name="_ssdm_op_PartSelect.i16.i64.i32.i32"/></StgValue>
</bind>
</comp>

<comp id="64" class="1001" name="const_64">
<pin_list>
<pin id="65" dir="1" index="0" bw="1" slack="0"/>
</pin_list>
<bind>
<StgValue><ssdm name=""/></StgValue>
</bind>
</comp>

<comp id="66" class="1001" name="const_66">
<pin_list>
<pin id="67" dir="1" index="0" bw="1" slack="0"/>
</pin_list>
<bind>
<StgValue><ssdm name=""/></StgValue>
</bind>
</comp>

<comp id="68" class="1001" name="const_68">
<pin_list>
<pin id="69" dir="1" index="0" bw="1" slack="0"/>
</pin_list>
<bind>
<StgValue><ssdm name=""/></StgValue>
</bind>
</comp>

<comp id="70" class="1001" name="const_70">
<pin_list>
<pin id="71" dir="1" index="0" bw="1" slack="0"/>
</pin_list>
<bind>
<StgValue><ssdm name=""/></StgValue>
</bind>
</comp>

<comp id="72" class="1001" name="const_72">
<pin_list>
<pin id="73" dir="1" index="0" bw="1" slack="0"/>
</pin_list>
<bind>
<StgValue><ssdm name=""/></StgValue>
</bind>
</comp>

<comp id="74" class="1001" name="const_74">
<pin_list>
<pin id="75" dir="1" index="0" bw="1" slack="0"/>
</pin_list>
<bind>
<StgValue><ssdm name=""/></StgValue>
</bind>
</comp>

<comp id="76" class="1004" name="x_1_fu_76">
<pin_list>
<pin id="77" dir="0" index="0" bw="1" slack="0"/>
<pin id="78" dir="1" index="1" bw="12" slack="0"/>
</pin_list>
<bind>
<opcode="alloca(26) " fcode="alloca"/>
<opset="x_1/1 "/>
</bind>
</comp>

<comp id="80" class="1004" name="icmp9_read_read_fu_80">
<pin_list>
<pin id="81" dir="0" index="0" bw="1" slack="0"/>
<pin id="82" dir="0" index="1" bw="1" slack="0"/>
<pin id="83" dir="1" index="2" bw="1" slack="0"/>
</pin_list>
<bind>
<opcode="read(1150) " fcode="read"/>
<opset="icmp9_read/1 "/>
</bind>
</comp>

<comp id="86" class="1004" name="sub193_cast_read_read_fu_86">
<pin_list>
<pin id="87" dir="0" index="0" bw="13" slack="0"/>
<pin id="88" dir="0" index="1" bw="13" slack="0"/>
<pin id="89" dir="1" index="2" bw="13" slack="0"/>
</pin_list>
<bind>
<opcode="read(1150) " fcode="read"/>
<opset="sub193_cast_read/1 "/>
</bind>
</comp>

<comp id="92" class="1004" name="cmp197_2_read_read_fu_92">
<pin_list>
<pin id="93" dir="0" index="0" bw="1" slack="0"/>
<pin id="94" dir="0" index="1" bw="1" slack="0"/>
<pin id="95" dir="1" index="2" bw="1" slack="0"/>
</pin_list>
<bind>
<opcode="read(1150) " fcode="read"/>
<opset="cmp197_2_read/1 "/>
</bind>
</comp>

<comp id="98" class="1004" name="icmp_ln1147_read_read_fu_98">
<pin_list>
<pin id="99" dir="0" index="0" bw="1" slack="0"/>
<pin id="100" dir="0" index="1" bw="1" slack="0"/>
<pin id="101" dir="1" index="2" bw="1" slack="0"/>
</pin_list>
<bind>
<opcode="read(1150) " fcode="read"/>
<opset="icmp_ln1147_read/1 "/>
</bind>
</comp>

<comp id="104" class="1004" name="loopWidth_1_read_read_fu_104">
<pin_list>
<pin id="105" dir="0" index="0" bw="12" slack="0"/>
<pin id="106" dir="0" index="1" bw="12" slack="0"/>
<pin id="107" dir="1" index="2" bw="12" slack="0"/>
</pin_list>
<bind>
<opcode="read(1150) " fcode="read"/>
<opset="loopWidth_1_read/1 "/>
</bind>
</comp>

<comp id="110" class="1004" name="rd_read_fu_110">
<pin_list>
<pin id="111" dir="0" index="0" bw="64" slack="0"/>
<pin id="112" dir="0" index="1" bw="64" slack="0"/>
<pin id="113" dir="1" index="2" bw="64" slack="0"/>
</pin_list>
<bind>
<opcode="read(1150) " fcode="read"/>
<opset="rd/2 "/>
</bind>
</comp>

<comp id="116" class="1004" name="grp_write_fu_116">
<pin_list>
<pin id="117" dir="0" index="0" bw="0" slack="0"/>
<pin id="118" dir="0" index="1" bw="24" slack="0"/>
<pin id="119" dir="0" index="2" bw="16" slack="0"/>
<pin id="120" dir="1" index="3" bw="0" slack="2147483647"/>
</pin_list>
<bind>
<opcode="write(1151) " fcode="write"/>
<opset="write_ln1174/2 write_ln1174/3 write_ln1174/4 write_ln1174/5 "/>
</bind>
</comp>

<comp id="123" class="1004" name="store_ln1157_store_fu_123">
<pin_list>
<pin id="124" dir="0" index="0" bw="1" slack="0"/>
<pin id="125" dir="0" index="1" bw="12" slack="0"/>
<pin id="126" dir="1" index="2" bw="0" slack="2147483647"/>
</pin_list>
<bind>
<opcode="store(28) " fcode="store"/>
<opset="store_ln1157/1 "/>
</bind>
</comp>

<comp id="128" class="1004" name="x_load_fu_128">
<pin_list>
<pin id="129" dir="0" index="0" bw="12" slack="0"/>
<pin id="130" dir="1" index="1" bw="12" slack="0"/>
</pin_list>
<bind>
<opcode="load(27) " fcode="load"/>
<opset="x/1 "/>
</bind>
</comp>

<comp id="131" class="1004" name="zext_ln686_fu_131">
<pin_list>
<pin id="132" dir="0" index="0" bw="12" slack="0"/>
<pin id="133" dir="1" index="1" bw="13" slack="0"/>
</pin_list>
<bind>
<opcode="zext(34) " fcode="zext"/>
<opset="zext_ln686/1 "/>
</bind>
</comp>

<comp id="135" class="1004" name="icmp_ln1157_fu_135">
<pin_list>
<pin id="136" dir="0" index="0" bw="12" slack="0"/>
<pin id="137" dir="0" index="1" bw="12" slack="0"/>
<pin id="138" dir="1" index="2" bw="1" slack="1"/>
</pin_list>
<bind>
<opcode="icmp(45) " fcode="icmp"/>
<opset="icmp_ln1157/1 "/>
</bind>
</comp>

<comp id="141" class="1004" name="x_4_fu_141">
<pin_list>
<pin id="142" dir="0" index="0" bw="12" slack="0"/>
<pin id="143" dir="0" index="1" bw="1" slack="0"/>
<pin id="144" dir="1" index="2" bw="12" slack="0"/>
</pin_list>
<bind>
<opcode="add(8) " fcode="add"/>
<opset="x_4/1 "/>
</bind>
</comp>

<comp id="147" class="1004" name="cmp194_fu_147">
<pin_list>
<pin id="148" dir="0" index="0" bw="12" slack="0"/>
<pin id="149" dir="0" index="1" bw="13" slack="0"/>
<pin id="150" dir="1" index="2" bw="1" slack="0"/>
</pin_list>
<bind>
<opcode="icmp(45) " fcode="icmp"/>
<opset="cmp194/1 "/>
</bind>
</comp>

<comp id="153" class="1004" name="or_ln1173_fu_153">
<pin_list>
<pin id="154" dir="0" index="0" bw="1" slack="0"/>
<pin id="155" dir="0" index="1" bw="1" slack="0"/>
<pin id="156" dir="1" index="2" bw="1" slack="1"/>
</pin_list>
<bind>
<opcode="or(24) " fcode="or"/>
<opset="or_ln1173/1 "/>
</bind>
</comp>

<comp id="159" class="1004" name="or_ln1173_1_fu_159">
<pin_list>
<pin id="160" dir="0" index="0" bw="1" slack="0"/>
<pin id="161" dir="0" index="1" bw="1" slack="0"/>
<pin id="162" dir="1" index="2" bw="1" slack="1"/>
</pin_list>
<bind>
<opcode="or(24) " fcode="or"/>
<opset="or_ln1173_1/1 "/>
</bind>
</comp>

<comp id="165" class="1004" name="or_ln1173_2_fu_165">
<pin_list>
<pin id="166" dir="0" index="0" bw="1" slack="0"/>
<pin id="167" dir="0" index="1" bw="1" slack="0"/>
<pin id="168" dir="1" index="2" bw="1" slack="1"/>
</pin_list>
<bind>
<opcode="or(24) " fcode="or"/>
<opset="or_ln1173_2/1 "/>
</bind>
</comp>

<comp id="171" class="1004" name="store_ln1157_store_fu_171">
<pin_list>
<pin id="172" dir="0" index="0" bw="12" slack="0"/>
<pin id="173" dir="0" index="1" bw="12" slack="0"/>
<pin id="174" dir="1" index="2" bw="0" slack="2147483647"/>
</pin_list>
<bind>
<opcode="store(28) " fcode="store"/>
<opset="store_ln1157/1 "/>
</bind>
</comp>

<comp id="176" class="1004" name="trunc_ln1174_fu_176">
<pin_list>
<pin id="177" dir="0" index="0" bw="64" slack="0"/>
<pin id="178" dir="1" index="1" bw="16" slack="0"/>
</pin_list>
<bind>
<opcode="trunc(33) " fcode="trunc"/>
<opset="trunc_ln1174/2 "/>
</bind>
</comp>

<comp id="180" class="1004" name="zext_ln1174_fu_180">
<pin_list>
<pin id="181" dir="0" index="0" bw="16" slack="0"/>
<pin id="182" dir="1" index="1" bw="24" slack="0"/>
</pin_list>
<bind>
<opcode="zext(34) " fcode="zext"/>
<opset="zext_ln1174/2 "/>
</bind>
</comp>

<comp id="185" class="1004" name="tmp_4_fu_185">
<pin_list>
<pin id="186" dir="0" index="0" bw="16" slack="0"/>
<pin id="187" dir="0" index="1" bw="64" slack="0"/>
<pin id="188" dir="0" index="2" bw="6" slack="0"/>
<pin id="189" dir="0" index="3" bw="6" slack="0"/>
<pin id="190" dir="1" index="4" bw="16" slack="1"/>
</pin_list>
<bind>
<opcode="partselect(1002) " fcode="partselect"/>
<opset="tmp_4/2 "/>
</bind>
</comp>

<comp id="195" class="1004" name="tmp_12_fu_195">
<pin_list>
<pin id="196" dir="0" index="0" bw="16" slack="0"/>
<pin id="197" dir="0" index="1" bw="64" slack="0"/>
<pin id="198" dir="0" index="2" bw="7" slack="0"/>
<pin id="199" dir="0" index="3" bw="7" slack="0"/>
<pin id="200" dir="1" index="4" bw="16" slack="2"/>
</pin_list>
<bind>
<opcode="partselect(1002) " fcode="partselect"/>
<opset="tmp_12/2 "/>
</bind>
</comp>

<comp id="205" class="1004" name="tmp_19_fu_205">
<pin_list>
<pin id="206" dir="0" index="0" bw="16" slack="0"/>
<pin id="207" dir="0" index="1" bw="64" slack="0"/>
<pin id="208" dir="0" index="2" bw="7" slack="0"/>
<pin id="209" dir="0" index="3" bw="7" slack="0"/>
<pin id="210" dir="1" index="4" bw="16" slack="3"/>
</pin_list>
<bind>
<opcode="partselect(1002) " fcode="partselect"/>
<opset="tmp_19/2 "/>
</bind>
</comp>

<comp id="215" class="1004" name="zext_ln1174_1_fu_215">
<pin_list>
<pin id="216" dir="0" index="0" bw="16" slack="1"/>
<pin id="217" dir="1" index="1" bw="24" slack="0"/>
</pin_list>
<bind>
<opcode="zext(34) " fcode="zext"/>
<opset="zext_ln1174_1/3 "/>
</bind>
</comp>

<comp id="219" class="1004" name="zext_ln1174_2_fu_219">
<pin_list>
<pin id="220" dir="0" index="0" bw="16" slack="2"/>
<pin id="221" dir="1" index="1" bw="24" slack="0"/>
</pin_list>
<bind>
<opcode="zext(34) " fcode="zext"/>
<opset="zext_ln1174_2/4 "/>
</bind>
</comp>

<comp id="223" class="1004" name="zext_ln1174_3_fu_223">
<pin_list>
<pin id="224" dir="0" index="0" bw="16" slack="3"/>
<pin id="225" dir="1" index="1" bw="24" slack="0"/>
</pin_list>
<bind>
<opcode="zext(34) " fcode="zext"/>
<opset="zext_ln1174_3/5 "/>
</bind>
</comp>

<comp id="227" class="1005" name="x_1_reg_227">
<pin_list>
<pin id="228" dir="0" index="0" bw="12" slack="0"/>
<pin id="229" dir="1" index="1" bw="12" slack="0"/>
</pin_list>
<bind>
<opset="x_1 "/>
</bind>
</comp>

<comp id="234" class="1005" name="icmp_ln1157_reg_234">
<pin_list>
<pin id="235" dir="0" index="0" bw="1" slack="1"/>
<pin id="236" dir="1" index="1" bw="1" slack="2147483647"/>
</pin_list>
<bind>
<opset="icmp_ln1157 "/>
</bind>
</comp>

<comp id="238" class="1005" name="or_ln1173_reg_238">
<pin_list>
<pin id="239" dir="0" index="0" bw="1" slack="1"/>
<pin id="240" dir="1" index="1" bw="1" slack="2147483647"/>
</pin_list>
<bind>
<opset="or_ln1173 "/>
</bind>
</comp>

<comp id="242" class="1005" name="or_ln1173_1_reg_242">
<pin_list>
<pin id="243" dir="0" index="0" bw="1" slack="1"/>
<pin id="244" dir="1" index="1" bw="1" slack="2147483647"/>
</pin_list>
<bind>
<opset="or_ln1173_1 "/>
</bind>
</comp>

<comp id="246" class="1005" name="or_ln1173_2_reg_246">
<pin_list>
<pin id="247" dir="0" index="0" bw="1" slack="1"/>
<pin id="248" dir="1" index="1" bw="1" slack="2147483647"/>
</pin_list>
<bind>
<opset="or_ln1173_2 "/>
</bind>
</comp>

<comp id="250" class="1005" name="tmp_4_reg_250">
<pin_list>
<pin id="251" dir="0" index="0" bw="16" slack="1"/>
<pin id="252" dir="1" index="1" bw="16" slack="1"/>
</pin_list>
<bind>
<opset="tmp_4 "/>
</bind>
</comp>

<comp id="255" class="1005" name="tmp_12_reg_255">
<pin_list>
<pin id="256" dir="0" index="0" bw="16" slack="2"/>
<pin id="257" dir="1" index="1" bw="16" slack="2"/>
</pin_list>
<bind>
<opset="tmp_12 "/>
</bind>
</comp>

<comp id="260" class="1005" name="tmp_19_reg_260">
<pin_list>
<pin id="261" dir="0" index="0" bw="16" slack="3"/>
<pin id="262" dir="1" index="1" bw="16" slack="3"/>
</pin_list>
<bind>
<opset="tmp_19 "/>
</bind>
</comp>

</comp_list>

<net_list>
<net id="79"><net_src comp="14" pin="0"/><net_sink comp="76" pin=0"/></net>

<net id="84"><net_src comp="34" pin="0"/><net_sink comp="80" pin=0"/></net>

<net id="85"><net_src comp="12" pin="0"/><net_sink comp="80" pin=1"/></net>

<net id="90"><net_src comp="36" pin="0"/><net_sink comp="86" pin=0"/></net>

<net id="91"><net_src comp="8" pin="0"/><net_sink comp="86" pin=1"/></net>

<net id="96"><net_src comp="34" pin="0"/><net_sink comp="92" pin=0"/></net>

<net id="97"><net_src comp="4" pin="0"/><net_sink comp="92" pin=1"/></net>

<net id="102"><net_src comp="34" pin="0"/><net_sink comp="98" pin=0"/></net>

<net id="103"><net_src comp="2" pin="0"/><net_sink comp="98" pin=1"/></net>

<net id="108"><net_src comp="38" pin="0"/><net_sink comp="104" pin=0"/></net>

<net id="109"><net_src comp="0" pin="0"/><net_sink comp="104" pin=1"/></net>

<net id="114"><net_src comp="58" pin="0"/><net_sink comp="110" pin=0"/></net>

<net id="115"><net_src comp="6" pin="0"/><net_sink comp="110" pin=1"/></net>

<net id="121"><net_src comp="60" pin="0"/><net_sink comp="116" pin=0"/></net>

<net id="122"><net_src comp="10" pin="0"/><net_sink comp="116" pin=1"/></net>

<net id="127"><net_src comp="40" pin="0"/><net_sink comp="123" pin=0"/></net>

<net id="134"><net_src comp="128" pin="1"/><net_sink comp="131" pin=0"/></net>

<net id="139"><net_src comp="128" pin="1"/><net_sink comp="135" pin=0"/></net>

<net id="140"><net_src comp="104" pin="2"/><net_sink comp="135" pin=1"/></net>

<net id="145"><net_src comp="128" pin="1"/><net_sink comp="141" pin=0"/></net>

<net id="146"><net_src comp="48" pin="0"/><net_sink comp="141" pin=1"/></net>

<net id="151"><net_src comp="131" pin="1"/><net_sink comp="147" pin=0"/></net>

<net id="152"><net_src comp="86" pin="2"/><net_sink comp="147" pin=1"/></net>

<net id="157"><net_src comp="147" pin="2"/><net_sink comp="153" pin=0"/></net>

<net id="158"><net_src comp="80" pin="2"/><net_sink comp="153" pin=1"/></net>

<net id="163"><net_src comp="147" pin="2"/><net_sink comp="159" pin=0"/></net>

<net id="164"><net_src comp="92" pin="2"/><net_sink comp="159" pin=1"/></net>

<net id="169"><net_src comp="147" pin="2"/><net_sink comp="165" pin=0"/></net>

<net id="170"><net_src comp="98" pin="2"/><net_sink comp="165" pin=1"/></net>

<net id="175"><net_src comp="141" pin="2"/><net_sink comp="171" pin=0"/></net>

<net id="179"><net_src comp="110" pin="2"/><net_sink comp="176" pin=0"/></net>

<net id="183"><net_src comp="176" pin="1"/><net_sink comp="180" pin=0"/></net>

<net id="184"><net_src comp="180" pin="1"/><net_sink comp="116" pin=2"/></net>

<net id="191"><net_src comp="62" pin="0"/><net_sink comp="185" pin=0"/></net>

<net id="192"><net_src comp="110" pin="2"/><net_sink comp="185" pin=1"/></net>

<net id="193"><net_src comp="64" pin="0"/><net_sink comp="185" pin=2"/></net>

<net id="194"><net_src comp="66" pin="0"/><net_sink comp="185" pin=3"/></net>

<net id="201"><net_src comp="62" pin="0"/><net_sink comp="195" pin=0"/></net>

<net id="202"><net_src comp="110" pin="2"/><net_sink comp="195" pin=1"/></net>

<net id="203"><net_src comp="68" pin="0"/><net_sink comp="195" pin=2"/></net>

<net id="204"><net_src comp="70" pin="0"/><net_sink comp="195" pin=3"/></net>

<net id="211"><net_src comp="62" pin="0"/><net_sink comp="205" pin=0"/></net>

<net id="212"><net_src comp="110" pin="2"/><net_sink comp="205" pin=1"/></net>

<net id="213"><net_src comp="72" pin="0"/><net_sink comp="205" pin=2"/></net>

<net id="214"><net_src comp="74" pin="0"/><net_sink comp="205" pin=3"/></net>

<net id="218"><net_src comp="215" pin="1"/><net_sink comp="116" pin=2"/></net>

<net id="222"><net_src comp="219" pin="1"/><net_sink comp="116" pin=2"/></net>

<net id="226"><net_src comp="223" pin="1"/><net_sink comp="116" pin=2"/></net>

<net id="230"><net_src comp="76" pin="1"/><net_sink comp="227" pin=0"/></net>

<net id="231"><net_src comp="227" pin="1"/><net_sink comp="123" pin=1"/></net>

<net id="232"><net_src comp="227" pin="1"/><net_sink comp="128" pin=0"/></net>

<net id="233"><net_src comp="227" pin="1"/><net_sink comp="171" pin=1"/></net>

<net id="237"><net_src comp="135" pin="2"/><net_sink comp="234" pin=0"/></net>

<net id="241"><net_src comp="153" pin="2"/><net_sink comp="238" pin=0"/></net>

<net id="245"><net_src comp="159" pin="2"/><net_sink comp="242" pin=0"/></net>

<net id="249"><net_src comp="165" pin="2"/><net_sink comp="246" pin=0"/></net>

<net id="253"><net_src comp="185" pin="4"/><net_sink comp="250" pin=0"/></net>

<net id="254"><net_src comp="250" pin="1"/><net_sink comp="215" pin=0"/></net>

<net id="258"><net_src comp="195" pin="4"/><net_sink comp="255" pin=0"/></net>

<net id="259"><net_src comp="255" pin="1"/><net_sink comp="219" pin=0"/></net>

<net id="263"><net_src comp="205" pin="4"/><net_sink comp="260" pin=0"/></net>

<net id="264"><net_src comp="260" pin="1"/><net_sink comp="223" pin=0"/></net>

</net_list>

</model> 
---------------- Datapath Model END ------------------

* FSMD analyzer results:
  - Output states:
	Port: img | {2 3 4 5 }
 - Input state : 
	Port: Bytes2MultiPixStream_Pipeline_VITIS_LOOP_1157_4 : loopWidth_1 | {1 }
	Port: Bytes2MultiPixStream_Pipeline_VITIS_LOOP_1157_4 : icmp_ln1147 | {1 }
	Port: Bytes2MultiPixStream_Pipeline_VITIS_LOOP_1157_4 : cmp197_2 | {1 }
	Port: Bytes2MultiPixStream_Pipeline_VITIS_LOOP_1157_4 : bytePlanes_plane0 | {2 }
	Port: Bytes2MultiPixStream_Pipeline_VITIS_LOOP_1157_4 : sub193_cast | {1 }
	Port: Bytes2MultiPixStream_Pipeline_VITIS_LOOP_1157_4 : icmp9 | {1 }
  - Chain level:
	State 1
		store_ln1157 : 1
		x : 1
		zext_ln686 : 2
		icmp_ln1157 : 2
		x_4 : 2
		br_ln1157 : 3
		cmp194 : 3
		or_ln1173 : 4
		br_ln1173 : 4
		or_ln1173_1 : 4
		br_ln1173 : 4
		or_ln1173_2 : 4
		br_ln1173 : 4
		store_ln1157 : 3
	State 2
		zext_ln1174 : 1
		write_ln1174 : 2
	State 3
		write_ln1174 : 1
	State 4
		write_ln1174 : 1
	State 5
		write_ln1174 : 1


============================================================
+ Verbose Summary: Datapath Resource usage 
============================================================

* Functional unit list:
|----------|------------------------------|---------|---------|
| Operation|        Functional Unit       |    FF   |   LUT   |
|----------|------------------------------|---------|---------|
|   icmp   |      icmp_ln1157_fu_135      |    0    |    19   |
|          |         cmp194_fu_147        |    0    |    20   |
|----------|------------------------------|---------|---------|
|    add   |          x_4_fu_141          |    0    |    19   |
|----------|------------------------------|---------|---------|
|          |       or_ln1173_fu_153       |    0    |    2    |
|    or    |      or_ln1173_1_fu_159      |    0    |    2    |
|          |      or_ln1173_2_fu_165      |    0    |    2    |
|----------|------------------------------|---------|---------|
|          |     icmp9_read_read_fu_80    |    0    |    0    |
|          |  sub193_cast_read_read_fu_86 |    0    |    0    |
|   read   |   cmp197_2_read_read_fu_92   |    0    |    0    |
|          |  icmp_ln1147_read_read_fu_98 |    0    |    0    |
|          | loopWidth_1_read_read_fu_104 |    0    |    0    |
|          |        rd_read_fu_110        |    0    |    0    |
|----------|------------------------------|---------|---------|
|   write  |       grp_write_fu_116       |    0    |    0    |
|----------|------------------------------|---------|---------|
|          |       zext_ln686_fu_131      |    0    |    0    |
|          |      zext_ln1174_fu_180      |    0    |    0    |
|   zext   |     zext_ln1174_1_fu_215     |    0    |    0    |
|          |     zext_ln1174_2_fu_219     |    0    |    0    |
|          |     zext_ln1174_3_fu_223     |    0    |    0    |
|----------|------------------------------|---------|---------|
|   trunc  |      trunc_ln1174_fu_176     |    0    |    0    |
|----------|------------------------------|---------|---------|
|          |         tmp_4_fu_185         |    0    |    0    |
|partselect|         tmp_12_fu_195        |    0    |    0    |
|          |         tmp_19_fu_205        |    0    |    0    |
|----------|------------------------------|---------|---------|
|   Total  |                              |    0    |    64   |
|----------|------------------------------|---------|---------|

Memories:
N/A

* Register list:
+-------------------+--------+
|                   |   FF   |
+-------------------+--------+
|icmp_ln1157_reg_234|    1   |
|or_ln1173_1_reg_242|    1   |
|or_ln1173_2_reg_246|    1   |
| or_ln1173_reg_238 |    1   |
|   tmp_12_reg_255  |   16   |
|   tmp_19_reg_260  |   16   |
|   tmp_4_reg_250   |   16   |
|    x_1_reg_227    |   12   |
+-------------------+--------+
|       Total       |   64   |
+-------------------+--------+

* Multiplexer (MUX) list: 
|------------------|------|------|------|--------||---------||---------||---------|
|       Comp       |  Pin | Size |  BW  | S x BW ||  Delay  ||    FF   ||   LUT   |
|------------------|------|------|------|--------||---------||---------||---------|
| grp_write_fu_116 |  p2  |   4  |  16  |   64   ||    0    ||    20   |
|------------------|------|------|------|--------||---------||---------||---------|
|       Total      |      |      |      |   64   ||  0.605  ||    0    ||    20   |
|------------------|------|------|------|--------||---------||---------||---------|



* Summary:
+-----------+--------+--------+--------+
|           |  Delay |   FF   |   LUT  |
+-----------+--------+--------+--------+
|  Function |    -   |    0   |   64   |
|   Memory  |    -   |    -   |    -   |
|Multiplexer|    0   |    0   |   20   |
|  Register |    -   |   64   |    -   |
+-----------+--------+--------+--------+
|   Total   |    0   |   64   |   84   |
+-----------+--------+--------+--------+
