

================================================================
== Vitis HLS Report for 'Bytes2MultiPixStream'
================================================================
* Date:           Sat Sep  6 13:58:46 2025

* Version:        2025.1 (Build 6135595 on May 21 2025)
* Project:        prj
* Solution:       sol (Vivado IP Flow Target)
* Product family: zynquplus
* Target device:  xczu3eg-sfvc784-1-e


================================================================
== Performance Estimates
================================================================
+ Timing: 
    * Summary: 
    +--------+---------+----------+------------+
    |  Clock |  Target | Estimated| Uncertainty|
    +--------+---------+----------+------------+
    |ap_clk  |  5.00 ns|  3.650 ns|     1.35 ns|
    +--------+---------+----------+------------+

+ Latency: 
    * Summary: 
    +---------+----------+----------+-----------+-----+----------+---------+
    |  Latency (cycles)  |  Latency (absolute)  |    Interval    | Pipeline|
    |   min   |    max   |    min   |    max    | min |    max   |   Type  |
    +---------+----------+----------+-----------+-----+----------+---------+
    |        1|  49775041|  5.000 ns|  0.249 sec|    1|  49775041|       no|
    +---------+----------+----------+-----------+-----+----------+---------+

    + Detail: 
        * Instance: 
        N/A

        * Loop: 
        +------------------------+---------+----------+-----------+-----------+-----------+-----------+----------+
        |                        |  Latency (cycles)  | Iteration |  Initiation Interval  |    Trip   |          |
        |        Loop Name       |   min   |    max   |  Latency  |  achieved |   target  |   Count   | Pipelined|
        +------------------------+---------+----------+-----------+-----------+-----------+-----------+----------+
        |- loop_Y_UV8_Y_UV8_420  |      256|  49775040|  4 ~ 23044|          -|          -|  64 ~ 2160|        no|
        |- loop_YUYV8            |      256|  24891840|  4 ~ 11524|          -|          -|  64 ~ 2160|        no|
        |- loop_UYVY8            |      256|  24891840|  4 ~ 11524|          -|          -|  64 ~ 2160|        no|
        +------------------------+---------+----------+-----------+-----------+-----------+-----------+----------+

============================================================
+ Verbose Summary: Synthesis Manager
============================================================
InlineROM: 1
ExposeGlobal: 0
============================================================
+ Verbose Summary: CDFG Model
============================================================
IsTopModel: 0
ResetActiveHigh: 1
IsCombinational: 2
IsDatapathOnly: 0
HasWiredReturn: 1
HasMFsm: 0
HasVarLatency: 1
IsPipeline: 0
IsRtlPipelined: 0
IsInstanceOverlapped: 0
IsDontTouch: 0
HasImplIP: 0
IsGatedGlobalClock: 0


============================================================
+ Verbose Summary: Schedule
============================================================
* Number of FSM states : 5
* Pipeline : 0
* Dataflow Pipeline: 0

* FSM state transitions: 
1 --> 2 
2 --> 3 4 5 
3 --> 2 
4 --> 2 
5 --> 2 

* FSM state operations: 

State 1 <SV = 0> <Delay = 2.06>
ST_1 : Operation 6 [1/1] (0.00ns)   --->   "%VideoFormat_val_read = read i6 @_ssdm_op_Read.ap_auto.i6, i6 %VideoFormat_val"   --->   Operation 6 'read' 'VideoFormat_val_read' <Predicate = true> <Delay = 0.00>
ST_1 : Operation 7 [1/1] (0.00ns)   --->   "%WidthInBytes_val_read = read i15 @_ssdm_op_Read.ap_auto.i15, i15 %WidthInBytes_val"   --->   Operation 7 'read' 'WidthInBytes_val_read' <Predicate = true> <Delay = 0.00>
ST_1 : Operation 8 [1/1] (0.00ns)   --->   "%Height_val_read = read i12 @_ssdm_op_Read.ap_auto.i12, i12 %Height_val"   --->   Operation 8 'read' 'Height_val_read' <Predicate = true> <Delay = 0.00>
ST_1 : Operation 9 [1/1] (0.00ns)   --->   "%empty = trunc i6 %VideoFormat_val_read"   --->   Operation 9 'trunc' 'empty' <Predicate = true> <Delay = 0.00>
ST_1 : Operation 10 [1/1] (0.00ns)   --->   "%specstablecontent_ln0 = specstablecontent void @_ssdm_op_SpecStableContent, i15 %WidthInBytes_val, i1 1, void @p_str"   --->   Operation 10 'specstablecontent' 'specstablecontent_ln0' <Predicate = true> <Delay = 0.00>
ST_1 : Operation 11 [1/1] (0.00ns)   --->   "%specstablecontent_ln0 = specstablecontent void @_ssdm_op_SpecStableContent, i6 %VideoFormat_val, i1 1, void "   --->   Operation 11 'specstablecontent' 'specstablecontent_ln0' <Predicate = true> <Delay = 0.00>
ST_1 : Operation 12 [1/1] (0.00ns)   --->   "%specstablecontent_ln0 = specstablecontent void @_ssdm_op_SpecStableContent, i12 %Height_val, i1 1, void "   --->   Operation 12 'specstablecontent' 'specstablecontent_ln0' <Predicate = true> <Delay = 0.00>
ST_1 : Operation 13 [1/1] (0.00ns)   --->   "%specmemcore_ln0 = specmemcore void @_ssdm_op_SpecMemCore, i64 %bytePlanes_plane1, i64 666, i64 8, i64 18446744073709551615"   --->   Operation 13 'specmemcore' 'specmemcore_ln0' <Predicate = true> <Delay = 0.00>
ST_1 : Operation 14 [1/1] (0.00ns)   --->   "%specmemcore_ln0 = specmemcore void @_ssdm_op_SpecMemCore, i64 %bytePlanes_plane0, i64 666, i64 8, i64 18446744073709551615"   --->   Operation 14 'specmemcore' 'specmemcore_ln0' <Predicate = true> <Delay = 0.00>
ST_1 : Operation 15 [1/1] (0.00ns)   --->   "%specinterface_ln0 = specinterface void @_ssdm_op_SpecInterface, i64 %bytePlanes_plane1, void @empty_15, i32 0, i32 0, void @empty_4, i32 0, i32 0, void @empty_4, void @empty_4, void @empty_4, i32 0, i32 0, i32 0, i32 0, void @empty_4, void @empty_4, i32 4294967295, i32 0, i32 0"   --->   Operation 15 'specinterface' 'specinterface_ln0' <Predicate = true> <Delay = 0.00>
ST_1 : Operation 16 [1/1] (0.00ns)   --->   "%specinterface_ln0 = specinterface void @_ssdm_op_SpecInterface, i64 %bytePlanes_plane0, void @empty_15, i32 0, i32 0, void @empty_4, i32 0, i32 0, void @empty_4, void @empty_4, void @empty_4, i32 0, i32 0, i32 0, i32 0, void @empty_4, void @empty_4, i32 4294967295, i32 0, i32 0"   --->   Operation 16 'specinterface' 'specinterface_ln0' <Predicate = true> <Delay = 0.00>
ST_1 : Operation 17 [1/1] (0.00ns)   --->   "%specinterface_ln0 = specinterface void @_ssdm_op_SpecInterface, i24 %img, void @empty_15, i32 0, i32 0, void @empty_4, i32 0, i32 0, void @empty_4, void @empty_4, void @empty_4, i32 0, i32 0, i32 0, i32 0, void @empty_4, void @empty_4, i32 4294967295, i32 0, i32 0"   --->   Operation 17 'specinterface' 'specinterface_ln0' <Predicate = true> <Delay = 0.00>
ST_1 : Operation 18 [1/1] (0.88ns)   --->   "%switch_ln689 = switch i6 %VideoFormat_val_read, void %if.end385, i6 43, void %if.end394, i6 42, void %if.end393, i6 44, void %if.end392, i6 41, void %if.end391, i6 19, void %if.then17, i6 18, void %if.then17, i6 23, void %if.end389, i6 22, void %if.end389, i6 33, void %if.end388, i6 32, void %if.end388, i6 38, void %if.end387, i6 37, void %if.end387, i6 12, void %if.then119, i6 28, void %if.then212" [/home/e/Documents/research/byotee/OSDZU3_Ref_Design/OSDZU3_Ref_Design.runs/design_1_v_frmbuf_rd_1_0_synth_1/prj/sol/.autopilot/db/v_frmbuf_rd.cpp:689]   --->   Operation 18 'switch' 'switch_ln689' <Predicate = true> <Delay = 0.88>
ST_1 : Operation 19 [1/1] (0.00ns)   --->   "%y_2 = alloca i32 1" [/home/e/Documents/research/byotee/OSDZU3_Ref_Design/OSDZU3_Ref_Design.runs/design_1_v_frmbuf_rd_1_0_synth_1/prj/sol/.autopilot/db/v_frmbuf_rd.cpp:1190]   --->   Operation 19 'alloca' 'y_2' <Predicate = (VideoFormat_val_read == 28)> <Delay = 0.00>
ST_1 : Operation 20 [1/1] (1.00ns)   --->   "%add_ln1184 = add i15 %WidthInBytes_val_read, i15 7" [/home/e/Documents/research/byotee/OSDZU3_Ref_Design/OSDZU3_Ref_Design.runs/design_1_v_frmbuf_rd_1_0_synth_1/prj/sol/.autopilot/db/v_frmbuf_rd.cpp:1184]   --->   Operation 20 'add' 'add_ln1184' <Predicate = (VideoFormat_val_read == 28)> <Delay = 1.00> <CoreInst = "Adder">   --->   Core 1 'Adder' <Latency = 0> <II = 1> <Delay = 1.00> <FuncUnit> <Opcode : 'add' 'sub'> <InPorts = 2> <OutPorts = 1>
ST_1 : Operation 21 [1/1] (0.00ns)   --->   "%loopWidth_2 = partselect i12 @_ssdm_op_PartSelect.i12.i15.i32.i32, i15 %add_ln1184, i32 3, i32 14" [/home/e/Documents/research/byotee/OSDZU3_Ref_Design/OSDZU3_Ref_Design.runs/design_1_v_frmbuf_rd_1_0_synth_1/prj/sol/.autopilot/db/v_frmbuf_rd.cpp:1184]   --->   Operation 21 'partselect' 'loopWidth_2' <Predicate = (VideoFormat_val_read == 28)> <Delay = 0.00>
ST_1 : Operation 22 [1/1] (0.00ns)   --->   "%zext_ln1184 = zext i12 %loopWidth_2" [/home/e/Documents/research/byotee/OSDZU3_Ref_Design/OSDZU3_Ref_Design.runs/design_1_v_frmbuf_rd_1_0_synth_1/prj/sol/.autopilot/db/v_frmbuf_rd.cpp:1184]   --->   Operation 22 'zext' 'zext_ln1184' <Predicate = (VideoFormat_val_read == 28)> <Delay = 0.00>
ST_1 : Operation 23 [1/1] (0.00ns)   --->   "%remainPix_4 = partselect i2 @_ssdm_op_PartSelect.i2.i15.i32.i32, i15 %WidthInBytes_val_read, i32 1, i32 2" [/home/e/Documents/research/byotee/OSDZU3_Ref_Design/OSDZU3_Ref_Design.runs/design_1_v_frmbuf_rd_1_0_synth_1/prj/sol/.autopilot/db/v_frmbuf_rd.cpp:1185]   --->   Operation 23 'partselect' 'remainPix_4' <Predicate = (VideoFormat_val_read == 28)> <Delay = 0.00>
ST_1 : Operation 24 [1/1] (0.00ns)   --->   "%zext_ln1186 = zext i2 %remainPix_4" [/home/e/Documents/research/byotee/OSDZU3_Ref_Design/OSDZU3_Ref_Design.runs/design_1_v_frmbuf_rd_1_0_synth_1/prj/sol/.autopilot/db/v_frmbuf_rd.cpp:1186]   --->   Operation 24 'zext' 'zext_ln1186' <Predicate = (VideoFormat_val_read == 28)> <Delay = 0.00>
ST_1 : Operation 25 [1/1] (0.62ns)   --->   "%icmp_ln1187 = icmp_eq  i2 %remainPix_4, i2 0" [/home/e/Documents/research/byotee/OSDZU3_Ref_Design/OSDZU3_Ref_Design.runs/design_1_v_frmbuf_rd_1_0_synth_1/prj/sol/.autopilot/db/v_frmbuf_rd.cpp:1187]   --->   Operation 25 'icmp' 'icmp_ln1187' <Predicate = (VideoFormat_val_read == 28)> <Delay = 0.62> <CoreInst = "Cmp">   --->   Core 9 'Cmp' <Latency = 0> <II = 1> <Delay = 0.62> <FuncUnit> <Opcode : 'seteq' 'setne' 'setle' 'setge' 'setlt' 'setgt'> <InPorts = 2> <OutPorts = 1>
ST_1 : Operation 26 [1/1] (0.27ns)   --->   "%remainPix_5 = select i1 %icmp_ln1187, i3 4, i3 %zext_ln1186" [/home/e/Documents/research/byotee/OSDZU3_Ref_Design/OSDZU3_Ref_Design.runs/design_1_v_frmbuf_rd_1_0_synth_1/prj/sol/.autopilot/db/v_frmbuf_rd.cpp:1187]   --->   Operation 26 'select' 'remainPix_5' <Predicate = (VideoFormat_val_read == 28)> <Delay = 0.27> <CoreInst = "Sel">   --->   Core 73 'Sel' <Latency = 0> <II = 1> <Delay = 0.27> <FuncUnit> <Opcode : 'select'> <InPorts = 3> <OutPorts = 1>
ST_1 : Operation 27 [1/1] (0.96ns)   --->   "%sub286 = add i13 %zext_ln1184, i13 8191" [/home/e/Documents/research/byotee/OSDZU3_Ref_Design/OSDZU3_Ref_Design.runs/design_1_v_frmbuf_rd_1_0_synth_1/prj/sol/.autopilot/db/v_frmbuf_rd.cpp:1184]   --->   Operation 27 'add' 'sub286' <Predicate = (VideoFormat_val_read == 28)> <Delay = 0.96> <CoreInst = "Adder">   --->   Core 1 'Adder' <Latency = 0> <II = 1> <Delay = 0.96> <FuncUnit> <Opcode : 'add' 'sub'> <InPorts = 2> <OutPorts = 1>
ST_1 : Operation 28 [1/1] (0.00ns)   --->   "%tmp_10 = partselect i2 @_ssdm_op_PartSelect.i2.i3.i32.i32, i3 %remainPix_5, i32 1, i32 2" [/home/e/Documents/research/byotee/OSDZU3_Ref_Design/OSDZU3_Ref_Design.runs/design_1_v_frmbuf_rd_1_0_synth_1/prj/sol/.autopilot/db/v_frmbuf_rd.cpp:1187]   --->   Operation 28 'partselect' 'tmp_10' <Predicate = (VideoFormat_val_read == 28)> <Delay = 0.00>
ST_1 : Operation 29 [1/1] (0.62ns)   --->   "%icmp12 = icmp_ne  i2 %tmp_10, i2 0" [/home/e/Documents/research/byotee/OSDZU3_Ref_Design/OSDZU3_Ref_Design.runs/design_1_v_frmbuf_rd_1_0_synth_1/prj/sol/.autopilot/db/v_frmbuf_rd.cpp:1187]   --->   Operation 29 'icmp' 'icmp12' <Predicate = (VideoFormat_val_read == 28)> <Delay = 0.62> <CoreInst = "Cmp">   --->   Core 9 'Cmp' <Latency = 0> <II = 1> <Delay = 0.62> <FuncUnit> <Opcode : 'seteq' 'setne' 'setle' 'setge' 'setlt' 'setgt'> <InPorts = 2> <OutPorts = 1>
ST_1 : Operation 30 [1/1] (0.74ns)   --->   "%cmp290_2 = icmp_ugt  i3 %remainPix_5, i3 2" [/home/e/Documents/research/byotee/OSDZU3_Ref_Design/OSDZU3_Ref_Design.runs/design_1_v_frmbuf_rd_1_0_synth_1/prj/sol/.autopilot/db/v_frmbuf_rd.cpp:1187]   --->   Operation 30 'icmp' 'cmp290_2' <Predicate = (VideoFormat_val_read == 28)> <Delay = 0.74> <CoreInst = "Cmp">   --->   Core 9 'Cmp' <Latency = 0> <II = 1> <Delay = 0.74> <FuncUnit> <Opcode : 'seteq' 'setne' 'setle' 'setge' 'setlt' 'setgt'> <InPorts = 2> <OutPorts = 1>
ST_1 : Operation 31 [1/1] (0.48ns)   --->   "%store_ln1190 = store i12 0, i12 %y_2" [/home/e/Documents/research/byotee/OSDZU3_Ref_Design/OSDZU3_Ref_Design.runs/design_1_v_frmbuf_rd_1_0_synth_1/prj/sol/.autopilot/db/v_frmbuf_rd.cpp:1190]   --->   Operation 31 'store' 'store_ln1190' <Predicate = (VideoFormat_val_read == 28)> <Delay = 0.48>
ST_1 : Operation 32 [1/1] (0.00ns)   --->   "%br_ln1190 = br void %VITIS_LOOP_1197_7" [/home/e/Documents/research/byotee/OSDZU3_Ref_Design/OSDZU3_Ref_Design.runs/design_1_v_frmbuf_rd_1_0_synth_1/prj/sol/.autopilot/db/v_frmbuf_rd.cpp:1190]   --->   Operation 32 'br' 'br_ln1190' <Predicate = (VideoFormat_val_read == 28)> <Delay = 0.00>
ST_1 : Operation 33 [1/1] (0.00ns)   --->   "%y_1 = alloca i32 1" [/home/e/Documents/research/byotee/OSDZU3_Ref_Design/OSDZU3_Ref_Design.runs/design_1_v_frmbuf_rd_1_0_synth_1/prj/sol/.autopilot/db/v_frmbuf_rd.cpp:1150]   --->   Operation 33 'alloca' 'y_1' <Predicate = (VideoFormat_val_read == 12)> <Delay = 0.00>
ST_1 : Operation 34 [1/1] (1.00ns)   --->   "%add_ln1144 = add i15 %WidthInBytes_val_read, i15 7" [/home/e/Documents/research/byotee/OSDZU3_Ref_Design/OSDZU3_Ref_Design.runs/design_1_v_frmbuf_rd_1_0_synth_1/prj/sol/.autopilot/db/v_frmbuf_rd.cpp:1144]   --->   Operation 34 'add' 'add_ln1144' <Predicate = (VideoFormat_val_read == 12)> <Delay = 1.00> <CoreInst = "Adder">   --->   Core 1 'Adder' <Latency = 0> <II = 1> <Delay = 1.00> <FuncUnit> <Opcode : 'add' 'sub'> <InPorts = 2> <OutPorts = 1>
ST_1 : Operation 35 [1/1] (0.00ns)   --->   "%loopWidth_1 = partselect i12 @_ssdm_op_PartSelect.i12.i15.i32.i32, i15 %add_ln1144, i32 3, i32 14" [/home/e/Documents/research/byotee/OSDZU3_Ref_Design/OSDZU3_Ref_Design.runs/design_1_v_frmbuf_rd_1_0_synth_1/prj/sol/.autopilot/db/v_frmbuf_rd.cpp:1144]   --->   Operation 35 'partselect' 'loopWidth_1' <Predicate = (VideoFormat_val_read == 12)> <Delay = 0.00>
ST_1 : Operation 36 [1/1] (0.00ns)   --->   "%zext_ln1144 = zext i12 %loopWidth_1" [/home/e/Documents/research/byotee/OSDZU3_Ref_Design/OSDZU3_Ref_Design.runs/design_1_v_frmbuf_rd_1_0_synth_1/prj/sol/.autopilot/db/v_frmbuf_rd.cpp:1144]   --->   Operation 36 'zext' 'zext_ln1144' <Predicate = (VideoFormat_val_read == 12)> <Delay = 0.00>
ST_1 : Operation 37 [1/1] (0.00ns)   --->   "%remainPix_2 = partselect i2 @_ssdm_op_PartSelect.i2.i15.i32.i32, i15 %WidthInBytes_val_read, i32 1, i32 2" [/home/e/Documents/research/byotee/OSDZU3_Ref_Design/OSDZU3_Ref_Design.runs/design_1_v_frmbuf_rd_1_0_synth_1/prj/sol/.autopilot/db/v_frmbuf_rd.cpp:1145]   --->   Operation 37 'partselect' 'remainPix_2' <Predicate = (VideoFormat_val_read == 12)> <Delay = 0.00>
ST_1 : Operation 38 [1/1] (0.00ns)   --->   "%zext_ln1146 = zext i2 %remainPix_2" [/home/e/Documents/research/byotee/OSDZU3_Ref_Design/OSDZU3_Ref_Design.runs/design_1_v_frmbuf_rd_1_0_synth_1/prj/sol/.autopilot/db/v_frmbuf_rd.cpp:1146]   --->   Operation 38 'zext' 'zext_ln1146' <Predicate = (VideoFormat_val_read == 12)> <Delay = 0.00>
ST_1 : Operation 39 [1/1] (0.62ns)   --->   "%icmp_ln1147 = icmp_eq  i2 %remainPix_2, i2 0" [/home/e/Documents/research/byotee/OSDZU3_Ref_Design/OSDZU3_Ref_Design.runs/design_1_v_frmbuf_rd_1_0_synth_1/prj/sol/.autopilot/db/v_frmbuf_rd.cpp:1147]   --->   Operation 39 'icmp' 'icmp_ln1147' <Predicate = (VideoFormat_val_read == 12)> <Delay = 0.62> <CoreInst = "Cmp">   --->   Core 9 'Cmp' <Latency = 0> <II = 1> <Delay = 0.62> <FuncUnit> <Opcode : 'seteq' 'setne' 'setle' 'setge' 'setlt' 'setgt'> <InPorts = 2> <OutPorts = 1>
ST_1 : Operation 40 [1/1] (0.27ns)   --->   "%remainPix_3 = select i1 %icmp_ln1147, i3 4, i3 %zext_ln1146" [/home/e/Documents/research/byotee/OSDZU3_Ref_Design/OSDZU3_Ref_Design.runs/design_1_v_frmbuf_rd_1_0_synth_1/prj/sol/.autopilot/db/v_frmbuf_rd.cpp:1147]   --->   Operation 40 'select' 'remainPix_3' <Predicate = (VideoFormat_val_read == 12)> <Delay = 0.27> <CoreInst = "Sel">   --->   Core 73 'Sel' <Latency = 0> <II = 1> <Delay = 0.27> <FuncUnit> <Opcode : 'select'> <InPorts = 3> <OutPorts = 1>
ST_1 : Operation 41 [1/1] (0.96ns)   --->   "%sub193 = add i13 %zext_ln1144, i13 8191" [/home/e/Documents/research/byotee/OSDZU3_Ref_Design/OSDZU3_Ref_Design.runs/design_1_v_frmbuf_rd_1_0_synth_1/prj/sol/.autopilot/db/v_frmbuf_rd.cpp:1144]   --->   Operation 41 'add' 'sub193' <Predicate = (VideoFormat_val_read == 12)> <Delay = 0.96> <CoreInst = "Adder">   --->   Core 1 'Adder' <Latency = 0> <II = 1> <Delay = 0.96> <FuncUnit> <Opcode : 'add' 'sub'> <InPorts = 2> <OutPorts = 1>
ST_1 : Operation 42 [1/1] (0.00ns)   --->   "%tmp_9 = partselect i2 @_ssdm_op_PartSelect.i2.i3.i32.i32, i3 %remainPix_3, i32 1, i32 2" [/home/e/Documents/research/byotee/OSDZU3_Ref_Design/OSDZU3_Ref_Design.runs/design_1_v_frmbuf_rd_1_0_synth_1/prj/sol/.autopilot/db/v_frmbuf_rd.cpp:1147]   --->   Operation 42 'partselect' 'tmp_9' <Predicate = (VideoFormat_val_read == 12)> <Delay = 0.00>
ST_1 : Operation 43 [1/1] (0.62ns)   --->   "%icmp9 = icmp_ne  i2 %tmp_9, i2 0" [/home/e/Documents/research/byotee/OSDZU3_Ref_Design/OSDZU3_Ref_Design.runs/design_1_v_frmbuf_rd_1_0_synth_1/prj/sol/.autopilot/db/v_frmbuf_rd.cpp:1147]   --->   Operation 43 'icmp' 'icmp9' <Predicate = (VideoFormat_val_read == 12)> <Delay = 0.62> <CoreInst = "Cmp">   --->   Core 9 'Cmp' <Latency = 0> <II = 1> <Delay = 0.62> <FuncUnit> <Opcode : 'seteq' 'setne' 'setle' 'setge' 'setlt' 'setgt'> <InPorts = 2> <OutPorts = 1>
ST_1 : Operation 44 [1/1] (0.74ns)   --->   "%cmp197_2 = icmp_ugt  i3 %remainPix_3, i3 2" [/home/e/Documents/research/byotee/OSDZU3_Ref_Design/OSDZU3_Ref_Design.runs/design_1_v_frmbuf_rd_1_0_synth_1/prj/sol/.autopilot/db/v_frmbuf_rd.cpp:1147]   --->   Operation 44 'icmp' 'cmp197_2' <Predicate = (VideoFormat_val_read == 12)> <Delay = 0.74> <CoreInst = "Cmp">   --->   Core 9 'Cmp' <Latency = 0> <II = 1> <Delay = 0.74> <FuncUnit> <Opcode : 'seteq' 'setne' 'setle' 'setge' 'setlt' 'setgt'> <InPorts = 2> <OutPorts = 1>
ST_1 : Operation 45 [1/1] (0.48ns)   --->   "%store_ln1150 = store i12 0, i12 %y_1" [/home/e/Documents/research/byotee/OSDZU3_Ref_Design/OSDZU3_Ref_Design.runs/design_1_v_frmbuf_rd_1_0_synth_1/prj/sol/.autopilot/db/v_frmbuf_rd.cpp:1150]   --->   Operation 45 'store' 'store_ln1150' <Predicate = (VideoFormat_val_read == 12)> <Delay = 0.48>
ST_1 : Operation 46 [1/1] (0.00ns)   --->   "%br_ln1150 = br void %VITIS_LOOP_1157_4" [/home/e/Documents/research/byotee/OSDZU3_Ref_Design/OSDZU3_Ref_Design.runs/design_1_v_frmbuf_rd_1_0_synth_1/prj/sol/.autopilot/db/v_frmbuf_rd.cpp:1150]   --->   Operation 46 'br' 'br_ln1150' <Predicate = (VideoFormat_val_read == 12)> <Delay = 0.00>
ST_1 : Operation 47 [1/1] (0.00ns)   --->   "%y = alloca i32 1" [/home/e/Documents/research/byotee/OSDZU3_Ref_Design/OSDZU3_Ref_Design.runs/design_1_v_frmbuf_rd_1_0_synth_1/prj/sol/.autopilot/db/v_frmbuf_rd.cpp:947]   --->   Operation 47 'alloca' 'y' <Predicate = (VideoFormat_val_read == 18) | (VideoFormat_val_read == 19)> <Delay = 0.00>
ST_1 : Operation 48 [1/1] (0.00ns)   --->   "%remainPix = trunc i15 %WidthInBytes_val_read" [/home/e/Documents/research/byotee/OSDZU3_Ref_Design/OSDZU3_Ref_Design.runs/design_1_v_frmbuf_rd_1_0_synth_1/prj/sol/.autopilot/db/v_frmbuf_rd.cpp:941]   --->   Operation 48 'trunc' 'remainPix' <Predicate = (VideoFormat_val_read == 18) | (VideoFormat_val_read == 19)> <Delay = 0.00>
ST_1 : Operation 49 [1/1] (1.00ns)   --->   "%add_ln941 = add i15 %WidthInBytes_val_read, i15 7" [/home/e/Documents/research/byotee/OSDZU3_Ref_Design/OSDZU3_Ref_Design.runs/design_1_v_frmbuf_rd_1_0_synth_1/prj/sol/.autopilot/db/v_frmbuf_rd.cpp:941]   --->   Operation 49 'add' 'add_ln941' <Predicate = (VideoFormat_val_read == 18) | (VideoFormat_val_read == 19)> <Delay = 1.00> <CoreInst = "Adder">   --->   Core 1 'Adder' <Latency = 0> <II = 1> <Delay = 1.00> <FuncUnit> <Opcode : 'add' 'sub'> <InPorts = 2> <OutPorts = 1>
ST_1 : Operation 50 [1/1] (0.00ns)   --->   "%trunc_ln941_1 = partselect i12 @_ssdm_op_PartSelect.i12.i15.i32.i32, i15 %add_ln941, i32 3, i32 14" [/home/e/Documents/research/byotee/OSDZU3_Ref_Design/OSDZU3_Ref_Design.runs/design_1_v_frmbuf_rd_1_0_synth_1/prj/sol/.autopilot/db/v_frmbuf_rd.cpp:941]   --->   Operation 50 'partselect' 'trunc_ln941_1' <Predicate = (VideoFormat_val_read == 18) | (VideoFormat_val_read == 19)> <Delay = 0.00>
ST_1 : Operation 51 [1/1] (0.00ns)   --->   "%zext_ln941 = zext i12 %trunc_ln941_1" [/home/e/Documents/research/byotee/OSDZU3_Ref_Design/OSDZU3_Ref_Design.runs/design_1_v_frmbuf_rd_1_0_synth_1/prj/sol/.autopilot/db/v_frmbuf_rd.cpp:941]   --->   Operation 51 'zext' 'zext_ln941' <Predicate = (VideoFormat_val_read == 18) | (VideoFormat_val_read == 19)> <Delay = 0.00>
ST_1 : Operation 52 [1/1] (0.00ns)   --->   "%zext_ln943 = zext i3 %remainPix" [/home/e/Documents/research/byotee/OSDZU3_Ref_Design/OSDZU3_Ref_Design.runs/design_1_v_frmbuf_rd_1_0_synth_1/prj/sol/.autopilot/db/v_frmbuf_rd.cpp:943]   --->   Operation 52 'zext' 'zext_ln943' <Predicate = (VideoFormat_val_read == 18) | (VideoFormat_val_read == 19)> <Delay = 0.00>
ST_1 : Operation 53 [1/1] (0.74ns)   --->   "%icmp_ln944 = icmp_eq  i3 %remainPix, i3 0" [/home/e/Documents/research/byotee/OSDZU3_Ref_Design/OSDZU3_Ref_Design.runs/design_1_v_frmbuf_rd_1_0_synth_1/prj/sol/.autopilot/db/v_frmbuf_rd.cpp:944]   --->   Operation 53 'icmp' 'icmp_ln944' <Predicate = (VideoFormat_val_read == 18) | (VideoFormat_val_read == 19)> <Delay = 0.74> <CoreInst = "Cmp">   --->   Core 9 'Cmp' <Latency = 0> <II = 1> <Delay = 0.74> <FuncUnit> <Opcode : 'seteq' 'setne' 'setle' 'setge' 'setlt' 'setgt'> <InPorts = 2> <OutPorts = 1>
ST_1 : Operation 54 [1/1] (0.45ns)   --->   "%remainPix_1 = select i1 %icmp_ln944, i4 8, i4 %zext_ln943" [/home/e/Documents/research/byotee/OSDZU3_Ref_Design/OSDZU3_Ref_Design.runs/design_1_v_frmbuf_rd_1_0_synth_1/prj/sol/.autopilot/db/v_frmbuf_rd.cpp:944]   --->   Operation 54 'select' 'remainPix_1' <Predicate = (VideoFormat_val_read == 18) | (VideoFormat_val_read == 19)> <Delay = 0.45> <CoreInst = "Sel">   --->   Core 73 'Sel' <Latency = 0> <II = 1> <Delay = 0.45> <FuncUnit> <Opcode : 'select'> <InPorts = 3> <OutPorts = 1>
ST_1 : Operation 55 [1/1] (0.96ns)   --->   "%sub79 = add i13 %zext_ln941, i13 8191" [/home/e/Documents/research/byotee/OSDZU3_Ref_Design/OSDZU3_Ref_Design.runs/design_1_v_frmbuf_rd_1_0_synth_1/prj/sol/.autopilot/db/v_frmbuf_rd.cpp:941]   --->   Operation 55 'add' 'sub79' <Predicate = (VideoFormat_val_read == 18) | (VideoFormat_val_read == 19)> <Delay = 0.96> <CoreInst = "Adder">   --->   Core 1 'Adder' <Latency = 0> <II = 1> <Delay = 0.96> <FuncUnit> <Opcode : 'add' 'sub'> <InPorts = 2> <OutPorts = 1>
ST_1 : Operation 56 [1/1] (0.00ns)   --->   "%tmp_7 = partselect i3 @_ssdm_op_PartSelect.i3.i4.i32.i32, i4 %remainPix_1, i32 1, i32 3" [/home/e/Documents/research/byotee/OSDZU3_Ref_Design/OSDZU3_Ref_Design.runs/design_1_v_frmbuf_rd_1_0_synth_1/prj/sol/.autopilot/db/v_frmbuf_rd.cpp:944]   --->   Operation 56 'partselect' 'tmp_7' <Predicate = (VideoFormat_val_read == 18) | (VideoFormat_val_read == 19)> <Delay = 0.00>
ST_1 : Operation 57 [1/1] (0.74ns)   --->   "%icmp3 = icmp_ne  i3 %tmp_7, i3 0" [/home/e/Documents/research/byotee/OSDZU3_Ref_Design/OSDZU3_Ref_Design.runs/design_1_v_frmbuf_rd_1_0_synth_1/prj/sol/.autopilot/db/v_frmbuf_rd.cpp:944]   --->   Operation 57 'icmp' 'icmp3' <Predicate = (VideoFormat_val_read == 18) | (VideoFormat_val_read == 19)> <Delay = 0.74> <CoreInst = "Cmp">   --->   Core 9 'Cmp' <Latency = 0> <II = 1> <Delay = 0.74> <FuncUnit> <Opcode : 'seteq' 'setne' 'setle' 'setge' 'setlt' 'setgt'> <InPorts = 2> <OutPorts = 1>
ST_1 : Operation 58 [1/1] (0.86ns)   --->   "%cmp83_2 = icmp_ugt  i4 %remainPix_1, i4 2" [/home/e/Documents/research/byotee/OSDZU3_Ref_Design/OSDZU3_Ref_Design.runs/design_1_v_frmbuf_rd_1_0_synth_1/prj/sol/.autopilot/db/v_frmbuf_rd.cpp:944]   --->   Operation 58 'icmp' 'cmp83_2' <Predicate = (VideoFormat_val_read == 18) | (VideoFormat_val_read == 19)> <Delay = 0.86> <CoreInst = "Cmp">   --->   Core 9 'Cmp' <Latency = 0> <II = 1> <Delay = 0.86> <FuncUnit> <Opcode : 'seteq' 'setne' 'setle' 'setge' 'setlt' 'setgt'> <InPorts = 2> <OutPorts = 1>
ST_1 : Operation 59 [1/1] (0.00ns)   --->   "%tmp_8 = partselect i2 @_ssdm_op_PartSelect.i2.i4.i32.i32, i4 %remainPix_1, i32 2, i32 3" [/home/e/Documents/research/byotee/OSDZU3_Ref_Design/OSDZU3_Ref_Design.runs/design_1_v_frmbuf_rd_1_0_synth_1/prj/sol/.autopilot/db/v_frmbuf_rd.cpp:944]   --->   Operation 59 'partselect' 'tmp_8' <Predicate = (VideoFormat_val_read == 18) | (VideoFormat_val_read == 19)> <Delay = 0.00>
ST_1 : Operation 60 [1/1] (0.62ns)   --->   "%icmp6 = icmp_ne  i2 %tmp_8, i2 0" [/home/e/Documents/research/byotee/OSDZU3_Ref_Design/OSDZU3_Ref_Design.runs/design_1_v_frmbuf_rd_1_0_synth_1/prj/sol/.autopilot/db/v_frmbuf_rd.cpp:944]   --->   Operation 60 'icmp' 'icmp6' <Predicate = (VideoFormat_val_read == 18) | (VideoFormat_val_read == 19)> <Delay = 0.62> <CoreInst = "Cmp">   --->   Core 9 'Cmp' <Latency = 0> <II = 1> <Delay = 0.62> <FuncUnit> <Opcode : 'seteq' 'setne' 'setle' 'setge' 'setlt' 'setgt'> <InPorts = 2> <OutPorts = 1>
ST_1 : Operation 61 [1/1] (0.86ns)   --->   "%cmp83_4 = icmp_ugt  i4 %remainPix_1, i4 4" [/home/e/Documents/research/byotee/OSDZU3_Ref_Design/OSDZU3_Ref_Design.runs/design_1_v_frmbuf_rd_1_0_synth_1/prj/sol/.autopilot/db/v_frmbuf_rd.cpp:944]   --->   Operation 61 'icmp' 'cmp83_4' <Predicate = (VideoFormat_val_read == 18) | (VideoFormat_val_read == 19)> <Delay = 0.86> <CoreInst = "Cmp">   --->   Core 9 'Cmp' <Latency = 0> <II = 1> <Delay = 0.86> <FuncUnit> <Opcode : 'seteq' 'setne' 'setle' 'setge' 'setlt' 'setgt'> <InPorts = 2> <OutPorts = 1>
ST_1 : Operation 62 [1/1] (0.86ns)   --->   "%cmp83_5 = icmp_ugt  i4 %remainPix_1, i4 5" [/home/e/Documents/research/byotee/OSDZU3_Ref_Design/OSDZU3_Ref_Design.runs/design_1_v_frmbuf_rd_1_0_synth_1/prj/sol/.autopilot/db/v_frmbuf_rd.cpp:944]   --->   Operation 62 'icmp' 'cmp83_5' <Predicate = (VideoFormat_val_read == 18) | (VideoFormat_val_read == 19)> <Delay = 0.86> <CoreInst = "Cmp">   --->   Core 9 'Cmp' <Latency = 0> <II = 1> <Delay = 0.86> <FuncUnit> <Opcode : 'seteq' 'setne' 'setle' 'setge' 'setlt' 'setgt'> <InPorts = 2> <OutPorts = 1>
ST_1 : Operation 63 [1/1] (0.86ns)   --->   "%cmp83_6 = icmp_ugt  i4 %remainPix_1, i4 6" [/home/e/Documents/research/byotee/OSDZU3_Ref_Design/OSDZU3_Ref_Design.runs/design_1_v_frmbuf_rd_1_0_synth_1/prj/sol/.autopilot/db/v_frmbuf_rd.cpp:944]   --->   Operation 63 'icmp' 'cmp83_6' <Predicate = (VideoFormat_val_read == 18) | (VideoFormat_val_read == 19)> <Delay = 0.86> <CoreInst = "Cmp">   --->   Core 9 'Cmp' <Latency = 0> <II = 1> <Delay = 0.86> <FuncUnit> <Opcode : 'seteq' 'setne' 'setle' 'setge' 'setlt' 'setgt'> <InPorts = 2> <OutPorts = 1>
ST_1 : Operation 64 [1/1] (0.48ns)   --->   "%store_ln947 = store i12 0, i12 %y" [/home/e/Documents/research/byotee/OSDZU3_Ref_Design/OSDZU3_Ref_Design.runs/design_1_v_frmbuf_rd_1_0_synth_1/prj/sol/.autopilot/db/v_frmbuf_rd.cpp:947]   --->   Operation 64 'store' 'store_ln947' <Predicate = (VideoFormat_val_read == 18) | (VideoFormat_val_read == 19)> <Delay = 0.48>
ST_1 : Operation 65 [1/1] (0.00ns)   --->   "%br_ln947 = br void %VITIS_LOOP_954_1" [/home/e/Documents/research/byotee/OSDZU3_Ref_Design/OSDZU3_Ref_Design.runs/design_1_v_frmbuf_rd_1_0_synth_1/prj/sol/.autopilot/db/v_frmbuf_rd.cpp:947]   --->   Operation 65 'br' 'br_ln947' <Predicate = (VideoFormat_val_read == 18) | (VideoFormat_val_read == 19)> <Delay = 0.00>

State 2 <SV = 1> <Delay = 2.41>
ST_2 : Operation 66 [1/1] (0.00ns)   --->   "%y_7 = load i12 %y_2" [/home/e/Documents/research/byotee/OSDZU3_Ref_Design/OSDZU3_Ref_Design.runs/design_1_v_frmbuf_rd_1_0_synth_1/prj/sol/.autopilot/db/v_frmbuf_rd.cpp:1190]   --->   Operation 66 'load' 'y_7' <Predicate = (VideoFormat_val_read == 28)> <Delay = 0.00>
ST_2 : Operation 67 [1/1] (0.96ns)   --->   "%icmp_ln1190 = icmp_eq  i12 %y_7, i12 %Height_val_read" [/home/e/Documents/research/byotee/OSDZU3_Ref_Design/OSDZU3_Ref_Design.runs/design_1_v_frmbuf_rd_1_0_synth_1/prj/sol/.autopilot/db/v_frmbuf_rd.cpp:1190]   --->   Operation 67 'icmp' 'icmp_ln1190' <Predicate = (VideoFormat_val_read == 28)> <Delay = 0.96> <CoreInst = "Cmp">   --->   Core 9 'Cmp' <Latency = 0> <II = 1> <Delay = 0.96> <FuncUnit> <Opcode : 'seteq' 'setne' 'setle' 'setge' 'setlt' 'setgt'> <InPorts = 2> <OutPorts = 1>
ST_2 : Operation 68 [1/1] (0.00ns)   --->   "%speclooptripcount_ln0 = speclooptripcount void @_ssdm_op_SpecLoopTripCount, i64 64, i64 2160, i64 2160"   --->   Operation 68 'speclooptripcount' 'speclooptripcount_ln0' <Predicate = (VideoFormat_val_read == 28)> <Delay = 0.00>
ST_2 : Operation 69 [1/1] (0.96ns)   --->   "%y_8 = add i12 %y_7, i12 1" [/home/e/Documents/research/byotee/OSDZU3_Ref_Design/OSDZU3_Ref_Design.runs/design_1_v_frmbuf_rd_1_0_synth_1/prj/sol/.autopilot/db/v_frmbuf_rd.cpp:1190]   --->   Operation 69 'add' 'y_8' <Predicate = (VideoFormat_val_read == 28)> <Delay = 0.96> <CoreInst = "Adder">   --->   Core 1 'Adder' <Latency = 0> <II = 1> <Delay = 0.96> <FuncUnit> <Opcode : 'add' 'sub'> <InPorts = 2> <OutPorts = 1>
ST_2 : Operation 70 [1/1] (0.00ns)   --->   "%br_ln1190 = br i1 %icmp_ln1190, void %VITIS_LOOP_1204_8.lr.ph, void %if.end385.loopexit" [/home/e/Documents/research/byotee/OSDZU3_Ref_Design/OSDZU3_Ref_Design.runs/design_1_v_frmbuf_rd_1_0_synth_1/prj/sol/.autopilot/db/v_frmbuf_rd.cpp:1190]   --->   Operation 70 'br' 'br_ln1190' <Predicate = (VideoFormat_val_read == 28)> <Delay = 0.00>
ST_2 : Operation 71 [2/2] (1.45ns)   --->   "%call_ln1184 = call void @Bytes2MultiPixStream_Pipeline_VITIS_LOOP_1197_7, i12 %loopWidth_2, i1 %icmp_ln1187, i1 %cmp290_2, i64 %bytePlanes_plane0, i13 %sub286, i24 %img, i1 %icmp12" [/home/e/Documents/research/byotee/OSDZU3_Ref_Design/OSDZU3_Ref_Design.runs/design_1_v_frmbuf_rd_1_0_synth_1/prj/sol/.autopilot/db/v_frmbuf_rd.cpp:1184]   --->   Operation 71 'call' 'call_ln1184' <Predicate = (VideoFormat_val_read == 28 & !icmp_ln1190)> <Delay = 1.45> <CoreType = "Generic">   --->   Generic Core
ST_2 : Operation 72 [1/1] (0.48ns)   --->   "%store_ln1190 = store i12 %y_8, i12 %y_2" [/home/e/Documents/research/byotee/OSDZU3_Ref_Design/OSDZU3_Ref_Design.runs/design_1_v_frmbuf_rd_1_0_synth_1/prj/sol/.autopilot/db/v_frmbuf_rd.cpp:1190]   --->   Operation 72 'store' 'store_ln1190' <Predicate = (VideoFormat_val_read == 28 & !icmp_ln1190)> <Delay = 0.48>
ST_2 : Operation 73 [1/1] (0.00ns)   --->   "%br_ln0 = br void %if.end385"   --->   Operation 73 'br' 'br_ln0' <Predicate = (VideoFormat_val_read == 28 & icmp_ln1190)> <Delay = 0.00>
ST_2 : Operation 74 [1/1] (0.00ns)   --->   "%y_5 = load i12 %y_1" [/home/e/Documents/research/byotee/OSDZU3_Ref_Design/OSDZU3_Ref_Design.runs/design_1_v_frmbuf_rd_1_0_synth_1/prj/sol/.autopilot/db/v_frmbuf_rd.cpp:1150]   --->   Operation 74 'load' 'y_5' <Predicate = (VideoFormat_val_read == 12)> <Delay = 0.00>
ST_2 : Operation 75 [1/1] (0.96ns)   --->   "%icmp_ln1150 = icmp_eq  i12 %y_5, i12 %Height_val_read" [/home/e/Documents/research/byotee/OSDZU3_Ref_Design/OSDZU3_Ref_Design.runs/design_1_v_frmbuf_rd_1_0_synth_1/prj/sol/.autopilot/db/v_frmbuf_rd.cpp:1150]   --->   Operation 75 'icmp' 'icmp_ln1150' <Predicate = (VideoFormat_val_read == 12)> <Delay = 0.96> <CoreInst = "Cmp">   --->   Core 9 'Cmp' <Latency = 0> <II = 1> <Delay = 0.96> <FuncUnit> <Opcode : 'seteq' 'setne' 'setle' 'setge' 'setlt' 'setgt'> <InPorts = 2> <OutPorts = 1>
ST_2 : Operation 76 [1/1] (0.00ns)   --->   "%speclooptripcount_ln0 = speclooptripcount void @_ssdm_op_SpecLoopTripCount, i64 64, i64 2160, i64 2160"   --->   Operation 76 'speclooptripcount' 'speclooptripcount_ln0' <Predicate = (VideoFormat_val_read == 12)> <Delay = 0.00>
ST_2 : Operation 77 [1/1] (0.96ns)   --->   "%y_6 = add i12 %y_5, i12 1" [/home/e/Documents/research/byotee/OSDZU3_Ref_Design/OSDZU3_Ref_Design.runs/design_1_v_frmbuf_rd_1_0_synth_1/prj/sol/.autopilot/db/v_frmbuf_rd.cpp:1150]   --->   Operation 77 'add' 'y_6' <Predicate = (VideoFormat_val_read == 12)> <Delay = 0.96> <CoreInst = "Adder">   --->   Core 1 'Adder' <Latency = 0> <II = 1> <Delay = 0.96> <FuncUnit> <Opcode : 'add' 'sub'> <InPorts = 2> <OutPorts = 1>
ST_2 : Operation 78 [1/1] (0.00ns)   --->   "%br_ln1150 = br i1 %icmp_ln1150, void %VITIS_LOOP_1164_5.lr.ph, void %if.end386.loopexit" [/home/e/Documents/research/byotee/OSDZU3_Ref_Design/OSDZU3_Ref_Design.runs/design_1_v_frmbuf_rd_1_0_synth_1/prj/sol/.autopilot/db/v_frmbuf_rd.cpp:1150]   --->   Operation 78 'br' 'br_ln1150' <Predicate = (VideoFormat_val_read == 12)> <Delay = 0.00>
ST_2 : Operation 79 [2/2] (1.45ns)   --->   "%call_ln1144 = call void @Bytes2MultiPixStream_Pipeline_VITIS_LOOP_1157_4, i12 %loopWidth_1, i1 %icmp_ln1147, i1 %cmp197_2, i64 %bytePlanes_plane0, i13 %sub193, i24 %img, i1 %icmp9" [/home/e/Documents/research/byotee/OSDZU3_Ref_Design/OSDZU3_Ref_Design.runs/design_1_v_frmbuf_rd_1_0_synth_1/prj/sol/.autopilot/db/v_frmbuf_rd.cpp:1144]   --->   Operation 79 'call' 'call_ln1144' <Predicate = (VideoFormat_val_read == 12 & !icmp_ln1150)> <Delay = 1.45> <CoreType = "Generic">   --->   Generic Core
ST_2 : Operation 80 [1/1] (0.48ns)   --->   "%store_ln1150 = store i12 %y_6, i12 %y_1" [/home/e/Documents/research/byotee/OSDZU3_Ref_Design/OSDZU3_Ref_Design.runs/design_1_v_frmbuf_rd_1_0_synth_1/prj/sol/.autopilot/db/v_frmbuf_rd.cpp:1150]   --->   Operation 80 'store' 'store_ln1150' <Predicate = (VideoFormat_val_read == 12 & !icmp_ln1150)> <Delay = 0.48>
ST_2 : Operation 81 [1/1] (0.00ns)   --->   "%br_ln0 = br void %if.end386"   --->   Operation 81 'br' 'br_ln0' <Predicate = (VideoFormat_val_read == 12 & icmp_ln1150)> <Delay = 0.00>
ST_2 : Operation 82 [1/1] (0.00ns)   --->   "%y_3 = load i12 %y" [/home/e/Documents/research/byotee/OSDZU3_Ref_Design/OSDZU3_Ref_Design.runs/design_1_v_frmbuf_rd_1_0_synth_1/prj/sol/.autopilot/db/v_frmbuf_rd.cpp:947]   --->   Operation 82 'load' 'y_3' <Predicate = (VideoFormat_val_read == 18) | (VideoFormat_val_read == 19)> <Delay = 0.00>
ST_2 : Operation 83 [1/1] (0.96ns)   --->   "%icmp_ln947 = icmp_eq  i12 %y_3, i12 %Height_val_read" [/home/e/Documents/research/byotee/OSDZU3_Ref_Design/OSDZU3_Ref_Design.runs/design_1_v_frmbuf_rd_1_0_synth_1/prj/sol/.autopilot/db/v_frmbuf_rd.cpp:947]   --->   Operation 83 'icmp' 'icmp_ln947' <Predicate = (VideoFormat_val_read == 18) | (VideoFormat_val_read == 19)> <Delay = 0.96> <CoreInst = "Cmp">   --->   Core 9 'Cmp' <Latency = 0> <II = 1> <Delay = 0.96> <FuncUnit> <Opcode : 'seteq' 'setne' 'setle' 'setge' 'setlt' 'setgt'> <InPorts = 2> <OutPorts = 1>
ST_2 : Operation 84 [1/1] (0.00ns)   --->   "%speclooptripcount_ln0 = speclooptripcount void @_ssdm_op_SpecLoopTripCount, i64 64, i64 2160, i64 2160"   --->   Operation 84 'speclooptripcount' 'speclooptripcount_ln0' <Predicate = (VideoFormat_val_read == 18) | (VideoFormat_val_read == 19)> <Delay = 0.00>
ST_2 : Operation 85 [1/1] (0.96ns)   --->   "%y_4 = add i12 %y_3, i12 1" [/home/e/Documents/research/byotee/OSDZU3_Ref_Design/OSDZU3_Ref_Design.runs/design_1_v_frmbuf_rd_1_0_synth_1/prj/sol/.autopilot/db/v_frmbuf_rd.cpp:947]   --->   Operation 85 'add' 'y_4' <Predicate = (VideoFormat_val_read == 18) | (VideoFormat_val_read == 19)> <Delay = 0.96> <CoreInst = "Adder">   --->   Core 1 'Adder' <Latency = 0> <II = 1> <Delay = 0.96> <FuncUnit> <Opcode : 'add' 'sub'> <InPorts = 2> <OutPorts = 1>
ST_2 : Operation 86 [1/1] (0.00ns)   --->   "%br_ln947 = br i1 %icmp_ln947, void %VITIS_LOOP_954_1.split, void %if.end390.loopexit" [/home/e/Documents/research/byotee/OSDZU3_Ref_Design/OSDZU3_Ref_Design.runs/design_1_v_frmbuf_rd_1_0_synth_1/prj/sol/.autopilot/db/v_frmbuf_rd.cpp:947]   --->   Operation 86 'br' 'br_ln947' <Predicate = (VideoFormat_val_read == 18) | (VideoFormat_val_read == 19)> <Delay = 0.00>
ST_2 : Operation 87 [1/1] (0.00ns)   --->   "%trunc_ln947 = trunc i12 %y_3" [/home/e/Documents/research/byotee/OSDZU3_Ref_Design/OSDZU3_Ref_Design.runs/design_1_v_frmbuf_rd_1_0_synth_1/prj/sol/.autopilot/db/v_frmbuf_rd.cpp:947]   --->   Operation 87 'trunc' 'trunc_ln947' <Predicate = (VideoFormat_val_read == 18 & !icmp_ln947) | (VideoFormat_val_read == 19 & !icmp_ln947)> <Delay = 0.00>
ST_2 : Operation 88 [2/2] (1.45ns)   --->   "%call_ln941 = call void @Bytes2MultiPixStream_Pipeline_VITIS_LOOP_954_1, i12 %trunc_ln941_1, i1 %icmp_ln944, i1 %cmp83_6, i1 %cmp83_5, i1 %cmp83_4, i1 %icmp6, i1 %cmp83_2, i13 %sub79, i24 %img, i1 %icmp3, i64 %bytePlanes_plane0, i5 %empty, i1 %trunc_ln947, i64 %bytePlanes_plane1" [/home/e/Documents/research/byotee/OSDZU3_Ref_Design/OSDZU3_Ref_Design.runs/design_1_v_frmbuf_rd_1_0_synth_1/prj/sol/.autopilot/db/v_frmbuf_rd.cpp:941]   --->   Operation 88 'call' 'call_ln941' <Predicate = (VideoFormat_val_read == 18 & !icmp_ln947) | (VideoFormat_val_read == 19 & !icmp_ln947)> <Delay = 1.45> <CoreType = "Generic">   --->   Generic Core
ST_2 : Operation 89 [1/1] (0.48ns)   --->   "%store_ln947 = store i12 %y_4, i12 %y" [/home/e/Documents/research/byotee/OSDZU3_Ref_Design/OSDZU3_Ref_Design.runs/design_1_v_frmbuf_rd_1_0_synth_1/prj/sol/.autopilot/db/v_frmbuf_rd.cpp:947]   --->   Operation 89 'store' 'store_ln947' <Predicate = (VideoFormat_val_read == 18 & !icmp_ln947) | (VideoFormat_val_read == 19 & !icmp_ln947)> <Delay = 0.48>
ST_2 : Operation 90 [1/1] (0.00ns)   --->   "%br_ln0 = br void %if.end390"   --->   Operation 90 'br' 'br_ln0' <Predicate = (VideoFormat_val_read == 18 & icmp_ln947) | (VideoFormat_val_read == 19 & icmp_ln947)> <Delay = 0.00>
ST_2 : Operation 91 [1/1] (0.00ns)   --->   "%br_ln0 = br void %if.end386"   --->   Operation 91 'br' 'br_ln0' <Predicate = (VideoFormat_val_read != 43 & VideoFormat_val_read != 42 & VideoFormat_val_read != 44 & VideoFormat_val_read != 41 & VideoFormat_val_read != 19 & VideoFormat_val_read != 18 & VideoFormat_val_read != 23 & VideoFormat_val_read != 22 & VideoFormat_val_read != 33 & VideoFormat_val_read != 32 & VideoFormat_val_read != 38 & VideoFormat_val_read != 37 & VideoFormat_val_read != 12 & icmp_ln1190) | (VideoFormat_val_read != 43 & VideoFormat_val_read != 42 & VideoFormat_val_read != 44 & VideoFormat_val_read != 41 & VideoFormat_val_read != 19 & VideoFormat_val_read != 18 & VideoFormat_val_read != 23 & VideoFormat_val_read != 22 & VideoFormat_val_read != 33 & VideoFormat_val_read != 32 & VideoFormat_val_read != 38 & VideoFormat_val_read != 37 & VideoFormat_val_read != 12 & VideoFormat_val_read != 28)> <Delay = 0.00>
ST_2 : Operation 92 [1/1] (0.00ns)   --->   "%br_ln0 = br void %if.end387"   --->   Operation 92 'br' 'br_ln0' <Predicate = (VideoFormat_val_read != 43 & VideoFormat_val_read != 42 & VideoFormat_val_read != 44 & VideoFormat_val_read != 41 & VideoFormat_val_read != 19 & VideoFormat_val_read != 18 & VideoFormat_val_read != 23 & VideoFormat_val_read != 22 & VideoFormat_val_read != 33 & VideoFormat_val_read != 32 & VideoFormat_val_read != 38 & VideoFormat_val_read != 37 & VideoFormat_val_read != 12 & icmp_ln1190) | (VideoFormat_val_read != 43 & VideoFormat_val_read != 42 & VideoFormat_val_read != 44 & VideoFormat_val_read != 41 & VideoFormat_val_read != 19 & VideoFormat_val_read != 18 & VideoFormat_val_read != 23 & VideoFormat_val_read != 22 & VideoFormat_val_read != 33 & VideoFormat_val_read != 32 & VideoFormat_val_read != 38 & VideoFormat_val_read != 37 & VideoFormat_val_read != 12 & VideoFormat_val_read != 28) | (VideoFormat_val_read == 12 & icmp_ln1150)> <Delay = 0.00>
ST_2 : Operation 93 [1/1] (0.00ns)   --->   "%br_ln0 = br void %if.end388"   --->   Operation 93 'br' 'br_ln0' <Predicate = (VideoFormat_val_read != 43 & VideoFormat_val_read != 42 & VideoFormat_val_read != 44 & VideoFormat_val_read != 41 & VideoFormat_val_read != 19 & VideoFormat_val_read != 18 & VideoFormat_val_read != 23 & VideoFormat_val_read != 22 & VideoFormat_val_read != 33 & VideoFormat_val_read != 32 & VideoFormat_val_read != 12 & icmp_ln1190) | (VideoFormat_val_read != 43 & VideoFormat_val_read != 42 & VideoFormat_val_read != 44 & VideoFormat_val_read != 41 & VideoFormat_val_read != 19 & VideoFormat_val_read != 18 & VideoFormat_val_read != 23 & VideoFormat_val_read != 22 & VideoFormat_val_read != 33 & VideoFormat_val_read != 32 & VideoFormat_val_read != 12 & VideoFormat_val_read != 28) | (VideoFormat_val_read == 12 & icmp_ln1150) | (VideoFormat_val_read == 37) | (VideoFormat_val_read == 38)> <Delay = 0.00>
ST_2 : Operation 94 [1/1] (0.00ns)   --->   "%br_ln0 = br void %if.end389"   --->   Operation 94 'br' 'br_ln0' <Predicate = (VideoFormat_val_read != 43 & VideoFormat_val_read != 42 & VideoFormat_val_read != 44 & VideoFormat_val_read != 41 & VideoFormat_val_read != 19 & VideoFormat_val_read != 18 & VideoFormat_val_read != 23 & VideoFormat_val_read != 22 & VideoFormat_val_read != 12 & icmp_ln1190) | (VideoFormat_val_read != 43 & VideoFormat_val_read != 42 & VideoFormat_val_read != 44 & VideoFormat_val_read != 41 & VideoFormat_val_read != 19 & VideoFormat_val_read != 18 & VideoFormat_val_read != 23 & VideoFormat_val_read != 22 & VideoFormat_val_read != 12 & VideoFormat_val_read != 28) | (VideoFormat_val_read == 12 & icmp_ln1150) | (VideoFormat_val_read == 37) | (VideoFormat_val_read == 38) | (VideoFormat_val_read == 32) | (VideoFormat_val_read == 33)> <Delay = 0.00>
ST_2 : Operation 95 [1/1] (0.00ns)   --->   "%br_ln0 = br void %if.end390"   --->   Operation 95 'br' 'br_ln0' <Predicate = (VideoFormat_val_read != 43 & VideoFormat_val_read != 42 & VideoFormat_val_read != 44 & VideoFormat_val_read != 41 & VideoFormat_val_read != 19 & VideoFormat_val_read != 18 & VideoFormat_val_read != 12 & icmp_ln1190) | (VideoFormat_val_read != 43 & VideoFormat_val_read != 42 & VideoFormat_val_read != 44 & VideoFormat_val_read != 41 & VideoFormat_val_read != 19 & VideoFormat_val_read != 18 & VideoFormat_val_read != 12 & VideoFormat_val_read != 28) | (VideoFormat_val_read == 12 & icmp_ln1150) | (VideoFormat_val_read == 37) | (VideoFormat_val_read == 38) | (VideoFormat_val_read == 32) | (VideoFormat_val_read == 33) | (VideoFormat_val_read == 22) | (VideoFormat_val_read == 23)> <Delay = 0.00>
ST_2 : Operation 96 [1/1] (0.00ns)   --->   "%br_ln0 = br void %if.end391"   --->   Operation 96 'br' 'br_ln0' <Predicate = (VideoFormat_val_read == 18 & icmp_ln947) | (VideoFormat_val_read != 43 & VideoFormat_val_read != 42 & VideoFormat_val_read != 44 & VideoFormat_val_read != 41 & VideoFormat_val_read != 19 & VideoFormat_val_read != 18 & VideoFormat_val_read != 12 & icmp_ln1190) | (VideoFormat_val_read != 43 & VideoFormat_val_read != 42 & VideoFormat_val_read != 44 & VideoFormat_val_read != 41 & VideoFormat_val_read != 19 & VideoFormat_val_read != 18 & VideoFormat_val_read != 12 & VideoFormat_val_read != 28) | (VideoFormat_val_read == 12 & icmp_ln1150) | (VideoFormat_val_read == 37) | (VideoFormat_val_read == 38) | (VideoFormat_val_read == 32) | (VideoFormat_val_read == 33) | (VideoFormat_val_read == 22) | (VideoFormat_val_read == 23) | (VideoFormat_val_read == 19 & icmp_ln947)> <Delay = 0.00>
ST_2 : Operation 97 [1/1] (0.00ns)   --->   "%br_ln0 = br void %if.end392"   --->   Operation 97 'br' 'br_ln0' <Predicate = (VideoFormat_val_read == 18 & icmp_ln947) | (VideoFormat_val_read != 43 & VideoFormat_val_read != 42 & VideoFormat_val_read != 44 & VideoFormat_val_read != 19 & VideoFormat_val_read != 18 & VideoFormat_val_read != 12 & icmp_ln1190) | (VideoFormat_val_read != 43 & VideoFormat_val_read != 42 & VideoFormat_val_read != 44 & VideoFormat_val_read != 19 & VideoFormat_val_read != 18 & VideoFormat_val_read != 12 & VideoFormat_val_read != 28) | (VideoFormat_val_read == 12 & icmp_ln1150) | (VideoFormat_val_read == 37) | (VideoFormat_val_read == 38) | (VideoFormat_val_read == 32) | (VideoFormat_val_read == 33) | (VideoFormat_val_read == 22) | (VideoFormat_val_read == 23) | (VideoFormat_val_read == 19 & icmp_ln947) | (VideoFormat_val_read == 41)> <Delay = 0.00>
ST_2 : Operation 98 [1/1] (0.00ns)   --->   "%br_ln0 = br void %if.end393"   --->   Operation 98 'br' 'br_ln0' <Predicate = (VideoFormat_val_read == 18 & icmp_ln947) | (VideoFormat_val_read != 43 & VideoFormat_val_read != 42 & VideoFormat_val_read != 19 & VideoFormat_val_read != 18 & VideoFormat_val_read != 12 & icmp_ln1190) | (VideoFormat_val_read != 43 & VideoFormat_val_read != 42 & VideoFormat_val_read != 19 & VideoFormat_val_read != 18 & VideoFormat_val_read != 12 & VideoFormat_val_read != 28) | (VideoFormat_val_read == 12 & icmp_ln1150) | (VideoFormat_val_read == 37) | (VideoFormat_val_read == 38) | (VideoFormat_val_read == 32) | (VideoFormat_val_read == 33) | (VideoFormat_val_read == 22) | (VideoFormat_val_read == 23) | (VideoFormat_val_read == 19 & icmp_ln947) | (VideoFormat_val_read == 41) | (VideoFormat_val_read == 44)> <Delay = 0.00>
ST_2 : Operation 99 [1/1] (0.00ns)   --->   "%br_ln0 = br void %if.end394"   --->   Operation 99 'br' 'br_ln0' <Predicate = (VideoFormat_val_read == 18 & icmp_ln947) | (VideoFormat_val_read != 43 & VideoFormat_val_read != 19 & VideoFormat_val_read != 18 & VideoFormat_val_read != 12 & icmp_ln1190) | (VideoFormat_val_read != 43 & VideoFormat_val_read != 19 & VideoFormat_val_read != 18 & VideoFormat_val_read != 12 & VideoFormat_val_read != 28) | (VideoFormat_val_read == 12 & icmp_ln1150) | (VideoFormat_val_read == 37) | (VideoFormat_val_read == 38) | (VideoFormat_val_read == 32) | (VideoFormat_val_read == 33) | (VideoFormat_val_read == 22) | (VideoFormat_val_read == 23) | (VideoFormat_val_read == 19 & icmp_ln947) | (VideoFormat_val_read == 41) | (VideoFormat_val_read == 44) | (VideoFormat_val_read == 42)> <Delay = 0.00>
ST_2 : Operation 100 [1/1] (0.00ns)   --->   "%ret_ln1796 = ret" [/home/e/Documents/research/byotee/OSDZU3_Ref_Design/OSDZU3_Ref_Design.runs/design_1_v_frmbuf_rd_1_0_synth_1/prj/sol/.autopilot/db/v_frmbuf_rd.cpp:1796]   --->   Operation 100 'ret' 'ret_ln1796' <Predicate = (VideoFormat_val_read == 18 & icmp_ln947) | (VideoFormat_val_read != 19 & VideoFormat_val_read != 18 & VideoFormat_val_read != 12 & icmp_ln1190) | (VideoFormat_val_read != 19 & VideoFormat_val_read != 18 & VideoFormat_val_read != 12 & VideoFormat_val_read != 28) | (VideoFormat_val_read == 12 & icmp_ln1150) | (VideoFormat_val_read == 37) | (VideoFormat_val_read == 38) | (VideoFormat_val_read == 32) | (VideoFormat_val_read == 33) | (VideoFormat_val_read == 22) | (VideoFormat_val_read == 23) | (VideoFormat_val_read == 19 & icmp_ln947) | (VideoFormat_val_read == 41) | (VideoFormat_val_read == 44) | (VideoFormat_val_read == 42) | (VideoFormat_val_read == 43)> <Delay = 0.00>

State 3 <SV = 2> <Delay = 1.93>
ST_3 : Operation 101 [1/1] (0.00ns)   --->   "%specloopname_ln1190 = specloopname void @_ssdm_op_SpecLoopName, void @empty_11" [/home/e/Documents/research/byotee/OSDZU3_Ref_Design/OSDZU3_Ref_Design.runs/design_1_v_frmbuf_rd_1_0_synth_1/prj/sol/.autopilot/db/v_frmbuf_rd.cpp:1190]   --->   Operation 101 'specloopname' 'specloopname_ln1190' <Predicate = true> <Delay = 0.00>
ST_3 : Operation 102 [1/2] (1.93ns)   --->   "%call_ln1184 = call void @Bytes2MultiPixStream_Pipeline_VITIS_LOOP_1197_7, i12 %loopWidth_2, i1 %icmp_ln1187, i1 %cmp290_2, i64 %bytePlanes_plane0, i13 %sub286, i24 %img, i1 %icmp12" [/home/e/Documents/research/byotee/OSDZU3_Ref_Design/OSDZU3_Ref_Design.runs/design_1_v_frmbuf_rd_1_0_synth_1/prj/sol/.autopilot/db/v_frmbuf_rd.cpp:1184]   --->   Operation 102 'call' 'call_ln1184' <Predicate = true> <Delay = 1.93> <CoreType = "Generic">   --->   Generic Core
ST_3 : Operation 103 [1/1] (0.00ns)   --->   "%br_ln1190 = br void %VITIS_LOOP_1197_7" [/home/e/Documents/research/byotee/OSDZU3_Ref_Design/OSDZU3_Ref_Design.runs/design_1_v_frmbuf_rd_1_0_synth_1/prj/sol/.autopilot/db/v_frmbuf_rd.cpp:1190]   --->   Operation 103 'br' 'br_ln1190' <Predicate = true> <Delay = 0.00>

State 4 <SV = 2> <Delay = 1.93>
ST_4 : Operation 104 [1/1] (0.00ns)   --->   "%specloopname_ln1150 = specloopname void @_ssdm_op_SpecLoopName, void @empty_7" [/home/e/Documents/research/byotee/OSDZU3_Ref_Design/OSDZU3_Ref_Design.runs/design_1_v_frmbuf_rd_1_0_synth_1/prj/sol/.autopilot/db/v_frmbuf_rd.cpp:1150]   --->   Operation 104 'specloopname' 'specloopname_ln1150' <Predicate = true> <Delay = 0.00>
ST_4 : Operation 105 [1/2] (1.93ns)   --->   "%call_ln1144 = call void @Bytes2MultiPixStream_Pipeline_VITIS_LOOP_1157_4, i12 %loopWidth_1, i1 %icmp_ln1147, i1 %cmp197_2, i64 %bytePlanes_plane0, i13 %sub193, i24 %img, i1 %icmp9" [/home/e/Documents/research/byotee/OSDZU3_Ref_Design/OSDZU3_Ref_Design.runs/design_1_v_frmbuf_rd_1_0_synth_1/prj/sol/.autopilot/db/v_frmbuf_rd.cpp:1144]   --->   Operation 105 'call' 'call_ln1144' <Predicate = true> <Delay = 1.93> <CoreType = "Generic">   --->   Generic Core
ST_4 : Operation 106 [1/1] (0.00ns)   --->   "%br_ln1150 = br void %VITIS_LOOP_1157_4" [/home/e/Documents/research/byotee/OSDZU3_Ref_Design/OSDZU3_Ref_Design.runs/design_1_v_frmbuf_rd_1_0_synth_1/prj/sol/.autopilot/db/v_frmbuf_rd.cpp:1150]   --->   Operation 106 'br' 'br_ln1150' <Predicate = true> <Delay = 0.00>

State 5 <SV = 2> <Delay = 1.93>
ST_5 : Operation 107 [1/1] (0.00ns)   --->   "%specloopname_ln947 = specloopname void @_ssdm_op_SpecLoopName, void @empty_17" [/home/e/Documents/research/byotee/OSDZU3_Ref_Design/OSDZU3_Ref_Design.runs/design_1_v_frmbuf_rd_1_0_synth_1/prj/sol/.autopilot/db/v_frmbuf_rd.cpp:947]   --->   Operation 107 'specloopname' 'specloopname_ln947' <Predicate = true> <Delay = 0.00>
ST_5 : Operation 108 [1/2] (1.93ns)   --->   "%call_ln941 = call void @Bytes2MultiPixStream_Pipeline_VITIS_LOOP_954_1, i12 %trunc_ln941_1, i1 %icmp_ln944, i1 %cmp83_6, i1 %cmp83_5, i1 %cmp83_4, i1 %icmp6, i1 %cmp83_2, i13 %sub79, i24 %img, i1 %icmp3, i64 %bytePlanes_plane0, i5 %empty, i1 %trunc_ln947, i64 %bytePlanes_plane1" [/home/e/Documents/research/byotee/OSDZU3_Ref_Design/OSDZU3_Ref_Design.runs/design_1_v_frmbuf_rd_1_0_synth_1/prj/sol/.autopilot/db/v_frmbuf_rd.cpp:941]   --->   Operation 108 'call' 'call_ln941' <Predicate = true> <Delay = 1.93> <CoreType = "Generic">   --->   Generic Core
ST_5 : Operation 109 [1/1] (0.00ns)   --->   "%br_ln947 = br void %VITIS_LOOP_954_1" [/home/e/Documents/research/byotee/OSDZU3_Ref_Design/OSDZU3_Ref_Design.runs/design_1_v_frmbuf_rd_1_0_synth_1/prj/sol/.autopilot/db/v_frmbuf_rd.cpp:947]   --->   Operation 109 'br' 'br_ln947' <Predicate = true> <Delay = 0.00>


============================================================
+ Verbose Summary: Timing violations
============================================================
Target clock period: 5.000ns, clock uncertainty: 1.350ns.

 <State 1>: 2.064ns
The critical path consists of the following:
	wire read operation ('WidthInBytes_val_read') on port 'WidthInBytes_val' [8]  (0.000 ns)
	'icmp' operation 1 bit ('icmp_ln944', /home/e/Documents/research/byotee/OSDZU3_Ref_Design/OSDZU3_Ref_Design.runs/design_1_v_frmbuf_rd_1_0_synth_1/prj/sol/.autopilot/db/v_frmbuf_rd.cpp:944) [83]  (0.746 ns)
	'select' operation 4 bit ('remainPix', /home/e/Documents/research/byotee/OSDZU3_Ref_Design/OSDZU3_Ref_Design.runs/design_1_v_frmbuf_rd_1_0_synth_1/prj/sol/.autopilot/db/v_frmbuf_rd.cpp:944) [84]  (0.450 ns)
	'icmp' operation 1 bit ('cmp83_2', /home/e/Documents/research/byotee/OSDZU3_Ref_Design/OSDZU3_Ref_Design.runs/design_1_v_frmbuf_rd_1_0_synth_1/prj/sol/.autopilot/db/v_frmbuf_rd.cpp:944) [88]  (0.868 ns)

 <State 2>: 2.412ns
The critical path consists of the following:
	'load' operation 12 bit ('y', /home/e/Documents/research/byotee/OSDZU3_Ref_Design/OSDZU3_Ref_Design.runs/design_1_v_frmbuf_rd_1_0_synth_1/prj/sol/.autopilot/db/v_frmbuf_rd.cpp:947) on local variable 'y', /home/e/Documents/research/byotee/OSDZU3_Ref_Design/OSDZU3_Ref_Design.runs/design_1_v_frmbuf_rd_1_0_synth_1/prj/sol/.autopilot/db/v_frmbuf_rd.cpp:947 [97]  (0.000 ns)
	'icmp' operation 1 bit ('icmp_ln947', /home/e/Documents/research/byotee/OSDZU3_Ref_Design/OSDZU3_Ref_Design.runs/design_1_v_frmbuf_rd_1_0_synth_1/prj/sol/.autopilot/db/v_frmbuf_rd.cpp:947) [98]  (0.962 ns)
	'call' operation 0 bit ('call_ln941', /home/e/Documents/research/byotee/OSDZU3_Ref_Design/OSDZU3_Ref_Design.runs/design_1_v_frmbuf_rd_1_0_synth_1/prj/sol/.autopilot/db/v_frmbuf_rd.cpp:941) to 'Bytes2MultiPixStream_Pipeline_VITIS_LOOP_954_1' [105]  (1.450 ns)

 <State 3>: 1.939ns
The critical path consists of the following:
	'call' operation 0 bit ('call_ln1184', /home/e/Documents/research/byotee/OSDZU3_Ref_Design/OSDZU3_Ref_Design.runs/design_1_v_frmbuf_rd_1_0_synth_1/prj/sol/.autopilot/db/v_frmbuf_rd.cpp:1184) to 'Bytes2MultiPixStream_Pipeline_VITIS_LOOP_1197_7' [43]  (1.939 ns)

 <State 4>: 1.939ns
The critical path consists of the following:
	'call' operation 0 bit ('call_ln1144', /home/e/Documents/research/byotee/OSDZU3_Ref_Design/OSDZU3_Ref_Design.runs/design_1_v_frmbuf_rd_1_0_synth_1/prj/sol/.autopilot/db/v_frmbuf_rd.cpp:1144) to 'Bytes2MultiPixStream_Pipeline_VITIS_LOOP_1157_4' [71]  (1.939 ns)

 <State 5>: 1.939ns
The critical path consists of the following:
	'call' operation 0 bit ('call_ln941', /home/e/Documents/research/byotee/OSDZU3_Ref_Design/OSDZU3_Ref_Design.runs/design_1_v_frmbuf_rd_1_0_synth_1/prj/sol/.autopilot/db/v_frmbuf_rd.cpp:941) to 'Bytes2MultiPixStream_Pipeline_VITIS_LOOP_954_1' [105]  (1.939 ns)


============================================================
+ Verbose Summary: Binding
============================================================
N/A
* FSMD analyzer results:
  - Output states:
 - Input state : 
  - Chain level:
	State 1
	State 2
	State 3
	State 4
	State 5


============================================================
+ Verbose Summary: Datapath Resource usage 
============================================================
N/A
