

================================================================
== Vitis HLS Report for 'Bytes2MultiPixStream_Pipeline_VITIS_LOOP_1197_7'
================================================================
* Date:           Sat Sep  6 13:58:46 2025

* Version:        2025.1 (Build 6135595 on May 21 2025)
* Project:        prj
* Solution:       sol (Vivado IP Flow Target)
* Product family: zynquplus
* Target device:  xczu3eg-sfvc784-1-e


================================================================
== Performance Estimates
================================================================
+ Timing: 
    * Summary: 
    +--------+---------+----------+------------+
    |  Clock |  Target | Estimated| Uncertainty|
    +--------+---------+----------+------------+
    |ap_clk  |  5.00 ns|  3.650 ns|     1.35 ns|
    +--------+---------+----------+------------+

+ Latency: 
    * Summary: 
    +---------+---------+-----------+-----------+-----+-------+------------------------------------------------+
    |  Latency (cycles) |   Latency (absolute)  |   Interval  |                    Pipeline                    |
    |   min   |   max   |    min    |    max    | min |  max  |                      Type                      |
    +---------+---------+-----------+-----------+-----+-------+------------------------------------------------+
    |        2|    11522|  10.000 ns|  57.610 us|    1|  11521|  loop auto-rewind stp (delay=0 clock cycles(s))|
    +---------+---------+-----------+-----------+-----+-------+------------------------------------------------+

    + Detail: 
        * Instance: 
        N/A

        * Loop: 
        +---------------------+---------+---------+----------+-----------+-----------+----------+----------+
        |                     |  Latency (cycles) | Iteration|  Initiation Interval  |   Trip   |          |
        |      Loop Name      |   min   |   max   |  Latency |  achieved |   target  |   Count  | Pipelined|
        +---------------------+---------+---------+----------+-----------+-----------+----------+----------+
        |- VITIS_LOOP_1197_7  |        0|    11520|         5|          4|          4|  0 ~ 2880|       yes|
        +---------------------+---------+---------+----------+-----------+-----------+----------+----------+

============================================================
+ Verbose Summary: Synthesis Manager
============================================================
InlineROM: 1
ExposeGlobal: 0
============================================================
+ Verbose Summary: CDFG Model
============================================================
IsTopModel: 0
ResetActiveHigh: 1
IsCombinational: 0
IsDatapathOnly: 0
HasWiredReturn: 1
HasMFsm: 2
HasVarLatency: 1
IsPipeline: 0
IsRtlPipelined: 0
IsInstanceOverlapped: 0
IsDontTouch: 0
HasImplIP: 0
IsGatedGlobalClock: 0

+ Individual pipeline summary: 
  * Pipeline-0: initiation interval (II) = 4, depth = 5


============================================================
+ Verbose Summary: Schedule
============================================================
* Number of FSM states : 5
* Pipeline : 1
  Pipeline-0 : II = 4, D = 5, States = { 1 2 3 4 5 }
* Dataflow Pipeline: 0

* FSM state transitions: 
1 --> 2 
2 --> 3 
3 --> 4 
4 --> 5 
5 --> 

* FSM state operations: 

State 1 <SV = 0> <Delay = 1.93>
ST_1 : Operation 8 [1/1] (0.00ns)   --->   "%x_2 = alloca i32 1" [/home/e/Documents/research/byotee/OSDZU3_Ref_Design/OSDZU3_Ref_Design.runs/design_1_v_frmbuf_rd_1_0_synth_1/prj/sol/.autopilot/db/v_frmbuf_rd.cpp:1197]   --->   Operation 8 'alloca' 'x_2' <Predicate = true> <Delay = 0.00>
ST_1 : Operation 9 [1/1] (0.00ns)   --->   "%specmemcore_ln0 = specmemcore void @_ssdm_op_SpecMemCore, i64 %bytePlanes_plane0, i64 666, i64 8, i64 18446744073709551615"   --->   Operation 9 'specmemcore' 'specmemcore_ln0' <Predicate = true> <Delay = 0.00>
ST_1 : Operation 10 [1/1] (0.00ns)   --->   "%specinterface_ln0 = specinterface void @_ssdm_op_SpecInterface, i24 %img, void @empty_15, i32 0, i32 0, void @empty_4, i32 0, i32 0, void @empty_4, void @empty_4, void @empty_4, i32 0, i32 0, i32 0, i32 0, void @empty_4, void @empty_4, i32 4294967295, i32 0, i32 0"   --->   Operation 10 'specinterface' 'specinterface_ln0' <Predicate = true> <Delay = 0.00>
ST_1 : Operation 11 [1/1] (0.00ns)   --->   "%specinterface_ln0 = specinterface void @_ssdm_op_SpecInterface, i64 %bytePlanes_plane0, void @empty_15, i32 0, i32 0, void @empty_4, i32 0, i32 0, void @empty_4, void @empty_4, void @empty_4, i32 0, i32 0, i32 0, i32 0, void @empty_4, void @empty_4, i32 4294967295, i32 0, i32 0"   --->   Operation 11 'specinterface' 'specinterface_ln0' <Predicate = true> <Delay = 0.00>
ST_1 : Operation 12 [1/1] (0.00ns)   --->   "%icmp12_read = read i1 @_ssdm_op_Read.ap_auto.i1, i1 %icmp12" [/home/e/Documents/research/byotee/OSDZU3_Ref_Design/OSDZU3_Ref_Design.runs/design_1_v_frmbuf_rd_1_0_synth_1/prj/sol/.autopilot/db/v_frmbuf_rd.cpp:686]   --->   Operation 12 'read' 'icmp12_read' <Predicate = true> <Delay = 0.00>
ST_1 : Operation 13 [1/1] (0.00ns)   --->   "%sub286_cast_read = read i13 @_ssdm_op_Read.ap_auto.i13, i13 %sub286_cast" [/home/e/Documents/research/byotee/OSDZU3_Ref_Design/OSDZU3_Ref_Design.runs/design_1_v_frmbuf_rd_1_0_synth_1/prj/sol/.autopilot/db/v_frmbuf_rd.cpp:686]   --->   Operation 13 'read' 'sub286_cast_read' <Predicate = true> <Delay = 0.00>
ST_1 : Operation 14 [1/1] (0.00ns)   --->   "%cmp290_2_read = read i1 @_ssdm_op_Read.ap_auto.i1, i1 %cmp290_2" [/home/e/Documents/research/byotee/OSDZU3_Ref_Design/OSDZU3_Ref_Design.runs/design_1_v_frmbuf_rd_1_0_synth_1/prj/sol/.autopilot/db/v_frmbuf_rd.cpp:686]   --->   Operation 14 'read' 'cmp290_2_read' <Predicate = true> <Delay = 0.00>
ST_1 : Operation 15 [1/1] (0.00ns)   --->   "%icmp_ln1187_read = read i1 @_ssdm_op_Read.ap_auto.i1, i1 %icmp_ln1187" [/home/e/Documents/research/byotee/OSDZU3_Ref_Design/OSDZU3_Ref_Design.runs/design_1_v_frmbuf_rd_1_0_synth_1/prj/sol/.autopilot/db/v_frmbuf_rd.cpp:686]   --->   Operation 15 'read' 'icmp_ln1187_read' <Predicate = true> <Delay = 0.00>
ST_1 : Operation 16 [1/1] (0.00ns)   --->   "%loopWidth_2_read = read i12 @_ssdm_op_Read.ap_auto.i12, i12 %loopWidth_2" [/home/e/Documents/research/byotee/OSDZU3_Ref_Design/OSDZU3_Ref_Design.runs/design_1_v_frmbuf_rd_1_0_synth_1/prj/sol/.autopilot/db/v_frmbuf_rd.cpp:686]   --->   Operation 16 'read' 'loopWidth_2_read' <Predicate = true> <Delay = 0.00>
ST_1 : Operation 17 [1/1] (0.48ns)   --->   "%store_ln1197 = store i12 0, i12 %x_2" [/home/e/Documents/research/byotee/OSDZU3_Ref_Design/OSDZU3_Ref_Design.runs/design_1_v_frmbuf_rd_1_0_synth_1/prj/sol/.autopilot/db/v_frmbuf_rd.cpp:1197]   --->   Operation 17 'store' 'store_ln1197' <Predicate = true> <Delay = 0.48>
ST_1 : Operation 18 [1/1] (0.00ns)   --->   "%br_ln1197 = br void %VITIS_LOOP_1204_8" [/home/e/Documents/research/byotee/OSDZU3_Ref_Design/OSDZU3_Ref_Design.runs/design_1_v_frmbuf_rd_1_0_synth_1/prj/sol/.autopilot/db/v_frmbuf_rd.cpp:1197]   --->   Operation 18 'br' 'br_ln1197' <Predicate = true> <Delay = 0.00>
ST_1 : Operation 19 [1/1] (0.00ns)   --->   "%x = load i12 %x_2" [/home/e/Documents/research/byotee/OSDZU3_Ref_Design/OSDZU3_Ref_Design.runs/design_1_v_frmbuf_rd_1_0_synth_1/prj/sol/.autopilot/db/v_frmbuf_rd.cpp:1197]   --->   Operation 19 'load' 'x' <Predicate = true> <Delay = 0.00>
ST_1 : Operation 20 [1/1] (0.00ns)   --->   "%zext_ln686 = zext i12 %x" [/home/e/Documents/research/byotee/OSDZU3_Ref_Design/OSDZU3_Ref_Design.runs/design_1_v_frmbuf_rd_1_0_synth_1/prj/sol/.autopilot/db/v_frmbuf_rd.cpp:686]   --->   Operation 20 'zext' 'zext_ln686' <Predicate = true> <Delay = 0.00>
ST_1 : Operation 21 [1/1] (0.96ns)   --->   "%icmp_ln1197 = icmp_eq  i12 %x, i12 %loopWidth_2_read" [/home/e/Documents/research/byotee/OSDZU3_Ref_Design/OSDZU3_Ref_Design.runs/design_1_v_frmbuf_rd_1_0_synth_1/prj/sol/.autopilot/db/v_frmbuf_rd.cpp:1197]   --->   Operation 21 'icmp' 'icmp_ln1197' <Predicate = true> <Delay = 0.96> <CoreInst = "Cmp">   --->   Core 9 'Cmp' <Latency = 0> <II = 1> <Delay = 0.96> <FuncUnit> <Opcode : 'seteq' 'setne' 'setle' 'setge' 'setlt' 'setgt'> <InPorts = 2> <OutPorts = 1>
ST_1 : Operation 22 [1/1] (0.00ns)   --->   "%speclooptripcount_ln0 = speclooptripcount void @_ssdm_op_SpecLoopTripCount, i64 0, i64 2880, i64 0"   --->   Operation 22 'speclooptripcount' 'speclooptripcount_ln0' <Predicate = true> <Delay = 0.00>
ST_1 : Operation 23 [1/1] (0.96ns)   --->   "%x_3 = add i12 %x, i12 1" [/home/e/Documents/research/byotee/OSDZU3_Ref_Design/OSDZU3_Ref_Design.runs/design_1_v_frmbuf_rd_1_0_synth_1/prj/sol/.autopilot/db/v_frmbuf_rd.cpp:1197]   --->   Operation 23 'add' 'x_3' <Predicate = true> <Delay = 0.96> <CoreInst = "Adder">   --->   Core 1 'Adder' <Latency = 0> <II = 1> <Delay = 0.96> <FuncUnit> <Opcode : 'add' 'sub'> <InPorts = 2> <OutPorts = 1>
ST_1 : Operation 24 [1/1] (0.00ns)   --->   "%br_ln1197 = br i1 %icmp_ln1197, void %VITIS_LOOP_1204_8.split, void %for.inc299.exitStub" [/home/e/Documents/research/byotee/OSDZU3_Ref_Design/OSDZU3_Ref_Design.runs/design_1_v_frmbuf_rd_1_0_synth_1/prj/sol/.autopilot/db/v_frmbuf_rd.cpp:1197]   --->   Operation 24 'br' 'br_ln1197' <Predicate = true> <Delay = 0.00>
ST_1 : Operation 25 [1/1] (0.97ns)   --->   "%cmp287 = icmp_slt  i13 %zext_ln686, i13 %sub286_cast_read" [/home/e/Documents/research/byotee/OSDZU3_Ref_Design/OSDZU3_Ref_Design.runs/design_1_v_frmbuf_rd_1_0_synth_1/prj/sol/.autopilot/db/v_frmbuf_rd.cpp:686]   --->   Operation 25 'icmp' 'cmp287' <Predicate = (!icmp_ln1197)> <Delay = 0.97> <CoreInst = "Cmp">   --->   Core 9 'Cmp' <Latency = 0> <II = 1> <Delay = 0.97> <FuncUnit> <Opcode : 'seteq' 'setne' 'setle' 'setge' 'setlt' 'setgt'> <InPorts = 2> <OutPorts = 1>
ST_1 : Operation 26 [1/1] (0.33ns)   --->   "%or_ln1213 = or i1 %cmp287, i1 %icmp12_read" [/home/e/Documents/research/byotee/OSDZU3_Ref_Design/OSDZU3_Ref_Design.runs/design_1_v_frmbuf_rd_1_0_synth_1/prj/sol/.autopilot/db/v_frmbuf_rd.cpp:1213]   --->   Operation 26 'or' 'or_ln1213' <Predicate = (!icmp_ln1197)> <Delay = 0.33> <CoreInst = "LogicGate">   --->   Core 74 'LogicGate' <Latency = 0> <II = 1> <Delay = 0.33> <FuncUnit> <Opcode : 'and' 'or' 'xor'> <InPorts = 2> <OutPorts = 1>
ST_1 : Operation 27 [1/1] (0.00ns)   --->   "%br_ln1213 = br i1 %or_ln1213, void %for.inc283.2, void %if.then291.1" [/home/e/Documents/research/byotee/OSDZU3_Ref_Design/OSDZU3_Ref_Design.runs/design_1_v_frmbuf_rd_1_0_synth_1/prj/sol/.autopilot/db/v_frmbuf_rd.cpp:1213]   --->   Operation 27 'br' 'br_ln1213' <Predicate = (!icmp_ln1197)> <Delay = 0.00>
ST_1 : Operation 28 [1/1] (0.33ns)   --->   "%or_ln1213_1 = or i1 %cmp287, i1 %cmp290_2_read" [/home/e/Documents/research/byotee/OSDZU3_Ref_Design/OSDZU3_Ref_Design.runs/design_1_v_frmbuf_rd_1_0_synth_1/prj/sol/.autopilot/db/v_frmbuf_rd.cpp:1213]   --->   Operation 28 'or' 'or_ln1213_1' <Predicate = (!icmp_ln1197)> <Delay = 0.33> <CoreInst = "LogicGate">   --->   Core 74 'LogicGate' <Latency = 0> <II = 1> <Delay = 0.33> <FuncUnit> <Opcode : 'and' 'or' 'xor'> <InPorts = 2> <OutPorts = 1>
ST_1 : Operation 29 [1/1] (0.00ns)   --->   "%br_ln1213 = br i1 %or_ln1213_1, void %for.inc283.3, void %if.then291.2" [/home/e/Documents/research/byotee/OSDZU3_Ref_Design/OSDZU3_Ref_Design.runs/design_1_v_frmbuf_rd_1_0_synth_1/prj/sol/.autopilot/db/v_frmbuf_rd.cpp:1213]   --->   Operation 29 'br' 'br_ln1213' <Predicate = (!icmp_ln1197)> <Delay = 0.00>
ST_1 : Operation 30 [1/1] (0.33ns)   --->   "%or_ln1213_2 = or i1 %cmp287, i1 %icmp_ln1187_read" [/home/e/Documents/research/byotee/OSDZU3_Ref_Design/OSDZU3_Ref_Design.runs/design_1_v_frmbuf_rd_1_0_synth_1/prj/sol/.autopilot/db/v_frmbuf_rd.cpp:1213]   --->   Operation 30 'or' 'or_ln1213_2' <Predicate = (!icmp_ln1197)> <Delay = 0.33> <CoreInst = "LogicGate">   --->   Core 74 'LogicGate' <Latency = 0> <II = 1> <Delay = 0.33> <FuncUnit> <Opcode : 'and' 'or' 'xor'> <InPorts = 2> <OutPorts = 1>
ST_1 : Operation 31 [1/1] (0.00ns)   --->   "%br_ln1213 = br i1 %or_ln1213_2, void %for.inc293.3, void %if.then291.3" [/home/e/Documents/research/byotee/OSDZU3_Ref_Design/OSDZU3_Ref_Design.runs/design_1_v_frmbuf_rd_1_0_synth_1/prj/sol/.autopilot/db/v_frmbuf_rd.cpp:1213]   --->   Operation 31 'br' 'br_ln1213' <Predicate = (!icmp_ln1197)> <Delay = 0.00>
ST_1 : Operation 32 [1/1] (0.48ns)   --->   "%store_ln1197 = store i12 %x_3, i12 %x_2" [/home/e/Documents/research/byotee/OSDZU3_Ref_Design/OSDZU3_Ref_Design.runs/design_1_v_frmbuf_rd_1_0_synth_1/prj/sol/.autopilot/db/v_frmbuf_rd.cpp:1197]   --->   Operation 32 'store' 'store_ln1197' <Predicate = (!icmp_ln1197)> <Delay = 0.48>
ST_1 : Operation 33 [1/1] (0.00ns)   --->   "%br_ln1197 = br void %VITIS_LOOP_1204_8" [/home/e/Documents/research/byotee/OSDZU3_Ref_Design/OSDZU3_Ref_Design.runs/design_1_v_frmbuf_rd_1_0_synth_1/prj/sol/.autopilot/db/v_frmbuf_rd.cpp:1197]   --->   Operation 33 'br' 'br_ln1197' <Predicate = (!icmp_ln1197)> <Delay = 0.00>
ST_1 : Operation 60 [1/1] (0.48ns)   --->   "%ret_ln0 = ret"   --->   Operation 60 'ret' 'ret_ln0' <Predicate = (icmp_ln1197)> <Delay = 0.48>

State 2 <SV = 1> <Delay = 3.65>
ST_2 : Operation 34 [1/1] (0.00ns)   --->   "%specpipeline_ln1199 = specpipeline void @_ssdm_op_SpecPipeline, i32 4, i32 0, i32 0, i32 0, void @empty_4" [/home/e/Documents/research/byotee/OSDZU3_Ref_Design/OSDZU3_Ref_Design.runs/design_1_v_frmbuf_rd_1_0_synth_1/prj/sol/.autopilot/db/v_frmbuf_rd.cpp:1199]   --->   Operation 34 'specpipeline' 'specpipeline_ln1199' <Predicate = (!icmp_ln1197)> <Delay = 0.00>
ST_2 : Operation 35 [1/1] (0.00ns)   --->   "%specloopname_ln1197 = specloopname void @_ssdm_op_SpecLoopName, void @empty_21" [/home/e/Documents/research/byotee/OSDZU3_Ref_Design/OSDZU3_Ref_Design.runs/design_1_v_frmbuf_rd_1_0_synth_1/prj/sol/.autopilot/db/v_frmbuf_rd.cpp:1197]   --->   Operation 35 'specloopname' 'specloopname_ln1197' <Predicate = (!icmp_ln1197)> <Delay = 0.00>
ST_2 : Operation 36 [1/1] ( I:1.82ns O:1.82ns )   --->   "%rd = read i64 @_ssdm_op_Read.ap_fifo.volatile.i64P0A, i64 %bytePlanes_plane0" [/home/e/Documents/research/byotee/OSDZU3_Ref_Design/OSDZU3_Ref_Design.runs/design_1_v_frmbuf_rd_1_0_synth_1/prj/sol/.autopilot/db/v_frmbuf_rd.cpp:1202]   --->   Operation 36 'read' 'rd' <Predicate = (!icmp_ln1197)> <Delay = 1.82> <CoreInst = "FIFO_BRAM">   --->   Core 78 'FIFO_BRAM' <Latency = 0> <II = 1> <Delay = 2.01> <Storage> <Opcode : 'read' 'write' 'nbread' 'nbwrite'> <Ports = 0> <Width = 64> <Depth = 961> <FIFO>
ST_2 : Operation 37 [1/1] (0.00ns)   --->   "%tmp_s = partselect i8 @_ssdm_op_PartSelect.i8.i64.i32, i64 %rd, i32 8" [/home/e/Documents/research/byotee/OSDZU3_Ref_Design/OSDZU3_Ref_Design.runs/design_1_v_frmbuf_rd_1_0_synth_1/prj/sol/.autopilot/db/v_frmbuf_rd.cpp:1211]   --->   Operation 37 'partselect' 'tmp_s' <Predicate = (!icmp_ln1197)> <Delay = 0.00>
ST_2 : Operation 38 [1/1] (0.00ns)   --->   "%trunc_ln1214 = trunc i64 %rd" [/home/e/Documents/research/byotee/OSDZU3_Ref_Design/OSDZU3_Ref_Design.runs/design_1_v_frmbuf_rd_1_0_synth_1/prj/sol/.autopilot/db/v_frmbuf_rd.cpp:1214]   --->   Operation 38 'trunc' 'trunc_ln1214' <Predicate = (!icmp_ln1197)> <Delay = 0.00>
ST_2 : Operation 39 [1/1] (0.00ns)   --->   "%tmp_2 = bitconcatenate i16 @_ssdm_op_BitConcatenate.i16.i8.i8, i8 %trunc_ln1214, i8 %tmp_s" [/home/e/Documents/research/byotee/OSDZU3_Ref_Design/OSDZU3_Ref_Design.runs/design_1_v_frmbuf_rd_1_0_synth_1/prj/sol/.autopilot/db/v_frmbuf_rd.cpp:1214]   --->   Operation 39 'bitconcatenate' 'tmp_2' <Predicate = (!icmp_ln1197)> <Delay = 0.00>
ST_2 : Operation 40 [1/1] (0.00ns)   --->   "%zext_ln1214 = zext i16 %tmp_2" [/home/e/Documents/research/byotee/OSDZU3_Ref_Design/OSDZU3_Ref_Design.runs/design_1_v_frmbuf_rd_1_0_synth_1/prj/sol/.autopilot/db/v_frmbuf_rd.cpp:1214]   --->   Operation 40 'zext' 'zext_ln1214' <Predicate = (!icmp_ln1197)> <Delay = 0.00>
ST_2 : Operation 41 [1/1] ( I:1.82ns O:1.82ns )   --->   "%write_ln1214 = write void @_ssdm_op_Write.ap_fifo.volatile.i24P0A, i24 %img, i24 %zext_ln1214" [/home/e/Documents/research/byotee/OSDZU3_Ref_Design/OSDZU3_Ref_Design.runs/design_1_v_frmbuf_rd_1_0_synth_1/prj/sol/.autopilot/db/v_frmbuf_rd.cpp:1214]   --->   Operation 41 'write' 'write_ln1214' <Predicate = (!icmp_ln1197)> <Delay = 1.82> <CoreInst = "FIFO_SRL">   --->   Core 80 'FIFO_SRL' <Latency = 0> <II = 1> <Delay = 2.16> <Storage> <Opcode : 'read' 'write' 'nbread' 'nbwrite'> <Ports = 0> <Width = 24> <Depth = 2> <FIFO>
ST_2 : Operation 42 [1/1] (0.00ns)   --->   "%tmp_3 = partselect i8 @_ssdm_op_PartSelect.i8.i64.i32, i64 %rd, i32 24" [/home/e/Documents/research/byotee/OSDZU3_Ref_Design/OSDZU3_Ref_Design.runs/design_1_v_frmbuf_rd_1_0_synth_1/prj/sol/.autopilot/db/v_frmbuf_rd.cpp:1211]   --->   Operation 42 'partselect' 'tmp_3' <Predicate = (!icmp_ln1197)> <Delay = 0.00>
ST_2 : Operation 43 [1/1] (0.00ns)   --->   "%tmp_5 = partselect i8 @_ssdm_op_PartSelect.i8.i64.i32.i32, i64 %rd, i32 16, i32 23" [/home/e/Documents/research/byotee/OSDZU3_Ref_Design/OSDZU3_Ref_Design.runs/design_1_v_frmbuf_rd_1_0_synth_1/prj/sol/.autopilot/db/v_frmbuf_rd.cpp:1214]   --->   Operation 43 'partselect' 'tmp_5' <Predicate = (!icmp_ln1197 & or_ln1213)> <Delay = 0.00>
ST_2 : Operation 44 [1/1] (0.00ns)   --->   "%tmp_7 = partselect i8 @_ssdm_op_PartSelect.i8.i64.i32, i64 %rd, i32 40" [/home/e/Documents/research/byotee/OSDZU3_Ref_Design/OSDZU3_Ref_Design.runs/design_1_v_frmbuf_rd_1_0_synth_1/prj/sol/.autopilot/db/v_frmbuf_rd.cpp:1211]   --->   Operation 44 'partselect' 'tmp_7' <Predicate = (!icmp_ln1197)> <Delay = 0.00>
ST_2 : Operation 45 [1/1] (0.00ns)   --->   "%tmp_13 = partselect i8 @_ssdm_op_PartSelect.i8.i64.i32.i32, i64 %rd, i32 32, i32 39" [/home/e/Documents/research/byotee/OSDZU3_Ref_Design/OSDZU3_Ref_Design.runs/design_1_v_frmbuf_rd_1_0_synth_1/prj/sol/.autopilot/db/v_frmbuf_rd.cpp:1214]   --->   Operation 45 'partselect' 'tmp_13' <Predicate = (!icmp_ln1197 & or_ln1213_1)> <Delay = 0.00>
ST_2 : Operation 46 [1/1] (0.00ns)   --->   "%tmp_15 = partselect i8 @_ssdm_op_PartSelect.i8.i64.i32, i64 %rd, i32 56" [/home/e/Documents/research/byotee/OSDZU3_Ref_Design/OSDZU3_Ref_Design.runs/design_1_v_frmbuf_rd_1_0_synth_1/prj/sol/.autopilot/db/v_frmbuf_rd.cpp:1211]   --->   Operation 46 'partselect' 'tmp_15' <Predicate = (!icmp_ln1197)> <Delay = 0.00>
ST_2 : Operation 47 [1/1] (0.00ns)   --->   "%tmp_20 = partselect i8 @_ssdm_op_PartSelect.i8.i64.i32.i32, i64 %rd, i32 48, i32 55" [/home/e/Documents/research/byotee/OSDZU3_Ref_Design/OSDZU3_Ref_Design.runs/design_1_v_frmbuf_rd_1_0_synth_1/prj/sol/.autopilot/db/v_frmbuf_rd.cpp:1214]   --->   Operation 47 'partselect' 'tmp_20' <Predicate = (!icmp_ln1197 & or_ln1213_2)> <Delay = 0.00>

State 3 <SV = 2> <Delay = 1.82>
ST_3 : Operation 48 [1/1] (0.00ns)   --->   "%tmp_6 = bitconcatenate i16 @_ssdm_op_BitConcatenate.i16.i8.i8, i8 %tmp_5, i8 %tmp_3" [/home/e/Documents/research/byotee/OSDZU3_Ref_Design/OSDZU3_Ref_Design.runs/design_1_v_frmbuf_rd_1_0_synth_1/prj/sol/.autopilot/db/v_frmbuf_rd.cpp:1214]   --->   Operation 48 'bitconcatenate' 'tmp_6' <Predicate = (!icmp_ln1197 & or_ln1213)> <Delay = 0.00>
ST_3 : Operation 49 [1/1] (0.00ns)   --->   "%zext_ln1214_1 = zext i16 %tmp_6" [/home/e/Documents/research/byotee/OSDZU3_Ref_Design/OSDZU3_Ref_Design.runs/design_1_v_frmbuf_rd_1_0_synth_1/prj/sol/.autopilot/db/v_frmbuf_rd.cpp:1214]   --->   Operation 49 'zext' 'zext_ln1214_1' <Predicate = (!icmp_ln1197 & or_ln1213)> <Delay = 0.00>
ST_3 : Operation 50 [1/1] ( I:1.82ns O:1.82ns )   --->   "%write_ln1214 = write void @_ssdm_op_Write.ap_fifo.volatile.i24P0A, i24 %img, i24 %zext_ln1214_1" [/home/e/Documents/research/byotee/OSDZU3_Ref_Design/OSDZU3_Ref_Design.runs/design_1_v_frmbuf_rd_1_0_synth_1/prj/sol/.autopilot/db/v_frmbuf_rd.cpp:1214]   --->   Operation 50 'write' 'write_ln1214' <Predicate = (!icmp_ln1197 & or_ln1213)> <Delay = 1.82> <CoreInst = "FIFO_SRL">   --->   Core 80 'FIFO_SRL' <Latency = 0> <II = 1> <Delay = 2.16> <Storage> <Opcode : 'read' 'write' 'nbread' 'nbwrite'> <Ports = 0> <Width = 24> <Depth = 2> <FIFO>
ST_3 : Operation 51 [1/1] (0.00ns)   --->   "%br_ln1214 = br void %for.inc283.2" [/home/e/Documents/research/byotee/OSDZU3_Ref_Design/OSDZU3_Ref_Design.runs/design_1_v_frmbuf_rd_1_0_synth_1/prj/sol/.autopilot/db/v_frmbuf_rd.cpp:1214]   --->   Operation 51 'br' 'br_ln1214' <Predicate = (!icmp_ln1197 & or_ln1213)> <Delay = 0.00>

State 4 <SV = 3> <Delay = 1.82>
ST_4 : Operation 52 [1/1] (0.00ns)   --->   "%tmp_14 = bitconcatenate i16 @_ssdm_op_BitConcatenate.i16.i8.i8, i8 %tmp_13, i8 %tmp_7" [/home/e/Documents/research/byotee/OSDZU3_Ref_Design/OSDZU3_Ref_Design.runs/design_1_v_frmbuf_rd_1_0_synth_1/prj/sol/.autopilot/db/v_frmbuf_rd.cpp:1214]   --->   Operation 52 'bitconcatenate' 'tmp_14' <Predicate = (!icmp_ln1197 & or_ln1213_1)> <Delay = 0.00>
ST_4 : Operation 53 [1/1] (0.00ns)   --->   "%zext_ln1214_2 = zext i16 %tmp_14" [/home/e/Documents/research/byotee/OSDZU3_Ref_Design/OSDZU3_Ref_Design.runs/design_1_v_frmbuf_rd_1_0_synth_1/prj/sol/.autopilot/db/v_frmbuf_rd.cpp:1214]   --->   Operation 53 'zext' 'zext_ln1214_2' <Predicate = (!icmp_ln1197 & or_ln1213_1)> <Delay = 0.00>
ST_4 : Operation 54 [1/1] ( I:1.82ns O:1.82ns )   --->   "%write_ln1214 = write void @_ssdm_op_Write.ap_fifo.volatile.i24P0A, i24 %img, i24 %zext_ln1214_2" [/home/e/Documents/research/byotee/OSDZU3_Ref_Design/OSDZU3_Ref_Design.runs/design_1_v_frmbuf_rd_1_0_synth_1/prj/sol/.autopilot/db/v_frmbuf_rd.cpp:1214]   --->   Operation 54 'write' 'write_ln1214' <Predicate = (!icmp_ln1197 & or_ln1213_1)> <Delay = 1.82> <CoreInst = "FIFO_SRL">   --->   Core 80 'FIFO_SRL' <Latency = 0> <II = 1> <Delay = 2.16> <Storage> <Opcode : 'read' 'write' 'nbread' 'nbwrite'> <Ports = 0> <Width = 24> <Depth = 2> <FIFO>
ST_4 : Operation 55 [1/1] (0.00ns)   --->   "%br_ln1214 = br void %for.inc283.3" [/home/e/Documents/research/byotee/OSDZU3_Ref_Design/OSDZU3_Ref_Design.runs/design_1_v_frmbuf_rd_1_0_synth_1/prj/sol/.autopilot/db/v_frmbuf_rd.cpp:1214]   --->   Operation 55 'br' 'br_ln1214' <Predicate = (!icmp_ln1197 & or_ln1213_1)> <Delay = 0.00>

State 5 <SV = 4> <Delay = 1.82>
ST_5 : Operation 56 [1/1] (0.00ns)   --->   "%tmp_21 = bitconcatenate i16 @_ssdm_op_BitConcatenate.i16.i8.i8, i8 %tmp_20, i8 %tmp_15" [/home/e/Documents/research/byotee/OSDZU3_Ref_Design/OSDZU3_Ref_Design.runs/design_1_v_frmbuf_rd_1_0_synth_1/prj/sol/.autopilot/db/v_frmbuf_rd.cpp:1214]   --->   Operation 56 'bitconcatenate' 'tmp_21' <Predicate = (or_ln1213_2)> <Delay = 0.00>
ST_5 : Operation 57 [1/1] (0.00ns)   --->   "%zext_ln1214_3 = zext i16 %tmp_21" [/home/e/Documents/research/byotee/OSDZU3_Ref_Design/OSDZU3_Ref_Design.runs/design_1_v_frmbuf_rd_1_0_synth_1/prj/sol/.autopilot/db/v_frmbuf_rd.cpp:1214]   --->   Operation 57 'zext' 'zext_ln1214_3' <Predicate = (or_ln1213_2)> <Delay = 0.00>
ST_5 : Operation 58 [1/1] ( I:1.82ns O:1.82ns )   --->   "%write_ln1214 = write void @_ssdm_op_Write.ap_fifo.volatile.i24P0A, i24 %img, i24 %zext_ln1214_3" [/home/e/Documents/research/byotee/OSDZU3_Ref_Design/OSDZU3_Ref_Design.runs/design_1_v_frmbuf_rd_1_0_synth_1/prj/sol/.autopilot/db/v_frmbuf_rd.cpp:1214]   --->   Operation 58 'write' 'write_ln1214' <Predicate = (or_ln1213_2)> <Delay = 1.82> <CoreInst = "FIFO_SRL">   --->   Core 80 'FIFO_SRL' <Latency = 0> <II = 1> <Delay = 2.16> <Storage> <Opcode : 'read' 'write' 'nbread' 'nbwrite'> <Ports = 0> <Width = 24> <Depth = 2> <FIFO>
ST_5 : Operation 59 [1/1] (0.00ns)   --->   "%br_ln1214 = br void %for.inc293.3" [/home/e/Documents/research/byotee/OSDZU3_Ref_Design/OSDZU3_Ref_Design.runs/design_1_v_frmbuf_rd_1_0_synth_1/prj/sol/.autopilot/db/v_frmbuf_rd.cpp:1214]   --->   Operation 59 'br' 'br_ln1214' <Predicate = (or_ln1213_2)> <Delay = 0.00>


============================================================
+ Verbose Summary: Timing violations
============================================================
Target clock period: 5.000ns, clock uncertainty: 1.350ns.

 <State 1>: 1.939ns
The critical path consists of the following:
	'store' operation 0 bit ('store_ln1197', /home/e/Documents/research/byotee/OSDZU3_Ref_Design/OSDZU3_Ref_Design.runs/design_1_v_frmbuf_rd_1_0_synth_1/prj/sol/.autopilot/db/v_frmbuf_rd.cpp:1197) of constant 0 on local variable 'x', /home/e/Documents/research/byotee/OSDZU3_Ref_Design/OSDZU3_Ref_Design.runs/design_1_v_frmbuf_rd_1_0_synth_1/prj/sol/.autopilot/db/v_frmbuf_rd.cpp:1197 [17]  (0.489 ns)
	'load' operation 12 bit ('x', /home/e/Documents/research/byotee/OSDZU3_Ref_Design/OSDZU3_Ref_Design.runs/design_1_v_frmbuf_rd_1_0_synth_1/prj/sol/.autopilot/db/v_frmbuf_rd.cpp:1197) on local variable 'x', /home/e/Documents/research/byotee/OSDZU3_Ref_Design/OSDZU3_Ref_Design.runs/design_1_v_frmbuf_rd_1_0_synth_1/prj/sol/.autopilot/db/v_frmbuf_rd.cpp:1197 [20]  (0.000 ns)
	'icmp' operation 1 bit ('icmp_ln1197', /home/e/Documents/research/byotee/OSDZU3_Ref_Design/OSDZU3_Ref_Design.runs/design_1_v_frmbuf_rd_1_0_synth_1/prj/sol/.autopilot/db/v_frmbuf_rd.cpp:1197) [22]  (0.962 ns)
	'store' operation 0 bit ('store_ln1197', /home/e/Documents/research/byotee/OSDZU3_Ref_Design/OSDZU3_Ref_Design.runs/design_1_v_frmbuf_rd_1_0_synth_1/prj/sol/.autopilot/db/v_frmbuf_rd.cpp:1197) of variable 'x', /home/e/Documents/research/byotee/OSDZU3_Ref_Design/OSDZU3_Ref_Design.runs/design_1_v_frmbuf_rd_1_0_synth_1/prj/sol/.autopilot/db/v_frmbuf_rd.cpp:1197 on local variable 'x', /home/e/Documents/research/byotee/OSDZU3_Ref_Design/OSDZU3_Ref_Design.runs/design_1_v_frmbuf_rd_1_0_synth_1/prj/sol/.autopilot/db/v_frmbuf_rd.cpp:1197 [66]  (0.489 ns)

 <State 2>: 3.650ns
The critical path consists of the following:
	fifo read operation ('rd', /home/e/Documents/research/byotee/OSDZU3_Ref_Design/OSDZU3_Ref_Design.runs/design_1_v_frmbuf_rd_1_0_synth_1/prj/sol/.autopilot/db/v_frmbuf_rd.cpp:1202) on port 'bytePlanes_plane0' (/home/e/Documents/research/byotee/OSDZU3_Ref_Design/OSDZU3_Ref_Design.runs/design_1_v_frmbuf_rd_1_0_synth_1/prj/sol/.autopilot/db/v_frmbuf_rd.cpp:1202) [29]  (1.825 ns)
	fifo write operation ('write_ln1214', /home/e/Documents/research/byotee/OSDZU3_Ref_Design/OSDZU3_Ref_Design.runs/design_1_v_frmbuf_rd_1_0_synth_1/prj/sol/.autopilot/db/v_frmbuf_rd.cpp:1214) on port 'img' (/home/e/Documents/research/byotee/OSDZU3_Ref_Design/OSDZU3_Ref_Design.runs/design_1_v_frmbuf_rd_1_0_synth_1/prj/sol/.autopilot/db/v_frmbuf_rd.cpp:1214) [35]  (1.825 ns)

 <State 3>: 1.825ns
The critical path consists of the following:
	fifo write operation ('write_ln1214', /home/e/Documents/research/byotee/OSDZU3_Ref_Design/OSDZU3_Ref_Design.runs/design_1_v_frmbuf_rd_1_0_synth_1/prj/sol/.autopilot/db/v_frmbuf_rd.cpp:1214) on port 'img' (/home/e/Documents/research/byotee/OSDZU3_Ref_Design/OSDZU3_Ref_Design.runs/design_1_v_frmbuf_rd_1_0_synth_1/prj/sol/.autopilot/db/v_frmbuf_rd.cpp:1214) [43]  (1.825 ns)

 <State 4>: 1.825ns
The critical path consists of the following:
	fifo write operation ('write_ln1214', /home/e/Documents/research/byotee/OSDZU3_Ref_Design/OSDZU3_Ref_Design.runs/design_1_v_frmbuf_rd_1_0_synth_1/prj/sol/.autopilot/db/v_frmbuf_rd.cpp:1214) on port 'img' (/home/e/Documents/research/byotee/OSDZU3_Ref_Design/OSDZU3_Ref_Design.runs/design_1_v_frmbuf_rd_1_0_synth_1/prj/sol/.autopilot/db/v_frmbuf_rd.cpp:1214) [53]  (1.825 ns)

 <State 5>: 1.825ns
The critical path consists of the following:
	fifo write operation ('write_ln1214', /home/e/Documents/research/byotee/OSDZU3_Ref_Design/OSDZU3_Ref_Design.runs/design_1_v_frmbuf_rd_1_0_synth_1/prj/sol/.autopilot/db/v_frmbuf_rd.cpp:1214) on port 'img' (/home/e/Documents/research/byotee/OSDZU3_Ref_Design/OSDZU3_Ref_Design.runs/design_1_v_frmbuf_rd_1_0_synth_1/prj/sol/.autopilot/db/v_frmbuf_rd.cpp:1214) [63]  (1.825 ns)


============================================================
+ Verbose Summary: Binding
============================================================
N/A
* FSMD analyzer results:
  - Output states:
 - Input state : 
  - Chain level:
	State 1
	State 2
	State 3
	State 4
	State 5


============================================================
+ Verbose Summary: Datapath Resource usage 
============================================================
N/A
