

================================================================
== Vitis HLS Report for 'MultiPixStream2AXIvideo_Pipeline_VITIS_LOOP_376_3'
================================================================
* Date:           Sat Sep  6 13:58:46 2025

* Version:        2025.1 (Build 6135595 on May 21 2025)
* Project:        prj
* Solution:       sol (Vivado IP Flow Target)
* Product family: zynquplus
* Target device:  xczu3eg-sfvc784-1-e


================================================================
== Performance Estimates
================================================================
+ Timing: 
    * Summary: 
    +--------+---------+----------+------------+
    |  Clock |  Target | Estimated| Uncertainty|
    +--------+---------+----------+------------+
    |ap_clk  |  5.00 ns|  2.926 ns|     1.35 ns|
    +--------+---------+----------+------------+

+ Latency: 
    * Summary: 
    +---------+---------+-----------+-----------+-----+------+------------------------------------------------+
    |  Latency (cycles) |   Latency (absolute)  |  Interval  |                    Pipeline                    |
    |   min   |   max   |    min    |    max    | min |  max |                      Type                      |
    +---------+---------+-----------+-----------+-----+------+------------------------------------------------+
    |        3|     3843|  15.000 ns|  19.215 us|    1|  3841|  loop auto-rewind stp (delay=0 clock cycles(s))|
    +---------+---------+-----------+-----------+-----+------+------------------------------------------------+

    + Detail: 
        * Instance: 
        N/A

        * Loop: 
        +--------------------+---------+---------+----------+-----------+-----------+----------+----------+
        |                    |  Latency (cycles) | Iteration|  Initiation Interval  |   Trip   |          |
        |      Loop Name     |   min   |   max   |  Latency |  achieved |   target  |   Count  | Pipelined|
        +--------------------+---------+---------+----------+-----------+-----------+----------+----------+
        |- VITIS_LOOP_376_3  |        1|     3841|         2|          1|          1|  0 ~ 3840|       yes|
        +--------------------+---------+---------+----------+-----------+-----------+----------+----------+

============================================================
+ Verbose Summary: Synthesis Manager
============================================================
InlineROM: 1
ExposeGlobal: 0
============================================================
+ Verbose Summary: CDFG Model
============================================================
IsTopModel: 0
ResetActiveHigh: 1
IsCombinational: 0
IsDatapathOnly: 0
HasWiredReturn: 1
HasMFsm: 2
HasVarLatency: 1
IsPipeline: 0
IsRtlPipelined: 0
IsInstanceOverlapped: 0
IsDontTouch: 0
HasImplIP: 0
IsGatedGlobalClock: 0

+ Individual pipeline summary: 
  * Pipeline-0: initiation interval (II) = 1, depth = 2


============================================================
+ Verbose Summary: Schedule
============================================================
* Number of FSM states : 2
* Pipeline : 1
  Pipeline-0 : II = 1, D = 2, States = { 1 2 }
* Dataflow Pipeline: 0

* FSM state transitions: 
1 --> 2 
2 --> 

* FSM state operations: 

State 1 <SV = 0> <Delay = 1.93>
ST_1 : Operation 5 [1/1] (0.00ns)   --->   "%j = alloca i32 1" [/home/e/Documents/research/byotee/OSDZU3_Ref_Design/OSDZU3_Ref_Design.runs/design_1_v_frmbuf_rd_1_0_synth_1/prj/sol/.autopilot/db/v_frmbuf_rd.cpp:376]   --->   Operation 5 'alloca' 'j' <Predicate = true> <Delay = 0.00>
ST_1 : Operation 6 [1/1] (0.00ns)   --->   "%specaxissidechannel_ln0 = specaxissidechannel void @_ssdm_op_SpecAXISSideChannel, i24 %m_axis_video_V_data_V, i3 %m_axis_video_V_keep_V, i3 %m_axis_video_V_strb_V, i1 %m_axis_video_V_user_V, i1 %m_axis_video_V_last_V, i1 %m_axis_video_V_id_V, i1 %m_axis_video_V_dest_V, void @empty_14"   --->   Operation 6 'specaxissidechannel' 'specaxissidechannel_ln0' <Predicate = true> <Delay = 0.00>
ST_1 : Operation 7 [1/1] (0.00ns)   --->   "%specinterface_ln0 = specinterface void @_ssdm_op_SpecInterface, i1 %m_axis_video_V_dest_V, i1 %m_axis_video_V_id_V, i1 %m_axis_video_V_last_V, i1 %m_axis_video_V_user_V, i3 %m_axis_video_V_strb_V, i3 %m_axis_video_V_keep_V, i24 %m_axis_video_V_data_V, void @empty_13, i32 0, i32 0, void @empty_1, i32 0, i32 0, void @empty_4, void @empty_4, void @empty_4, i32 0, i32 0, i32 0, i32 0, void @empty_4, void @empty_4, i32 4294967295, i32 0, i32 0"   --->   Operation 7 'specinterface' 'specinterface_ln0' <Predicate = true> <Delay = 0.00>
ST_1 : Operation 8 [1/1] (0.00ns)   --->   "%specinterface_ln0 = specinterface void @_ssdm_op_SpecInterface, i24 %img, void @empty_15, i32 0, i32 0, void @empty_4, i32 0, i32 0, void @empty_4, void @empty_4, void @empty_4, i32 0, i32 0, i32 0, i32 0, void @empty_4, void @empty_4, i32 4294967295, i32 0, i32 0"   --->   Operation 8 'specinterface' 'specinterface_ln0' <Predicate = true> <Delay = 0.00>
ST_1 : Operation 9 [1/1] (0.00ns)   --->   "%tmp = read i2 @_ssdm_op_Read.ap_auto.i2, i2 %empty"   --->   Operation 9 'read' 'tmp' <Predicate = true> <Delay = 0.00>
ST_1 : Operation 10 [1/1] (0.00ns)   --->   "%tmp_2 = read i2 @_ssdm_op_Read.ap_auto.i2, i2 %empty_57"   --->   Operation 10 'read' 'tmp_2' <Predicate = true> <Delay = 0.00>
ST_1 : Operation 11 [1/1] (0.00ns)   --->   "%tmp_3 = read i2 @_ssdm_op_Read.ap_auto.i2, i2 %empty_56"   --->   Operation 11 'read' 'tmp_3' <Predicate = true> <Delay = 0.00>
ST_1 : Operation 12 [1/1] (0.00ns)   --->   "%sub_read = read i13 @_ssdm_op_Read.ap_auto.i13, i13 %sub"   --->   Operation 12 'read' 'sub_read' <Predicate = true> <Delay = 0.00>
ST_1 : Operation 13 [1/1] (0.00ns)   --->   "%cols_read = read i12 @_ssdm_op_Read.ap_auto.i12, i12 %cols"   --->   Operation 13 'read' 'cols_read' <Predicate = true> <Delay = 0.00>
ST_1 : Operation 14 [1/1] (0.00ns)   --->   "%sof_read = read i1 @_ssdm_op_Read.ap_auto.i1, i1 %sof"   --->   Operation 14 'read' 'sof_read' <Predicate = true> <Delay = 0.00>
ST_1 : Operation 15 [1/1] (0.48ns)   --->   "%store_ln376 = store i12 0, i12 %j" [/home/e/Documents/research/byotee/OSDZU3_Ref_Design/OSDZU3_Ref_Design.runs/design_1_v_frmbuf_rd_1_0_synth_1/prj/sol/.autopilot/db/v_frmbuf_rd.cpp:376]   --->   Operation 15 'store' 'store_ln376' <Predicate = true> <Delay = 0.48>
ST_1 : Operation 16 [1/1] (0.48ns)   --->   "%br_ln376 = br void %for.body33" [/home/e/Documents/research/byotee/OSDZU3_Ref_Design/OSDZU3_Ref_Design.runs/design_1_v_frmbuf_rd_1_0_synth_1/prj/sol/.autopilot/db/v_frmbuf_rd.cpp:376]   --->   Operation 16 'br' 'br_ln376' <Predicate = true> <Delay = 0.48>
ST_1 : Operation 17 [1/1] (0.00ns)   --->   "%j_1 = load i12 %j" [/home/e/Documents/research/byotee/OSDZU3_Ref_Design/OSDZU3_Ref_Design.runs/design_1_v_frmbuf_rd_1_0_synth_1/prj/sol/.autopilot/db/v_frmbuf_rd.cpp:376]   --->   Operation 17 'load' 'j_1' <Predicate = true> <Delay = 0.00>
ST_1 : Operation 18 [1/1] (0.96ns)   --->   "%icmp_ln376 = icmp_eq  i12 %j_1, i12 %cols_read" [/home/e/Documents/research/byotee/OSDZU3_Ref_Design/OSDZU3_Ref_Design.runs/design_1_v_frmbuf_rd_1_0_synth_1/prj/sol/.autopilot/db/v_frmbuf_rd.cpp:376]   --->   Operation 18 'icmp' 'icmp_ln376' <Predicate = true> <Delay = 0.96> <CoreInst = "Cmp">   --->   Core 9 'Cmp' <Latency = 0> <II = 1> <Delay = 0.96> <FuncUnit> <Opcode : 'seteq' 'setne' 'setle' 'setge' 'setlt' 'setgt'> <InPorts = 2> <OutPorts = 1>
ST_1 : Operation 19 [1/1] (0.96ns)   --->   "%j_2 = add i12 %j_1, i12 1" [/home/e/Documents/research/byotee/OSDZU3_Ref_Design/OSDZU3_Ref_Design.runs/design_1_v_frmbuf_rd_1_0_synth_1/prj/sol/.autopilot/db/v_frmbuf_rd.cpp:376]   --->   Operation 19 'add' 'j_2' <Predicate = true> <Delay = 0.96> <CoreInst = "Adder">   --->   Core 1 'Adder' <Latency = 0> <II = 1> <Delay = 0.96> <FuncUnit> <Opcode : 'add' 'sub'> <InPorts = 2> <OutPorts = 1>
ST_1 : Operation 20 [1/1] (0.00ns)   --->   "%br_ln376 = br i1 %icmp_ln376, void %for.body33.split, void %for.inc77.exitStub" [/home/e/Documents/research/byotee/OSDZU3_Ref_Design/OSDZU3_Ref_Design.runs/design_1_v_frmbuf_rd_1_0_synth_1/prj/sol/.autopilot/db/v_frmbuf_rd.cpp:376]   --->   Operation 20 'br' 'br_ln376' <Predicate = true> <Delay = 0.00>
ST_1 : Operation 21 [1/1] (0.00ns)   --->   "%zext_ln376 = zext i12 %j_1" [/home/e/Documents/research/byotee/OSDZU3_Ref_Design/OSDZU3_Ref_Design.runs/design_1_v_frmbuf_rd_1_0_synth_1/prj/sol/.autopilot/db/v_frmbuf_rd.cpp:376]   --->   Operation 21 'zext' 'zext_ln376' <Predicate = (!icmp_ln376)> <Delay = 0.00>
ST_1 : Operation 22 [1/1] (0.97ns)   --->   "%axi_last = icmp_eq  i13 %zext_ln376, i13 %sub_read" [/home/e/Documents/research/byotee/OSDZU3_Ref_Design/OSDZU3_Ref_Design.runs/design_1_v_frmbuf_rd_1_0_synth_1/prj/sol/.autopilot/db/v_frmbuf_rd.cpp:392]   --->   Operation 22 'icmp' 'axi_last' <Predicate = (!icmp_ln376)> <Delay = 0.97> <CoreInst = "Cmp">   --->   Core 9 'Cmp' <Latency = 0> <II = 1> <Delay = 0.97> <FuncUnit> <Opcode : 'seteq' 'setne' 'setle' 'setge' 'setlt' 'setgt'> <InPorts = 2> <OutPorts = 1>
ST_1 : Operation 23 [1/1] (0.48ns)   --->   "%store_ln376 = store i12 %j_2, i12 %j" [/home/e/Documents/research/byotee/OSDZU3_Ref_Design/OSDZU3_Ref_Design.runs/design_1_v_frmbuf_rd_1_0_synth_1/prj/sol/.autopilot/db/v_frmbuf_rd.cpp:376]   --->   Operation 23 'store' 'store_ln376' <Predicate = (!icmp_ln376)> <Delay = 0.48>
ST_1 : Operation 24 [1/1] (0.00ns)   --->   "%br_ln376 = br void %for.body33" [/home/e/Documents/research/byotee/OSDZU3_Ref_Design/OSDZU3_Ref_Design.runs/design_1_v_frmbuf_rd_1_0_synth_1/prj/sol/.autopilot/db/v_frmbuf_rd.cpp:376]   --->   Operation 24 'br' 'br_ln376' <Predicate = (!icmp_ln376)> <Delay = 0.00>

State 2 <SV = 1> <Delay = 2.92>
ST_2 : Operation 25 [1/1] (0.00ns)   --->   "%sof_2 = phi i1 %sof_read, void %newFuncRoot, i1 0, void %for.body33.split"   --->   Operation 25 'phi' 'sof_2' <Predicate = true> <Delay = 0.00>
ST_2 : Operation 26 [1/1] (0.00ns)   --->   "%speclooptripcount_ln0 = speclooptripcount void @_ssdm_op_SpecLoopTripCount, i64 0, i64 3840, i64 0"   --->   Operation 26 'speclooptripcount' 'speclooptripcount_ln0' <Predicate = true> <Delay = 0.00>
ST_2 : Operation 27 [1/1] (0.00ns)   --->   "%specpipeline_ln379 = specpipeline void @_ssdm_op_SpecPipeline, i32 1, i32 0, i32 0, i32 0, void @empty_4" [/home/e/Documents/research/byotee/OSDZU3_Ref_Design/OSDZU3_Ref_Design.runs/design_1_v_frmbuf_rd_1_0_synth_1/prj/sol/.autopilot/db/v_frmbuf_rd.cpp:379]   --->   Operation 27 'specpipeline' 'specpipeline_ln379' <Predicate = (!icmp_ln376)> <Delay = 0.00>
ST_2 : Operation 28 [1/1] (0.00ns)   --->   "%specloopname_ln376 = specloopname void @_ssdm_op_SpecLoopName, void @empty_22" [/home/e/Documents/research/byotee/OSDZU3_Ref_Design/OSDZU3_Ref_Design.runs/design_1_v_frmbuf_rd_1_0_synth_1/prj/sol/.autopilot/db/v_frmbuf_rd.cpp:376]   --->   Operation 28 'specloopname' 'specloopname_ln376' <Predicate = (!icmp_ln376)> <Delay = 0.00>
ST_2 : Operation 29 [1/1] ( I:1.82ns O:1.82ns )   --->   "%img_read = read i24 @_ssdm_op_Read.ap_fifo.volatile.i24P0A, i24 %img" [/home/e/Documents/research/byotee/OSDZU3_Ref_Design/OSDZU3_Ref_Design.runs/design_1_v_frmbuf_rd_1_0_synth_1/prj/sol/.autopilot/db/v_frmbuf_rd.cpp:400]   --->   Operation 29 'read' 'img_read' <Predicate = (!icmp_ln376)> <Delay = 1.82> <CoreInst = "FIFO_SRL">   --->   Core 80 'FIFO_SRL' <Latency = 0> <II = 1> <Delay = 2.16> <Storage> <Opcode : 'read' 'write' 'nbread' 'nbwrite'> <Ports = 0> <Width = 24> <Depth = 2> <FIFO>
ST_2 : Operation 30 [1/1] (0.00ns)   --->   "%pix = trunc i24 %img_read" [/home/e/Documents/research/byotee/OSDZU3_Ref_Design/OSDZU3_Ref_Design.runs/design_1_v_frmbuf_rd_1_0_synth_1/prj/sol/.autopilot/db/v_frmbuf_rd.cpp:400]   --->   Operation 30 'trunc' 'pix' <Predicate = (!icmp_ln376)> <Delay = 0.00>
ST_2 : Operation 31 [1/1] (0.00ns)   --->   "%pix_1 = partselect i8 @_ssdm_op_PartSelect.i8.i24.i32.i32, i24 %img_read, i32 8, i32 15" [/home/e/Documents/research/byotee/OSDZU3_Ref_Design/OSDZU3_Ref_Design.runs/design_1_v_frmbuf_rd_1_0_synth_1/prj/sol/.autopilot/db/v_frmbuf_rd.cpp:400]   --->   Operation 31 'partselect' 'pix_1' <Predicate = (!icmp_ln376)> <Delay = 0.00>
ST_2 : Operation 32 [1/1] (0.00ns)   --->   "%pix_2 = partselect i8 @_ssdm_op_PartSelect.i8.i24.i32.i32, i24 %img_read, i32 16, i32 23" [/home/e/Documents/research/byotee/OSDZU3_Ref_Design/OSDZU3_Ref_Design.runs/design_1_v_frmbuf_rd_1_0_synth_1/prj/sol/.autopilot/db/v_frmbuf_rd.cpp:400]   --->   Operation 32 'partselect' 'pix_2' <Predicate = (!icmp_ln376)> <Delay = 0.00>
ST_2 : Operation 33 [1/1] (0.48ns)   --->   "%tmp_4 = sparsemux i8 @_ssdm_op_SparseMux.ap_auto.3i8.i8.i2, i2 0, i8 %pix, i2 1, i8 %pix_1, i2 2, i8 %pix_2, i8 0, i2 %tmp_3" [/home/e/Documents/research/byotee/OSDZU3_Ref_Design/OSDZU3_Ref_Design.runs/design_1_v_frmbuf_rd_1_0_synth_1/prj/sol/.autopilot/db/v_frmbuf_rd.cpp:409]   --->   Operation 33 'sparsemux' 'tmp_4' <Predicate = (!icmp_ln376)> <Delay = 0.48> <CoreInst = "OneHotSparseMux_HasDef">   --->   Core 152 'OneHotSparseMux_HasDef' <Latency = 0> <II = 1> <Delay = 0.48> <FuncUnit> <Opcode : 'sparsemux'> <InPorts = 2> <OutPorts = 1>
ST_2 : Operation 34 [1/1] (0.48ns)   --->   "%tmp_5 = sparsemux i8 @_ssdm_op_SparseMux.ap_auto.3i8.i8.i2, i2 0, i8 %pix, i2 1, i8 %pix_1, i2 2, i8 %pix_2, i8 0, i2 %tmp_2" [/home/e/Documents/research/byotee/OSDZU3_Ref_Design/OSDZU3_Ref_Design.runs/design_1_v_frmbuf_rd_1_0_synth_1/prj/sol/.autopilot/db/v_frmbuf_rd.cpp:409]   --->   Operation 34 'sparsemux' 'tmp_5' <Predicate = (!icmp_ln376)> <Delay = 0.48> <CoreInst = "OneHotSparseMux_HasDef">   --->   Core 152 'OneHotSparseMux_HasDef' <Latency = 0> <II = 1> <Delay = 0.48> <FuncUnit> <Opcode : 'sparsemux'> <InPorts = 2> <OutPorts = 1>
ST_2 : Operation 35 [1/1] (0.48ns)   --->   "%tmp_6 = sparsemux i8 @_ssdm_op_SparseMux.ap_auto.3i8.i8.i2, i2 0, i8 %pix, i2 1, i8 %pix_1, i2 2, i8 %pix_2, i8 0, i2 %tmp" [/home/e/Documents/research/byotee/OSDZU3_Ref_Design/OSDZU3_Ref_Design.runs/design_1_v_frmbuf_rd_1_0_synth_1/prj/sol/.autopilot/db/v_frmbuf_rd.cpp:409]   --->   Operation 35 'sparsemux' 'tmp_6' <Predicate = (!icmp_ln376)> <Delay = 0.48> <CoreInst = "OneHotSparseMux_HasDef">   --->   Core 152 'OneHotSparseMux_HasDef' <Latency = 0> <II = 1> <Delay = 0.48> <FuncUnit> <Opcode : 'sparsemux'> <InPorts = 2> <OutPorts = 1>
ST_2 : Operation 36 [1/1] (0.00ns)   --->   "%axi_data = bitconcatenate i24 @_ssdm_op_BitConcatenate.i24.i8.i8.i8, i8 %tmp_6, i8 %tmp_5, i8 %tmp_4" [/home/e/Documents/research/byotee/OSDZU3_Ref_Design/OSDZU3_Ref_Design.runs/design_1_v_frmbuf_rd_1_0_synth_1/prj/sol/.autopilot/db/v_frmbuf_rd.cpp:409]   --->   Operation 36 'bitconcatenate' 'axi_data' <Predicate = (!icmp_ln376)> <Delay = 0.00>
ST_2 : Operation 37 [1/1] (0.61ns)   --->   "%write_ln414 = write void @_ssdm_op_Write.axis.volatile.i24P0A.i3P0A.i3P0A.i1P0A.i1P0A.i1P0A.i1P0A, i24 %m_axis_video_V_data_V, i3 %m_axis_video_V_keep_V, i3 %m_axis_video_V_strb_V, i1 %m_axis_video_V_user_V, i1 %m_axis_video_V_last_V, i1 %m_axis_video_V_id_V, i1 %m_axis_video_V_dest_V, i24 %axi_data, i3 7, i3 0, i1 %sof_2, i1 %axi_last, i1 0, i1 0" [/home/e/Documents/research/byotee/OSDZU3_Ref_Design/OSDZU3_Ref_Design.runs/design_1_v_frmbuf_rd_1_0_synth_1/prj/sol/.autopilot/db/v_frmbuf_rd.cpp:414]   --->   Operation 37 'write' 'write_ln414' <Predicate = (!icmp_ln376)> <Delay = 0.61> <CoreInst = "regslice">   --->   Core 147 'regslice' <Latency = 0> <II = 1> <Delay = 0.84> <Adapter> <Opcode : 'read' 'write'>
ST_2 : Operation 38 [1/1] (0.48ns)   --->   "%ret_ln0 = ret"   --->   Operation 38 'ret' 'ret_ln0' <Predicate = (icmp_ln376)> <Delay = 0.48>


============================================================
+ Verbose Summary: Timing violations
============================================================
Target clock period: 5.000ns, clock uncertainty: 1.350ns.

 <State 1>: 1.939ns
The critical path consists of the following:
	'store' operation 0 bit ('store_ln376', /home/e/Documents/research/byotee/OSDZU3_Ref_Design/OSDZU3_Ref_Design.runs/design_1_v_frmbuf_rd_1_0_synth_1/prj/sol/.autopilot/db/v_frmbuf_rd.cpp:376) of constant 0 on local variable 'j', /home/e/Documents/research/byotee/OSDZU3_Ref_Design/OSDZU3_Ref_Design.runs/design_1_v_frmbuf_rd_1_0_synth_1/prj/sol/.autopilot/db/v_frmbuf_rd.cpp:376 [25]  (0.489 ns)
	'load' operation 12 bit ('j', /home/e/Documents/research/byotee/OSDZU3_Ref_Design/OSDZU3_Ref_Design.runs/design_1_v_frmbuf_rd_1_0_synth_1/prj/sol/.autopilot/db/v_frmbuf_rd.cpp:376) on local variable 'j', /home/e/Documents/research/byotee/OSDZU3_Ref_Design/OSDZU3_Ref_Design.runs/design_1_v_frmbuf_rd_1_0_synth_1/prj/sol/.autopilot/db/v_frmbuf_rd.cpp:376 [29]  (0.000 ns)
	'icmp' operation 1 bit ('icmp_ln376', /home/e/Documents/research/byotee/OSDZU3_Ref_Design/OSDZU3_Ref_Design.runs/design_1_v_frmbuf_rd_1_0_synth_1/prj/sol/.autopilot/db/v_frmbuf_rd.cpp:376) [30]  (0.962 ns)
	'store' operation 0 bit ('store_ln376', /home/e/Documents/research/byotee/OSDZU3_Ref_Design/OSDZU3_Ref_Design.runs/design_1_v_frmbuf_rd_1_0_synth_1/prj/sol/.autopilot/db/v_frmbuf_rd.cpp:376) of variable 'j', /home/e/Documents/research/byotee/OSDZU3_Ref_Design/OSDZU3_Ref_Design.runs/design_1_v_frmbuf_rd_1_0_synth_1/prj/sol/.autopilot/db/v_frmbuf_rd.cpp:376 on local variable 'j', /home/e/Documents/research/byotee/OSDZU3_Ref_Design/OSDZU3_Ref_Design.runs/design_1_v_frmbuf_rd_1_0_synth_1/prj/sol/.autopilot/db/v_frmbuf_rd.cpp:376 [48]  (0.489 ns)

 <State 2>: 2.926ns
The critical path consists of the following:
	fifo read operation ('img_read', /home/e/Documents/research/byotee/OSDZU3_Ref_Design/OSDZU3_Ref_Design.runs/design_1_v_frmbuf_rd_1_0_synth_1/prj/sol/.autopilot/db/v_frmbuf_rd.cpp:400) on port 'img' (/home/e/Documents/research/byotee/OSDZU3_Ref_Design/OSDZU3_Ref_Design.runs/design_1_v_frmbuf_rd_1_0_synth_1/prj/sol/.autopilot/db/v_frmbuf_rd.cpp:400) [39]  (1.825 ns)
	'sparsemux' operation 8 bit ('tmp_6', /home/e/Documents/research/byotee/OSDZU3_Ref_Design/OSDZU3_Ref_Design.runs/design_1_v_frmbuf_rd_1_0_synth_1/prj/sol/.autopilot/db/v_frmbuf_rd.cpp:409) [45]  (0.489 ns)
	axis write operation ('write_ln414', /home/e/Documents/research/byotee/OSDZU3_Ref_Design/OSDZU3_Ref_Design.runs/design_1_v_frmbuf_rd_1_0_synth_1/prj/sol/.autopilot/db/v_frmbuf_rd.cpp:414) on port 'm_axis_video_V_data_V' (/home/e/Documents/research/byotee/OSDZU3_Ref_Design/OSDZU3_Ref_Design.runs/design_1_v_frmbuf_rd_1_0_synth_1/prj/sol/.autopilot/db/v_frmbuf_rd.cpp:414) [47]  (0.612 ns)


============================================================
+ Verbose Summary: Binding
============================================================
N/A
* FSMD analyzer results:
  - Output states:
 - Input state : 
  - Chain level:
	State 1
	State 2


============================================================
+ Verbose Summary: Datapath Resource usage 
============================================================
N/A
