/home/e/Documents/research/byotee/OSDZU3_Ref_Design/OSDZU3_Ref_Design.gen/sources_1/bd/design_1/ip/design_1_v_frmbuf_rd_1_0/src/v_frmbuf_rd.cpp:1:25: error: source file is not valid UTF-8
XlxVV0EB0000000000000098<80><U+0000><U+0000><U+0000><C4>k:m<D3>OѲ|<A0>&]<BD>J,<9A><B3>Gg6<C3><U+000B><91><BE><C3><E8><B0>l<U+0008>t<B5>\V<8B><F7><94><U+0006>́<C2>O<FA><C0><B9>R<EB>kH<E9><FE><8D><84><BD><FB><92>!<91>B<EB>:U<A7>h)<E5><D9><U+000C>+<ED><99>x<U+0001>]<BF>b<95><DC>
                        ^
/home/e/Documents/research/byotee/OSDZU3_Ref_Design/OSDZU3_Ref_Design.gen/sources_1/bd/design_1/ip/design_1_v_frmbuf_rd_1_0/src/v_frmbuf_rd.cpp:1:26: warning: null character ignored [-Wnull-character]
XlxVV0EB0000000000000098<80><U+0000><U+0000><U+0000><C4>k:m<D3>OѲ|<A0>&]<BD>J,<9A><B3>Gg6<C3><U+000B><91><BE><C3><E8><B0>l<U+0008>t<B5>\V<8B><F7><94><U+0006>́<C2>O<FA><C0><B9>R<EB>kH<E9><FE><8D><84><BD><FB><92>!<91>B<EB>:U<A7>h)<E5><D9><U+000C>+<ED><99>x<U+0001>]<BF>b<95><DC>
                            ^
/home/e/Documents/research/byotee/OSDZU3_Ref_Design/OSDZU3_Ref_Design.gen/sources_1/bd/design_1/ip/design_1_v_frmbuf_rd_1_0/src/v_frmbuf_rd.cpp:1:27: warning: null character ignored [-Wnull-character]
XlxVV0EB0000000000000098<80><U+0000><U+0000><U+0000><C4>k:m<D3>OѲ|<A0>&]<BD>J,<9A><B3>Gg6<C3><U+000B><91><BE><C3><E8><B0>l<U+0008>t<B5>\V<8B><F7><94><U+0006>́<C2>O<FA><C0><B9>R<EB>kH<E9><FE><8D><84><BD><FB><92>!<91>B<EB>:U<A7>h)<E5><D9><U+000C>+<ED><99>x<U+0001>]<BF>b<95><DC>
                                    ^
/home/e/Documents/research/byotee/OSDZU3_Ref_Design/OSDZU3_Ref_Design.gen/sources_1/bd/design_1/ip/design_1_v_frmbuf_rd_1_0/src/v_frmbuf_rd.cpp:1:28: warning: null character ignored [-Wnull-character]
XlxVV0EB0000000000000098<80><U+0000><U+0000><U+0000><C4>k:m<D3>OѲ|<A0>&]<BD>J,<9A><B3>Gg6<C3><U+000B><91><BE><C3><E8><B0>l<U+0008>t<B5>\V<8B><F7><94><U+0006>́<C2>O<FA><C0><B9>R<EB>kH<E9><FE><8D><84><BD><FB><92>!<91>B<EB>:U<A7>h)<E5><D9><U+000C>+<ED><99>x<U+0001>]<BF>b<95><DC>
                                            ^
/home/e/Documents/research/byotee/OSDZU3_Ref_Design/OSDZU3_Ref_Design.gen/sources_1/bd/design_1/ip/design_1_v_frmbuf_rd_1_0/src/v_frmbuf_rd.cpp:1:29: error: source file is not valid UTF-8
XlxVV0EB0000000000000098<80><U+0000><U+0000><U+0000><C4>k:m<D3>OѲ|<A0>&]<BD>J,<9A><B3>Gg6<C3><U+000B><91><BE><C3><E8><B0>l<U+0008>t<B5>\V<8B><F7><94><U+0006>́<C2>O<FA><C0><B9>R<EB>kH<E9><FE><8D><84><BD><FB><92>!<91>B<EB>:U<A7>h)<E5><D9><U+000C>+<ED><99>x<U+0001>]<BF>b<95><DC>
                                                    ^
/home/e/Documents/research/byotee/OSDZU3_Ref_Design/OSDZU3_Ref_Design.gen/sources_1/bd/design_1/ip/design_1_v_frmbuf_rd_1_0/src/v_frmbuf_rd.cpp:1:1: error: unknown type name 'XlxVV0EB0000000000000098'
XlxVV0EB0000000000000098<80><U+0000><U+0000><U+0000><C4>k:m<D3>OѲ|<A0>&]<BD>J,<9A><B3>Gg6<C3><U+000B><91><BE><C3><E8><B0>l<U+0008>t<B5>\V<8B><F7><94><U+0006>́<C2>O<FA><C0><B9>R<EB>kH<E9><FE><8D><84><BD><FB><92>!<91>B<EB>:U<A7>h)<E5><D9><U+000C>+<ED><99>x<U+0001>]<BF>b<95><DC>
^
/home/e/Documents/research/byotee/OSDZU3_Ref_Design/OSDZU3_Ref_Design.gen/sources_1/bd/design_1/ip/design_1_v_frmbuf_rd_1_0/src/v_frmbuf_rd.cpp:1:31: error: expected ';' after top level declarator
XlxVV0EB0000000000000098<80><U+0000><U+0000><U+0000><C4>k:m<D3>OѲ|<A0>&]<BD>J,<9A><B3>Gg6<C3><U+000B><91><BE><C3><E8><B0>l<U+0008>t<B5>\V<8B><F7><94><U+0006>́<C2>O<FA><C0><B9>R<EB>kH<E9><FE><8D><84><BD><FB><92>!<91>B<EB>:U<A7>h)<E5><D9><U+000C>+<ED><99>x<U+0001>]<BF>b<95><DC>
                                                         ^
                                                         ;
/home/e/Documents/research/byotee/OSDZU3_Ref_Design/OSDZU3_Ref_Design.gen/sources_1/bd/design_1/ip/design_1_v_frmbuf_rd_1_0/src/v_frmbuf_rd.cpp:1:33: error: source file is not valid UTF-8
XlxVV0EB0000000000000098<80><U+0000><U+0000><U+0000><C4>k:m<D3>OѲ|<A0>&]<BD>J,<9A><B3>Gg6<C3><U+000B><91><BE><C3><E8><B0>l<U+0008>t<B5>\V<8B><F7><94><U+0006>́<C2>O<FA><C0><B9>R<EB>kH<E9><FE><8D><84><BD><FB><92>!<91>B<EB>:U<A7>h)<E5><D9><U+000C>+<ED><99>x<U+0001>]<BF>b<95><DC>
                                                           ^
/home/e/Documents/research/byotee/OSDZU3_Ref_Design/OSDZU3_Ref_Design.gen/sources_1/bd/design_1/ip/design_1_v_frmbuf_rd_1_0/src/v_frmbuf_rd.cpp:1:32: error: unknown type name 'm'
XlxVV0EB0000000000000098<80><U+0000><U+0000><U+0000><C4>k:m<D3>OѲ|<A0>&]<BD>J,<9A><B3>Gg6<C3><U+000B><91><BE><C3><E8><B0>l<U+0008>t<B5>\V<8B><F7><94><U+0006>́<C2>O<FA><C0><B9>R<EB>kH<E9><FE><8D><84><BD><FB><92>!<91>B<EB>:U<A7>h)<E5><D9><U+000C>+<ED><99>x<U+0001>]<BF>b<95><DC>
                                                          ^
/home/e/Documents/research/byotee/OSDZU3_Ref_Design/OSDZU3_Ref_Design.gen/sources_1/bd/design_1/ip/design_1_v_frmbuf_rd_1_0/src/v_frmbuf_rd.cpp:1:37: error: expected ';' after top level declarator
XlxVV0EB0000000000000098<80><U+0000><U+0000><U+0000><C4>k:m<D3>OѲ|<A0>&]<BD>J,<9A><B3>Gg6<C3><U+000B><91><BE><C3><E8><B0>l<U+0008>t<B5>\V<8B><F7><94><U+0006>́<C2>O<FA><C0><B9>R<EB>kH<E9><FE><8D><84><BD><FB><92>!<91>B<EB>:U<A7>h)<E5><D9><U+000C>+<ED><99>x<U+0001>]<BF>b<95><DC>
                                                                 ^
                                                                 ;
/home/e/Documents/research/byotee/OSDZU3_Ref_Design/OSDZU3_Ref_Design.gen/sources_1/bd/design_1/ip/design_1_v_frmbuf_rd_1_0/src/v_frmbuf_rd.cpp:1:38: error: source file is not valid UTF-8
XlxVV0EB0000000000000098<80><U+0000><U+0000><U+0000><C4>k:m<D3>OѲ|<A0>&]<BD>J,<9A><B3>Gg6<C3><U+000B><91><BE><C3><E8><B0>l<U+0008>t<B5>\V<8B><F7><94><U+0006>́<C2>O<FA><C0><B9>R<EB>kH<E9><FE><8D><84><BD><FB><92>!<91>B<EB>:U<A7>h)<E5><D9><U+000C>+<ED><99>x<U+0001>]<BF>b<95><DC>
                                                                  ^
/home/e/Documents/research/byotee/OSDZU3_Ref_Design/OSDZU3_Ref_Design.gen/sources_1/bd/design_1/ip/design_1_v_frmbuf_rd_1_0/src/v_frmbuf_rd.cpp:1:41: error: source file is not valid UTF-8
XlxVV0EB0000000000000098<80><U+0000><U+0000><U+0000><C4>k:m<D3>OѲ|<A0>&]<BD>J,<9A><B3>Gg6<C3><U+000B><91><BE><C3><E8><B0>l<U+0008>t<B5>\V<8B><F7><94><U+0006>́<C2>O<FA><C0><B9>R<EB>kH<E9><FE><8D><84><BD><FB><92>!<91>B<EB>:U<A7>h)<E5><D9><U+000C>+<ED><99>x<U+0001>]<BF>b<95><DC>
                                                                        ^
/home/e/Documents/research/byotee/OSDZU3_Ref_Design/OSDZU3_Ref_Design.gen/sources_1/bd/design_1/ip/design_1_v_frmbuf_rd_1_0/src/v_frmbuf_rd.cpp:1:44: error: source file is not valid UTF-8
XlxVV0EB0000000000000098<80><U+0000><U+0000><U+0000><C4>k:m<D3>OѲ|<A0>&]<BD>J,<9A><B3>Gg6<C3><U+000B><91><BE><C3><E8><B0>l<U+0008>t<B5>\V<8B><F7><94><U+0006>́<C2>O<FA><C0><B9>R<EB>kH<E9><FE><8D><84><BD><FB><92>!<91>B<EB>:U<A7>h)<E5><D9><U+000C>+<ED><99>x<U+0001>]<BF>b<95><DC>
                                                                              ^
/home/e/Documents/research/byotee/OSDZU3_Ref_Design/OSDZU3_Ref_Design.gen/sources_1/bd/design_1/ip/design_1_v_frmbuf_rd_1_0/src/v_frmbuf_rd.cpp:1:45: error: source file is not valid UTF-8
XlxVV0EB0000000000000098<80><U+0000><U+0000><U+0000><C4>k:m<D3>OѲ|<A0>&]<BD>J,<9A><B3>Gg6<C3><U+000B><91><BE><C3><E8><B0>l<U+0008>t<B5>\V<8B><F7><94><U+0006>́<C2>O<FA><C0><B9>R<EB>kH<E9><FE><8D><84><BD><FB><92>!<91>B<EB>:U<A7>h)<E5><D9><U+000C>+<ED><99>x<U+0001>]<BF>b<95><DC>
                                                                                  ^
/home/e/Documents/research/byotee/OSDZU3_Ref_Design/OSDZU3_Ref_Design.gen/sources_1/bd/design_1/ip/design_1_v_frmbuf_rd_1_0/src/v_frmbuf_rd.cpp:1:49: error: source file is not valid UTF-8
XlxVV0EB0000000000000098<80><U+0000><U+0000><U+0000><C4>k:m<D3>OѲ|<A0>&]<BD>J,<9A><B3>Gg6<C3><U+000B><91><BE><C3><E8><B0>l<U+0008>t<B5>\V<8B><F7><94><U+0006>́<C2>O<FA><C0><B9>R<EB>kH<E9><FE><8D><84><BD><FB><92>!<91>B<EB>:U<A7>h)<E5><D9><U+000C>+<ED><99>x<U+0001>]<BF>b<95><DC>
                                                                                         ^
/home/e/Documents/research/byotee/OSDZU3_Ref_Design/OSDZU3_Ref_Design.gen/sources_1/bd/design_1/ip/design_1_v_frmbuf_rd_1_0/src/v_frmbuf_rd.cpp:1:51: error: source file is not valid UTF-8
XlxVV0EB0000000000000098<80><U+0000><U+0000><U+0000><C4>k:m<D3>OѲ|<A0>&]<BD>J,<9A><B3>Gg6<C3><U+000B><91><BE><C3><E8><B0>l<U+0008>t<B5>\V<8B><F7><94><U+0006>́<C2>O<FA><C0><B9>R<EB>kH<E9><FE><8D><84><BD><FB><92>!<91>B<EB>:U<A7>h)<E5><D9><U+000C>+<ED><99>x<U+0001>]<BF>b<95><DC>
                                                                                                     ^
/home/e/Documents/research/byotee/OSDZU3_Ref_Design/OSDZU3_Ref_Design.gen/sources_1/bd/design_1/ip/design_1_v_frmbuf_rd_1_0/src/v_frmbuf_rd.cpp:1:52: error: source file is not valid UTF-8
XlxVV0EB0000000000000098<80><U+0000><U+0000><U+0000><C4>k:m<D3>OѲ|<A0>&]<BD>J,<9A><B3>Gg6<C3><U+000B><91><BE><C3><E8><B0>l<U+0008>t<B5>\V<8B><F7><94><U+0006>́<C2>O<FA><C0><B9>R<EB>kH<E9><FE><8D><84><BD><FB><92>!<91>B<EB>:U<A7>h)<E5><D9><U+000C>+<ED><99>x<U+0001>]<BF>b<95><DC>
                                                                                                         ^
/home/e/Documents/research/byotee/OSDZU3_Ref_Design/OSDZU3_Ref_Design.gen/sources_1/bd/design_1/ip/design_1_v_frmbuf_rd_1_0/src/v_frmbuf_rd.cpp:1:53: error: source file is not valid UTF-8
XlxVV0EB0000000000000098<80><U+0000><U+0000><U+0000><C4>k:m<D3>OѲ|<A0>&]<BD>J,<9A><B3>Gg6<C3><U+000B><91><BE><C3><E8><B0>l<U+0008>t<B5>\V<8B><F7><94><U+0006>́<C2>O<FA><C0><B9>R<EB>kH<E9><FE><8D><84><BD><FB><92>!<91>B<EB>:U<A7>h)<E5><D9><U+000C>+<ED><99>x<U+0001>]<BF>b<95><DC>
                                                                                                             ^
/home/e/Documents/research/byotee/OSDZU3_Ref_Design/OSDZU3_Ref_Design.gen/sources_1/bd/design_1/ip/design_1_v_frmbuf_rd_1_0/src/v_frmbuf_rd.cpp:1:54: error: source file is not valid UTF-8
XlxVV0EB0000000000000098<80><U+0000><U+0000><U+0000><C4>k:m<D3>OѲ|<A0>&]<BD>J,<9A><B3>Gg6<C3><U+000B><91><BE><C3><E8><B0>l<U+0008>t<B5>\V<8B><F7><94><U+0006>́<C2>O<FA><C0><B9>R<EB>kH<E9><FE><8D><84><BD><FB><92>!<91>B<EB>:U<A7>h)<E5><D9><U+000C>+<ED><99>x<U+0001>]<BF>b<95><DC>
                                                                                                                 ^
/home/e/Documents/research/byotee/OSDZU3_Ref_Design/OSDZU3_Ref_Design.gen/sources_1/bd/design_1/ip/design_1_v_frmbuf_rd_1_0/src/v_frmbuf_rd.cpp:1:55: error: source file is not valid UTF-8
XlxVV0EB0000000000000098<80><U+0000><U+0000><U+0000><C4>k:m<D3>OѲ|<A0>&]<BD>J,<9A><B3>Gg6<C3><U+000B><91><BE><C3><E8><B0>l<U+0008>t<B5>\V<8B><F7><94><U+0006>́<C2>O<FA><C0><B9>R<EB>kH<E9><FE><8D><84><BD><FB><92>!<91>B<EB>:U<A7>h)<E5><D9><U+000C>+<ED><99>x<U+0001>]<BF>b<95><DC>
                                                                                                                     ^
/home/e/Documents/research/byotee/OSDZU3_Ref_Design/OSDZU3_Ref_Design.gen/sources_1/bd/design_1/ip/design_1_v_frmbuf_rd_1_0/src/v_frmbuf_rd.cpp:1:59: error: source file is not valid UTF-8
XlxVV0EB0000000000000098<80><U+0000><U+0000><U+0000><C4>k:m<D3>OѲ|<A0>&]<BD>J,<9A><B3>Gg6<C3><U+000B><91><BE><C3><E8><B0>l<U+0008>t<B5>\V<8B><F7><94><U+0006>́<C2>O<FA><C0><B9>R<EB>kH<E9><FE><8D><84><BD><FB><92>!<91>B<EB>:U<A7>h)<E5><D9><U+000C>+<ED><99>x<U+0001>]<BF>b<95><DC>
                                                                                                                                   ^
/home/e/Documents/research/byotee/OSDZU3_Ref_Design/OSDZU3_Ref_Design.gen/sources_1/bd/design_1/ip/design_1_v_frmbuf_rd_1_0/src/v_frmbuf_rd.cpp:1:62: error: source file is not valid UTF-8
XlxVV0EB0000000000000098<80><U+0000><U+0000><U+0000><C4>k:m<D3>OѲ|<A0>&]<BD>J,<9A><B3>Gg6<C3><U+000B><91><BE><C3><E8><B0>l<U+0008>t<B5>\V<8B><F7><94><U+0006>́<C2>O<FA><C0><B9>R<EB>kH<E9><FE><8D><84><BD><FB><92>!<91>B<EB>:U<A7>h)<E5><D9><U+000C>+<ED><99>x<U+0001>]<BF>b<95><DC>
                                                                                                                                         ^
fatal error: too many errors emitted, stopping now [-ferror-limit=]
