
*** Running vivado
    with args -log design_1_mdm_riscv_0_0.vds -m64 -product Vivado -mode batch -messageDb vivado.pb -notrace -source design_1_mdm_riscv_0_0.tcl


****** Vivado v2025.1 (64-bit)
  **** SW Build 6140274 on Wed May 21 22:58:25 MDT 2025
  **** IP Build 6138677 on Thu May 22 03:10:11 MDT 2025
  **** SharedData Build 6139179 on Tue May 20 17:58:58 MDT 2025
  **** Start of session at: Sat Sep  6 13:58:29 2025
    ** Copyright 1986-2022 Xilinx, Inc. All Rights Reserved.
    ** Copyright 2022-2025 Advanced Micro Devices, Inc. All Rights Reserved.

source design_1_mdm_riscv_0_0.tcl -notrace
INFO: [IP_Flow 19-234] Refreshing IP repositories
INFO: [IP_Flow 19-1700] Loaded user IP repository '/home/e/Documents/research/byotee/OSDZU3_Ref_Design/OSDZU3_Ref_Design.ipdefs/IP_Repo'.
INFO: [IP_Flow 19-2313] Loaded Vivado IP repository '/tools/Xilinx/2025.1/Vivado/data/ip'.
Command: synth_design -top design_1_mdm_riscv_0_0 -part xczu3eg-sfvc784-1-e -incremental_mode off -mode out_of_context
Starting synth_design
Attempting to get a license for feature 'Synthesis' and/or device 'xczu3eg'
INFO: [Common 17-349] Got license for feature 'Synthesis' and/or device 'xczu3eg'
INFO: [Device 21-403] Loading part xczu3eg-sfvc784-1-e
INFO: [Synth 8-7079] Multithreading enabled for synth_design using a maximum of 7 processes.
INFO: [Synth 8-7078] Launching helper process for spawning children vivado processes
INFO: [Synth 8-7075] Helper process launched with PID 73641
---------------------------------------------------------------------------------
Starting RTL Elaboration : Time (s): cpu = 00:00:02 ; elapsed = 00:00:02 . Memory (MB): peak = 2575.672 ; gain = 134.688 ; free physical = 15547 ; free virtual = 35598
---------------------------------------------------------------------------------
INFO: [Synth 8-638] synthesizing module 'design_1_mdm_riscv_0_0' [/home/e/Documents/research/byotee/OSDZU3_Ref_Design/OSDZU3_Ref_Design.gen/sources_1/bd/design_1/ip/design_1_mdm_riscv_0_0/synth/design_1_mdm_riscv_0_0.vhd:144]
	Parameter C_FAMILY bound to: zynquplus - type: string 
	Parameter C_DEVICE bound to: xczu3eg - type: string 
	Parameter C_JTAG_CHAIN bound to: 2 - type: integer 
	Parameter C_USE_BSCAN bound to: 0 - type: integer 
	Parameter C_BSCANID bound to: 0 - type: integer 
	Parameter C_USE_BSCAN_SWITCH bound to: 0 - type: integer 
	Parameter C_USE_JTAG_BSCAN bound to: 1 - type: integer 
	Parameter C_DTM_IDCODE bound to: 147 - type: integer 
	Parameter C_DEBUG_INTERFACE bound to: 0 - type: integer 
	Parameter C_USE_CONFIG_RESET bound to: 0 - type: integer 
	Parameter C_AVOID_PRIMITIVES bound to: 0 - type: integer 
	Parameter C_INTERCONNECT bound to: 2 - type: integer 
	Parameter C_MB_DBG_PORTS bound to: 1 - type: integer 
	Parameter C_USE_UART bound to: 1 - type: integer 
	Parameter C_DBG_REG_ACCESS bound to: 0 - type: integer 
	Parameter C_DBG_MEM_ACCESS bound to: 1 - type: integer 
	Parameter C_USE_CROSS_TRIGGER bound to: 0 - type: integer 
	Parameter C_EXT_TRIG_RESET_VALUE bound to: 20'b11110001001000110100 
	Parameter C_TRACE_OUTPUT bound to: 0 - type: integer 
	Parameter C_TRACE_DATA_WIDTH bound to: 32 - type: integer 
	Parameter C_TRACE_CLK_FREQ_HZ bound to: 200000000 - type: integer 
	Parameter C_TRACE_CLK_OUT_PHASE bound to: 90 - type: integer 
	Parameter C_TRACE_ASYNC_RESET bound to: 0 - type: integer 
	Parameter C_TRACE_PROTOCOL bound to: 1 - type: integer 
	Parameter C_TRACE_ID bound to: 110 - type: integer 
	Parameter C_S_AXI_ADDR_WIDTH bound to: 4 - type: integer 
	Parameter C_S_AXI_DATA_WIDTH bound to: 32 - type: integer 
	Parameter C_S_AXI_ACLK_FREQ_HZ bound to: 99999001 - type: integer 
	Parameter C_M_AXI_ADDR_WIDTH bound to: 32 - type: integer 
	Parameter C_M_AXI_DATA_WIDTH bound to: 32 - type: integer 
	Parameter C_M_AXI_THREAD_ID_WIDTH bound to: 1 - type: integer 
	Parameter C_ADDR_SIZE bound to: 32 - type: integer 
	Parameter C_DATA_SIZE bound to: 32 - type: integer 
	Parameter C_LMB_PROTOCOL bound to: 0 - type: integer 
	Parameter C_M_AXIS_DATA_WIDTH bound to: 32 - type: integer 
	Parameter C_M_AXIS_ID_WIDTH bound to: 7 - type: integer 
INFO: [Synth 8-3491] module 'MDM_RISCV' declared at '/home/e/Documents/research/byotee/OSDZU3_Ref_Design/OSDZU3_Ref_Design.gen/sources_1/bd/design_1/ipshared/2c73/hdl/mdm_riscv_v1_0_vh_rfs.vhd:11977' bound to instance 'U0' of component 'mdm_riscv' [/home/e/Documents/research/byotee/OSDZU3_Ref_Design/OSDZU3_Ref_Design.gen/sources_1/bd/design_1/ip/design_1_mdm_riscv_0_0/synth/design_1_mdm_riscv_0_0.vhd:1821]
INFO: [Synth 8-638] synthesizing module 'MDM_RISCV' [/home/e/Documents/research/byotee/OSDZU3_Ref_Design/OSDZU3_Ref_Design.gen/sources_1/bd/design_1/ipshared/2c73/hdl/mdm_riscv_v1_0_vh_rfs.vhd:13662]
	Parameter C_TARGET bound to: 6 - type: integer 
	Parameter DISABLE_JTAG bound to: FALSE - type: string 
	Parameter JTAG_CHAIN bound to: 2 - type: integer 
INFO: [Synth 8-3491] module 'MB_BSCANE2' declared at '/home/e/Documents/research/byotee/OSDZU3_Ref_Design/OSDZU3_Ref_Design.gen/sources_1/bd/design_1/ipshared/2c73/hdl/mdm_riscv_v1_0_vh_rfs.vhd:510' bound to instance 'BSCAN_I' of component 'MB_BSCANE2' [/home/e/Documents/research/byotee/OSDZU3_Ref_Design/OSDZU3_Ref_Design.gen/sources_1/bd/design_1/ipshared/2c73/hdl/mdm_riscv_v1_0_vh_rfs.vhd:15459]
INFO: [Synth 8-638] synthesizing module 'MB_BSCANE2' [/home/e/Documents/research/byotee/OSDZU3_Ref_Design/OSDZU3_Ref_Design.gen/sources_1/bd/design_1/ipshared/2c73/hdl/mdm_riscv_v1_0_vh_rfs.vhd:534]
	Parameter DISABLE_JTAG bound to: FALSE - type: string 
	Parameter JTAG_CHAIN bound to: 2 - type: integer 
INFO: [Synth 8-113] binding component instance 'BSCANE2_I' to cell 'BSCANE2' [/home/e/Documents/research/byotee/OSDZU3_Ref_Design/OSDZU3_Ref_Design.gen/sources_1/bd/design_1/ipshared/2c73/hdl/mdm_riscv_v1_0_vh_rfs.vhd:544]
INFO: [Synth 8-256] done synthesizing module 'MB_BSCANE2' (0#1) [/home/e/Documents/research/byotee/OSDZU3_Ref_Design/OSDZU3_Ref_Design.gen/sources_1/bd/design_1/ipshared/2c73/hdl/mdm_riscv_v1_0_vh_rfs.vhd:534]
	Parameter C_TARGET bound to: 6 - type: integer 
	Parameter INIT bound to: 2'b10 
INFO: [Synth 8-3491] module 'MB_LUT1' declared at '/home/e/Documents/research/byotee/OSDZU3_Ref_Design/OSDZU3_Ref_Design.gen/sources_1/bd/design_1/ipshared/2c73/hdl/mdm_riscv_v1_0_vh_rfs.vhd:1735' bound to instance 'LUT1_I' of component 'MB_LUT1' [/home/e/Documents/research/byotee/OSDZU3_Ref_Design/OSDZU3_Ref_Design.gen/sources_1/bd/design_1/ipshared/2c73/hdl/mdm_riscv_v1_0_vh_rfs.vhd:15477]
INFO: [Synth 8-638] synthesizing module 'MB_LUT1' [/home/e/Documents/research/byotee/OSDZU3_Ref_Design/OSDZU3_Ref_Design.gen/sources_1/bd/design_1/ipshared/2c73/hdl/mdm_riscv_v1_0_vh_rfs.vhd:1749]
	Parameter INIT bound to: 2'b10 
INFO: [Synth 8-113] binding component instance 'Native' to cell 'LUT1' [/home/e/Documents/research/byotee/OSDZU3_Ref_Design/OSDZU3_Ref_Design.gen/sources_1/bd/design_1/ipshared/2c73/hdl/mdm_riscv_v1_0_vh_rfs.vhd:1771]
INFO: [Synth 8-256] done synthesizing module 'MB_LUT1' (0#1) [/home/e/Documents/research/byotee/OSDZU3_Ref_Design/OSDZU3_Ref_Design.gen/sources_1/bd/design_1/ipshared/2c73/hdl/mdm_riscv_v1_0_vh_rfs.vhd:1749]
INFO: [Synth 8-3491] module 'xil_scan_reset_control' declared at '/home/e/Documents/research/byotee/OSDZU3_Ref_Design/OSDZU3_Ref_Design.gen/sources_1/bd/design_1/ipshared/2c73/hdl/mdm_riscv_v1_0_vh_rfs.vhd:319' bound to instance 'config_with_scan_reset_i' of component 'xil_scan_reset_control' [/home/e/Documents/research/byotee/OSDZU3_Ref_Design/OSDZU3_Ref_Design.gen/sources_1/bd/design_1/ipshared/2c73/hdl/mdm_riscv_v1_0_vh_rfs.vhd:15521]
INFO: [Synth 8-638] synthesizing module 'xil_scan_reset_control' [/home/e/Documents/research/byotee/OSDZU3_Ref_Design/OSDZU3_Ref_Design.gen/sources_1/bd/design_1/ipshared/2c73/hdl/mdm_riscv_v1_0_vh_rfs.vhd:328]
INFO: [Synth 8-256] done synthesizing module 'xil_scan_reset_control' (0#1) [/home/e/Documents/research/byotee/OSDZU3_Ref_Design/OSDZU3_Ref_Design.gen/sources_1/bd/design_1/ipshared/2c73/hdl/mdm_riscv_v1_0_vh_rfs.vhd:328]
	Parameter C_TARGET bound to: 6 - type: integer 
INFO: [Synth 8-3491] module 'MB_BUFGCE_1' declared at '/home/e/Documents/research/byotee/OSDZU3_Ref_Design/OSDZU3_Ref_Design.gen/sources_1/bd/design_1/ipshared/2c73/hdl/mdm_riscv_v1_0_vh_rfs.vhd:621' bound to instance 'BUFG_JTAG_TCK' of component 'MB_BUFGCE_1' [/home/e/Documents/research/byotee/OSDZU3_Ref_Design/OSDZU3_Ref_Design.gen/sources_1/bd/design_1/ipshared/2c73/hdl/mdm_riscv_v1_0_vh_rfs.vhd:15917]
INFO: [Synth 8-638] synthesizing module 'MB_BUFGCE_1' [/home/e/Documents/research/byotee/OSDZU3_Ref_Design/OSDZU3_Ref_Design.gen/sources_1/bd/design_1/ipshared/2c73/hdl/mdm_riscv_v1_0_vh_rfs.vhd:635]
INFO: [Synth 8-113] binding component instance 'Native' to cell 'BUFGCE_1' [/home/e/Documents/research/byotee/OSDZU3_Ref_Design/OSDZU3_Ref_Design.gen/sources_1/bd/design_1/ipshared/2c73/hdl/mdm_riscv_v1_0_vh_rfs.vhd:645]
INFO: [Synth 8-256] done synthesizing module 'MB_BUFGCE_1' (0#1) [/home/e/Documents/research/byotee/OSDZU3_Ref_Design/OSDZU3_Ref_Design.gen/sources_1/bd/design_1/ipshared/2c73/hdl/mdm_riscv_v1_0_vh_rfs.vhd:635]
	Parameter C_TARGET bound to: 6 - type: integer 
	Parameter C_JTAG_CHAIN bound to: 2 - type: integer 
	Parameter C_USE_BSCAN bound to: 0 - type: integer 
	Parameter C_DTM_IDCODE bound to: 147 - type: integer 
	Parameter C_USE_CONFIG_RESET bound to: 0 - type: integer 
	Parameter C_USE_SRL16 bound to: yes - type: string 
	Parameter C_DEBUG_INTERFACE bound to: 0 - type: integer 
	Parameter C_MB_DBG_PORTS bound to: 1 - type: integer 
	Parameter C_EN_WIDTH bound to: 1 - type: integer 
	Parameter C_DBG_REG_ACCESS bound to: 0 - type: integer 
	Parameter C_REG_NUM_CE bound to: 4 - type: integer 
	Parameter C_REG_DATA_WIDTH bound to: 32 - type: integer 
	Parameter C_DBG_MEM_ACCESS bound to: 1 - type: integer 
	Parameter C_S_AXI_ADDR_WIDTH bound to: 4 - type: integer 
	Parameter C_S_AXI_ACLK_FREQ_HZ bound to: 99999001 - type: integer 
	Parameter C_M_AXI_ADDR_WIDTH bound to: 32 - type: integer 
	Parameter C_M_AXI_DATA_WIDTH bound to: 32 - type: integer 
	Parameter C_USE_CROSS_TRIGGER bound to: 0 - type: integer 
	Parameter C_EXT_TRIG_RESET_VALUE bound to: 20'b11110001001000110100 
	Parameter C_TRACE_OUTPUT bound to: 0 - type: integer 
	Parameter C_TRACE_DATA_WIDTH bound to: 32 - type: integer 
	Parameter C_TRACE_ASYNC_RESET bound to: 0 - type: integer 
	Parameter C_TRACE_CLK_FREQ_HZ bound to: 200000000 - type: integer 
	Parameter C_TRACE_CLK_OUT_PHASE bound to: 90 - type: integer 
	Parameter C_USE_UART bound to: 1 - type: integer 
	Parameter C_UART_WIDTH bound to: 8 - type: integer 
	Parameter C_M_AXIS_DATA_WIDTH bound to: 32 - type: integer 
	Parameter C_M_AXIS_ID_WIDTH bound to: 7 - type: integer 
INFO: [Synth 8-3491] module 'MDM_Core' declared at '/home/e/Documents/research/byotee/OSDZU3_Ref_Design/OSDZU3_Ref_Design.gen/sources_1/bd/design_1/ipshared/2c73/hdl/mdm_riscv_v1_0_vh_rfs.vhd:5249' bound to instance 'MDM_Core_I1' of component 'MDM_Core' [/home/e/Documents/research/byotee/OSDZU3_Ref_Design/OSDZU3_Ref_Design.gen/sources_1/bd/design_1/ipshared/2c73/hdl/mdm_riscv_v1_0_vh_rfs.vhd:16077]
INFO: [Synth 8-638] synthesizing module 'MDM_Core' [/home/e/Documents/research/byotee/OSDZU3_Ref_Design/OSDZU3_Ref_Design.gen/sources_1/bd/design_1/ipshared/2c73/hdl/mdm_riscv_v1_0_vh_rfs.vhd:6497]
	Parameter C_TARGET bound to: 6 - type: integer 
INFO: [Synth 8-3491] module 'MB_FDRE' declared at '/home/e/Documents/research/byotee/OSDZU3_Ref_Design/OSDZU3_Ref_Design.gen/sources_1/bd/design_1/ipshared/2c73/hdl/mdm_riscv_v1_0_vh_rfs.vhd:767' bound to instance 'TX_Buffer_Empty_FDRE' of component 'MB_FDRE' [/home/e/Documents/research/byotee/OSDZU3_Ref_Design/OSDZU3_Ref_Design.gen/sources_1/bd/design_1/ipshared/2c73/hdl/mdm_riscv_v1_0_vh_rfs.vhd:7218]
INFO: [Synth 8-638] synthesizing module 'MB_FDRE' [/home/e/Documents/research/byotee/OSDZU3_Ref_Design/OSDZU3_Ref_Design.gen/sources_1/bd/design_1/ipshared/2c73/hdl/mdm_riscv_v1_0_vh_rfs.vhd:784]
	Parameter INIT bound to: 1'b0 
INFO: [Synth 8-113] binding component instance 'Native' to cell 'FDRE' [/home/e/Documents/research/byotee/OSDZU3_Ref_Design/OSDZU3_Ref_Design.gen/sources_1/bd/design_1/ipshared/2c73/hdl/mdm_riscv_v1_0_vh_rfs.vhd:813]
INFO: [Synth 8-256] done synthesizing module 'MB_FDRE' (0#1) [/home/e/Documents/research/byotee/OSDZU3_Ref_Design/OSDZU3_Ref_Design.gen/sources_1/bd/design_1/ipshared/2c73/hdl/mdm_riscv_v1_0_vh_rfs.vhd:784]
	Parameter C_TARGET bound to: 6 - type: integer 
	Parameter C_USE_BSCAN bound to: 0 - type: integer 
	Parameter C_DTM_IDCODE bound to: 147 - type: integer 
	Parameter C_MB_DBG_PORTS bound to: 1 - type: integer 
	Parameter C_USE_CONFIG_RESET bound to: 0 - type: integer 
	Parameter C_USE_SRL16 bound to: yes - type: string 
	Parameter C_DEBUG_INTERFACE bound to: 0 - type: integer 
	Parameter C_DBG_REG_ACCESS bound to: 0 - type: integer 
	Parameter C_DBG_MEM_ACCESS bound to: 1 - type: integer 
	Parameter C_M_AXI_ADDR_WIDTH bound to: 32 - type: integer 
	Parameter C_M_AXI_DATA_WIDTH bound to: 32 - type: integer 
	Parameter C_USE_CROSS_TRIGGER bound to: 0 - type: integer 
	Parameter C_EXT_TRIG_RESET_VALUE bound to: 20'b11110001001000110100 
	Parameter C_TRACE_OUTPUT bound to: 0 - type: integer 
	Parameter C_USE_UART bound to: 1 - type: integer 
	Parameter C_UART_WIDTH bound to: 8 - type: integer 
	Parameter C_EN_WIDTH bound to: 1 - type: integer 
INFO: [Synth 8-3491] module 'JTAG_CONTROL' declared at '/home/e/Documents/research/byotee/OSDZU3_Ref_Design/OSDZU3_Ref_Design.gen/sources_1/bd/design_1/ipshared/2c73/hdl/mdm_riscv_v1_0_vh_rfs.vhd:3265' bound to instance 'JTAG_CONTROL_I' of component 'JTAG_CONTROL' [/home/e/Documents/research/byotee/OSDZU3_Ref_Design/OSDZU3_Ref_Design.gen/sources_1/bd/design_1/ipshared/2c73/hdl/mdm_riscv_v1_0_vh_rfs.vhd:9053]
INFO: [Synth 8-638] synthesizing module 'JTAG_CONTROL' [/home/e/Documents/research/byotee/OSDZU3_Ref_Design/OSDZU3_Ref_Design.gen/sources_1/bd/design_1/ipshared/2c73/hdl/mdm_riscv_v1_0_vh_rfs.vhd:3507]
WARNING: [Synth 8-6774] Null subtype or type declaration found [/home/e/Documents/research/byotee/OSDZU3_Ref_Design/OSDZU3_Ref_Design.gen/sources_1/bd/design_1/ipshared/2c73/hdl/mdm_riscv_v1_0_vh_rfs.vhd:3651]
WARNING: [Synth 8-3919] null assignment ignored [/home/e/Documents/research/byotee/OSDZU3_Ref_Design/OSDZU3_Ref_Design.gen/sources_1/bd/design_1/ipshared/2c73/hdl/mdm_riscv_v1_0_vh_rfs.vhd:3651]
INFO: [Synth 8-3491] module 'xil_scan_reset_control' declared at '/home/e/Documents/research/byotee/OSDZU3_Ref_Design/OSDZU3_Ref_Design.gen/sources_1/bd/design_1/ipshared/2c73/hdl/mdm_riscv_v1_0_vh_rfs.vhd:319' bound to instance 'config_with_scan_reset_i' of component 'xil_scan_reset_control' [/home/e/Documents/research/byotee/OSDZU3_Ref_Design/OSDZU3_Ref_Design.gen/sources_1/bd/design_1/ipshared/2c73/hdl/mdm_riscv_v1_0_vh_rfs.vhd:3678]
INFO: [Synth 8-226] default block is never used [/home/e/Documents/research/byotee/OSDZU3_Ref_Design/OSDZU3_Ref_Design.gen/sources_1/bd/design_1/ipshared/2c73/hdl/mdm_riscv_v1_0_vh_rfs.vhd:3756]
	Parameter C_TARGET bound to: 6 - type: integer 
INFO: [Synth 8-3491] module 'MB_BUFGCE_1' declared at '/home/e/Documents/research/byotee/OSDZU3_Ref_Design/OSDZU3_Ref_Design.gen/sources_1/bd/design_1/ipshared/2c73/hdl/mdm_riscv_v1_0_vh_rfs.vhd:621' bound to instance 'BUFG_DRCK' of component 'MB_BUFGCE_1' [/home/e/Documents/research/byotee/OSDZU3_Ref_Design/OSDZU3_Ref_Design.gen/sources_1/bd/design_1/ipshared/2c73/hdl/mdm_riscv_v1_0_vh_rfs.vhd:3916]
	Parameter C_TARGET bound to: 6 - type: integer 
INFO: [Synth 8-3491] module 'MB_BUFG' declared at '/home/e/Documents/research/byotee/OSDZU3_Ref_Design/OSDZU3_Ref_Design.gen/sources_1/bd/design_1/ipshared/2c73/hdl/mdm_riscv_v1_0_vh_rfs.vhd:572' bound to instance 'BUFG_UPDATE' of component 'MB_BUFG' [/home/e/Documents/research/byotee/OSDZU3_Ref_Design/OSDZU3_Ref_Design.gen/sources_1/bd/design_1/ipshared/2c73/hdl/mdm_riscv_v1_0_vh_rfs.vhd:3928]
INFO: [Synth 8-638] synthesizing module 'MB_BUFG' [/home/e/Documents/research/byotee/OSDZU3_Ref_Design/OSDZU3_Ref_Design.gen/sources_1/bd/design_1/ipshared/2c73/hdl/mdm_riscv_v1_0_vh_rfs.vhd:585]
	Parameter C_TARGET bound to: 6 - type: integer 
INFO: [Synth 8-113] binding component instance 'Native' to cell 'BUFG' [/home/e/Documents/research/byotee/OSDZU3_Ref_Design/OSDZU3_Ref_Design.gen/sources_1/bd/design_1/ipshared/2c73/hdl/mdm_riscv_v1_0_vh_rfs.vhd:595]
INFO: [Synth 8-256] done synthesizing module 'MB_BUFG' (0#1) [/home/e/Documents/research/byotee/OSDZU3_Ref_Design/OSDZU3_Ref_Design.gen/sources_1/bd/design_1/ipshared/2c73/hdl/mdm_riscv_v1_0_vh_rfs.vhd:585]
WARNING: [Synth 8-3919] null assignment ignored [/home/e/Documents/research/byotee/OSDZU3_Ref_Design/OSDZU3_Ref_Design.gen/sources_1/bd/design_1/ipshared/2c73/hdl/mdm_riscv_v1_0_vh_rfs.vhd:4294]
	Parameter C_TARGET bound to: 6 - type: integer 
	Parameter C_DATA_BITS bound to: 8 - type: integer 
	Parameter C_DEPTH bound to: 16 - type: integer 
	Parameter C_USE_SRL16 bound to: yes - type: string 
INFO: [Synth 8-3491] module 'SRL_FIFO' declared at '/home/e/Documents/research/byotee/OSDZU3_Ref_Design/OSDZU3_Ref_Design.gen/sources_1/bd/design_1/ipshared/2c73/hdl/mdm_riscv_v1_0_vh_rfs.vhd:2151' bound to instance 'RX_FIFO_I' of component 'SRL_FIFO' [/home/e/Documents/research/byotee/OSDZU3_Ref_Design/OSDZU3_Ref_Design.gen/sources_1/bd/design_1/ipshared/2c73/hdl/mdm_riscv_v1_0_vh_rfs.vhd:4583]
INFO: [Synth 8-638] synthesizing module 'SRL_FIFO' [/home/e/Documents/research/byotee/OSDZU3_Ref_Design/OSDZU3_Ref_Design.gen/sources_1/bd/design_1/ipshared/2c73/hdl/mdm_riscv_v1_0_vh_rfs.vhd:2171]
	Parameter C_TARGET bound to: 6 - type: integer 
INFO: [Synth 8-3491] module 'MB_MUXCY_XORCY' declared at '/home/e/Documents/research/byotee/OSDZU3_Ref_Design/OSDZU3_Ref_Design.gen/sources_1/bd/design_1/ipshared/2c73/hdl/mdm_riscv_v1_0_vh_rfs.vhd:1266' bound to instance 'MUXCY_L_I' of component 'MB_MUXCY_XORCY' [/home/e/Documents/research/byotee/OSDZU3_Ref_Design/OSDZU3_Ref_Design.gen/sources_1/bd/design_1/ipshared/2c73/hdl/mdm_riscv_v1_0_vh_rfs.vhd:2301]
INFO: [Synth 8-638] synthesizing module 'MB_MUXCY_XORCY' [/home/e/Documents/research/byotee/OSDZU3_Ref_Design/OSDZU3_Ref_Design.gen/sources_1/bd/design_1/ipshared/2c73/hdl/mdm_riscv_v1_0_vh_rfs.vhd:1282]
INFO: [Synth 8-113] binding component instance 'Native_I1' to cell 'MUXCY_L' [/home/e/Documents/research/byotee/OSDZU3_Ref_Design/OSDZU3_Ref_Design.gen/sources_1/bd/design_1/ipshared/2c73/hdl/mdm_riscv_v1_0_vh_rfs.vhd:1293]
INFO: [Synth 8-113] binding component instance 'Native_I2' to cell 'XORCY' [/home/e/Documents/research/byotee/OSDZU3_Ref_Design/OSDZU3_Ref_Design.gen/sources_1/bd/design_1/ipshared/2c73/hdl/mdm_riscv_v1_0_vh_rfs.vhd:1300]
INFO: [Synth 8-256] done synthesizing module 'MB_MUXCY_XORCY' (0#1) [/home/e/Documents/research/byotee/OSDZU3_Ref_Design/OSDZU3_Ref_Design.gen/sources_1/bd/design_1/ipshared/2c73/hdl/mdm_riscv_v1_0_vh_rfs.vhd:1282]
	Parameter C_TARGET bound to: 6 - type: integer 
INFO: [Synth 8-3491] module 'MB_FDRE' declared at '/home/e/Documents/research/byotee/OSDZU3_Ref_Design/OSDZU3_Ref_Design.gen/sources_1/bd/design_1/ipshared/2c73/hdl/mdm_riscv_v1_0_vh_rfs.vhd:767' bound to instance 'FDRE_I' of component 'MB_FDRE' [/home/e/Documents/research/byotee/OSDZU3_Ref_Design/OSDZU3_Ref_Design.gen/sources_1/bd/design_1/ipshared/2c73/hdl/mdm_riscv_v1_0_vh_rfs.vhd:2325]
	Parameter C_TARGET bound to: 6 - type: integer 
INFO: [Synth 8-3491] module 'MB_MUXCY_XORCY' declared at '/home/e/Documents/research/byotee/OSDZU3_Ref_Design/OSDZU3_Ref_Design.gen/sources_1/bd/design_1/ipshared/2c73/hdl/mdm_riscv_v1_0_vh_rfs.vhd:1266' bound to instance 'MUXCY_L_I' of component 'MB_MUXCY_XORCY' [/home/e/Documents/research/byotee/OSDZU3_Ref_Design/OSDZU3_Ref_Design.gen/sources_1/bd/design_1/ipshared/2c73/hdl/mdm_riscv_v1_0_vh_rfs.vhd:2301]
	Parameter C_TARGET bound to: 6 - type: integer 
INFO: [Synth 8-3491] module 'MB_FDRE' declared at '/home/e/Documents/research/byotee/OSDZU3_Ref_Design/OSDZU3_Ref_Design.gen/sources_1/bd/design_1/ipshared/2c73/hdl/mdm_riscv_v1_0_vh_rfs.vhd:767' bound to instance 'FDRE_I' of component 'MB_FDRE' [/home/e/Documents/research/byotee/OSDZU3_Ref_Design/OSDZU3_Ref_Design.gen/sources_1/bd/design_1/ipshared/2c73/hdl/mdm_riscv_v1_0_vh_rfs.vhd:2325]
	Parameter C_TARGET bound to: 6 - type: integer 
INFO: [Synth 8-3491] module 'MB_MUXCY_XORCY' declared at '/home/e/Documents/research/byotee/OSDZU3_Ref_Design/OSDZU3_Ref_Design.gen/sources_1/bd/design_1/ipshared/2c73/hdl/mdm_riscv_v1_0_vh_rfs.vhd:1266' bound to instance 'MUXCY_L_I' of component 'MB_MUXCY_XORCY' [/home/e/Documents/research/byotee/OSDZU3_Ref_Design/OSDZU3_Ref_Design.gen/sources_1/bd/design_1/ipshared/2c73/hdl/mdm_riscv_v1_0_vh_rfs.vhd:2301]
	Parameter C_TARGET bound to: 6 - type: integer 
INFO: [Synth 8-3491] module 'MB_FDRE' declared at '/home/e/Documents/research/byotee/OSDZU3_Ref_Design/OSDZU3_Ref_Design.gen/sources_1/bd/design_1/ipshared/2c73/hdl/mdm_riscv_v1_0_vh_rfs.vhd:767' bound to instance 'FDRE_I' of component 'MB_FDRE' [/home/e/Documents/research/byotee/OSDZU3_Ref_Design/OSDZU3_Ref_Design.gen/sources_1/bd/design_1/ipshared/2c73/hdl/mdm_riscv_v1_0_vh_rfs.vhd:2325]
	Parameter C_TARGET bound to: 6 - type: integer 
INFO: [Synth 8-3491] module 'MB_XORCY' declared at '/home/e/Documents/research/byotee/OSDZU3_Ref_Design/OSDZU3_Ref_Design.gen/sources_1/bd/design_1/ipshared/2c73/hdl/mdm_riscv_v1_0_vh_rfs.vhd:1362' bound to instance 'XORCY_I' of component 'MB_XORCY' [/home/e/Documents/research/byotee/OSDZU3_Ref_Design/OSDZU3_Ref_Design.gen/sources_1/bd/design_1/ipshared/2c73/hdl/mdm_riscv_v1_0_vh_rfs.vhd:2315]
INFO: [Synth 8-638] synthesizing module 'MB_XORCY' [/home/e/Documents/research/byotee/OSDZU3_Ref_Design/OSDZU3_Ref_Design.gen/sources_1/bd/design_1/ipshared/2c73/hdl/mdm_riscv_v1_0_vh_rfs.vhd:1376]
INFO: [Synth 8-113] binding component instance 'Native' to cell 'XORCY' [/home/e/Documents/research/byotee/OSDZU3_Ref_Design/OSDZU3_Ref_Design.gen/sources_1/bd/design_1/ipshared/2c73/hdl/mdm_riscv_v1_0_vh_rfs.vhd:1386]
INFO: [Synth 8-256] done synthesizing module 'MB_XORCY' (0#1) [/home/e/Documents/research/byotee/OSDZU3_Ref_Design/OSDZU3_Ref_Design.gen/sources_1/bd/design_1/ipshared/2c73/hdl/mdm_riscv_v1_0_vh_rfs.vhd:1376]
	Parameter C_TARGET bound to: 6 - type: integer 
INFO: [Synth 8-3491] module 'MB_FDRE' declared at '/home/e/Documents/research/byotee/OSDZU3_Ref_Design/OSDZU3_Ref_Design.gen/sources_1/bd/design_1/ipshared/2c73/hdl/mdm_riscv_v1_0_vh_rfs.vhd:767' bound to instance 'FDRE_I' of component 'MB_FDRE' [/home/e/Documents/research/byotee/OSDZU3_Ref_Design/OSDZU3_Ref_Design.gen/sources_1/bd/design_1/ipshared/2c73/hdl/mdm_riscv_v1_0_vh_rfs.vhd:2325]
	Parameter C_TARGET bound to: 6 - type: integer 
	Parameter C_USE_SRL16 bound to: yes - type: string 
	Parameter INIT bound to: 16'b0000000000000000 
INFO: [Synth 8-3491] module 'MB_SRL16E' declared at '/home/e/Documents/research/byotee/OSDZU3_Ref_Design/OSDZU3_Ref_Design.gen/sources_1/bd/design_1/ipshared/2c73/hdl/mdm_riscv_v1_0_vh_rfs.vhd:1070' bound to instance 'SRL16E_I' of component 'MB_SRL16E' [/home/e/Documents/research/byotee/OSDZU3_Ref_Design/OSDZU3_Ref_Design.gen/sources_1/bd/design_1/ipshared/2c73/hdl/mdm_riscv_v1_0_vh_rfs.vhd:2342]
INFO: [Synth 8-638] synthesizing module 'MB_SRL16E' [/home/e/Documents/research/byotee/OSDZU3_Ref_Design/OSDZU3_Ref_Design.gen/sources_1/bd/design_1/ipshared/2c73/hdl/mdm_riscv_v1_0_vh_rfs.vhd:1094]
	Parameter INIT bound to: 16'b0000000000000000 
INFO: [Synth 8-113] binding component instance 'MB_SRL16E_I1' to cell 'SRL16E' [/home/e/Documents/research/byotee/OSDZU3_Ref_Design/OSDZU3_Ref_Design.gen/sources_1/bd/design_1/ipshared/2c73/hdl/mdm_riscv_v1_0_vh_rfs.vhd:1098]
INFO: [Synth 8-256] done synthesizing module 'MB_SRL16E' (0#1) [/home/e/Documents/research/byotee/OSDZU3_Ref_Design/OSDZU3_Ref_Design.gen/sources_1/bd/design_1/ipshared/2c73/hdl/mdm_riscv_v1_0_vh_rfs.vhd:1094]
	Parameter C_TARGET bound to: 6 - type: integer 
	Parameter C_USE_SRL16 bound to: yes - type: string 
	Parameter INIT bound to: 16'b0000000000000000 
INFO: [Synth 8-3491] module 'MB_SRL16E' declared at '/home/e/Documents/research/byotee/OSDZU3_Ref_Design/OSDZU3_Ref_Design.gen/sources_1/bd/design_1/ipshared/2c73/hdl/mdm_riscv_v1_0_vh_rfs.vhd:1070' bound to instance 'SRL16E_I' of component 'MB_SRL16E' [/home/e/Documents/research/byotee/OSDZU3_Ref_Design/OSDZU3_Ref_Design.gen/sources_1/bd/design_1/ipshared/2c73/hdl/mdm_riscv_v1_0_vh_rfs.vhd:2342]
	Parameter C_TARGET bound to: 6 - type: integer 
	Parameter C_USE_SRL16 bound to: yes - type: string 
	Parameter INIT bound to: 16'b0000000000000000 
INFO: [Synth 8-3491] module 'MB_SRL16E' declared at '/home/e/Documents/research/byotee/OSDZU3_Ref_Design/OSDZU3_Ref_Design.gen/sources_1/bd/design_1/ipshared/2c73/hdl/mdm_riscv_v1_0_vh_rfs.vhd:1070' bound to instance 'SRL16E_I' of component 'MB_SRL16E' [/home/e/Documents/research/byotee/OSDZU3_Ref_Design/OSDZU3_Ref_Design.gen/sources_1/bd/design_1/ipshared/2c73/hdl/mdm_riscv_v1_0_vh_rfs.vhd:2342]
	Parameter C_TARGET bound to: 6 - type: integer 
	Parameter C_USE_SRL16 bound to: yes - type: string 
	Parameter INIT bound to: 16'b0000000000000000 
INFO: [Synth 8-3491] module 'MB_SRL16E' declared at '/home/e/Documents/research/byotee/OSDZU3_Ref_Design/OSDZU3_Ref_Design.gen/sources_1/bd/design_1/ipshared/2c73/hdl/mdm_riscv_v1_0_vh_rfs.vhd:1070' bound to instance 'SRL16E_I' of component 'MB_SRL16E' [/home/e/Documents/research/byotee/OSDZU3_Ref_Design/OSDZU3_Ref_Design.gen/sources_1/bd/design_1/ipshared/2c73/hdl/mdm_riscv_v1_0_vh_rfs.vhd:2342]
	Parameter C_TARGET bound to: 6 - type: integer 
	Parameter C_USE_SRL16 bound to: yes - type: string 
	Parameter INIT bound to: 16'b0000000000000000 
INFO: [Synth 8-3491] module 'MB_SRL16E' declared at '/home/e/Documents/research/byotee/OSDZU3_Ref_Design/OSDZU3_Ref_Design.gen/sources_1/bd/design_1/ipshared/2c73/hdl/mdm_riscv_v1_0_vh_rfs.vhd:1070' bound to instance 'SRL16E_I' of component 'MB_SRL16E' [/home/e/Documents/research/byotee/OSDZU3_Ref_Design/OSDZU3_Ref_Design.gen/sources_1/bd/design_1/ipshared/2c73/hdl/mdm_riscv_v1_0_vh_rfs.vhd:2342]
	Parameter C_TARGET bound to: 6 - type: integer 
	Parameter C_USE_SRL16 bound to: yes - type: string 
	Parameter INIT bound to: 16'b0000000000000000 
INFO: [Synth 8-3491] module 'MB_SRL16E' declared at '/home/e/Documents/research/byotee/OSDZU3_Ref_Design/OSDZU3_Ref_Design.gen/sources_1/bd/design_1/ipshared/2c73/hdl/mdm_riscv_v1_0_vh_rfs.vhd:1070' bound to instance 'SRL16E_I' of component 'MB_SRL16E' [/home/e/Documents/research/byotee/OSDZU3_Ref_Design/OSDZU3_Ref_Design.gen/sources_1/bd/design_1/ipshared/2c73/hdl/mdm_riscv_v1_0_vh_rfs.vhd:2342]
	Parameter C_TARGET bound to: 6 - type: integer 
	Parameter C_USE_SRL16 bound to: yes - type: string 
	Parameter INIT bound to: 16'b0000000000000000 
INFO: [Synth 8-3491] module 'MB_SRL16E' declared at '/home/e/Documents/research/byotee/OSDZU3_Ref_Design/OSDZU3_Ref_Design.gen/sources_1/bd/design_1/ipshared/2c73/hdl/mdm_riscv_v1_0_vh_rfs.vhd:1070' bound to instance 'SRL16E_I' of component 'MB_SRL16E' [/home/e/Documents/research/byotee/OSDZU3_Ref_Design/OSDZU3_Ref_Design.gen/sources_1/bd/design_1/ipshared/2c73/hdl/mdm_riscv_v1_0_vh_rfs.vhd:2342]
	Parameter C_TARGET bound to: 6 - type: integer 
	Parameter C_USE_SRL16 bound to: yes - type: string 
	Parameter INIT bound to: 16'b0000000000000000 
INFO: [Synth 8-3491] module 'MB_SRL16E' declared at '/home/e/Documents/research/byotee/OSDZU3_Ref_Design/OSDZU3_Ref_Design.gen/sources_1/bd/design_1/ipshared/2c73/hdl/mdm_riscv_v1_0_vh_rfs.vhd:1070' bound to instance 'SRL16E_I' of component 'MB_SRL16E' [/home/e/Documents/research/byotee/OSDZU3_Ref_Design/OSDZU3_Ref_Design.gen/sources_1/bd/design_1/ipshared/2c73/hdl/mdm_riscv_v1_0_vh_rfs.vhd:2342]
INFO: [Synth 8-256] done synthesizing module 'SRL_FIFO' (0#1) [/home/e/Documents/research/byotee/OSDZU3_Ref_Design/OSDZU3_Ref_Design.gen/sources_1/bd/design_1/ipshared/2c73/hdl/mdm_riscv_v1_0_vh_rfs.vhd:2171]
	Parameter C_TARGET bound to: 6 - type: integer 
	Parameter C_DATA_BITS bound to: 8 - type: integer 
	Parameter C_DEPTH bound to: 16 - type: integer 
	Parameter C_USE_SRL16 bound to: yes - type: string 
INFO: [Synth 8-3491] module 'SRL_FIFO' declared at '/home/e/Documents/research/byotee/OSDZU3_Ref_Design/OSDZU3_Ref_Design.gen/sources_1/bd/design_1/ipshared/2c73/hdl/mdm_riscv_v1_0_vh_rfs.vhd:2151' bound to instance 'TX_FIFO_I' of component 'SRL_FIFO' [/home/e/Documents/research/byotee/OSDZU3_Ref_Design/OSDZU3_Ref_Design.gen/sources_1/bd/design_1/ipshared/2c73/hdl/mdm_riscv_v1_0_vh_rfs.vhd:4605]
INFO: [Synth 8-3491] module 'xil_scan_reset_control' declared at '/home/e/Documents/research/byotee/OSDZU3_Ref_Design/OSDZU3_Ref_Design.gen/sources_1/bd/design_1/ipshared/2c73/hdl/mdm_riscv_v1_0_vh_rfs.vhd:319' bound to instance 'execute_rst_i' of component 'xil_scan_reset_control' [/home/e/Documents/research/byotee/OSDZU3_Ref_Design/OSDZU3_Ref_Design.gen/sources_1/bd/design_1/ipshared/2c73/hdl/mdm_riscv_v1_0_vh_rfs.vhd:4935]
INFO: [Synth 8-256] done synthesizing module 'JTAG_CONTROL' (0#1) [/home/e/Documents/research/byotee/OSDZU3_Ref_Design/OSDZU3_Ref_Design.gen/sources_1/bd/design_1/ipshared/2c73/hdl/mdm_riscv_v1_0_vh_rfs.vhd:3507]
INFO: [Synth 8-256] done synthesizing module 'MDM_Core' (0#1) [/home/e/Documents/research/byotee/OSDZU3_Ref_Design/OSDZU3_Ref_Design.gen/sources_1/bd/design_1/ipshared/2c73/hdl/mdm_riscv_v1_0_vh_rfs.vhd:6497]
	Parameter C_TARGET bound to: 6 - type: integer 
	Parameter C_M_AXI_DATA_WIDTH bound to: 32 - type: integer 
	Parameter C_M_AXI_THREAD_ID_WIDTH bound to: 1 - type: integer 
	Parameter C_M_AXI_ADDR_WIDTH bound to: 32 - type: integer 
	Parameter C_DATA_SIZE bound to: 32 - type: integer 
	Parameter C_ADDR_SIZE bound to: 32 - type: integer 
	Parameter C_LMB_PROTOCOL bound to: 0 - type: integer 
	Parameter C_HAS_FIFO_PORTS bound to: 1 - type: bool 
	Parameter C_HAS_DIRECT_PORT bound to: 0 - type: bool 
	Parameter C_USE_SRL16 bound to: yes - type: string 
INFO: [Synth 8-3491] module 'bus_master' declared at '/home/e/Documents/research/byotee/OSDZU3_Ref_Design/OSDZU3_Ref_Design.gen/sources_1/bd/design_1/ipshared/2c73/hdl/mdm_riscv_v1_0_vh_rfs.vhd:2478' bound to instance 'bus_master_I' of component 'bus_master' [/home/e/Documents/research/byotee/OSDZU3_Ref_Design/OSDZU3_Ref_Design.gen/sources_1/bd/design_1/ipshared/2c73/hdl/mdm_riscv_v1_0_vh_rfs.vhd:17386]
INFO: [Synth 8-638] synthesizing module 'bus_master' [/home/e/Documents/research/byotee/OSDZU3_Ref_Design/OSDZU3_Ref_Design.gen/sources_1/bd/design_1/ipshared/2c73/hdl/mdm_riscv_v1_0_vh_rfs.vhd:2593]
	Parameter C_TARGET bound to: 6 - type: integer 
	Parameter C_DATA_BITS bound to: 32 - type: integer 
	Parameter C_DEPTH bound to: 32 - type: integer 
	Parameter C_USE_SRL16 bound to: yes - type: string 
INFO: [Synth 8-3491] module 'SRL_FIFO' declared at '/home/e/Documents/research/byotee/OSDZU3_Ref_Design/OSDZU3_Ref_Design.gen/sources_1/bd/design_1/ipshared/2c73/hdl/mdm_riscv_v1_0_vh_rfs.vhd:2151' bound to instance 'Read_FIFO' of component 'SRL_FIFO' [/home/e/Documents/research/byotee/OSDZU3_Ref_Design/OSDZU3_Ref_Design.gen/sources_1/bd/design_1/ipshared/2c73/hdl/mdm_riscv_v1_0_vh_rfs.vhd:2702]
INFO: [Synth 8-638] synthesizing module 'SRL_FIFO__parameterized2' [/home/e/Documents/research/byotee/OSDZU3_Ref_Design/OSDZU3_Ref_Design.gen/sources_1/bd/design_1/ipshared/2c73/hdl/mdm_riscv_v1_0_vh_rfs.vhd:2171]
	Parameter C_TARGET bound to: 6 - type: integer 
INFO: [Synth 8-3491] module 'MB_MUXCY_XORCY' declared at '/home/e/Documents/research/byotee/OSDZU3_Ref_Design/OSDZU3_Ref_Design.gen/sources_1/bd/design_1/ipshared/2c73/hdl/mdm_riscv_v1_0_vh_rfs.vhd:1266' bound to instance 'MUXCY_L_I' of component 'MB_MUXCY_XORCY' [/home/e/Documents/research/byotee/OSDZU3_Ref_Design/OSDZU3_Ref_Design.gen/sources_1/bd/design_1/ipshared/2c73/hdl/mdm_riscv_v1_0_vh_rfs.vhd:2301]
	Parameter C_TARGET bound to: 6 - type: integer 
INFO: [Synth 8-3491] module 'MB_FDRE' declared at '/home/e/Documents/research/byotee/OSDZU3_Ref_Design/OSDZU3_Ref_Design.gen/sources_1/bd/design_1/ipshared/2c73/hdl/mdm_riscv_v1_0_vh_rfs.vhd:767' bound to instance 'FDRE_I' of component 'MB_FDRE' [/home/e/Documents/research/byotee/OSDZU3_Ref_Design/OSDZU3_Ref_Design.gen/sources_1/bd/design_1/ipshared/2c73/hdl/mdm_riscv_v1_0_vh_rfs.vhd:2325]
	Parameter C_TARGET bound to: 6 - type: integer 
INFO: [Synth 8-3491] module 'MB_MUXCY_XORCY' declared at '/home/e/Documents/research/byotee/OSDZU3_Ref_Design/OSDZU3_Ref_Design.gen/sources_1/bd/design_1/ipshared/2c73/hdl/mdm_riscv_v1_0_vh_rfs.vhd:1266' bound to instance 'MUXCY_L_I' of component 'MB_MUXCY_XORCY' [/home/e/Documents/research/byotee/OSDZU3_Ref_Design/OSDZU3_Ref_Design.gen/sources_1/bd/design_1/ipshared/2c73/hdl/mdm_riscv_v1_0_vh_rfs.vhd:2301]
	Parameter C_TARGET bound to: 6 - type: integer 
INFO: [Synth 8-3491] module 'MB_FDRE' declared at '/home/e/Documents/research/byotee/OSDZU3_Ref_Design/OSDZU3_Ref_Design.gen/sources_1/bd/design_1/ipshared/2c73/hdl/mdm_riscv_v1_0_vh_rfs.vhd:767' bound to instance 'FDRE_I' of component 'MB_FDRE' [/home/e/Documents/research/byotee/OSDZU3_Ref_Design/OSDZU3_Ref_Design.gen/sources_1/bd/design_1/ipshared/2c73/hdl/mdm_riscv_v1_0_vh_rfs.vhd:2325]
	Parameter C_TARGET bound to: 6 - type: integer 
INFO: [Synth 8-3491] module 'MB_MUXCY_XORCY' declared at '/home/e/Documents/research/byotee/OSDZU3_Ref_Design/OSDZU3_Ref_Design.gen/sources_1/bd/design_1/ipshared/2c73/hdl/mdm_riscv_v1_0_vh_rfs.vhd:1266' bound to instance 'MUXCY_L_I' of component 'MB_MUXCY_XORCY' [/home/e/Documents/research/byotee/OSDZU3_Ref_Design/OSDZU3_Ref_Design.gen/sources_1/bd/design_1/ipshared/2c73/hdl/mdm_riscv_v1_0_vh_rfs.vhd:2301]
	Parameter C_TARGET bound to: 6 - type: integer 
INFO: [Synth 8-3491] module 'MB_FDRE' declared at '/home/e/Documents/research/byotee/OSDZU3_Ref_Design/OSDZU3_Ref_Design.gen/sources_1/bd/design_1/ipshared/2c73/hdl/mdm_riscv_v1_0_vh_rfs.vhd:767' bound to instance 'FDRE_I' of component 'MB_FDRE' [/home/e/Documents/research/byotee/OSDZU3_Ref_Design/OSDZU3_Ref_Design.gen/sources_1/bd/design_1/ipshared/2c73/hdl/mdm_riscv_v1_0_vh_rfs.vhd:2325]
	Parameter C_TARGET bound to: 6 - type: integer 
INFO: [Synth 8-3491] module 'MB_MUXCY_XORCY' declared at '/home/e/Documents/research/byotee/OSDZU3_Ref_Design/OSDZU3_Ref_Design.gen/sources_1/bd/design_1/ipshared/2c73/hdl/mdm_riscv_v1_0_vh_rfs.vhd:1266' bound to instance 'MUXCY_L_I' of component 'MB_MUXCY_XORCY' [/home/e/Documents/research/byotee/OSDZU3_Ref_Design/OSDZU3_Ref_Design.gen/sources_1/bd/design_1/ipshared/2c73/hdl/mdm_riscv_v1_0_vh_rfs.vhd:2301]
	Parameter C_TARGET bound to: 6 - type: integer 
INFO: [Synth 8-3491] module 'MB_FDRE' declared at '/home/e/Documents/research/byotee/OSDZU3_Ref_Design/OSDZU3_Ref_Design.gen/sources_1/bd/design_1/ipshared/2c73/hdl/mdm_riscv_v1_0_vh_rfs.vhd:767' bound to instance 'FDRE_I' of component 'MB_FDRE' [/home/e/Documents/research/byotee/OSDZU3_Ref_Design/OSDZU3_Ref_Design.gen/sources_1/bd/design_1/ipshared/2c73/hdl/mdm_riscv_v1_0_vh_rfs.vhd:2325]
	Parameter C_TARGET bound to: 6 - type: integer 
INFO: [Synth 8-3491] module 'MB_XORCY' declared at '/home/e/Documents/research/byotee/OSDZU3_Ref_Design/OSDZU3_Ref_Design.gen/sources_1/bd/design_1/ipshared/2c73/hdl/mdm_riscv_v1_0_vh_rfs.vhd:1362' bound to instance 'XORCY_I' of component 'MB_XORCY' [/home/e/Documents/research/byotee/OSDZU3_Ref_Design/OSDZU3_Ref_Design.gen/sources_1/bd/design_1/ipshared/2c73/hdl/mdm_riscv_v1_0_vh_rfs.vhd:2315]
	Parameter C_TARGET bound to: 6 - type: integer 
INFO: [Synth 8-3491] module 'MB_FDRE' declared at '/home/e/Documents/research/byotee/OSDZU3_Ref_Design/OSDZU3_Ref_Design.gen/sources_1/bd/design_1/ipshared/2c73/hdl/mdm_riscv_v1_0_vh_rfs.vhd:767' bound to instance 'FDRE_I' of component 'MB_FDRE' [/home/e/Documents/research/byotee/OSDZU3_Ref_Design/OSDZU3_Ref_Design.gen/sources_1/bd/design_1/ipshared/2c73/hdl/mdm_riscv_v1_0_vh_rfs.vhd:2325]
	Parameter C_TARGET bound to: 6 - type: integer 
	Parameter C_USE_SRL16 bound to: yes - type: string 
	Parameter INIT bound to: 32'b00000000000000000000000000000000 
INFO: [Synth 8-3491] module 'MB_SRLC32E' declared at '/home/e/Documents/research/byotee/OSDZU3_Ref_Design/OSDZU3_Ref_Design.gen/sources_1/bd/design_1/ipshared/2c73/hdl/mdm_riscv_v1_0_vh_rfs.vhd:1404' bound to instance 'SRLC32E_I' of component 'MB_SRLC32E' [/home/e/Documents/research/byotee/OSDZU3_Ref_Design/OSDZU3_Ref_Design.gen/sources_1/bd/design_1/ipshared/2c73/hdl/mdm_riscv_v1_0_vh_rfs.vhd:2362]
INFO: [Synth 8-638] synthesizing module 'MB_SRLC32E' [/home/e/Documents/research/byotee/OSDZU3_Ref_Design/OSDZU3_Ref_Design.gen/sources_1/bd/design_1/ipshared/2c73/hdl/mdm_riscv_v1_0_vh_rfs.vhd:1428]
	Parameter INIT bound to: 32'b00000000000000000000000000000000 
	Parameter IS_CLK_INVERTED bound to: 1'b0 
INFO: [Synth 8-113] binding component instance 'Native' to cell 'SRLC32E' [/home/e/Documents/research/byotee/OSDZU3_Ref_Design/OSDZU3_Ref_Design.gen/sources_1/bd/design_1/ipshared/2c73/hdl/mdm_riscv_v1_0_vh_rfs.vhd:1476]
INFO: [Synth 8-256] done synthesizing module 'MB_SRLC32E' (0#1) [/home/e/Documents/research/byotee/OSDZU3_Ref_Design/OSDZU3_Ref_Design.gen/sources_1/bd/design_1/ipshared/2c73/hdl/mdm_riscv_v1_0_vh_rfs.vhd:1428]
	Parameter C_TARGET bound to: 6 - type: integer 
	Parameter C_USE_SRL16 bound to: yes - type: string 
	Parameter INIT bound to: 32'b00000000000000000000000000000000 
INFO: [Synth 8-3491] module 'MB_SRLC32E' declared at '/home/e/Documents/research/byotee/OSDZU3_Ref_Design/OSDZU3_Ref_Design.gen/sources_1/bd/design_1/ipshared/2c73/hdl/mdm_riscv_v1_0_vh_rfs.vhd:1404' bound to instance 'SRLC32E_I' of component 'MB_SRLC32E' [/home/e/Documents/research/byotee/OSDZU3_Ref_Design/OSDZU3_Ref_Design.gen/sources_1/bd/design_1/ipshared/2c73/hdl/mdm_riscv_v1_0_vh_rfs.vhd:2362]
	Parameter C_TARGET bound to: 6 - type: integer 
	Parameter C_USE_SRL16 bound to: yes - type: string 
	Parameter INIT bound to: 32'b00000000000000000000000000000000 
INFO: [Synth 8-3491] module 'MB_SRLC32E' declared at '/home/e/Documents/research/byotee/OSDZU3_Ref_Design/OSDZU3_Ref_Design.gen/sources_1/bd/design_1/ipshared/2c73/hdl/mdm_riscv_v1_0_vh_rfs.vhd:1404' bound to instance 'SRLC32E_I' of component 'MB_SRLC32E' [/home/e/Documents/research/byotee/OSDZU3_Ref_Design/OSDZU3_Ref_Design.gen/sources_1/bd/design_1/ipshared/2c73/hdl/mdm_riscv_v1_0_vh_rfs.vhd:2362]
	Parameter C_TARGET bound to: 6 - type: integer 
	Parameter C_USE_SRL16 bound to: yes - type: string 
	Parameter INIT bound to: 32'b00000000000000000000000000000000 
INFO: [Synth 8-3491] module 'MB_SRLC32E' declared at '/home/e/Documents/research/byotee/OSDZU3_Ref_Design/OSDZU3_Ref_Design.gen/sources_1/bd/design_1/ipshared/2c73/hdl/mdm_riscv_v1_0_vh_rfs.vhd:1404' bound to instance 'SRLC32E_I' of component 'MB_SRLC32E' [/home/e/Documents/research/byotee/OSDZU3_Ref_Design/OSDZU3_Ref_Design.gen/sources_1/bd/design_1/ipshared/2c73/hdl/mdm_riscv_v1_0_vh_rfs.vhd:2362]
	Parameter C_TARGET bound to: 6 - type: integer 
	Parameter C_USE_SRL16 bound to: yes - type: string 
	Parameter INIT bound to: 32'b00000000000000000000000000000000 
INFO: [Synth 8-3491] module 'MB_SRLC32E' declared at '/home/e/Documents/research/byotee/OSDZU3_Ref_Design/OSDZU3_Ref_Design.gen/sources_1/bd/design_1/ipshared/2c73/hdl/mdm_riscv_v1_0_vh_rfs.vhd:1404' bound to instance 'SRLC32E_I' of component 'MB_SRLC32E' [/home/e/Documents/research/byotee/OSDZU3_Ref_Design/OSDZU3_Ref_Design.gen/sources_1/bd/design_1/ipshared/2c73/hdl/mdm_riscv_v1_0_vh_rfs.vhd:2362]
	Parameter C_TARGET bound to: 6 - type: integer 
	Parameter C_USE_SRL16 bound to: yes - type: string 
	Parameter INIT bound to: 32'b00000000000000000000000000000000 
INFO: [Synth 8-3491] module 'MB_SRLC32E' declared at '/home/e/Documents/research/byotee/OSDZU3_Ref_Design/OSDZU3_Ref_Design.gen/sources_1/bd/design_1/ipshared/2c73/hdl/mdm_riscv_v1_0_vh_rfs.vhd:1404' bound to instance 'SRLC32E_I' of component 'MB_SRLC32E' [/home/e/Documents/research/byotee/OSDZU3_Ref_Design/OSDZU3_Ref_Design.gen/sources_1/bd/design_1/ipshared/2c73/hdl/mdm_riscv_v1_0_vh_rfs.vhd:2362]
	Parameter C_TARGET bound to: 6 - type: integer 
	Parameter C_USE_SRL16 bound to: yes - type: string 
	Parameter INIT bound to: 32'b00000000000000000000000000000000 
INFO: [Synth 8-3491] module 'MB_SRLC32E' declared at '/home/e/Documents/research/byotee/OSDZU3_Ref_Design/OSDZU3_Ref_Design.gen/sources_1/bd/design_1/ipshared/2c73/hdl/mdm_riscv_v1_0_vh_rfs.vhd:1404' bound to instance 'SRLC32E_I' of component 'MB_SRLC32E' [/home/e/Documents/research/byotee/OSDZU3_Ref_Design/OSDZU3_Ref_Design.gen/sources_1/bd/design_1/ipshared/2c73/hdl/mdm_riscv_v1_0_vh_rfs.vhd:2362]
	Parameter C_TARGET bound to: 6 - type: integer 
	Parameter C_USE_SRL16 bound to: yes - type: string 
	Parameter INIT bound to: 32'b00000000000000000000000000000000 
INFO: [Synth 8-3491] module 'MB_SRLC32E' declared at '/home/e/Documents/research/byotee/OSDZU3_Ref_Design/OSDZU3_Ref_Design.gen/sources_1/bd/design_1/ipshared/2c73/hdl/mdm_riscv_v1_0_vh_rfs.vhd:1404' bound to instance 'SRLC32E_I' of component 'MB_SRLC32E' [/home/e/Documents/research/byotee/OSDZU3_Ref_Design/OSDZU3_Ref_Design.gen/sources_1/bd/design_1/ipshared/2c73/hdl/mdm_riscv_v1_0_vh_rfs.vhd:2362]
	Parameter C_TARGET bound to: 6 - type: integer 
	Parameter C_USE_SRL16 bound to: yes - type: string 
	Parameter INIT bound to: 32'b00000000000000000000000000000000 
INFO: [Synth 8-3491] module 'MB_SRLC32E' declared at '/home/e/Documents/research/byotee/OSDZU3_Ref_Design/OSDZU3_Ref_Design.gen/sources_1/bd/design_1/ipshared/2c73/hdl/mdm_riscv_v1_0_vh_rfs.vhd:1404' bound to instance 'SRLC32E_I' of component 'MB_SRLC32E' [/home/e/Documents/research/byotee/OSDZU3_Ref_Design/OSDZU3_Ref_Design.gen/sources_1/bd/design_1/ipshared/2c73/hdl/mdm_riscv_v1_0_vh_rfs.vhd:2362]
	Parameter C_TARGET bound to: 6 - type: integer 
	Parameter C_USE_SRL16 bound to: yes - type: string 
	Parameter INIT bound to: 32'b00000000000000000000000000000000 
INFO: [Synth 8-3491] module 'MB_SRLC32E' declared at '/home/e/Documents/research/byotee/OSDZU3_Ref_Design/OSDZU3_Ref_Design.gen/sources_1/bd/design_1/ipshared/2c73/hdl/mdm_riscv_v1_0_vh_rfs.vhd:1404' bound to instance 'SRLC32E_I' of component 'MB_SRLC32E' [/home/e/Documents/research/byotee/OSDZU3_Ref_Design/OSDZU3_Ref_Design.gen/sources_1/bd/design_1/ipshared/2c73/hdl/mdm_riscv_v1_0_vh_rfs.vhd:2362]
	Parameter C_TARGET bound to: 6 - type: integer 
	Parameter C_USE_SRL16 bound to: yes - type: string 
	Parameter INIT bound to: 32'b00000000000000000000000000000000 
INFO: [Synth 8-3491] module 'MB_SRLC32E' declared at '/home/e/Documents/research/byotee/OSDZU3_Ref_Design/OSDZU3_Ref_Design.gen/sources_1/bd/design_1/ipshared/2c73/hdl/mdm_riscv_v1_0_vh_rfs.vhd:1404' bound to instance 'SRLC32E_I' of component 'MB_SRLC32E' [/home/e/Documents/research/byotee/OSDZU3_Ref_Design/OSDZU3_Ref_Design.gen/sources_1/bd/design_1/ipshared/2c73/hdl/mdm_riscv_v1_0_vh_rfs.vhd:2362]
	Parameter C_TARGET bound to: 6 - type: integer 
	Parameter C_USE_SRL16 bound to: yes - type: string 
	Parameter INIT bound to: 32'b00000000000000000000000000000000 
INFO: [Synth 8-3491] module 'MB_SRLC32E' declared at '/home/e/Documents/research/byotee/OSDZU3_Ref_Design/OSDZU3_Ref_Design.gen/sources_1/bd/design_1/ipshared/2c73/hdl/mdm_riscv_v1_0_vh_rfs.vhd:1404' bound to instance 'SRLC32E_I' of component 'MB_SRLC32E' [/home/e/Documents/research/byotee/OSDZU3_Ref_Design/OSDZU3_Ref_Design.gen/sources_1/bd/design_1/ipshared/2c73/hdl/mdm_riscv_v1_0_vh_rfs.vhd:2362]
	Parameter C_TARGET bound to: 6 - type: integer 
	Parameter C_USE_SRL16 bound to: yes - type: string 
	Parameter INIT bound to: 32'b00000000000000000000000000000000 
INFO: [Synth 8-3491] module 'MB_SRLC32E' declared at '/home/e/Documents/research/byotee/OSDZU3_Ref_Design/OSDZU3_Ref_Design.gen/sources_1/bd/design_1/ipshared/2c73/hdl/mdm_riscv_v1_0_vh_rfs.vhd:1404' bound to instance 'SRLC32E_I' of component 'MB_SRLC32E' [/home/e/Documents/research/byotee/OSDZU3_Ref_Design/OSDZU3_Ref_Design.gen/sources_1/bd/design_1/ipshared/2c73/hdl/mdm_riscv_v1_0_vh_rfs.vhd:2362]
	Parameter C_TARGET bound to: 6 - type: integer 
	Parameter C_USE_SRL16 bound to: yes - type: string 
	Parameter INIT bound to: 32'b00000000000000000000000000000000 
INFO: [Synth 8-3491] module 'MB_SRLC32E' declared at '/home/e/Documents/research/byotee/OSDZU3_Ref_Design/OSDZU3_Ref_Design.gen/sources_1/bd/design_1/ipshared/2c73/hdl/mdm_riscv_v1_0_vh_rfs.vhd:1404' bound to instance 'SRLC32E_I' of component 'MB_SRLC32E' [/home/e/Documents/research/byotee/OSDZU3_Ref_Design/OSDZU3_Ref_Design.gen/sources_1/bd/design_1/ipshared/2c73/hdl/mdm_riscv_v1_0_vh_rfs.vhd:2362]
	Parameter C_TARGET bound to: 6 - type: integer 
	Parameter C_USE_SRL16 bound to: yes - type: string 
	Parameter INIT bound to: 32'b00000000000000000000000000000000 
INFO: [Synth 8-3491] module 'MB_SRLC32E' declared at '/home/e/Documents/research/byotee/OSDZU3_Ref_Design/OSDZU3_Ref_Design.gen/sources_1/bd/design_1/ipshared/2c73/hdl/mdm_riscv_v1_0_vh_rfs.vhd:1404' bound to instance 'SRLC32E_I' of component 'MB_SRLC32E' [/home/e/Documents/research/byotee/OSDZU3_Ref_Design/OSDZU3_Ref_Design.gen/sources_1/bd/design_1/ipshared/2c73/hdl/mdm_riscv_v1_0_vh_rfs.vhd:2362]
	Parameter C_TARGET bound to: 6 - type: integer 
	Parameter C_USE_SRL16 bound to: yes - type: string 
	Parameter INIT bound to: 32'b00000000000000000000000000000000 
INFO: [Synth 8-3491] module 'MB_SRLC32E' declared at '/home/e/Documents/research/byotee/OSDZU3_Ref_Design/OSDZU3_Ref_Design.gen/sources_1/bd/design_1/ipshared/2c73/hdl/mdm_riscv_v1_0_vh_rfs.vhd:1404' bound to instance 'SRLC32E_I' of component 'MB_SRLC32E' [/home/e/Documents/research/byotee/OSDZU3_Ref_Design/OSDZU3_Ref_Design.gen/sources_1/bd/design_1/ipshared/2c73/hdl/mdm_riscv_v1_0_vh_rfs.vhd:2362]
	Parameter C_TARGET bound to: 6 - type: integer 
	Parameter C_USE_SRL16 bound to: yes - type: string 
	Parameter INIT bound to: 32'b00000000000000000000000000000000 
INFO: [Synth 8-3491] module 'MB_SRLC32E' declared at '/home/e/Documents/research/byotee/OSDZU3_Ref_Design/OSDZU3_Ref_Design.gen/sources_1/bd/design_1/ipshared/2c73/hdl/mdm_riscv_v1_0_vh_rfs.vhd:1404' bound to instance 'SRLC32E_I' of component 'MB_SRLC32E' [/home/e/Documents/research/byotee/OSDZU3_Ref_Design/OSDZU3_Ref_Design.gen/sources_1/bd/design_1/ipshared/2c73/hdl/mdm_riscv_v1_0_vh_rfs.vhd:2362]
	Parameter C_TARGET bound to: 6 - type: integer 
	Parameter C_USE_SRL16 bound to: yes - type: string 
	Parameter INIT bound to: 32'b00000000000000000000000000000000 
INFO: [Synth 8-3491] module 'MB_SRLC32E' declared at '/home/e/Documents/research/byotee/OSDZU3_Ref_Design/OSDZU3_Ref_Design.gen/sources_1/bd/design_1/ipshared/2c73/hdl/mdm_riscv_v1_0_vh_rfs.vhd:1404' bound to instance 'SRLC32E_I' of component 'MB_SRLC32E' [/home/e/Documents/research/byotee/OSDZU3_Ref_Design/OSDZU3_Ref_Design.gen/sources_1/bd/design_1/ipshared/2c73/hdl/mdm_riscv_v1_0_vh_rfs.vhd:2362]
	Parameter C_TARGET bound to: 6 - type: integer 
	Parameter C_USE_SRL16 bound to: yes - type: string 
	Parameter INIT bound to: 32'b00000000000000000000000000000000 
INFO: [Synth 8-3491] module 'MB_SRLC32E' declared at '/home/e/Documents/research/byotee/OSDZU3_Ref_Design/OSDZU3_Ref_Design.gen/sources_1/bd/design_1/ipshared/2c73/hdl/mdm_riscv_v1_0_vh_rfs.vhd:1404' bound to instance 'SRLC32E_I' of component 'MB_SRLC32E' [/home/e/Documents/research/byotee/OSDZU3_Ref_Design/OSDZU3_Ref_Design.gen/sources_1/bd/design_1/ipshared/2c73/hdl/mdm_riscv_v1_0_vh_rfs.vhd:2362]
	Parameter C_TARGET bound to: 6 - type: integer 
	Parameter C_USE_SRL16 bound to: yes - type: string 
	Parameter INIT bound to: 32'b00000000000000000000000000000000 
INFO: [Synth 8-3491] module 'MB_SRLC32E' declared at '/home/e/Documents/research/byotee/OSDZU3_Ref_Design/OSDZU3_Ref_Design.gen/sources_1/bd/design_1/ipshared/2c73/hdl/mdm_riscv_v1_0_vh_rfs.vhd:1404' bound to instance 'SRLC32E_I' of component 'MB_SRLC32E' [/home/e/Documents/research/byotee/OSDZU3_Ref_Design/OSDZU3_Ref_Design.gen/sources_1/bd/design_1/ipshared/2c73/hdl/mdm_riscv_v1_0_vh_rfs.vhd:2362]
	Parameter C_TARGET bound to: 6 - type: integer 
	Parameter C_USE_SRL16 bound to: yes - type: string 
	Parameter INIT bound to: 32'b00000000000000000000000000000000 
INFO: [Synth 8-3491] module 'MB_SRLC32E' declared at '/home/e/Documents/research/byotee/OSDZU3_Ref_Design/OSDZU3_Ref_Design.gen/sources_1/bd/design_1/ipshared/2c73/hdl/mdm_riscv_v1_0_vh_rfs.vhd:1404' bound to instance 'SRLC32E_I' of component 'MB_SRLC32E' [/home/e/Documents/research/byotee/OSDZU3_Ref_Design/OSDZU3_Ref_Design.gen/sources_1/bd/design_1/ipshared/2c73/hdl/mdm_riscv_v1_0_vh_rfs.vhd:2362]
	Parameter C_TARGET bound to: 6 - type: integer 
	Parameter C_USE_SRL16 bound to: yes - type: string 
	Parameter INIT bound to: 32'b00000000000000000000000000000000 
INFO: [Synth 8-3491] module 'MB_SRLC32E' declared at '/home/e/Documents/research/byotee/OSDZU3_Ref_Design/OSDZU3_Ref_Design.gen/sources_1/bd/design_1/ipshared/2c73/hdl/mdm_riscv_v1_0_vh_rfs.vhd:1404' bound to instance 'SRLC32E_I' of component 'MB_SRLC32E' [/home/e/Documents/research/byotee/OSDZU3_Ref_Design/OSDZU3_Ref_Design.gen/sources_1/bd/design_1/ipshared/2c73/hdl/mdm_riscv_v1_0_vh_rfs.vhd:2362]
	Parameter C_TARGET bound to: 6 - type: integer 
	Parameter C_USE_SRL16 bound to: yes - type: string 
	Parameter INIT bound to: 32'b00000000000000000000000000000000 
INFO: [Synth 8-3491] module 'MB_SRLC32E' declared at '/home/e/Documents/research/byotee/OSDZU3_Ref_Design/OSDZU3_Ref_Design.gen/sources_1/bd/design_1/ipshared/2c73/hdl/mdm_riscv_v1_0_vh_rfs.vhd:1404' bound to instance 'SRLC32E_I' of component 'MB_SRLC32E' [/home/e/Documents/research/byotee/OSDZU3_Ref_Design/OSDZU3_Ref_Design.gen/sources_1/bd/design_1/ipshared/2c73/hdl/mdm_riscv_v1_0_vh_rfs.vhd:2362]
	Parameter C_TARGET bound to: 6 - type: integer 
	Parameter C_USE_SRL16 bound to: yes - type: string 
	Parameter INIT bound to: 32'b00000000000000000000000000000000 
INFO: [Synth 8-3491] module 'MB_SRLC32E' declared at '/home/e/Documents/research/byotee/OSDZU3_Ref_Design/OSDZU3_Ref_Design.gen/sources_1/bd/design_1/ipshared/2c73/hdl/mdm_riscv_v1_0_vh_rfs.vhd:1404' bound to instance 'SRLC32E_I' of component 'MB_SRLC32E' [/home/e/Documents/research/byotee/OSDZU3_Ref_Design/OSDZU3_Ref_Design.gen/sources_1/bd/design_1/ipshared/2c73/hdl/mdm_riscv_v1_0_vh_rfs.vhd:2362]
	Parameter C_TARGET bound to: 6 - type: integer 
	Parameter C_USE_SRL16 bound to: yes - type: string 
	Parameter INIT bound to: 32'b00000000000000000000000000000000 
INFO: [Synth 8-3491] module 'MB_SRLC32E' declared at '/home/e/Documents/research/byotee/OSDZU3_Ref_Design/OSDZU3_Ref_Design.gen/sources_1/bd/design_1/ipshared/2c73/hdl/mdm_riscv_v1_0_vh_rfs.vhd:1404' bound to instance 'SRLC32E_I' of component 'MB_SRLC32E' [/home/e/Documents/research/byotee/OSDZU3_Ref_Design/OSDZU3_Ref_Design.gen/sources_1/bd/design_1/ipshared/2c73/hdl/mdm_riscv_v1_0_vh_rfs.vhd:2362]
	Parameter C_TARGET bound to: 6 - type: integer 
	Parameter C_USE_SRL16 bound to: yes - type: string 
	Parameter INIT bound to: 32'b00000000000000000000000000000000 
INFO: [Synth 8-3491] module 'MB_SRLC32E' declared at '/home/e/Documents/research/byotee/OSDZU3_Ref_Design/OSDZU3_Ref_Design.gen/sources_1/bd/design_1/ipshared/2c73/hdl/mdm_riscv_v1_0_vh_rfs.vhd:1404' bound to instance 'SRLC32E_I' of component 'MB_SRLC32E' [/home/e/Documents/research/byotee/OSDZU3_Ref_Design/OSDZU3_Ref_Design.gen/sources_1/bd/design_1/ipshared/2c73/hdl/mdm_riscv_v1_0_vh_rfs.vhd:2362]
	Parameter C_TARGET bound to: 6 - type: integer 
	Parameter C_USE_SRL16 bound to: yes - type: string 
	Parameter INIT bound to: 32'b00000000000000000000000000000000 
INFO: [Synth 8-3491] module 'MB_SRLC32E' declared at '/home/e/Documents/research/byotee/OSDZU3_Ref_Design/OSDZU3_Ref_Design.gen/sources_1/bd/design_1/ipshared/2c73/hdl/mdm_riscv_v1_0_vh_rfs.vhd:1404' bound to instance 'SRLC32E_I' of component 'MB_SRLC32E' [/home/e/Documents/research/byotee/OSDZU3_Ref_Design/OSDZU3_Ref_Design.gen/sources_1/bd/design_1/ipshared/2c73/hdl/mdm_riscv_v1_0_vh_rfs.vhd:2362]
	Parameter C_TARGET bound to: 6 - type: integer 
	Parameter C_USE_SRL16 bound to: yes - type: string 
	Parameter INIT bound to: 32'b00000000000000000000000000000000 
INFO: [Synth 8-3491] module 'MB_SRLC32E' declared at '/home/e/Documents/research/byotee/OSDZU3_Ref_Design/OSDZU3_Ref_Design.gen/sources_1/bd/design_1/ipshared/2c73/hdl/mdm_riscv_v1_0_vh_rfs.vhd:1404' bound to instance 'SRLC32E_I' of component 'MB_SRLC32E' [/home/e/Documents/research/byotee/OSDZU3_Ref_Design/OSDZU3_Ref_Design.gen/sources_1/bd/design_1/ipshared/2c73/hdl/mdm_riscv_v1_0_vh_rfs.vhd:2362]
	Parameter C_TARGET bound to: 6 - type: integer 
	Parameter C_USE_SRL16 bound to: yes - type: string 
	Parameter INIT bound to: 32'b00000000000000000000000000000000 
INFO: [Synth 8-3491] module 'MB_SRLC32E' declared at '/home/e/Documents/research/byotee/OSDZU3_Ref_Design/OSDZU3_Ref_Design.gen/sources_1/bd/design_1/ipshared/2c73/hdl/mdm_riscv_v1_0_vh_rfs.vhd:1404' bound to instance 'SRLC32E_I' of component 'MB_SRLC32E' [/home/e/Documents/research/byotee/OSDZU3_Ref_Design/OSDZU3_Ref_Design.gen/sources_1/bd/design_1/ipshared/2c73/hdl/mdm_riscv_v1_0_vh_rfs.vhd:2362]
	Parameter C_TARGET bound to: 6 - type: integer 
	Parameter C_USE_SRL16 bound to: yes - type: string 
	Parameter INIT bound to: 32'b00000000000000000000000000000000 
INFO: [Synth 8-3491] module 'MB_SRLC32E' declared at '/home/e/Documents/research/byotee/OSDZU3_Ref_Design/OSDZU3_Ref_Design.gen/sources_1/bd/design_1/ipshared/2c73/hdl/mdm_riscv_v1_0_vh_rfs.vhd:1404' bound to instance 'SRLC32E_I' of component 'MB_SRLC32E' [/home/e/Documents/research/byotee/OSDZU3_Ref_Design/OSDZU3_Ref_Design.gen/sources_1/bd/design_1/ipshared/2c73/hdl/mdm_riscv_v1_0_vh_rfs.vhd:2362]
	Parameter C_TARGET bound to: 6 - type: integer 
	Parameter C_USE_SRL16 bound to: yes - type: string 
	Parameter INIT bound to: 32'b00000000000000000000000000000000 
INFO: [Synth 8-3491] module 'MB_SRLC32E' declared at '/home/e/Documents/research/byotee/OSDZU3_Ref_Design/OSDZU3_Ref_Design.gen/sources_1/bd/design_1/ipshared/2c73/hdl/mdm_riscv_v1_0_vh_rfs.vhd:1404' bound to instance 'SRLC32E_I' of component 'MB_SRLC32E' [/home/e/Documents/research/byotee/OSDZU3_Ref_Design/OSDZU3_Ref_Design.gen/sources_1/bd/design_1/ipshared/2c73/hdl/mdm_riscv_v1_0_vh_rfs.vhd:2362]
	Parameter C_TARGET bound to: 6 - type: integer 
	Parameter C_USE_SRL16 bound to: yes - type: string 
	Parameter INIT bound to: 32'b00000000000000000000000000000000 
INFO: [Synth 8-3491] module 'MB_SRLC32E' declared at '/home/e/Documents/research/byotee/OSDZU3_Ref_Design/OSDZU3_Ref_Design.gen/sources_1/bd/design_1/ipshared/2c73/hdl/mdm_riscv_v1_0_vh_rfs.vhd:1404' bound to instance 'SRLC32E_I' of component 'MB_SRLC32E' [/home/e/Documents/research/byotee/OSDZU3_Ref_Design/OSDZU3_Ref_Design.gen/sources_1/bd/design_1/ipshared/2c73/hdl/mdm_riscv_v1_0_vh_rfs.vhd:2362]
INFO: [Synth 8-256] done synthesizing module 'SRL_FIFO__parameterized2' (0#1) [/home/e/Documents/research/byotee/OSDZU3_Ref_Design/OSDZU3_Ref_Design.gen/sources_1/bd/design_1/ipshared/2c73/hdl/mdm_riscv_v1_0_vh_rfs.vhd:2171]
	Parameter C_TARGET bound to: 6 - type: integer 
	Parameter C_DATA_BITS bound to: 32 - type: integer 
	Parameter C_DEPTH bound to: 32 - type: integer 
	Parameter C_USE_SRL16 bound to: yes - type: string 
INFO: [Synth 8-3491] module 'SRL_FIFO' declared at '/home/e/Documents/research/byotee/OSDZU3_Ref_Design/OSDZU3_Ref_Design.gen/sources_1/bd/design_1/ipshared/2c73/hdl/mdm_riscv_v1_0_vh_rfs.vhd:2151' bound to instance 'Write_FIFO' of component 'SRL_FIFO' [/home/e/Documents/research/byotee/OSDZU3_Ref_Design/OSDZU3_Ref_Design.gen/sources_1/bd/design_1/ipshared/2c73/hdl/mdm_riscv_v1_0_vh_rfs.vhd:2721]
INFO: [Synth 8-226] default block is never used [/home/e/Documents/research/byotee/OSDZU3_Ref_Design/OSDZU3_Ref_Design.gen/sources_1/bd/design_1/ipshared/2c73/hdl/mdm_riscv_v1_0_vh_rfs.vhd:2619]
INFO: [Synth 8-226] default block is never used [/home/e/Documents/research/byotee/OSDZU3_Ref_Design/OSDZU3_Ref_Design.gen/sources_1/bd/design_1/ipshared/2c73/hdl/mdm_riscv_v1_0_vh_rfs.vhd:2914]
INFO: [Synth 8-226] default block is never used [/home/e/Documents/research/byotee/OSDZU3_Ref_Design/OSDZU3_Ref_Design.gen/sources_1/bd/design_1/ipshared/2c73/hdl/mdm_riscv_v1_0_vh_rfs.vhd:3099]
INFO: [Synth 8-256] done synthesizing module 'bus_master' (0#1) [/home/e/Documents/research/byotee/OSDZU3_Ref_Design/OSDZU3_Ref_Design.gen/sources_1/bd/design_1/ipshared/2c73/hdl/mdm_riscv_v1_0_vh_rfs.vhd:2593]
INFO: [Synth 8-638] synthesizing module 'axi_lite_ipif' [/home/e/Documents/research/byotee/OSDZU3_Ref_Design/OSDZU3_Ref_Design.gen/sources_1/bd/design_1/ipshared/66ea/hdl/axi_lite_ipif_v3_0_vh_rfs.vhd:2948]
INFO: [Synth 8-638] synthesizing module 'slave_attachment' [/home/e/Documents/research/byotee/OSDZU3_Ref_Design/OSDZU3_Ref_Design.gen/sources_1/bd/design_1/ipshared/66ea/hdl/axi_lite_ipif_v3_0_vh_rfs.vhd:2341]
INFO: [Synth 8-638] synthesizing module 'address_decoder' [/home/e/Documents/research/byotee/OSDZU3_Ref_Design/OSDZU3_Ref_Design.gen/sources_1/bd/design_1/ipshared/66ea/hdl/axi_lite_ipif_v3_0_vh_rfs.vhd:1775]
INFO: [Synth 8-638] synthesizing module 'pselect_f' [/home/e/Documents/research/byotee/OSDZU3_Ref_Design/OSDZU3_Ref_Design.gen/sources_1/bd/design_1/ipshared/66ea/hdl/axi_lite_ipif_v3_0_vh_rfs.vhd:1534]
INFO: [Synth 8-256] done synthesizing module 'pselect_f' (0#1) [/home/e/Documents/research/byotee/OSDZU3_Ref_Design/OSDZU3_Ref_Design.gen/sources_1/bd/design_1/ipshared/66ea/hdl/axi_lite_ipif_v3_0_vh_rfs.vhd:1534]
INFO: [Synth 8-638] synthesizing module 'pselect_f__parameterized0' [/home/e/Documents/research/byotee/OSDZU3_Ref_Design/OSDZU3_Ref_Design.gen/sources_1/bd/design_1/ipshared/66ea/hdl/axi_lite_ipif_v3_0_vh_rfs.vhd:1534]
INFO: [Synth 8-256] done synthesizing module 'pselect_f__parameterized0' (0#1) [/home/e/Documents/research/byotee/OSDZU3_Ref_Design/OSDZU3_Ref_Design.gen/sources_1/bd/design_1/ipshared/66ea/hdl/axi_lite_ipif_v3_0_vh_rfs.vhd:1534]
INFO: [Synth 8-638] synthesizing module 'pselect_f__parameterized1' [/home/e/Documents/research/byotee/OSDZU3_Ref_Design/OSDZU3_Ref_Design.gen/sources_1/bd/design_1/ipshared/66ea/hdl/axi_lite_ipif_v3_0_vh_rfs.vhd:1534]
INFO: [Synth 8-256] done synthesizing module 'pselect_f__parameterized1' (0#1) [/home/e/Documents/research/byotee/OSDZU3_Ref_Design/OSDZU3_Ref_Design.gen/sources_1/bd/design_1/ipshared/66ea/hdl/axi_lite_ipif_v3_0_vh_rfs.vhd:1534]
INFO: [Synth 8-638] synthesizing module 'pselect_f__parameterized2' [/home/e/Documents/research/byotee/OSDZU3_Ref_Design/OSDZU3_Ref_Design.gen/sources_1/bd/design_1/ipshared/66ea/hdl/axi_lite_ipif_v3_0_vh_rfs.vhd:1534]
INFO: [Synth 8-256] done synthesizing module 'pselect_f__parameterized2' (0#1) [/home/e/Documents/research/byotee/OSDZU3_Ref_Design/OSDZU3_Ref_Design.gen/sources_1/bd/design_1/ipshared/66ea/hdl/axi_lite_ipif_v3_0_vh_rfs.vhd:1534]
INFO: [Synth 8-256] done synthesizing module 'address_decoder' (0#1) [/home/e/Documents/research/byotee/OSDZU3_Ref_Design/OSDZU3_Ref_Design.gen/sources_1/bd/design_1/ipshared/66ea/hdl/axi_lite_ipif_v3_0_vh_rfs.vhd:1775]
INFO: [Synth 8-226] default block is never used [/home/e/Documents/research/byotee/OSDZU3_Ref_Design/OSDZU3_Ref_Design.gen/sources_1/bd/design_1/ipshared/66ea/hdl/axi_lite_ipif_v3_0_vh_rfs.vhd:2550]
INFO: [Synth 8-256] done synthesizing module 'slave_attachment' (0#1) [/home/e/Documents/research/byotee/OSDZU3_Ref_Design/OSDZU3_Ref_Design.gen/sources_1/bd/design_1/ipshared/66ea/hdl/axi_lite_ipif_v3_0_vh_rfs.vhd:2341]
INFO: [Synth 8-256] done synthesizing module 'axi_lite_ipif' (0#1) [/home/e/Documents/research/byotee/OSDZU3_Ref_Design/OSDZU3_Ref_Design.gen/sources_1/bd/design_1/ipshared/66ea/hdl/axi_lite_ipif_v3_0_vh_rfs.vhd:2948]
INFO: [Synth 8-256] done synthesizing module 'MDM_RISCV' (0#1) [/home/e/Documents/research/byotee/OSDZU3_Ref_Design/OSDZU3_Ref_Design.gen/sources_1/bd/design_1/ipshared/2c73/hdl/mdm_riscv_v1_0_vh_rfs.vhd:13662]
INFO: [Synth 8-256] done synthesizing module 'design_1_mdm_riscv_0_0' (0#1) [/home/e/Documents/research/byotee/OSDZU3_Ref_Design/OSDZU3_Ref_Design.gen/sources_1/bd/design_1/ip/design_1_mdm_riscv_0_0/synth/design_1_mdm_riscv_0_0.vhd:144]
WARNING: [Synth 8-6014] Unused sequential element Use_Dbg_Mem_Access.Master_rd_start_reg was removed.  [/home/e/Documents/research/byotee/OSDZU3_Ref_Design/OSDZU3_Ref_Design.gen/sources_1/bd/design_1/ipshared/2c73/hdl/mdm_riscv_v1_0_vh_rfs.vhd:5010]
WARNING: [Synth 8-6014] Unused sequential element Use_Dbg_Mem_Access.Master_wr_start_reg was removed.  [/home/e/Documents/research/byotee/OSDZU3_Ref_Design/OSDZU3_Ref_Design.gen/sources_1/bd/design_1/ipshared/2c73/hdl/mdm_riscv_v1_0_vh_rfs.vhd:5011]
WARNING: [Synth 8-6014] Unused sequential element Has_FIFO.axi_dwr_sel_reg was removed.  [/home/e/Documents/research/byotee/OSDZU3_Ref_Design/OSDZU3_Ref_Design.gen/sources_1/bd/design_1/ipshared/2c73/hdl/mdm_riscv_v1_0_vh_rfs.vhd:2766]
WARNING: [Synth 8-6014] Unused sequential element Has_FIFO.lmb_rd_next_reg was removed.  [/home/e/Documents/research/byotee/OSDZU3_Ref_Design/OSDZU3_Ref_Design.gen/sources_1/bd/design_1/ipshared/2c73/hdl/mdm_riscv_v1_0_vh_rfs.vhd:2775]
WARNING: [Synth 8-6014] Unused sequential element is_read_reg was removed.  [/home/e/Documents/research/byotee/OSDZU3_Ref_Design/OSDZU3_Ref_Design.gen/sources_1/bd/design_1/ipshared/66ea/hdl/axi_lite_ipif_v3_0_vh_rfs.vhd:2447]
WARNING: [Synth 8-6014] Unused sequential element is_write_reg was removed.  [/home/e/Documents/research/byotee/OSDZU3_Ref_Design/OSDZU3_Ref_Design.gen/sources_1/bd/design_1/ipshared/66ea/hdl/axi_lite_ipif_v3_0_vh_rfs.vhd:2448]
WARNING: [Synth 8-7129] Port Address_In_Erly[2] in module address_decoder is either unconnected or has no load
WARNING: [Synth 8-7129] Port Address_In_Erly[3] in module address_decoder is either unconnected or has no load
WARNING: [Synth 8-7129] Port Bus_RNW in module address_decoder is either unconnected or has no load
WARNING: [Synth 8-7129] Port S_AXI_WSTRB[3] in module slave_attachment is either unconnected or has no load
WARNING: [Synth 8-7129] Port S_AXI_WSTRB[2] in module slave_attachment is either unconnected or has no load
WARNING: [Synth 8-7129] Port S_AXI_WSTRB[1] in module slave_attachment is either unconnected or has no load
WARNING: [Synth 8-7129] Port S_AXI_WSTRB[0] in module slave_attachment is either unconnected or has no load
WARNING: [Synth 8-7129] Port Config_Reset in module MB_SRLC32E is either unconnected or has no load
WARNING: [Synth 8-7129] Port Direct_Wr_Addr[31] in module bus_master is either unconnected or has no load
WARNING: [Synth 8-7129] Port Direct_Wr_Addr[30] in module bus_master is either unconnected or has no load
WARNING: [Synth 8-7129] Port Direct_Wr_Addr[29] in module bus_master is either unconnected or has no load
WARNING: [Synth 8-7129] Port Direct_Wr_Addr[28] in module bus_master is either unconnected or has no load
WARNING: [Synth 8-7129] Port Direct_Wr_Addr[27] in module bus_master is either unconnected or has no load
WARNING: [Synth 8-7129] Port Direct_Wr_Addr[26] in module bus_master is either unconnected or has no load
WARNING: [Synth 8-7129] Port Direct_Wr_Addr[25] in module bus_master is either unconnected or has no load
WARNING: [Synth 8-7129] Port Direct_Wr_Addr[24] in module bus_master is either unconnected or has no load
WARNING: [Synth 8-7129] Port Direct_Wr_Addr[23] in module bus_master is either unconnected or has no load
WARNING: [Synth 8-7129] Port Direct_Wr_Addr[22] in module bus_master is either unconnected or has no load
WARNING: [Synth 8-7129] Port Direct_Wr_Addr[21] in module bus_master is either unconnected or has no load
WARNING: [Synth 8-7129] Port Direct_Wr_Addr[20] in module bus_master is either unconnected or has no load
WARNING: [Synth 8-7129] Port Direct_Wr_Addr[19] in module bus_master is either unconnected or has no load
WARNING: [Synth 8-7129] Port Direct_Wr_Addr[18] in module bus_master is either unconnected or has no load
WARNING: [Synth 8-7129] Port Direct_Wr_Addr[17] in module bus_master is either unconnected or has no load
WARNING: [Synth 8-7129] Port Direct_Wr_Addr[16] in module bus_master is either unconnected or has no load
WARNING: [Synth 8-7129] Port Direct_Wr_Addr[15] in module bus_master is either unconnected or has no load
WARNING: [Synth 8-7129] Port Direct_Wr_Addr[14] in module bus_master is either unconnected or has no load
WARNING: [Synth 8-7129] Port Direct_Wr_Addr[13] in module bus_master is either unconnected or has no load
WARNING: [Synth 8-7129] Port Direct_Wr_Addr[12] in module bus_master is either unconnected or has no load
WARNING: [Synth 8-7129] Port Direct_Wr_Addr[11] in module bus_master is either unconnected or has no load
WARNING: [Synth 8-7129] Port Direct_Wr_Addr[10] in module bus_master is either unconnected or has no load
WARNING: [Synth 8-7129] Port Direct_Wr_Addr[9] in module bus_master is either unconnected or has no load
WARNING: [Synth 8-7129] Port Direct_Wr_Addr[8] in module bus_master is either unconnected or has no load
WARNING: [Synth 8-7129] Port Direct_Wr_Addr[7] in module bus_master is either unconnected or has no load
WARNING: [Synth 8-7129] Port Direct_Wr_Addr[6] in module bus_master is either unconnected or has no load
WARNING: [Synth 8-7129] Port Direct_Wr_Addr[5] in module bus_master is either unconnected or has no load
WARNING: [Synth 8-7129] Port Direct_Wr_Addr[4] in module bus_master is either unconnected or has no load
WARNING: [Synth 8-7129] Port Direct_Wr_Addr[3] in module bus_master is either unconnected or has no load
WARNING: [Synth 8-7129] Port Direct_Wr_Addr[2] in module bus_master is either unconnected or has no load
WARNING: [Synth 8-7129] Port Direct_Wr_Addr[1] in module bus_master is either unconnected or has no load
WARNING: [Synth 8-7129] Port Direct_Wr_Addr[0] in module bus_master is either unconnected or has no load
WARNING: [Synth 8-7129] Port Direct_Wr_Len[4] in module bus_master is either unconnected or has no load
WARNING: [Synth 8-7129] Port Direct_Wr_Len[3] in module bus_master is either unconnected or has no load
WARNING: [Synth 8-7129] Port Direct_Wr_Len[2] in module bus_master is either unconnected or has no load
WARNING: [Synth 8-7129] Port Direct_Wr_Len[1] in module bus_master is either unconnected or has no load
WARNING: [Synth 8-7129] Port Direct_Wr_Len[0] in module bus_master is either unconnected or has no load
WARNING: [Synth 8-7129] Port Direct_Wr_Data[31] in module bus_master is either unconnected or has no load
WARNING: [Synth 8-7129] Port Direct_Wr_Data[30] in module bus_master is either unconnected or has no load
WARNING: [Synth 8-7129] Port Direct_Wr_Data[29] in module bus_master is either unconnected or has no load
WARNING: [Synth 8-7129] Port Direct_Wr_Data[28] in module bus_master is either unconnected or has no load
WARNING: [Synth 8-7129] Port Direct_Wr_Data[27] in module bus_master is either unconnected or has no load
WARNING: [Synth 8-7129] Port Direct_Wr_Data[26] in module bus_master is either unconnected or has no load
WARNING: [Synth 8-7129] Port Direct_Wr_Data[25] in module bus_master is either unconnected or has no load
WARNING: [Synth 8-7129] Port Direct_Wr_Data[24] in module bus_master is either unconnected or has no load
WARNING: [Synth 8-7129] Port Direct_Wr_Data[23] in module bus_master is either unconnected or has no load
WARNING: [Synth 8-7129] Port Direct_Wr_Data[22] in module bus_master is either unconnected or has no load
WARNING: [Synth 8-7129] Port Direct_Wr_Data[21] in module bus_master is either unconnected or has no load
WARNING: [Synth 8-7129] Port Direct_Wr_Data[20] in module bus_master is either unconnected or has no load
WARNING: [Synth 8-7129] Port Direct_Wr_Data[19] in module bus_master is either unconnected or has no load
WARNING: [Synth 8-7129] Port Direct_Wr_Data[18] in module bus_master is either unconnected or has no load
WARNING: [Synth 8-7129] Port Direct_Wr_Data[17] in module bus_master is either unconnected or has no load
WARNING: [Synth 8-7129] Port Direct_Wr_Data[16] in module bus_master is either unconnected or has no load
WARNING: [Synth 8-7129] Port Direct_Wr_Data[15] in module bus_master is either unconnected or has no load
WARNING: [Synth 8-7129] Port Direct_Wr_Data[14] in module bus_master is either unconnected or has no load
WARNING: [Synth 8-7129] Port Direct_Wr_Data[13] in module bus_master is either unconnected or has no load
WARNING: [Synth 8-7129] Port Direct_Wr_Data[12] in module bus_master is either unconnected or has no load
WARNING: [Synth 8-7129] Port Direct_Wr_Data[11] in module bus_master is either unconnected or has no load
WARNING: [Synth 8-7129] Port Direct_Wr_Data[10] in module bus_master is either unconnected or has no load
WARNING: [Synth 8-7129] Port Direct_Wr_Data[9] in module bus_master is either unconnected or has no load
WARNING: [Synth 8-7129] Port Direct_Wr_Data[8] in module bus_master is either unconnected or has no load
WARNING: [Synth 8-7129] Port Direct_Wr_Data[7] in module bus_master is either unconnected or has no load
WARNING: [Synth 8-7129] Port Direct_Wr_Data[6] in module bus_master is either unconnected or has no load
WARNING: [Synth 8-7129] Port Direct_Wr_Data[5] in module bus_master is either unconnected or has no load
WARNING: [Synth 8-7129] Port Direct_Wr_Data[4] in module bus_master is either unconnected or has no load
WARNING: [Synth 8-7129] Port Direct_Wr_Data[3] in module bus_master is either unconnected or has no load
WARNING: [Synth 8-7129] Port Direct_Wr_Data[2] in module bus_master is either unconnected or has no load
WARNING: [Synth 8-7129] Port Direct_Wr_Data[1] in module bus_master is either unconnected or has no load
WARNING: [Synth 8-7129] Port Direct_Wr_Data[0] in module bus_master is either unconnected or has no load
WARNING: [Synth 8-7129] Port M_AXI_BID[0] in module bus_master is either unconnected or has no load
WARNING: [Synth 8-7129] Port M_AXI_RID[0] in module bus_master is either unconnected or has no load
WARNING: [Synth 8-7129] Port Config_Reset in module MB_SRL16E is either unconnected or has no load
WARNING: [Synth 8-7129] Port Rst in module JTAG_CONTROL is either unconnected or has no load
WARNING: [Synth 8-7129] Port Master_data_exists in module JTAG_CONTROL is either unconnected or has no load
WARNING: [Synth 8-7129] Port Master_data_empty in module JTAG_CONTROL is either unconnected or has no load
WARNING: [Synth 8-7129] Port Master_dwr_done in module JTAG_CONTROL is either unconnected or has no load
WARNING: [Synth 8-7129] Port Master_dwr_resp[1] in module JTAG_CONTROL is either unconnected or has no load
WARNING: [Synth 8-7129] Port Master_dwr_resp[0] in module JTAG_CONTROL is either unconnected or has no load
WARNING: [Synth 8-7129] Port Dbg_All_TDO in module JTAG_CONTROL is either unconnected or has no load
WARNING: [Synth 8-7129] Port Dbg_TDO_I[1] in module JTAG_CONTROL is either unconnected or has no load
WARNING: [Synth 8-7129] Port Dbg_TDO_I[2] in module JTAG_CONTROL is either unconnected or has no load
WARNING: [Synth 8-7129] Port Dbg_TDO_I[3] in module JTAG_CONTROL is either unconnected or has no load
WARNING: [Synth 8-7129] Port Dbg_TDO_I[4] in module JTAG_CONTROL is either unconnected or has no load
WARNING: [Synth 8-7129] Port Dbg_TDO_I[5] in module JTAG_CONTROL is either unconnected or has no load
WARNING: [Synth 8-7129] Port Dbg_TDO_I[6] in module JTAG_CONTROL is either unconnected or has no load
WARNING: [Synth 8-7129] Port Dbg_TDO_I[7] in module JTAG_CONTROL is either unconnected or has no load
WARNING: [Synth 8-7129] Port Dbg_TDO_I[8] in module JTAG_CONTROL is either unconnected or has no load
WARNING: [Synth 8-7129] Port Dbg_TDO_I[9] in module JTAG_CONTROL is either unconnected or has no load
WARNING: [Synth 8-7129] Port Dbg_TDO_I[10] in module JTAG_CONTROL is either unconnected or has no load
WARNING: [Synth 8-7129] Port Dbg_TDO_I[11] in module JTAG_CONTROL is either unconnected or has no load
WARNING: [Synth 8-7129] Port Dbg_TDO_I[12] in module JTAG_CONTROL is either unconnected or has no load
WARNING: [Synth 8-7129] Port Dbg_TDO_I[13] in module JTAG_CONTROL is either unconnected or has no load
INFO: [Common 17-14] Message 'Synth 8-7129' appears 100 times and further instances of the messages will be disabled. Use the Tcl command set_msg_config to change the current settings.
---------------------------------------------------------------------------------
Finished RTL Elaboration : Time (s): cpu = 00:00:04 ; elapsed = 00:00:04 . Memory (MB): peak = 2689.609 ; gain = 248.625 ; free physical = 14685 ; free virtual = 34748
---------------------------------------------------------------------------------
---------------------------------------------------------------------------------
Start Handling Custom Attributes
---------------------------------------------------------------------------------
---------------------------------------------------------------------------------
Finished Handling Custom Attributes : Time (s): cpu = 00:00:04 ; elapsed = 00:00:04 . Memory (MB): peak = 2689.609 ; gain = 248.625 ; free physical = 14643 ; free virtual = 34706
---------------------------------------------------------------------------------
---------------------------------------------------------------------------------
Finished RTL Optimization Phase 1 : Time (s): cpu = 00:00:04 ; elapsed = 00:00:04 . Memory (MB): peak = 2689.609 ; gain = 248.625 ; free physical = 14643 ; free virtual = 34706
---------------------------------------------------------------------------------
Netlist sorting complete. Time (s): cpu = 00:00:00.03 ; elapsed = 00:00:00.02 . Memory (MB): peak = 2689.609 ; gain = 0.000 ; free physical = 14409 ; free virtual = 34472
INFO: [Netlist 29-17] Analyzing 35 Unisim elements for replacement
INFO: [Netlist 29-28] Unisim Transformation completed in 0 CPU seconds
INFO: [Project 1-570] Preparing netlist for logic optimization

Processing XDC Constraints
Initializing timing engine
Parsing XDC File [/home/e/Documents/research/byotee/OSDZU3_Ref_Design/OSDZU3_Ref_Design.gen/sources_1/bd/design_1/ip/design_1_mdm_riscv_0_0/design_1_mdm_riscv_0_0_ooc.xdc] for cell 'U0'
Finished Parsing XDC File [/home/e/Documents/research/byotee/OSDZU3_Ref_Design/OSDZU3_Ref_Design.gen/sources_1/bd/design_1/ip/design_1_mdm_riscv_0_0/design_1_mdm_riscv_0_0_ooc.xdc] for cell 'U0'
Parsing XDC File [/home/e/Documents/research/byotee/OSDZU3_Ref_Design/OSDZU3_Ref_Design.runs/design_1_mdm_riscv_0_0_synth_1/dont_touch.xdc]
Finished Parsing XDC File [/home/e/Documents/research/byotee/OSDZU3_Ref_Design/OSDZU3_Ref_Design.runs/design_1_mdm_riscv_0_0_synth_1/dont_touch.xdc]
Parsing XDC File [/home/e/Documents/research/byotee/OSDZU3_Ref_Design/OSDZU3_Ref_Design.gen/sources_1/bd/design_1/ip/design_1_mdm_riscv_0_0/design_1_mdm_riscv_0_0_ooc_trace.xdc] for cell 'U0'
Finished Parsing XDC File [/home/e/Documents/research/byotee/OSDZU3_Ref_Design/OSDZU3_Ref_Design.gen/sources_1/bd/design_1/ip/design_1_mdm_riscv_0_0/design_1_mdm_riscv_0_0_ooc_trace.xdc] for cell 'U0'
Parsing XDC File [/home/e/Documents/research/byotee/OSDZU3_Ref_Design/OSDZU3_Ref_Design.gen/sources_1/bd/design_1/ip/design_1_mdm_riscv_0_0/design_1_mdm_riscv_0_0.xdc] for cell 'U0'
Finished Parsing XDC File [/home/e/Documents/research/byotee/OSDZU3_Ref_Design/OSDZU3_Ref_Design.gen/sources_1/bd/design_1/ip/design_1_mdm_riscv_0_0/design_1_mdm_riscv_0_0.xdc] for cell 'U0'
INFO: [Project 1-236] Implementation specific constraints were found while reading constraint file [/home/e/Documents/research/byotee/OSDZU3_Ref_Design/OSDZU3_Ref_Design.gen/sources_1/bd/design_1/ip/design_1_mdm_riscv_0_0/design_1_mdm_riscv_0_0.xdc]. These constraints will be ignored for synthesis but will be used in implementation. Impacted constraints are listed in the file [.Xil/design_1_mdm_riscv_0_0_propImpl.xdc].
Resolution: To avoid this warning, move constraints listed in [.Xil/design_1_mdm_riscv_0_0_propImpl.xdc] to another XDC file and exclude this new file from synthesis with the used_in_synthesis property (File Properties dialog in GUI) and re-run elaboration/synthesis.
Completed Processing XDC Constraints

Netlist sorting complete. Time (s): cpu = 00:00:00 ; elapsed = 00:00:00 . Memory (MB): peak = 2792.441 ; gain = 0.000 ; free physical = 11983 ; free virtual = 32063
INFO: [Project 1-111] Unisim Transformation Summary:
  A total of 17 instances were transformed.
  BUFG => BUFGCE: 1 instance 
  BUFGCE_1 => BUFGCTRL: 2 instances
  MUXCY_L => MUXCY: 14 instances

Constraint Validation Runtime : Time (s): cpu = 00:00:00.01 ; elapsed = 00:00:00.01 . Memory (MB): peak = 2792.477 ; gain = 0.000 ; free physical = 11983 ; free virtual = 32063
INFO: [Designutils 20-5008] Incremental synthesis strategy off
---------------------------------------------------------------------------------
Finished Constraint Validation : Time (s): cpu = 00:00:09 ; elapsed = 00:00:10 . Memory (MB): peak = 2792.477 ; gain = 351.492 ; free physical = 14051 ; free virtual = 34138
---------------------------------------------------------------------------------
---------------------------------------------------------------------------------
Start Loading Part and Timing Information
---------------------------------------------------------------------------------
Loading part: xczu3eg-sfvc784-1-e
INFO: [Synth 8-6742] Reading net delay rules and data
---------------------------------------------------------------------------------
Finished Loading Part and Timing Information : Time (s): cpu = 00:00:09 ; elapsed = 00:00:10 . Memory (MB): peak = 2800.445 ; gain = 359.461 ; free physical = 14051 ; free virtual = 34139
---------------------------------------------------------------------------------
---------------------------------------------------------------------------------
Start Applying 'set_property' XDC Constraints
---------------------------------------------------------------------------------
---------------------------------------------------------------------------------
Finished applying 'set_property' XDC Constraints : Time (s): cpu = 00:00:09 ; elapsed = 00:00:10 . Memory (MB): peak = 2800.445 ; gain = 359.461 ; free physical = 14050 ; free virtual = 34138
---------------------------------------------------------------------------------
INFO: [Synth 8-802] inferred FSM for state register 'Test_Access_Port.state_reg' in module 'JTAG_CONTROL'
INFO: [Synth 8-802] inferred FSM for state register 'Has_FIFO.lmb_state_reg' in module 'bus_master'
INFO: [Synth 8-802] inferred FSM for state register 'Has_FIFO.rd_state_reg' in module 'bus_master'
INFO: [Synth 8-802] inferred FSM for state register 'wr_state_reg' in module 'bus_master'
INFO: [Synth 8-802] inferred FSM for state register 'state_reg' in module 'slave_attachment'
---------------------------------------------------------------------------------------------------
                   State |                     New Encoding |                Previous Encoding 
---------------------------------------------------------------------------------------------------
                tl_reset |                 0000000000000001 |                             0000
                    idle |                 0000000000000010 |                             0001
               select_dr |                 0000000000000100 |                             0010
               select_ir |                 0000000000001000 |                             1001
              capture_ir |                 0000000000010000 |                             1010
                shift_ir |                 0000000000100000 |                             1011
                exit1_ir |                 0000000001000000 |                             1100
                pause_ir |                 0000000010000000 |                             1101
                exit2_ir |                 0000000100000000 |                             1110
               update_ir |                 0000001000000000 |                             1111
              capture_dr |                 0000010000000000 |                             0011
                shift_dr |                 0000100000000000 |                             0100
                exit1_dr |                 0001000000000000 |                             0101
                pause_dr |                 0010000000000000 |                             0110
                exit2_dr |                 0100000000000000 |                             0111
               update_dr |                 1000000000000000 |                             1000
---------------------------------------------------------------------------------------------------
INFO: [Synth 8-3354] encoded FSM with state register 'Test_Access_Port.state_reg' using encoding 'one-hot' in module 'JTAG_CONTROL'
---------------------------------------------------------------------------------------------------
                   State |                     New Encoding |                Previous Encoding 
---------------------------------------------------------------------------------------------------
                    idle |                               00 |                               00
                   start |                               01 |                               01
           wait_on_ready |                               10 |                               10
           wait_on_bchan |                               11 |                               11
---------------------------------------------------------------------------------------------------
INFO: [Synth 8-3354] encoded FSM with state register 'wr_state_reg' using encoding 'sequential' in module 'bus_master'
---------------------------------------------------------------------------------------------------
                   State |                     New Encoding |                Previous Encoding 
---------------------------------------------------------------------------------------------------
                    idle |                              000 |                             0000
                start_wr |                              001 |                             0011
                 wait_wr |                              010 |                             0100
               sample_wr |                              011 |                             0111
                start_rd |                              100 |                             0001
                 wait_rd |                              101 |                             0010
               sample_rd |                              110 |                             0101
---------------------------------------------------------------------------------------------------
INFO: [Synth 8-3354] encoded FSM with state register 'Has_FIFO.lmb_state_reg' using encoding 'sequential' in module 'bus_master'
---------------------------------------------------------------------------------------------------
                   State |                     New Encoding |                Previous Encoding 
---------------------------------------------------------------------------------------------------
                    idle |                               00 |                               00
                   start |                               01 |                               01
           wait_on_ready |                               10 |                               10
            wait_on_data |                               11 |                               11
---------------------------------------------------------------------------------------------------
INFO: [Synth 8-3354] encoded FSM with state register 'Has_FIFO.rd_state_reg' using encoding 'sequential' in module 'bus_master'
---------------------------------------------------------------------------------------------------
                   State |                     New Encoding |                Previous Encoding 
---------------------------------------------------------------------------------------------------
                 sm_idle |                             0010 |                               00
                 sm_read |                             1000 |                               01
                sm_write |                             0100 |                               10
                 sm_resp |                             0001 |                               11
---------------------------------------------------------------------------------------------------
INFO: [Synth 8-3354] encoded FSM with state register 'state_reg' using encoding 'one-hot' in module 'slave_attachment'
---------------------------------------------------------------------------------
Finished RTL Optimization Phase 2 : Time (s): cpu = 00:00:10 ; elapsed = 00:00:10 . Memory (MB): peak = 2800.445 ; gain = 359.461 ; free physical = 13860 ; free virtual = 33946
---------------------------------------------------------------------------------
---------------------------------------------------------------------------------
Start RTL Component Statistics 
---------------------------------------------------------------------------------
Detailed RTL Component Info : 
+---Adders : 
	   2 Input   32 Bit       Adders := 1     
	   2 Input    8 Bit       Adders := 1     
	   2 Input    5 Bit       Adders := 4     
	   2 Input    2 Bit       Adders := 1     
+---XORs : 
	   2 Input      1 Bit         XORs := 18    
+---Registers : 
	               42 Bit    Registers := 1     
	               34 Bit    Registers := 3     
	               32 Bit    Registers := 10    
	               10 Bit    Registers := 1     
	                8 Bit    Registers := 6     
	                5 Bit    Registers := 5     
	                4 Bit    Registers := 2     
	                3 Bit    Registers := 5     
	                2 Bit    Registers := 10    
	                1 Bit    Registers := 102   
+---Muxes : 
	   2 Input   34 Bit        Muxes := 3     
	   2 Input   32 Bit        Muxes := 8     
	   3 Input   32 Bit        Muxes := 1     
	  16 Input   16 Bit        Muxes := 1     
	   2 Input   16 Bit        Muxes := 16    
	   2 Input   10 Bit        Muxes := 1     
	   2 Input    8 Bit        Muxes := 3     
	  16 Input    5 Bit        Muxes := 1     
	   2 Input    5 Bit        Muxes := 1     
	   4 Input    5 Bit        Muxes := 1     
	   7 Input    5 Bit        Muxes := 2     
	   2 Input    4 Bit        Muxes := 8     
	   3 Input    4 Bit        Muxes := 1     
	   4 Input    4 Bit        Muxes := 2     
	   2 Input    3 Bit        Muxes := 10    
	   3 Input    3 Bit        Muxes := 1     
	   7 Input    3 Bit        Muxes := 1     
	   2 Input    2 Bit        Muxes := 9     
	   4 Input    2 Bit        Muxes := 5     
	   7 Input    2 Bit        Muxes := 2     
	   2 Input    1 Bit        Muxes := 125   
	   4 Input    1 Bit        Muxes := 26    
	  16 Input    1 Bit        Muxes := 10    
	   7 Input    1 Bit        Muxes := 15    
---------------------------------------------------------------------------------
Finished RTL Component Statistics 
---------------------------------------------------------------------------------
---------------------------------------------------------------------------------
Start Part Resource Summary
---------------------------------------------------------------------------------
Part Resources:
DSPs: 360 (col length:72)
BRAMs: 432 (col length: RAMB18 72 RAMB36 36)
---------------------------------------------------------------------------------
Finished Part Resource Summary
---------------------------------------------------------------------------------
---------------------------------------------------------------------------------
Start Cross Boundary and Area Optimization
---------------------------------------------------------------------------------
WARNING: [Synth 8-7080] Parallel synthesis criteria is not met
---------------------------------------------------------------------------------
Finished Cross Boundary and Area Optimization : Time (s): cpu = 00:00:12 ; elapsed = 00:00:12 . Memory (MB): peak = 2800.445 ; gain = 359.461 ; free physical = 13253 ; free virtual = 33350
---------------------------------------------------------------------------------
---------------------------------------------------------------------------------
Start Applying XDC Timing Constraints
---------------------------------------------------------------------------------
---------------------------------------------------------------------------------
Finished Applying XDC Timing Constraints : Time (s): cpu = 00:00:16 ; elapsed = 00:00:16 . Memory (MB): peak = 3385.523 ; gain = 944.539 ; free physical = 11505 ; free virtual = 31626
---------------------------------------------------------------------------------
---------------------------------------------------------------------------------
Start Timing Optimization
---------------------------------------------------------------------------------
---------------------------------------------------------------------------------
Finished Timing Optimization : Time (s): cpu = 00:00:17 ; elapsed = 00:00:18 . Memory (MB): peak = 3455.148 ; gain = 1014.164 ; free physical = 10959 ; free virtual = 31089
---------------------------------------------------------------------------------
---------------------------------------------------------------------------------
Start Technology Mapping
---------------------------------------------------------------------------------
---------------------------------------------------------------------------------
Finished Technology Mapping : Time (s): cpu = 00:00:18 ; elapsed = 00:00:18 . Memory (MB): peak = 3463.156 ; gain = 1022.172 ; free physical = 10951 ; free virtual = 31081
---------------------------------------------------------------------------------
---------------------------------------------------------------------------------
Start IO Insertion
---------------------------------------------------------------------------------
---------------------------------------------------------------------------------
Start Flattening Before IO Insertion
---------------------------------------------------------------------------------
---------------------------------------------------------------------------------
Finished Flattening Before IO Insertion
---------------------------------------------------------------------------------
---------------------------------------------------------------------------------
Start Final Netlist Cleanup
---------------------------------------------------------------------------------
---------------------------------------------------------------------------------
Finished Final Netlist Cleanup
---------------------------------------------------------------------------------
---------------------------------------------------------------------------------
Finished IO Insertion : Time (s): cpu = 00:00:19 ; elapsed = 00:00:20 . Memory (MB): peak = 3626.969 ; gain = 1185.984 ; free physical = 12602 ; free virtual = 32736
---------------------------------------------------------------------------------
---------------------------------------------------------------------------------
Start Renaming Generated Instances
---------------------------------------------------------------------------------
---------------------------------------------------------------------------------
Finished Renaming Generated Instances : Time (s): cpu = 00:00:19 ; elapsed = 00:00:20 . Memory (MB): peak = 3626.969 ; gain = 1185.984 ; free physical = 12602 ; free virtual = 32736
---------------------------------------------------------------------------------
---------------------------------------------------------------------------------
Start Rebuilding User Hierarchy
---------------------------------------------------------------------------------
---------------------------------------------------------------------------------
Finished Rebuilding User Hierarchy : Time (s): cpu = 00:00:20 ; elapsed = 00:00:20 . Memory (MB): peak = 3626.969 ; gain = 1185.984 ; free physical = 12587 ; free virtual = 32721
---------------------------------------------------------------------------------
---------------------------------------------------------------------------------
Start Renaming Generated Ports
---------------------------------------------------------------------------------
---------------------------------------------------------------------------------
Finished Renaming Generated Ports : Time (s): cpu = 00:00:20 ; elapsed = 00:00:20 . Memory (MB): peak = 3626.969 ; gain = 1185.984 ; free physical = 12579 ; free virtual = 32713
---------------------------------------------------------------------------------
---------------------------------------------------------------------------------
Start Handling Custom Attributes
---------------------------------------------------------------------------------
---------------------------------------------------------------------------------
Finished Handling Custom Attributes : Time (s): cpu = 00:00:20 ; elapsed = 00:00:20 . Memory (MB): peak = 3626.969 ; gain = 1185.984 ; free physical = 12579 ; free virtual = 32712
---------------------------------------------------------------------------------
---------------------------------------------------------------------------------
Start Renaming Generated Nets
---------------------------------------------------------------------------------
---------------------------------------------------------------------------------
Finished Renaming Generated Nets : Time (s): cpu = 00:00:20 ; elapsed = 00:00:20 . Memory (MB): peak = 3626.969 ; gain = 1185.984 ; free physical = 12579 ; free virtual = 32712
---------------------------------------------------------------------------------
---------------------------------------------------------------------------------
Start ROM, RAM, DSP, Shift Register and Retiming Reporting
---------------------------------------------------------------------------------

Static Shift Register Report:
+------------+--------------------------------+--------+-------+--------------+--------------------+-------------------+--------+---------+
|Module Name | RTL Name                       | Length | Width | Reset Signal | Pull out first Reg | Pull out last Reg | SRL16E | SRLC32E | 
+------------+--------------------------------+--------+-------+--------------+--------------------+-------------------+--------+---------+
|MDM_RISCV   | Use_JTAG_BSCAN.bscanid_reg[27] | 5      | 1     | YES          | NO                 | YES               | 1      | 0       | 
|MDM_RISCV   | Use_JTAG_BSCAN.bscanid_reg[11] | 9      | 1     | YES          | NO                 | YES               | 1      | 0       | 
|MDM_RISCV   | Use_JTAG_BSCAN.bscanid_reg[1]  | 8      | 1     | YES          | NO                 | YES               | 1      | 0       | 
+------------+--------------------------------+--------+-------+--------------+--------------------+-------------------+--------+---------+

---------------------------------------------------------------------------------
Finished ROM, RAM, DSP, Shift Register and Retiming Reporting
---------------------------------------------------------------------------------
---------------------------------------------------------------------------------
Start Writing Synthesis Report
---------------------------------------------------------------------------------

Report BlackBoxes: 
+-+--------------+----------+
| |BlackBox name |Instances |
+-+--------------+----------+
+-+--------------+----------+

Report Cell Usage: 
+------+--------+------+
|      |Cell    |Count |
+------+--------+------+
|1     |BSCANE2 |     1|
|2     |BUFG    |     1|
|3     |BUFGCE  |     2|
|4     |CARRY8  |     5|
|5     |LUT1    |    10|
|6     |LUT2    |   170|
|7     |LUT3    |   128|
|8     |LUT4    |   191|
|9     |LUT5    |    58|
|10    |LUT6    |    78|
|11    |MUXCY_L |    14|
|12    |SRL16E  |    19|
|13    |SRLC32E |    64|
|14    |XORCY   |    18|
|15    |FDCE    |     3|
|16    |FDRE    |   637|
|17    |FDSE    |    17|
+------+--------+------+
---------------------------------------------------------------------------------
Finished Writing Synthesis Report : Time (s): cpu = 00:00:20 ; elapsed = 00:00:20 . Memory (MB): peak = 3626.969 ; gain = 1185.984 ; free physical = 12579 ; free virtual = 32712
---------------------------------------------------------------------------------
Synthesis finished with 0 errors, 0 critical warnings and 4211 warnings.
Synthesis Optimization Runtime : Time (s): cpu = 00:00:17 ; elapsed = 00:00:18 . Memory (MB): peak = 3626.969 ; gain = 1083.117 ; free physical = 12506 ; free virtual = 32639
Synthesis Optimization Complete : Time (s): cpu = 00:00:20 ; elapsed = 00:00:21 . Memory (MB): peak = 3626.969 ; gain = 1185.984 ; free physical = 12506 ; free virtual = 32639
INFO: [Project 1-571] Translating synthesized netlist
Netlist sorting complete. Time (s): cpu = 00:00:00.01 ; elapsed = 00:00:00.02 . Memory (MB): peak = 3626.969 ; gain = 0.000 ; free physical = 12486 ; free virtual = 32621
INFO: [Netlist 29-17] Analyzing 40 Unisim elements for replacement
INFO: [Netlist 29-28] Unisim Transformation completed in 0 CPU seconds
INFO: [Project 1-570] Preparing netlist for logic optimization
INFO: [Opt 31-138] Pushed 0 inverter(s) to 0 load pin(s).
Netlist sorting complete. Time (s): cpu = 00:00:00 ; elapsed = 00:00:00 . Memory (MB): peak = 3626.969 ; gain = 0.000 ; free physical = 16554 ; free virtual = 36711
INFO: [Project 1-111] Unisim Transformation Summary:
  A total of 7 instances were transformed.
  (CARRY4) => CARRY8: 4 instances
  BUFG => BUFGCE: 1 instance 
  BUFGCE_1 => BUFGCTRL: 2 instances

Synth Design complete | Checksum: d3f207cd
INFO: [Common 17-83] Releasing license: Synthesis
171 Infos, 110 Warnings, 0 Critical Warnings and 0 Errors encountered.
synth_design completed successfully
synth_design: Time (s): cpu = 00:00:28 ; elapsed = 00:00:27 . Memory (MB): peak = 3626.969 ; gain = 2063.875 ; free physical = 16452 ; free virtual = 36610
INFO: [Common 17-2834] synth_design peak Physical Memory [PSS] (MB): overall = 2662.005; main = 2502.076; forked = 181.645
INFO: [Common 17-2834] synth_design peak Virtual Memory [VSS] (MB): overall = 4558.027; main = 3609.312; forked = 963.867
Write ShapeDB Complete: Time (s): cpu = 00:00:00.01 ; elapsed = 00:00:00.01 . Memory (MB): peak = 3633.320 ; gain = 0.000 ; free physical = 16416 ; free virtual = 36575
INFO: [Common 17-1381] The checkpoint '/home/e/Documents/research/byotee/OSDZU3_Ref_Design/OSDZU3_Ref_Design.runs/design_1_mdm_riscv_0_0_synth_1/design_1_mdm_riscv_0_0.dcp' has been generated.
INFO: [Coretcl 2-1648] Added synthesis output to IP cache for IP design_1_mdm_riscv_0_0, cache-ID = d7d55779d2f58b73
INFO: [Coretcl 2-1174] Renamed 135 cell refs.
Write ShapeDB Complete: Time (s): cpu = 00:00:00 ; elapsed = 00:00:00 . Memory (MB): peak = 3633.320 ; gain = 0.000 ; free physical = 15534 ; free virtual = 35697
INFO: [Common 17-1381] The checkpoint '/home/e/Documents/research/byotee/OSDZU3_Ref_Design/OSDZU3_Ref_Design.runs/design_1_mdm_riscv_0_0_synth_1/design_1_mdm_riscv_0_0.dcp' has been generated.
INFO: [Vivado 12-24828] Executing command : report_utilization -file design_1_mdm_riscv_0_0_utilization_synth.rpt -pb design_1_mdm_riscv_0_0_utilization_synth.pb
INFO: [Common 17-206] Exiting Vivado at Sat Sep  6 13:59:01 2025...
