

================================================================
== Vitis HLS Report for 'AXIMMvideo2Bytes'
================================================================
* Date:           Sat Sep  6 13:58:47 2025

* Version:        2025.1 (Build 6135595 on May 21 2025)
* Project:        prj
* Solution:       sol (Vivado IP Flow Target)
* Product family: zynquplus
* Target device:  xczu3eg-sfvc784-1-e


================================================================
== Performance Estimates
================================================================
+ Timing: 
    * Summary: 
    +--------+---------+----------+------------+
    |  Clock |  Target | Estimated| Uncertainty|
    +--------+---------+----------+------------+
    |ap_clk  |  5.00 ns|  3.650 ns|     1.35 ns|
    +--------+---------+----------+------------+

+ Latency: 
    * Summary: 
    +---------+----------+-----------+-----------+------+----------+---------+
    |  Latency (cycles)  |   Latency (absolute)  |     Interval    | Pipeline|
    |   min   |    max   |    min    |    max    |  min |    max   |   Type  |
    +---------+----------+-----------+-----------+------+----------+---------+
    |     7297|  12929761|  36.485 us|  64.649 ms|  7297|  12929761|       no|
    +---------+----------+-----------+-----------+------+----------+---------+

    + Detail: 
        * Instance: 
        +-------------------------------------------------------+--------------------------------------------+---------+---------+-----------+-----------+-----+------+------------------------------------------------+
        |                                                       |                                            |  Latency (cycles) |   Latency (absolute)  |  Interval  |                    Pipeline                    |
        |                        Instance                       |                   Module                   |   min   |   max   |    min    |    max    | min |  max |                      Type                      |
        +-------------------------------------------------------+--------------------------------------------+---------+---------+-----------+-----------+-----+------+------------------------------------------------+
        |grp_AXIMMvideo2Bytes_Pipeline_VITIS_LOOP_548_1_fu_204  |AXIMMvideo2Bytes_Pipeline_VITIS_LOOP_548_1  |        2|     2883|  10.000 ns|  14.415 us|    1|  2881|  loop auto-rewind stp (delay=0 clock cycles(s))|
        |grp_AXIMMvideo2Bytes_Pipeline_VITIS_LOOP_560_2_fu_214  |AXIMMvideo2Bytes_Pipeline_VITIS_LOOP_560_2  |        2|     2883|  10.000 ns|  14.415 us|    1|  2881|  loop auto-rewind stp (delay=0 clock cycles(s))|
        +-------------------------------------------------------+--------------------------------------------+---------+---------+-----------+-----------+-----+------+------------------------------------------------+

        * Loop: 
        +---------------------------------+---------+----------+------------+-----------+-----------+-----------+----------+
        |                                 |  Latency (cycles)  |  Iteration |  Initiation Interval  |    Trip   |          |
        |            Loop Name            |   min   |    max   |   Latency  |  achieved |   target  |   Count   | Pipelined|
        +---------------------------------+---------+----------+------------+-----------+-----------+-----------+----------+
        |- loop_AXIMMvideo2Bytes_2planes  |     7296|  12929760|  114 ~ 5986|          -|          -|  64 ~ 2160|        no|
        +---------------------------------+---------+----------+------------+-----------+-----------+-----------+----------+



================================================================
== Utilization Estimates
================================================================
* Summary: 
+-----------------+---------+-----+--------+-------+-----+
|       Name      | BRAM_18K| DSP |   FF   |  LUT  | URAM|
+-----------------+---------+-----+--------+-------+-----+
|DSP              |        -|    -|       -|      -|    -|
|Expression       |        -|    -|       0|    376|    -|
|FIFO             |        -|    -|       -|      -|    -|
|Instance         |        -|    -|     162|    192|    -|
|Memory           |        -|    -|       -|      -|    -|
|Multiplexer      |        -|    -|       0|   1438|    -|
|Register         |        -|    -|     525|      -|    -|
+-----------------+---------+-----+--------+-------+-----+
|Total            |        0|    0|     687|   2006|    0|
+-----------------+---------+-----+--------+-------+-----+
|Available        |      432|  360|  141120|  70560|    0|
+-----------------+---------+-----+--------+-------+-----+
|Utilization (%)  |        0|    0|      ~0|      2|    0|
+-----------------+---------+-----+--------+-------+-----+

+ Detail: 
    * Instance: 
    +-------------------------------------------------------+--------------------------------------------+---------+----+----+----+-----+
    |                        Instance                       |                   Module                   | BRAM_18K| DSP| FF | LUT| URAM|
    +-------------------------------------------------------+--------------------------------------------+---------+----+----+----+-----+
    |grp_AXIMMvideo2Bytes_Pipeline_VITIS_LOOP_548_1_fu_204  |AXIMMvideo2Bytes_Pipeline_VITIS_LOOP_548_1  |        0|   0|  81|  96|    0|
    |grp_AXIMMvideo2Bytes_Pipeline_VITIS_LOOP_560_2_fu_214  |AXIMMvideo2Bytes_Pipeline_VITIS_LOOP_560_2  |        0|   0|  81|  96|    0|
    +-------------------------------------------------------+--------------------------------------------+---------+----+----+----+-----+
    |Total                                                  |                                            |        0|   0| 162| 192|    0|
    +-------------------------------------------------------+--------------------------------------------+---------+----+----+----+-----+

    * DSP: 
    N/A

    * Memory: 
    N/A

    * FIFO: 
    N/A

    * Expression: 
    +-----------------------------------+----------+----+---+----+------------+------------+
    |           Variable Name           | Operation| DSP| FF| LUT| Bitwidth P0| Bitwidth P1|
    +-----------------------------------+----------+----+---+----+------------+------------+
    |add_ln548_fu_432_p2                |         +|   0|  0|  39|          32|          32|
    |add_ln556_fu_447_p2                |         +|   0|  0|  32|          25|          25|
    |add_ln560_fu_537_p2                |         +|   0|  0|  39|          32|          32|
    |offsetUV_1_fu_564_p2               |         +|   0|  0|  39|          32|          32|
    |p_off_fu_274_p2                    |         +|   0|  0|  14|           7|           7|
    |sub_fu_228_p2                      |         +|   0|  0|  22|          15|           3|
    |y_10_fu_407_p2                     |         +|   0|  0|  19|          12|           1|
    |ap_block_state221_on_subcall_done  |       and|   0|  0|   2|           1|           1|
    |cmp43_fu_378_p2                    |       and|   0|  0|   2|           1|           1|
    |cmp39_fu_268_p2                    |      icmp|   0|  0|  13|           6|           6|
    |cmp61_fu_262_p2                    |      icmp|   0|  0|  13|           6|           6|
    |empty_114_fu_334_p2                |      icmp|   0|  0|  13|           6|           6|
    |empty_116_fu_474_p2                |      icmp|   0|  0|  13|           6|           6|
    |empty_118_fu_484_p2                |      icmp|   0|  0|  13|           6|           6|
    |empty_120_fu_495_p2                |      icmp|   0|  0|  13|           6|           5|
    |empty_122_fu_506_p2                |      icmp|   0|  0|  13|           6|           5|
    |empty_124_fu_517_p2                |      icmp|   0|  0|  13|           6|           2|
    |empty_fu_328_p2                    |      icmp|   0|  0|  13|           6|           5|
    |icmp6_fu_372_p2                    |      icmp|   0|  0|  12|           5|           1|
    |icmp_ln543_fu_402_p2               |      icmp|   0|  0|  19|          12|          12|
    |ap_block_state1                    |        or|   0|  0|   2|           1|           1|
    |ap_predicate_op526_call_state221   |        or|   0|  0|   2|           1|           1|
    |empty_117_fu_479_p2                |        or|   0|  0|   2|           1|           1|
    |empty_119_fu_489_p2                |        or|   0|  0|   2|           1|           1|
    |empty_121_fu_500_p2                |        or|   0|  0|   2|           1|           1|
    |empty_123_fu_511_p2                |        or|   0|  0|   2|           1|           1|
    |empty_125_fu_522_p2                |        or|   0|  0|   2|           1|           1|
    |spec_select22_fu_352_p2            |        or|   0|  0|   2|           1|           1|
    |tmp1_fu_346_p2                     |        or|   0|  0|   2|           1|           1|
    |tmp_fu_340_p2                      |        or|   0|  0|   2|           1|           1|
    +-----------------------------------+----------+----+---+----+------------+------------+
    |Total                              |          |   0|  0| 376|         238|         204|
    +-----------------------------------+----------+----+---+----+------------+------------+

    * Multiplexer: 
    +---------------------------+------+-----------+-----+-----------+
    |            Name           |  LUT | Input Size| Bits| Total Bits|
    +---------------------------+------+-----------+-----+-----------+
    |ap_NS_fsm                  |  1178|        222|    1|        222|
    |ap_done                    |     9|          2|    1|          2|
    |m_axi_mm_video_0_ARADDR    |    26|          5|   32|        160|
    |m_axi_mm_video_0_ARBURST   |    14|          3|    2|          6|
    |m_axi_mm_video_0_ARCACHE   |    14|          3|    4|         12|
    |m_axi_mm_video_0_ARID      |    14|          3|    1|          3|
    |m_axi_mm_video_0_ARLEN     |    20|          4|   32|        128|
    |m_axi_mm_video_0_ARLOCK    |    14|          3|    2|          6|
    |m_axi_mm_video_0_ARPROT    |    14|          3|    3|          9|
    |m_axi_mm_video_0_ARQOS     |    14|          3|    4|         12|
    |m_axi_mm_video_0_ARREGION  |    14|          3|    4|         12|
    |m_axi_mm_video_0_ARSIZE    |    14|          3|    3|          9|
    |m_axi_mm_video_0_ARUSER    |    14|          3|    1|          3|
    |m_axi_mm_video_0_ARVALID   |    20|          4|    1|          4|
    |m_axi_mm_video_0_RREADY    |    14|          3|    1|          3|
    |mm_video_blk_n_AR          |     9|          2|    1|          2|
    |offsetUV_fu_158            |     9|          2|   32|         64|
    |offsetY_fu_154             |     9|          2|   25|         50|
    |real_start                 |     9|          2|    1|          2|
    |y_fu_150                   |     9|          2|   12|         24|
    +---------------------------+------+-----------+-----+-----------+
    |Total                      |  1438|        277|  163|        733|
    +---------------------------+------+-----------+-----+-----------+

    * Register: 
    +--------------------------------------------------------------------+-----+----+-----+-----------+
    |                                Name                                |  FF | LUT| Bits| Const Bits|
    +--------------------------------------------------------------------+-----+----+-----+-----------+
    |Height_val_read_reg_622                                             |   12|   0|   12|          0|
    |VideoFormat_val_read_reg_613                                        |    6|   0|    6|          0|
    |add_ln556_reg_685                                                   |   25|   0|   25|          0|
    |ap_CS_fsm                                                           |  221|   0|  221|          0|
    |ap_done_reg                                                         |    1|   0|    1|          0|
    |cmp43_reg_663                                                       |    1|   0|    1|          0|
    |cmp61_reg_653                                                       |    1|   0|    1|          0|
    |div8_cast2_reg_648                                                  |   13|   0|   32|         19|
    |div8_cast_reg_658                                                   |   13|   0|   25|         12|
    |div_cast1_reg_643                                                   |   12|   0|   32|         20|
    |div_reg_637                                                         |   12|   0|   12|          0|
    |empty_125_reg_695                                                   |    1|   0|    1|          0|
    |grp_AXIMMvideo2Bytes_Pipeline_VITIS_LOOP_548_1_fu_204_ap_start_reg  |    1|   0|    1|          0|
    |grp_AXIMMvideo2Bytes_Pipeline_VITIS_LOOP_560_2_fu_214_ap_start_reg  |    1|   0|    1|          0|
    |offsetUV_fu_158                                                     |   32|   0|   32|          0|
    |offsetY_fu_154                                                      |   25|   0|   25|          0|
    |srcImg2_read_reg_627                                                |   32|   0|   32|          0|
    |srcImg_read_reg_632                                                 |   32|   0|   32|          0|
    |start_once_reg                                                      |    1|   0|    1|          0|
    |trunc_ln1_reg_679                                                   |   29|   0|   29|          0|
    |trunc_ln2_reg_699                                                   |   29|   0|   29|          0|
    |trunc_ln543_reg_675                                                 |    1|   0|    1|          0|
    |y_10_reg_670                                                        |   12|   0|   12|          0|
    |y_fu_150                                                            |   12|   0|   12|          0|
    +--------------------------------------------------------------------+-----+----+-----+-----------+
    |Total                                                               |  525|   0|  576|         51|
    +--------------------------------------------------------------------+-----+----+-----+-----------+



================================================================
== Interface
================================================================
* Summary: 
+----------------------------------+-----+-----+------------+-------------------+--------------+
|             RTL Ports            | Dir | Bits|  Protocol  |   Source Object   |    C Type    |
+----------------------------------+-----+-----+------------+-------------------+--------------+
|ap_clk                            |   in|    1|  ap_ctrl_hs|   AXIMMvideo2Bytes|  return value|
|ap_rst                            |   in|    1|  ap_ctrl_hs|   AXIMMvideo2Bytes|  return value|
|ap_start                          |   in|    1|  ap_ctrl_hs|   AXIMMvideo2Bytes|  return value|
|start_full_n                      |   in|    1|  ap_ctrl_hs|   AXIMMvideo2Bytes|  return value|
|ap_done                           |  out|    1|  ap_ctrl_hs|   AXIMMvideo2Bytes|  return value|
|ap_continue                       |   in|    1|  ap_ctrl_hs|   AXIMMvideo2Bytes|  return value|
|ap_idle                           |  out|    1|  ap_ctrl_hs|   AXIMMvideo2Bytes|  return value|
|ap_ready                          |  out|    1|  ap_ctrl_hs|   AXIMMvideo2Bytes|  return value|
|start_out                         |  out|    1|  ap_ctrl_hs|   AXIMMvideo2Bytes|  return value|
|start_write                       |  out|    1|  ap_ctrl_hs|   AXIMMvideo2Bytes|  return value|
|m_axi_mm_video_0_AWVALID          |  out|    1|       m_axi|           mm_video|       pointer|
|m_axi_mm_video_0_AWREADY          |   in|    1|       m_axi|           mm_video|       pointer|
|m_axi_mm_video_0_AWADDR           |  out|   32|       m_axi|           mm_video|       pointer|
|m_axi_mm_video_0_AWID             |  out|    1|       m_axi|           mm_video|       pointer|
|m_axi_mm_video_0_AWLEN            |  out|   32|       m_axi|           mm_video|       pointer|
|m_axi_mm_video_0_AWSIZE           |  out|    3|       m_axi|           mm_video|       pointer|
|m_axi_mm_video_0_AWBURST          |  out|    2|       m_axi|           mm_video|       pointer|
|m_axi_mm_video_0_AWLOCK           |  out|    2|       m_axi|           mm_video|       pointer|
|m_axi_mm_video_0_AWCACHE          |  out|    4|       m_axi|           mm_video|       pointer|
|m_axi_mm_video_0_AWPROT           |  out|    3|       m_axi|           mm_video|       pointer|
|m_axi_mm_video_0_AWQOS            |  out|    4|       m_axi|           mm_video|       pointer|
|m_axi_mm_video_0_AWREGION         |  out|    4|       m_axi|           mm_video|       pointer|
|m_axi_mm_video_0_AWUSER           |  out|    1|       m_axi|           mm_video|       pointer|
|m_axi_mm_video_0_WVALID           |  out|    1|       m_axi|           mm_video|       pointer|
|m_axi_mm_video_0_WREADY           |   in|    1|       m_axi|           mm_video|       pointer|
|m_axi_mm_video_0_WDATA            |  out|   64|       m_axi|           mm_video|       pointer|
|m_axi_mm_video_0_WSTRB            |  out|    8|       m_axi|           mm_video|       pointer|
|m_axi_mm_video_0_WLAST            |  out|    1|       m_axi|           mm_video|       pointer|
|m_axi_mm_video_0_WID              |  out|    1|       m_axi|           mm_video|       pointer|
|m_axi_mm_video_0_WUSER            |  out|    1|       m_axi|           mm_video|       pointer|
|m_axi_mm_video_0_ARVALID          |  out|    1|       m_axi|           mm_video|       pointer|
|m_axi_mm_video_0_ARREADY          |   in|    1|       m_axi|           mm_video|       pointer|
|m_axi_mm_video_0_ARADDR           |  out|   32|       m_axi|           mm_video|       pointer|
|m_axi_mm_video_0_ARID             |  out|    1|       m_axi|           mm_video|       pointer|
|m_axi_mm_video_0_ARLEN            |  out|   32|       m_axi|           mm_video|       pointer|
|m_axi_mm_video_0_ARSIZE           |  out|    3|       m_axi|           mm_video|       pointer|
|m_axi_mm_video_0_ARBURST          |  out|    2|       m_axi|           mm_video|       pointer|
|m_axi_mm_video_0_ARLOCK           |  out|    2|       m_axi|           mm_video|       pointer|
|m_axi_mm_video_0_ARCACHE          |  out|    4|       m_axi|           mm_video|       pointer|
|m_axi_mm_video_0_ARPROT           |  out|    3|       m_axi|           mm_video|       pointer|
|m_axi_mm_video_0_ARQOS            |  out|    4|       m_axi|           mm_video|       pointer|
|m_axi_mm_video_0_ARREGION         |  out|    4|       m_axi|           mm_video|       pointer|
|m_axi_mm_video_0_ARUSER           |  out|    1|       m_axi|           mm_video|       pointer|
|m_axi_mm_video_0_RVALID           |   in|    1|       m_axi|           mm_video|       pointer|
|m_axi_mm_video_0_RREADY           |  out|    1|       m_axi|           mm_video|       pointer|
|m_axi_mm_video_0_RDATA            |   in|   64|       m_axi|           mm_video|       pointer|
|m_axi_mm_video_0_RLAST            |   in|    1|       m_axi|           mm_video|       pointer|
|m_axi_mm_video_0_RID              |   in|    1|       m_axi|           mm_video|       pointer|
|m_axi_mm_video_0_RFIFONUM         |   in|    7|       m_axi|           mm_video|       pointer|
|m_axi_mm_video_0_RUSER            |   in|    1|       m_axi|           mm_video|       pointer|
|m_axi_mm_video_0_RRESP            |   in|    2|       m_axi|           mm_video|       pointer|
|m_axi_mm_video_0_BVALID           |   in|    1|       m_axi|           mm_video|       pointer|
|m_axi_mm_video_0_BREADY           |  out|    1|       m_axi|           mm_video|       pointer|
|m_axi_mm_video_0_BRESP            |   in|    2|       m_axi|           mm_video|       pointer|
|m_axi_mm_video_0_BID              |   in|    1|       m_axi|           mm_video|       pointer|
|m_axi_mm_video_0_BUSER            |   in|    1|       m_axi|           mm_video|       pointer|
|srcImg                            |   in|   32|   ap_stable|             srcImg|        scalar|
|srcImg2                           |   in|   32|   ap_stable|            srcImg2|        scalar|
|bytePlanes_plane0_din             |  out|   64|     ap_fifo|  bytePlanes_plane0|       pointer|
|bytePlanes_plane0_full_n          |   in|    1|     ap_fifo|  bytePlanes_plane0|       pointer|
|bytePlanes_plane0_write           |  out|    1|     ap_fifo|  bytePlanes_plane0|       pointer|
|bytePlanes_plane0_num_data_valid  |   in|   11|     ap_fifo|  bytePlanes_plane0|       pointer|
|bytePlanes_plane0_fifo_cap        |   in|   11|     ap_fifo|  bytePlanes_plane0|       pointer|
|bytePlanes_plane1_din             |  out|   64|     ap_fifo|  bytePlanes_plane1|       pointer|
|bytePlanes_plane1_full_n          |   in|    1|     ap_fifo|  bytePlanes_plane1|       pointer|
|bytePlanes_plane1_write           |  out|    1|     ap_fifo|  bytePlanes_plane1|       pointer|
|bytePlanes_plane1_num_data_valid  |   in|   11|     ap_fifo|  bytePlanes_plane1|       pointer|
|bytePlanes_plane1_fifo_cap        |   in|   11|     ap_fifo|  bytePlanes_plane1|       pointer|
|Height_val                        |   in|   12|   ap_stable|         Height_val|        scalar|
|WidthInBytes_val                  |   in|   15|   ap_stable|   WidthInBytes_val|        scalar|
|StrideInBytes_val                 |   in|   16|   ap_stable|  StrideInBytes_val|        scalar|
|VideoFormat_val                   |   in|    6|   ap_stable|    VideoFormat_val|        scalar|
+----------------------------------+-----+-----+------------+-------------------+--------------+

