

================================================================
== Vitis HLS Report for 'Bytes2MultiPixStream_Pipeline_VITIS_LOOP_1197_7'
================================================================
* Date:           Sat Sep  6 13:58:47 2025

* Version:        2025.1 (Build 6135595 on May 21 2025)
* Project:        prj
* Solution:       sol (Vivado IP Flow Target)
* Product family: zynquplus
* Target device:  xczu3eg-sfvc784-1-e


================================================================
== Performance Estimates
================================================================
+ Timing: 
    * Summary: 
    +--------+---------+----------+------------+
    |  Clock |  Target | Estimated| Uncertainty|
    +--------+---------+----------+------------+
    |ap_clk  |  5.00 ns|  3.650 ns|     1.35 ns|
    +--------+---------+----------+------------+

+ Latency: 
    * Summary: 
    +---------+---------+-----------+-----------+-----+-------+------------------------------------------------+
    |  Latency (cycles) |   Latency (absolute)  |   Interval  |                    Pipeline                    |
    |   min   |   max   |    min    |    max    | min |  max  |                      Type                      |
    +---------+---------+-----------+-----------+-----+-------+------------------------------------------------+
    |        2|    11522|  10.000 ns|  57.610 us|    1|  11521|  loop auto-rewind stp (delay=0 clock cycles(s))|
    +---------+---------+-----------+-----------+-----+-------+------------------------------------------------+

    + Detail: 
        * Instance: 
        N/A

        * Loop: 
        +---------------------+---------+---------+----------+-----------+-----------+----------+----------+
        |                     |  Latency (cycles) | Iteration|  Initiation Interval  |   Trip   |          |
        |      Loop Name      |   min   |   max   |  Latency |  achieved |   target  |   Count  | Pipelined|
        +---------------------+---------+---------+----------+-----------+-----------+----------+----------+
        |- VITIS_LOOP_1197_7  |        0|    11520|         5|          4|          4|  0 ~ 2880|       yes|
        +---------------------+---------+---------+----------+-----------+-----------+----------+----------+



================================================================
== Utilization Estimates
================================================================
* Summary: 
+-----------------+---------+-----+--------+-------+-----+
|       Name      | BRAM_18K| DSP |   FF   |  LUT  | URAM|
+-----------------+---------+-----+--------+-------+-----+
|DSP              |        -|    -|       -|      -|    -|
|Expression       |        -|    -|       0|     86|    -|
|FIFO             |        -|    -|       -|      -|    -|
|Instance         |        -|    -|       -|      -|    -|
|Memory           |        -|    -|       -|      -|    -|
|Multiplexer      |        -|    -|       0|    124|    -|
|Register         |        -|    -|      71|      -|    -|
+-----------------+---------+-----+--------+-------+-----+
|Total            |        0|    0|      71|    210|    0|
+-----------------+---------+-----+--------+-------+-----+
|Available        |      432|  360|  141120|  70560|    0|
+-----------------+---------+-----+--------+-------+-----+
|Utilization (%)  |        0|    0|      ~0|     ~0|    0|
+-----------------+---------+-----+--------+-------+-----+

+ Detail: 
    * Instance: 
    N/A

    * DSP: 
    N/A

    * Memory: 
    N/A

    * FIFO: 
    N/A

    * Expression: 
    +---------------------------------------+----------+----+---+----+------------+------------+
    |             Variable Name             | Operation| DSP| FF| LUT| Bitwidth P0| Bitwidth P1|
    +---------------------------------------+----------+----+---+----+------------+------------+
    |x_3_fu_153_p2                          |         +|   0|  0|  19|          12|           1|
    |ap_block_pp0_stage0_01001_grp4         |       and|   0|  0|   2|           1|           1|
    |ap_block_pp0_stage1_01001_grp1         |       and|   0|  0|   2|           1|           1|
    |ap_block_pp0_stage2_01001_grp2         |       and|   0|  0|   2|           1|           1|
    |ap_block_pp0_stage3_01001_grp3         |       and|   0|  0|   2|           1|           1|
    |ap_block_state3_pp0_stage2_iter0_grp2  |       and|   0|  0|   2|           1|           1|
    |ap_block_state4_pp0_stage3_iter0_grp3  |       and|   0|  0|   2|           1|           1|
    |ap_block_state5_pp0_stage0_iter1_grp4  |       and|   0|  0|   2|           1|           1|
    |ap_predicate_op50_write_state3         |       and|   0|  0|   2|           1|           1|
    |ap_predicate_op54_write_state4         |       and|   0|  0|   2|           1|           1|
    |cmp287_fu_159_p2                       |      icmp|   0|  0|  20|          13|          13|
    |icmp_ln1197_fu_147_p2                  |      icmp|   0|  0|  19|          12|          12|
    |ap_block_state2_pp0_stage1_iter0_grp1  |        or|   0|  0|   2|           1|           1|
    |or_ln1213_1_fu_171_p2                  |        or|   0|  0|   2|           1|           1|
    |or_ln1213_2_fu_177_p2                  |        or|   0|  0|   2|           1|           1|
    |or_ln1213_fu_165_p2                    |        or|   0|  0|   2|           1|           1|
    |ap_enable_pp0                          |       xor|   0|  0|   2|           1|           2|
    +---------------------------------------+----------+----+---+----+------------+------------+
    |Total                                  |          |   0|  0|  86|          51|          41|
    +---------------------------------------+----------+----+---+----+------------+------------+

    * Multiplexer: 
    +-----------------------------+----+-----------+-----+-----------+
    |             Name            | LUT| Input Size| Bits| Total Bits|
    +-----------------------------+----+-----------+-----+-----------+
    |ap_NS_fsm                    |  26|          5|    1|          5|
    |ap_done_int                  |   9|          2|    1|          2|
    |ap_enable_reg_pp0_iter0      |   9|          2|    1|          2|
    |ap_enable_reg_pp0_iter0_reg  |   9|          2|    1|          2|
    |ap_enable_reg_pp0_iter1      |   9|          2|    1|          2|
    |ap_sig_allocacmp_x           |   9|          2|   12|         24|
    |bytePlanes_plane0_blk_n      |   9|          2|    1|          2|
    |img_blk_n                    |   9|          2|    1|          2|
    |img_din                      |  26|          5|   24|        120|
    |x_2_fu_88                    |   9|          2|   12|         24|
    +-----------------------------+----+-----------+-----+-----------+
    |Total                        | 124|         26|   55|        185|
    +-----------------------------+----+-----------+-----+-----------+

    * Register: 
    +-----------------------------+----+----+-----+-----------+
    |             Name            | FF | LUT| Bits| Const Bits|
    +-----------------------------+----+----+-----+-----------+
    |ap_CS_fsm                    |   4|   0|    4|          0|
    |ap_done_reg                  |   1|   0|    1|          0|
    |ap_enable_reg_pp0_iter0_reg  |   1|   0|    1|          0|
    |ap_enable_reg_pp0_iter1      |   1|   0|    1|          0|
    |icmp_ln1197_reg_307          |   1|   0|    1|          0|
    |or_ln1213_1_reg_315          |   1|   0|    1|          0|
    |or_ln1213_2_reg_319          |   1|   0|    1|          0|
    |or_ln1213_reg_311            |   1|   0|    1|          0|
    |tmp_13_reg_338               |   8|   0|    8|          0|
    |tmp_15_reg_343               |   8|   0|    8|          0|
    |tmp_20_reg_348               |   8|   0|    8|          0|
    |tmp_3_reg_323                |   8|   0|    8|          0|
    |tmp_5_reg_328                |   8|   0|    8|          0|
    |tmp_7_reg_333                |   8|   0|    8|          0|
    |x_2_fu_88                    |  12|   0|   12|          0|
    +-----------------------------+----+----+-----+-----------+
    |Total                        |  71|   0|   71|          0|
    +-----------------------------+----+----+-----+-----------+



================================================================
== Interface
================================================================
* Summary: 
+----------------------------------+-----+-----+------------+-------------------------------------------------+--------------+
|             RTL Ports            | Dir | Bits|  Protocol  |                  Source Object                  |    C Type    |
+----------------------------------+-----+-----+------------+-------------------------------------------------+--------------+
|ap_clk                            |   in|    1|  ap_ctrl_hs|  Bytes2MultiPixStream_Pipeline_VITIS_LOOP_1197_7|  return value|
|ap_rst                            |   in|    1|  ap_ctrl_hs|  Bytes2MultiPixStream_Pipeline_VITIS_LOOP_1197_7|  return value|
|ap_start                          |   in|    1|  ap_ctrl_hs|  Bytes2MultiPixStream_Pipeline_VITIS_LOOP_1197_7|  return value|
|ap_done                           |  out|    1|  ap_ctrl_hs|  Bytes2MultiPixStream_Pipeline_VITIS_LOOP_1197_7|  return value|
|ap_idle                           |  out|    1|  ap_ctrl_hs|  Bytes2MultiPixStream_Pipeline_VITIS_LOOP_1197_7|  return value|
|ap_ready                          |  out|    1|  ap_ctrl_hs|  Bytes2MultiPixStream_Pipeline_VITIS_LOOP_1197_7|  return value|
|img_din                           |  out|   24|     ap_fifo|                                              img|       pointer|
|img_full_n                        |   in|    1|     ap_fifo|                                              img|       pointer|
|img_write                         |  out|    1|     ap_fifo|                                              img|       pointer|
|img_num_data_valid                |   in|   32|     ap_fifo|                                              img|       pointer|
|img_fifo_cap                      |   in|   32|     ap_fifo|                                              img|       pointer|
|bytePlanes_plane0_dout            |   in|   64|     ap_fifo|                                bytePlanes_plane0|       pointer|
|bytePlanes_plane0_empty_n         |   in|    1|     ap_fifo|                                bytePlanes_plane0|       pointer|
|bytePlanes_plane0_read            |  out|    1|     ap_fifo|                                bytePlanes_plane0|       pointer|
|bytePlanes_plane0_num_data_valid  |   in|   11|     ap_fifo|                                bytePlanes_plane0|       pointer|
|bytePlanes_plane0_fifo_cap        |   in|   11|     ap_fifo|                                bytePlanes_plane0|       pointer|
|loopWidth_2                       |   in|   12|   ap_stable|                                      loopWidth_2|        scalar|
|icmp_ln1187                       |   in|    1|   ap_stable|                                      icmp_ln1187|        scalar|
|cmp290_2                          |   in|    1|   ap_stable|                                         cmp290_2|        scalar|
|sub286_cast                       |   in|   13|   ap_stable|                                      sub286_cast|        scalar|
|icmp12                            |   in|    1|   ap_stable|                                           icmp12|        scalar|
+----------------------------------+-----+-----+------------+-------------------------------------------------+--------------+

