

================================================================
== Vitis HLS Report for 'Bytes2MultiPixStream'
================================================================
* Date:           Sat Sep  6 13:58:47 2025

* Version:        2025.1 (Build 6135595 on May 21 2025)
* Project:        prj
* Solution:       sol (Vivado IP Flow Target)
* Product family: zynquplus
* Target device:  xczu3eg-sfvc784-1-e


================================================================
== Performance Estimates
================================================================
+ Timing: 
    * Summary: 
    +--------+---------+----------+------------+
    |  Clock |  Target | Estimated| Uncertainty|
    +--------+---------+----------+------------+
    |ap_clk  |  5.00 ns|  3.650 ns|     1.35 ns|
    +--------+---------+----------+------------+

+ Latency: 
    * Summary: 
    +---------+----------+----------+-----------+-----+----------+---------+
    |  Latency (cycles)  |  Latency (absolute)  |    Interval    | Pipeline|
    |   min   |    max   |    min   |    max    | min |    max   |   Type  |
    +---------+----------+----------+-----------+-----+----------+---------+
    |        1|  49775041|  5.000 ns|  0.249 sec|    1|  49775041|       no|
    +---------+----------+----------+-----------+-----+----------+---------+

    + Detail: 
        * Instance: 
        +------------------------------------------------------------+-------------------------------------------------+---------+---------+-----------+-----------+-----+-------+------------------------------------------------+
        |                                                            |                                                 |  Latency (cycles) |   Latency (absolute)  |   Interval  |                    Pipeline                    |
        |                          Instance                          |                      Module                     |   min   |   max   |    min    |    max    | min |  max  |                      Type                      |
        +------------------------------------------------------------+-------------------------------------------------+---------+---------+-----------+-----------+-----+-------+------------------------------------------------+
        |grp_Bytes2MultiPixStream_Pipeline_VITIS_LOOP_1197_7_fu_166  |Bytes2MultiPixStream_Pipeline_VITIS_LOOP_1197_7  |        2|    11522|  10.000 ns|  57.610 us|    1|  11521|  loop auto-rewind stp (delay=0 clock cycles(s))|
        |grp_Bytes2MultiPixStream_Pipeline_VITIS_LOOP_1157_4_fu_179  |Bytes2MultiPixStream_Pipeline_VITIS_LOOP_1157_4  |        2|    11522|  10.000 ns|  57.610 us|    1|  11521|  loop auto-rewind stp (delay=0 clock cycles(s))|
        |grp_Bytes2MultiPixStream_Pipeline_VITIS_LOOP_954_1_fu_192   |Bytes2MultiPixStream_Pipeline_VITIS_LOOP_954_1   |        2|    23042|  10.000 ns|   0.115 ms|    1|  23041|  loop auto-rewind stp (delay=0 clock cycles(s))|
        +------------------------------------------------------------+-------------------------------------------------+---------+---------+-----------+-----------+-----+-------+------------------------------------------------+

        * Loop: 
        +------------------------+---------+----------+-----------+-----------+-----------+-----------+----------+
        |                        |  Latency (cycles)  | Iteration |  Initiation Interval  |    Trip   |          |
        |        Loop Name       |   min   |    max   |  Latency  |  achieved |   target  |   Count   | Pipelined|
        +------------------------+---------+----------+-----------+-----------+-----------+-----------+----------+
        |- loop_Y_UV8_Y_UV8_420  |      256|  49775040|  4 ~ 23044|          -|          -|  64 ~ 2160|        no|
        |- loop_YUYV8            |      256|  24891840|  4 ~ 11524|          -|          -|  64 ~ 2160|        no|
        |- loop_UYVY8            |      256|  24891840|  4 ~ 11524|          -|          -|  64 ~ 2160|        no|
        +------------------------+---------+----------+-----------+-----------+-----------+-----------+----------+



================================================================
== Utilization Estimates
================================================================
* Summary: 
+-----------------+---------+-----+--------+-------+-----+
|       Name      | BRAM_18K| DSP |   FF   |  LUT  | URAM|
+-----------------+---------+-----+--------+-------+-----+
|DSP              |        -|    -|       -|      -|    -|
|Expression       |        -|    -|       0|    335|    -|
|FIFO             |        -|    -|       -|      -|    -|
|Instance         |        -|    -|     286|    742|    -|
|Memory           |        -|    -|       -|      -|    -|
|Multiplexer      |        -|    -|       0|    130|    -|
|Register         |        -|    -|     134|      -|    -|
+-----------------+---------+-----+--------+-------+-----+
|Total            |        0|    0|     420|   1207|    0|
+-----------------+---------+-----+--------+-------+-----+
|Available        |      432|  360|  141120|  70560|    0|
+-----------------+---------+-----+--------+-------+-----+
|Utilization (%)  |        0|    0|      ~0|      1|    0|
+-----------------+---------+-----+--------+-------+-----+

+ Detail: 
    * Instance: 
    +------------------------------------------------------------+-------------------------------------------------+---------+----+-----+-----+-----+
    |                          Instance                          |                      Module                     | BRAM_18K| DSP|  FF | LUT | URAM|
    +------------------------------------------------------------+-------------------------------------------------+---------+----+-----+-----+-----+
    |grp_Bytes2MultiPixStream_Pipeline_VITIS_LOOP_1157_4_fu_179  |Bytes2MultiPixStream_Pipeline_VITIS_LOOP_1157_4  |        0|   0|   71|  210|    0|
    |grp_Bytes2MultiPixStream_Pipeline_VITIS_LOOP_1197_7_fu_166  |Bytes2MultiPixStream_Pipeline_VITIS_LOOP_1197_7  |        0|   0|   71|  210|    0|
    |grp_Bytes2MultiPixStream_Pipeline_VITIS_LOOP_954_1_fu_192   |Bytes2MultiPixStream_Pipeline_VITIS_LOOP_954_1   |        0|   0|  144|  322|    0|
    +------------------------------------------------------------+-------------------------------------------------+---------+----+-----+-----+-----+
    |Total                                                       |                                                 |        0|   0|  286|  742|    0|
    +------------------------------------------------------------+-------------------------------------------------+---------+----+-----+-----+-----+

    * DSP: 
    N/A

    * Memory: 
    N/A

    * FIFO: 
    N/A

    * Expression: 
    +-----------------------+----------+----+---+----+------------+------------+
    |     Variable Name     | Operation| DSP| FF| LUT| Bitwidth P0| Bitwidth P1|
    +-----------------------+----------+----+---+----+------------+------------+
    |grp_fu_213_p2          |         +|   0|  0|  22|          15|           3|
    |sub193_fu_353_p2       |         +|   0|  0|  20|          13|           2|
    |sub286_fu_304_p2       |         +|   0|  0|  20|          13|           2|
    |sub79_fu_412_p2        |         +|   0|  0|  20|          13|           2|
    |y_4_fu_525_p2          |         +|   0|  0|  19|          12|           1|
    |y_6_fu_506_p2          |         +|   0|  0|  19|          12|           1|
    |y_8_fu_487_p2          |         +|   0|  0|  19|          12|           1|
    |cmp197_2_fu_375_p2     |      icmp|   0|  0|  10|           3|           2|
    |cmp290_2_fu_326_p2     |      icmp|   0|  0|  10|           3|           2|
    |cmp83_2_fu_434_p2      |      icmp|   0|  0|  12|           4|           2|
    |cmp83_4_fu_456_p2      |      icmp|   0|  0|  12|           4|           3|
    |cmp83_5_fu_462_p2      |      icmp|   0|  0|  12|           4|           3|
    |cmp83_6_fu_468_p2      |      icmp|   0|  0|  12|           4|           3|
    |grp_fu_239_p2          |      icmp|   0|  0|   9|           2|           1|
    |icmp12_fu_320_p2       |      icmp|   0|  0|   9|           2|           1|
    |icmp3_fu_428_p2        |      icmp|   0|  0|  10|           3|           1|
    |icmp6_fu_450_p2        |      icmp|   0|  0|   9|           2|           1|
    |icmp9_fu_369_p2        |      icmp|   0|  0|   9|           2|           1|
    |icmp_ln1150_fu_501_p2  |      icmp|   0|  0|  19|          12|          12|
    |icmp_ln1190_fu_482_p2  |      icmp|   0|  0|  19|          12|          12|
    |icmp_ln944_fu_398_p2   |      icmp|   0|  0|  10|           3|           1|
    |icmp_ln947_fu_520_p2   |      icmp|   0|  0|  19|          12|          12|
    |ap_block_state1        |        or|   0|  0|   2|           1|           1|
    |remainPix_1_fu_404_p3  |    select|   0|  0|   5|           1|           5|
    |remainPix_3_fu_345_p3  |    select|   0|  0|   4|           1|           4|
    |remainPix_5_fu_296_p3  |    select|   0|  0|   4|           1|           4|
    +-----------------------+----------+----+---+----+------------+------------+
    |Total                  |          |   0|  0| 335|         166|          83|
    +-----------------------+----------+----+---+----+------------+------------+

    * Multiplexer: 
    +------------------------+----+-----------+-----+-----------+
    |          Name          | LUT| Input Size| Bits| Total Bits|
    +------------------------+----+-----------+-----+-----------+
    |ap_NS_fsm               |  31|          6|    1|          6|
    |ap_done                 |   9|          2|    1|          2|
    |bytePlanes_plane0_read  |  20|          4|    1|          4|
    |img_din                 |  14|          3|   24|         72|
    |img_write               |  20|          4|    1|          4|
    |real_start              |   9|          2|    1|          2|
    |y_1_fu_140              |   9|          2|   12|         24|
    |y_2_fu_136              |   9|          2|   12|         24|
    |y_fu_144                |   9|          2|   12|         24|
    +------------------------+----+-----------+-----+-----------+
    |Total                   | 130|         27|   65|        162|
    +------------------------+----+-----------+-----+-----------+

    * Register: 
    +-------------------------------------------------------------------------+----+----+-----+-----------+
    |                                   Name                                  | FF | LUT| Bits| Const Bits|
    +-------------------------------------------------------------------------+----+----+-----+-----------+
    |Height_val_read_reg_545                                                  |  12|   0|   12|          0|
    |VideoFormat_val_read_reg_541                                             |   6|   0|    6|          0|
    |ap_CS_fsm                                                                |   5|   0|    5|          0|
    |ap_done_reg                                                              |   1|   0|    1|          0|
    |cmp197_2_reg_606                                                         |   1|   0|    1|          0|
    |cmp290_2_reg_579                                                         |   1|   0|    1|          0|
    |cmp83_2_reg_633                                                          |   1|   0|    1|          0|
    |cmp83_4_reg_643                                                          |   1|   0|    1|          0|
    |cmp83_5_reg_648                                                          |   1|   0|    1|          0|
    |cmp83_6_reg_653                                                          |   1|   0|    1|          0|
    |empty_reg_552                                                            |   5|   0|    5|          0|
    |grp_Bytes2MultiPixStream_Pipeline_VITIS_LOOP_1157_4_fu_179_ap_start_reg  |   1|   0|    1|          0|
    |grp_Bytes2MultiPixStream_Pipeline_VITIS_LOOP_1197_7_fu_166_ap_start_reg  |   1|   0|    1|          0|
    |grp_Bytes2MultiPixStream_Pipeline_VITIS_LOOP_954_1_fu_192_ap_start_reg   |   1|   0|    1|          0|
    |icmp12_reg_574                                                           |   1|   0|    1|          0|
    |icmp3_reg_628                                                            |   1|   0|    1|          0|
    |icmp6_reg_638                                                            |   1|   0|    1|          0|
    |icmp9_reg_601                                                            |   1|   0|    1|          0|
    |icmp_ln1147_reg_591                                                      |   1|   0|    1|          0|
    |icmp_ln1187_reg_564                                                      |   1|   0|    1|          0|
    |icmp_ln944_reg_618                                                       |   1|   0|    1|          0|
    |reg_245                                                                  |  12|   0|   12|          0|
    |start_once_reg                                                           |   1|   0|    1|          0|
    |sub193_reg_596                                                           |  13|   0|   13|          0|
    |sub286_reg_569                                                           |  13|   0|   13|          0|
    |sub79_reg_623                                                            |  13|   0|   13|          0|
    |trunc_ln947_reg_667                                                      |   1|   0|    1|          0|
    |y_1_fu_140                                                               |  12|   0|   12|          0|
    |y_2_fu_136                                                               |  12|   0|   12|          0|
    |y_fu_144                                                                 |  12|   0|   12|          0|
    +-------------------------------------------------------------------------+----+----+-----+-----------+
    |Total                                                                    | 134|   0|  134|          0|
    +-------------------------------------------------------------------------+----+----+-----+-----------+



================================================================
== Interface
================================================================
* Summary: 
+----------------------------------+-----+-----+------------+----------------------+--------------+
|             RTL Ports            | Dir | Bits|  Protocol  |     Source Object    |    C Type    |
+----------------------------------+-----+-----+------------+----------------------+--------------+
|ap_clk                            |   in|    1|  ap_ctrl_hs|  Bytes2MultiPixStream|  return value|
|ap_rst                            |   in|    1|  ap_ctrl_hs|  Bytes2MultiPixStream|  return value|
|ap_start                          |   in|    1|  ap_ctrl_hs|  Bytes2MultiPixStream|  return value|
|start_full_n                      |   in|    1|  ap_ctrl_hs|  Bytes2MultiPixStream|  return value|
|ap_done                           |  out|    1|  ap_ctrl_hs|  Bytes2MultiPixStream|  return value|
|ap_continue                       |   in|    1|  ap_ctrl_hs|  Bytes2MultiPixStream|  return value|
|ap_idle                           |  out|    1|  ap_ctrl_hs|  Bytes2MultiPixStream|  return value|
|ap_ready                          |  out|    1|  ap_ctrl_hs|  Bytes2MultiPixStream|  return value|
|start_out                         |  out|    1|  ap_ctrl_hs|  Bytes2MultiPixStream|  return value|
|start_write                       |  out|    1|  ap_ctrl_hs|  Bytes2MultiPixStream|  return value|
|bytePlanes_plane0_dout            |   in|   64|     ap_fifo|     bytePlanes_plane0|       pointer|
|bytePlanes_plane0_empty_n         |   in|    1|     ap_fifo|     bytePlanes_plane0|       pointer|
|bytePlanes_plane0_read            |  out|    1|     ap_fifo|     bytePlanes_plane0|       pointer|
|bytePlanes_plane0_num_data_valid  |   in|   11|     ap_fifo|     bytePlanes_plane0|       pointer|
|bytePlanes_plane0_fifo_cap        |   in|   11|     ap_fifo|     bytePlanes_plane0|       pointer|
|bytePlanes_plane1_dout            |   in|   64|     ap_fifo|     bytePlanes_plane1|       pointer|
|bytePlanes_plane1_empty_n         |   in|    1|     ap_fifo|     bytePlanes_plane1|       pointer|
|bytePlanes_plane1_read            |  out|    1|     ap_fifo|     bytePlanes_plane1|       pointer|
|bytePlanes_plane1_num_data_valid  |   in|   11|     ap_fifo|     bytePlanes_plane1|       pointer|
|bytePlanes_plane1_fifo_cap        |   in|   11|     ap_fifo|     bytePlanes_plane1|       pointer|
|img_din                           |  out|   24|     ap_fifo|                   img|       pointer|
|img_full_n                        |   in|    1|     ap_fifo|                   img|       pointer|
|img_write                         |  out|    1|     ap_fifo|                   img|       pointer|
|img_num_data_valid                |   in|   32|     ap_fifo|                   img|       pointer|
|img_fifo_cap                      |   in|   32|     ap_fifo|                   img|       pointer|
|Height_val                        |   in|   12|   ap_stable|            Height_val|        scalar|
|WidthInBytes_val                  |   in|   15|   ap_stable|      WidthInBytes_val|        scalar|
|VideoFormat_val                   |   in|    6|   ap_stable|       VideoFormat_val|        scalar|
+----------------------------------+-----+-----+------------+----------------------+--------------+

