

================================================================
== Vitis HLS Report for 'Bytes2MultiPixStream_Pipeline_VITIS_LOOP_954_1'
================================================================
* Date:           Sat Sep  6 13:58:47 2025

* Version:        2025.1 (Build 6135595 on May 21 2025)
* Project:        prj
* Solution:       sol (Vivado IP Flow Target)
* Product family: zynquplus
* Target device:  xczu3eg-sfvc784-1-e


================================================================
== Performance Estimates
================================================================
+ Timing: 
    * Summary: 
    +--------+---------+----------+------------+
    |  Clock |  Target | Estimated| Uncertainty|
    +--------+---------+----------+------------+
    |ap_clk  |  5.00 ns|  3.650 ns|     1.35 ns|
    +--------+---------+----------+------------+

+ Latency: 
    * Summary: 
    +---------+---------+-----------+----------+-----+-------+------------------------------------------------+
    |  Latency (cycles) |  Latency (absolute)  |   Interval  |                    Pipeline                    |
    |   min   |   max   |    min    |    max   | min |  max  |                      Type                      |
    +---------+---------+-----------+----------+-----+-------+------------------------------------------------+
    |        2|    23042|  10.000 ns|  0.115 ms|    1|  23041|  loop auto-rewind stp (delay=0 clock cycles(s))|
    +---------+---------+-----------+----------+-----+-------+------------------------------------------------+

    + Detail: 
        * Instance: 
        N/A

        * Loop: 
        +--------------------+---------+---------+----------+-----------+-----------+----------+----------+
        |                    |  Latency (cycles) | Iteration|  Initiation Interval  |   Trip   |          |
        |      Loop Name     |   min   |   max   |  Latency |  achieved |   target  |   Count  | Pipelined|
        +--------------------+---------+---------+----------+-----------+-----------+----------+----------+
        |- VITIS_LOOP_954_1  |        0|    23040|         9|          8|          8|  0 ~ 2880|       yes|
        +--------------------+---------+---------+----------+-----------+-----------+----------+----------+



================================================================
== Utilization Estimates
================================================================
* Summary: 
+-----------------+---------+-----+--------+-------+-----+
|       Name      | BRAM_18K| DSP |   FF   |  LUT  | URAM|
+-----------------+---------+-----+--------+-------+-----+
|DSP              |        -|    -|       -|      -|    -|
|Expression       |        -|    -|       0|    134|    -|
|FIFO             |        -|    -|       -|      -|    -|
|Instance         |        -|    -|       -|      -|    -|
|Memory           |        -|    -|       -|      -|    -|
|Multiplexer      |        -|    -|       0|    188|    -|
|Register         |        -|    -|     144|      -|    -|
+-----------------+---------+-----+--------+-------+-----+
|Total            |        0|    0|     144|    322|    0|
+-----------------+---------+-----+--------+-------+-----+
|Available        |      432|  360|  141120|  70560|    0|
+-----------------+---------+-----+--------+-------+-----+
|Utilization (%)  |        0|    0|      ~0|     ~0|    0|
+-----------------+---------+-----+--------+-------+-----+

+ Detail: 
    * Instance: 
    N/A

    * DSP: 
    N/A

    * Memory: 
    N/A

    * FIFO: 
    N/A

    * Expression: 
    +---------------------------------------+----------+----+---+----+------------+------------+
    |             Variable Name             | Operation| DSP| FF| LUT| Bitwidth P0| Bitwidth P1|
    +---------------------------------------+----------+----+---+----+------------+------------+
    |x_2_fu_235_p2                          |         +|   0|  0|  19|          12|           1|
    |and_ln962_fu_251_p2                    |       and|   0|  0|   2|           1|           1|
    |ap_block_pp0_stage0_01001_grp8         |       and|   0|  0|   2|           1|           1|
    |ap_block_pp0_stage1_01001_grp1         |       and|   0|  0|   2|           1|           1|
    |ap_block_pp0_stage2_01001_grp2         |       and|   0|  0|   2|           1|           1|
    |ap_block_pp0_stage3_01001_grp3         |       and|   0|  0|   2|           1|           1|
    |ap_block_pp0_stage4_01001_grp4         |       and|   0|  0|   2|           1|           1|
    |ap_block_pp0_stage5_01001_grp5         |       and|   0|  0|   2|           1|           1|
    |ap_block_pp0_stage6_01001_grp6         |       and|   0|  0|   2|           1|           1|
    |ap_block_pp0_stage7_01001_grp7         |       and|   0|  0|   2|           1|           1|
    |ap_block_state3_pp0_stage2_iter0_grp2  |       and|   0|  0|   2|           1|           1|
    |ap_block_state4_pp0_stage3_iter0_grp3  |       and|   0|  0|   2|           1|           1|
    |ap_block_state5_pp0_stage4_iter0_grp4  |       and|   0|  0|   2|           1|           1|
    |ap_block_state6_pp0_stage5_iter0_grp5  |       and|   0|  0|   2|           1|           1|
    |ap_block_state7_pp0_stage6_iter0_grp6  |       and|   0|  0|   2|           1|           1|
    |ap_block_state8_pp0_stage7_iter0_grp7  |       and|   0|  0|   2|           1|           1|
    |ap_block_state9_pp0_stage0_iter1_grp8  |       and|   0|  0|   2|           1|           1|
    |ap_predicate_op101_write_state7        |       and|   0|  0|   2|           1|           1|
    |ap_predicate_op105_write_state8        |       and|   0|  0|   2|           1|           1|
    |ap_predicate_op62_read_state2          |       and|   0|  0|   2|           1|           1|
    |ap_predicate_op85_write_state3         |       and|   0|  0|   2|           1|           1|
    |ap_predicate_op89_write_state4         |       and|   0|  0|   2|           1|           1|
    |ap_predicate_op93_write_state5         |       and|   0|  0|   2|           1|           1|
    |ap_predicate_op97_write_state6         |       and|   0|  0|   2|           1|           1|
    |cmp80_fu_257_p2                        |      icmp|   0|  0|  20|          13|          13|
    |icmp_ln954_fu_229_p2                   |      icmp|   0|  0|  19|          12|          12|
    |icmp_ln962_fu_245_p2                   |      icmp|   0|  0|  12|           5|           5|
    |ap_block_state2_pp0_stage1_iter0_grp1  |        or|   0|  0|   2|           1|           1|
    |or_ln975_1_fu_269_p2                   |        or|   0|  0|   2|           1|           1|
    |or_ln975_2_fu_275_p2                   |        or|   0|  0|   2|           1|           1|
    |or_ln975_3_fu_281_p2                   |        or|   0|  0|   2|           1|           1|
    |or_ln975_4_fu_287_p2                   |        or|   0|  0|   2|           1|           1|
    |or_ln975_5_fu_293_p2                   |        or|   0|  0|   2|           1|           1|
    |or_ln975_6_fu_299_p2                   |        or|   0|  0|   2|           1|           1|
    |or_ln975_fu_263_p2                     |        or|   0|  0|   2|           1|           1|
    |ap_enable_pp0                          |       xor|   0|  0|   2|           1|           2|
    +---------------------------------------+----------+----+---+----+------------+------------+
    |Total                                  |          |   0|  0| 134|          74|          64|
    +---------------------------------------+----------+----+---+----+------------+------------+

    * Multiplexer: 
    +---------------------------------+----+-----------+-----+-----------+
    |               Name              | LUT| Input Size| Bits| Total Bits|
    +---------------------------------+----+-----------+-----+-----------+
    |ap_NS_fsm                        |  49|          9|    1|          9|
    |ap_done_int                      |   9|          2|    1|          2|
    |ap_enable_reg_pp0_iter0          |   9|          2|    1|          2|
    |ap_enable_reg_pp0_iter0_reg      |   9|          2|    1|          2|
    |ap_enable_reg_pp0_iter1          |   9|          2|    1|          2|
    |ap_phi_mux_rdUv_1_phi_fu_213_p4  |   9|          2|   64|        128|
    |ap_sig_allocacmp_x_1             |   9|          2|   12|         24|
    |bytePlanes_plane0_blk_n          |   9|          2|    1|          2|
    |bytePlanes_plane1_blk_n          |   9|          2|    1|          2|
    |img_blk_n                        |   9|          2|    1|          2|
    |img_din                          |  49|          9|   24|        216|
    |x_fu_120                         |   9|          2|   12|         24|
    +---------------------------------+----+-----------+-----+-----------+
    |Total                            | 188|         38|  120|        415|
    +---------------------------------+----+-----------+-----+-----------+

    * Register: 
    +-----------------------------+----+----+-----+-----------+
    |             Name            | FF | LUT| Bits| Const Bits|
    +-----------------------------+----+----+-----+-----------+
    |and_ln962_reg_545            |   1|   0|    1|          0|
    |ap_CS_fsm                    |   8|   0|    8|          0|
    |ap_done_reg                  |   1|   0|    1|          0|
    |ap_enable_reg_pp0_iter0_reg  |   1|   0|    1|          0|
    |ap_enable_reg_pp0_iter1      |   1|   0|    1|          0|
    |icmp_ln954_reg_541           |   1|   0|    1|          0|
    |or_ln975_1_reg_553           |   1|   0|    1|          0|
    |or_ln975_2_reg_557           |   1|   0|    1|          0|
    |or_ln975_3_reg_561           |   1|   0|    1|          0|
    |or_ln975_4_reg_565           |   1|   0|    1|          0|
    |or_ln975_5_reg_569           |   1|   0|    1|          0|
    |or_ln975_6_reg_573           |   1|   0|    1|          0|
    |or_ln975_reg_549             |   1|   0|    1|          0|
    |tmp_10_reg_607               |   8|   0|    8|          0|
    |tmp_11_reg_612               |   8|   0|    8|          0|
    |tmp_13_reg_617               |   8|   0|    8|          0|
    |tmp_14_reg_622               |   8|   0|    8|          0|
    |tmp_16_reg_627               |   8|   0|    8|          0|
    |tmp_17_reg_632               |   8|   0|    8|          0|
    |tmp_19_reg_637               |   8|   0|    8|          0|
    |tmp_1_reg_577                |   8|   0|    8|          0|
    |tmp_20_reg_642               |   8|   0|    8|          0|
    |tmp_2_reg_582                |   8|   0|    8|          0|
    |tmp_4_reg_587                |   8|   0|    8|          0|
    |tmp_5_reg_592                |   8|   0|    8|          0|
    |tmp_7_reg_597                |   8|   0|    8|          0|
    |tmp_8_reg_602                |   8|   0|    8|          0|
    |x_fu_120                     |  12|   0|   12|          0|
    +-----------------------------+----+----+-----+-----------+
    |Total                        | 144|   0|  144|          0|
    +-----------------------------+----+----+-----+-----------+



================================================================
== Interface
================================================================
* Summary: 
+----------------------------------+-----+-----+------------+------------------------------------------------+--------------+
|             RTL Ports            | Dir | Bits|  Protocol  |                  Source Object                 |    C Type    |
+----------------------------------+-----+-----+------------+------------------------------------------------+--------------+
|ap_clk                            |   in|    1|  ap_ctrl_hs|  Bytes2MultiPixStream_Pipeline_VITIS_LOOP_954_1|  return value|
|ap_rst                            |   in|    1|  ap_ctrl_hs|  Bytes2MultiPixStream_Pipeline_VITIS_LOOP_954_1|  return value|
|ap_start                          |   in|    1|  ap_ctrl_hs|  Bytes2MultiPixStream_Pipeline_VITIS_LOOP_954_1|  return value|
|ap_done                           |  out|    1|  ap_ctrl_hs|  Bytes2MultiPixStream_Pipeline_VITIS_LOOP_954_1|  return value|
|ap_idle                           |  out|    1|  ap_ctrl_hs|  Bytes2MultiPixStream_Pipeline_VITIS_LOOP_954_1|  return value|
|ap_ready                          |  out|    1|  ap_ctrl_hs|  Bytes2MultiPixStream_Pipeline_VITIS_LOOP_954_1|  return value|
|img_din                           |  out|   24|     ap_fifo|                                             img|       pointer|
|img_full_n                        |   in|    1|     ap_fifo|                                             img|       pointer|
|img_write                         |  out|    1|     ap_fifo|                                             img|       pointer|
|img_num_data_valid                |   in|   32|     ap_fifo|                                             img|       pointer|
|img_fifo_cap                      |   in|   32|     ap_fifo|                                             img|       pointer|
|bytePlanes_plane0_dout            |   in|   64|     ap_fifo|                               bytePlanes_plane0|       pointer|
|bytePlanes_plane0_empty_n         |   in|    1|     ap_fifo|                               bytePlanes_plane0|       pointer|
|bytePlanes_plane0_read            |  out|    1|     ap_fifo|                               bytePlanes_plane0|       pointer|
|bytePlanes_plane0_num_data_valid  |   in|   11|     ap_fifo|                               bytePlanes_plane0|       pointer|
|bytePlanes_plane0_fifo_cap        |   in|   11|     ap_fifo|                               bytePlanes_plane0|       pointer|
|bytePlanes_plane1_dout            |   in|   64|     ap_fifo|                               bytePlanes_plane1|       pointer|
|bytePlanes_plane1_empty_n         |   in|    1|     ap_fifo|                               bytePlanes_plane1|       pointer|
|bytePlanes_plane1_read            |  out|    1|     ap_fifo|                               bytePlanes_plane1|       pointer|
|bytePlanes_plane1_num_data_valid  |   in|   11|     ap_fifo|                               bytePlanes_plane1|       pointer|
|bytePlanes_plane1_fifo_cap        |   in|   11|     ap_fifo|                               bytePlanes_plane1|       pointer|
|trunc_ln941_1                     |   in|   12|   ap_stable|                                   trunc_ln941_1|        scalar|
|icmp_ln944                        |   in|    1|   ap_stable|                                      icmp_ln944|        scalar|
|cmp83_6                           |   in|    1|   ap_stable|                                         cmp83_6|        scalar|
|cmp83_5                           |   in|    1|   ap_stable|                                         cmp83_5|        scalar|
|cmp83_4                           |   in|    1|   ap_stable|                                         cmp83_4|        scalar|
|icmp6                             |   in|    1|   ap_stable|                                           icmp6|        scalar|
|cmp83_2                           |   in|    1|   ap_stable|                                         cmp83_2|        scalar|
|sub79                             |   in|   13|   ap_stable|                                           sub79|        scalar|
|icmp3                             |   in|    1|   ap_stable|                                           icmp3|        scalar|
|VideoFormat_val                   |   in|    5|   ap_stable|                                 VideoFormat_val|        scalar|
|empty                             |   in|    1|     ap_none|                                           empty|        scalar|
+----------------------------------+-----+-----+------------+------------------------------------------------+--------------+

