================================================================
== Design Size Report
================================================================

* Total Instructions per Compilation Phase
+---------------+-----------------------------+--------------+----------------------------------------------------------------------------------------+
| Phase         | Step                        | Instructions | Description                                                                            |
+---------------+-----------------------------+--------------+----------------------------------------------------------------------------------------+
| Compile/Link  |                             | 3,489        | After all functions are compiled and linked into a single design                       |
|               |                             |              |                                                                                        |
| Unroll/Inline |                             |              | After user unroll and inline pragmas are applied                                       |
|               | (1) unroll                  | 1,005        | user unroll pragmas are applied                                                        |
|               | (2) simplification          |   630        | simplification of applied user unroll pragmas                                          |
|               | (3) inline                  |   561        | user inline pragmas are applied                                                        |
|               | (4) simplification          |   560        | simplification of applied user inline pragmas                                          |
|               |                             |              |                                                                                        |
| Array/Struct  |                             |              | After user array partition and struct aggregate/disaggregate pragmas are applied       |
|               | (1) array partition         |   561        | user array partition pragmas are applied                                               |
|               | (2) simplification          |   484        | simplification of applied user array partition & struct aggregate/disaggregate pragmas |
|               | (3) aggregate/disaggregate  |   501        | user struct aggregate/disaggregate pragmas are applied                                 |
|               | (4) array reshape           |   852        | apply array reshape pragmas                                                            |
|               | (5) access patterns         |   938        | array access pattern optmizations                                                      |
|               |                             |              |                                                                                        |
| Performance   |                             |              | After transformations are applied to meet performance pragma targets                   |
|               | (1) loop simplification     |   897        | loop and instruction simplification                                                    |
|               | (2) parallelization         |   894        | loops are unrolled or pipelined to meet performance targets                            |
|               | (3) array partition         |   866        | arrays are partitioned to meet performance targets                                     |
|               | (4) simplification          |   866        | simplification of design after performance transformations                             |
|               |                             |              |                                                                                        |
| HW Transforms |                             |              | After hardware transfomations                                                          |
|               | (1) lowering                |   711        | initial conversion to HW specific instructions                                         |
|               | (2) optimizations           |   704        | high level synthesis optimizations                                                     |
+---------------+-----------------------------+--------------+----------------------------------------------------------------------------------------+

* Instructions per Function for each Compilation Phase
+-----------------------------+----------------------+----------------+---------------+---------------+---------------+---------------+
| Function                    | Location             | Compile/Link   | Unroll/Inline | Array/Struct  | Performance   | HW Transforms |
+-----------------------------+----------------------+----------------+---------------+---------------+---------------+---------------+
| + v_frmbuf_rd               | v_frmbuf_rd.cpp:135  | 3,489          | 560           | 938           | 866           | 704           |
|  + FrmbufRdHlsDataFlow      | v_frmbuf_rd.cpp:78   | 3,382          | 504           | 881           | 821           | 649           |
|                             | v_frmbuf_rd.h:250    |    7           |               |               |               |               |
|     AXIMMvideo2Bytes        | v_frmbuf_rd.cpp:529  |  173           |  70           |  74           |  69           |  82           |
|   + Bytes2MultiPixStream    | v_frmbuf_rd.cpp:686  | 2,530          | 298           | 601           | 588           | 448           |
|      Scalar                 | hls_video_core.h:196 |   15 (3 calls) |               |               |               |               |
|   + MultiPixStream2AXIvideo | v_frmbuf_rd.cpp:302  |  644           | 122           | 192           | 150           | 102           |
|      Scalar                 | hls_video_core.h:196 |    5           |               |               |               |               |
|      reg<unsigned short>    | x_hls_utils.h:222    |    2 (2 calls) |   2 (2 calls) |   2 (2 calls) |   2 (2 calls) |   8 (2 calls) |
+-----------------------------+----------------------+----------------+---------------+---------------+---------------+---------------+

* Design Size Message Settings
+---------------------------------------------+--------+------------------------------------------------------------------+
| Message Setting                             | Value  | Description                                                      |
+---------------------------------------------+--------+------------------------------------------------------------------+
| config_compile -design_size_maximum_warning | 100000 | Show a warning when total design instructions exceeds this value |
+---------------------------------------------+--------+------------------------------------------------------------------+


