

================================================================
== Vitis HLS Report for 'FrmbufRdHlsDataFlow'
================================================================
* Date:           Sat Sep  6 13:58:47 2025

* Version:        2025.1 (Build 6135595 on May 21 2025)
* Project:        prj
* Solution:       sol (Vivado IP Flow Target)
* Product family: zynquplus
* Target device:  xczu3eg-sfvc784-1-e


================================================================
== Performance Estimates
================================================================
+ Timing: 
    * Summary: 
    +--------+---------+----------+------------+
    |  Clock |  Target | Estimated| Uncertainty|
    +--------+---------+----------+------------+
    |ap_clk  |  5.00 ns|  3.650 ns|     1.35 ns|
    +--------+---------+----------+------------+

+ Latency: 
    * Summary: 
    +---------+----------+-----------+-----------+------+----------+----------+
    |  Latency (cycles)  |   Latency (absolute)  |     Interval    | Pipeline |
    |   min   |    max   |    min    |    max    |  min |    max   |   Type   |
    +---------+----------+-----------+-----------+------+----------+----------+
    |     7297|  49775261|  36.485 us|  0.249 sec|  7298|  49775042|  dataflow|
    +---------+----------+-----------+-----------+------+----------+----------+

    + Detail: 
        * Instance: 
        +----------------------------+-------------------------+---------+----------+-----------+-----------+------+----------+---------+
        |                            |                         |  Latency (cycles)  |   Latency (absolute)  |     Interval    | Pipeline|
        |          Instance          |          Module         |   min   |    max   |    min    |    max    |  min |    max   |   Type  |
        +----------------------------+-------------------------+---------+----------+-----------+-----------+------+----------+---------+
        |AXIMMvideo2Bytes_U0         |AXIMMvideo2Bytes         |     7297|  12929761|  36.485 us|  64.649 ms|  7297|  12929761|       no|
        |Bytes2MultiPixStream_U0     |Bytes2MultiPixStream     |        1|  49775041|   5.000 ns|  0.249 sec|     1|  49775041|       no|
        |MultiPixStream2AXIvideo_U0  |MultiPixStream2AXIvideo  |        9|   8305209|  45.000 ns|  41.526 ms|     9|   8305209|       no|
        +----------------------------+-------------------------+---------+----------+-----------+-----------+------+----------+---------+

        * Loop: 
        N/A



================================================================
== Utilization Estimates
================================================================
* Summary: 
+-----------------+---------+-----+--------+-------+-----+
|       Name      | BRAM_18K| DSP |   FF   |  LUT  | URAM|
+-----------------+---------+-----+--------+-------+-----+
|DSP              |        -|    -|       -|      -|    -|
|Expression       |        -|    -|       0|      2|    -|
|FIFO             |        8|    -|     427|    199|    -|
|Instance         |        0|    -|    1277|   3658|    -|
|Memory           |        -|    -|       -|      -|    -|
|Multiplexer      |        -|    -|       -|      -|    -|
|Register         |        -|    -|       -|      -|    -|
+-----------------+---------+-----+--------+-------+-----+
|Total            |        8|    0|    1704|   3859|    0|
+-----------------+---------+-----+--------+-------+-----+
|Available        |      432|  360|  141120|  70560|    0|
+-----------------+---------+-----+--------+-------+-----+
|Utilization (%)  |        1|    0|       1|      5|    0|
+-----------------+---------+-----+--------+-------+-----+

+ Detail: 
    * Instance: 
    +----------------------------+-------------------------+---------+----+-----+------+-----+
    |          Instance          |          Module         | BRAM_18K| DSP|  FF |  LUT | URAM|
    +----------------------------+-------------------------+---------+----+-----+------+-----+
    |AXIMMvideo2Bytes_U0         |AXIMMvideo2Bytes         |        0|   0|  687|  2006|    0|
    |Bytes2MultiPixStream_U0     |Bytes2MultiPixStream     |        0|   0|  420|  1207|    0|
    |MultiPixStream2AXIvideo_U0  |MultiPixStream2AXIvideo  |        0|   0|  170|   445|    0|
    +----------------------------+-------------------------+---------+----+-----+------+-----+
    |Total                       |                         |        0|   0| 1277|  3658|    0|
    +----------------------------+-------------------------+---------+----+-----+------+-----+

    * DSP: 
    N/A

    * Memory: 
    N/A

    * FIFO: 
    +---------------------+---------+-----+----+-----+------+-----+---------+
    |         Name        | BRAM_18K|  FF | LUT| URAM| Depth| Bits| Size:D*B|
    +---------------------+---------+-----+----+-----+------+-----+---------+
    |bytePlanes_plane0_U  |        4|  164|   0|    -|   961|   64|    61504|
    |bytePlanes_plane1_U  |        4|  164|   0|    -|   961|   64|    61504|
    |img_U                |        0|   99|   0|    -|     2|   24|       48|
    +---------------------+---------+-----+----+-----+------+-----+---------+
    |Total                |        8|  427|   0|    0|  1924|  152|   123056|
    +---------------------+---------+-----+----+-----+------+-----+---------+

    * Expression: 
    +--------------+----------+----+---+----+------------+------------+
    | Variable Name| Operation| DSP| FF| LUT| Bitwidth P0| Bitwidth P1|
    +--------------+----------+----+---+----+------------+------------+
    |ap_idle       |       and|   0|  0|   2|           1|           1|
    +--------------+----------+----+---+----+------------+------------+
    |Total         |          |   0|  0|   2|           1|           1|
    +--------------+----------+----+---+----+------------+------------+

    * Multiplexer: 
    N/A

    * Register: 
    N/A



================================================================
== Interface
================================================================
* Summary: 
+---------------------------+-----+-----+------------+-----------------------+--------------+
|         RTL Ports         | Dir | Bits|  Protocol  |     Source Object     |    C Type    |
+---------------------------+-----+-----+------------+-----------------------+--------------+
|m_axis_video_TDATA         |  out|   24|        axis|  m_axis_video_V_data_V|       pointer|
|m_axis_video_TKEEP         |  out|    3|        axis|  m_axis_video_V_keep_V|       pointer|
|m_axis_video_TSTRB         |  out|    3|        axis|  m_axis_video_V_strb_V|       pointer|
|m_axis_video_TUSER         |  out|    1|        axis|  m_axis_video_V_user_V|       pointer|
|m_axis_video_TLAST         |  out|    1|        axis|  m_axis_video_V_last_V|       pointer|
|m_axis_video_TID           |  out|    1|        axis|    m_axis_video_V_id_V|       pointer|
|m_axis_video_TDEST         |  out|    1|        axis|  m_axis_video_V_dest_V|       pointer|
|m_axis_video_TVALID        |  out|    1|        axis|  m_axis_video_V_dest_V|       pointer|
|m_axis_video_TREADY        |   in|    1|        axis|  m_axis_video_V_dest_V|       pointer|
|m_axi_mm_video_0_AWVALID   |  out|    1|       m_axi|               mm_video|       pointer|
|m_axi_mm_video_0_AWREADY   |   in|    1|       m_axi|               mm_video|       pointer|
|m_axi_mm_video_0_AWADDR    |  out|   32|       m_axi|               mm_video|       pointer|
|m_axi_mm_video_0_AWID      |  out|    1|       m_axi|               mm_video|       pointer|
|m_axi_mm_video_0_AWLEN     |  out|   32|       m_axi|               mm_video|       pointer|
|m_axi_mm_video_0_AWSIZE    |  out|    3|       m_axi|               mm_video|       pointer|
|m_axi_mm_video_0_AWBURST   |  out|    2|       m_axi|               mm_video|       pointer|
|m_axi_mm_video_0_AWLOCK    |  out|    2|       m_axi|               mm_video|       pointer|
|m_axi_mm_video_0_AWCACHE   |  out|    4|       m_axi|               mm_video|       pointer|
|m_axi_mm_video_0_AWPROT    |  out|    3|       m_axi|               mm_video|       pointer|
|m_axi_mm_video_0_AWQOS     |  out|    4|       m_axi|               mm_video|       pointer|
|m_axi_mm_video_0_AWREGION  |  out|    4|       m_axi|               mm_video|       pointer|
|m_axi_mm_video_0_AWUSER    |  out|    1|       m_axi|               mm_video|       pointer|
|m_axi_mm_video_0_WVALID    |  out|    1|       m_axi|               mm_video|       pointer|
|m_axi_mm_video_0_WREADY    |   in|    1|       m_axi|               mm_video|       pointer|
|m_axi_mm_video_0_WDATA     |  out|   64|       m_axi|               mm_video|       pointer|
|m_axi_mm_video_0_WSTRB     |  out|    8|       m_axi|               mm_video|       pointer|
|m_axi_mm_video_0_WLAST     |  out|    1|       m_axi|               mm_video|       pointer|
|m_axi_mm_video_0_WID       |  out|    1|       m_axi|               mm_video|       pointer|
|m_axi_mm_video_0_WUSER     |  out|    1|       m_axi|               mm_video|       pointer|
|m_axi_mm_video_0_ARVALID   |  out|    1|       m_axi|               mm_video|       pointer|
|m_axi_mm_video_0_ARREADY   |   in|    1|       m_axi|               mm_video|       pointer|
|m_axi_mm_video_0_ARADDR    |  out|   32|       m_axi|               mm_video|       pointer|
|m_axi_mm_video_0_ARID      |  out|    1|       m_axi|               mm_video|       pointer|
|m_axi_mm_video_0_ARLEN     |  out|   32|       m_axi|               mm_video|       pointer|
|m_axi_mm_video_0_ARSIZE    |  out|    3|       m_axi|               mm_video|       pointer|
|m_axi_mm_video_0_ARBURST   |  out|    2|       m_axi|               mm_video|       pointer|
|m_axi_mm_video_0_ARLOCK    |  out|    2|       m_axi|               mm_video|       pointer|
|m_axi_mm_video_0_ARCACHE   |  out|    4|       m_axi|               mm_video|       pointer|
|m_axi_mm_video_0_ARPROT    |  out|    3|       m_axi|               mm_video|       pointer|
|m_axi_mm_video_0_ARQOS     |  out|    4|       m_axi|               mm_video|       pointer|
|m_axi_mm_video_0_ARREGION  |  out|    4|       m_axi|               mm_video|       pointer|
|m_axi_mm_video_0_ARUSER    |  out|    1|       m_axi|               mm_video|       pointer|
|m_axi_mm_video_0_RVALID    |   in|    1|       m_axi|               mm_video|       pointer|
|m_axi_mm_video_0_RREADY    |  out|    1|       m_axi|               mm_video|       pointer|
|m_axi_mm_video_0_RDATA     |   in|   64|       m_axi|               mm_video|       pointer|
|m_axi_mm_video_0_RLAST     |   in|    1|       m_axi|               mm_video|       pointer|
|m_axi_mm_video_0_RID       |   in|    1|       m_axi|               mm_video|       pointer|
|m_axi_mm_video_0_RFIFONUM  |   in|    7|       m_axi|               mm_video|       pointer|
|m_axi_mm_video_0_RUSER     |   in|    1|       m_axi|               mm_video|       pointer|
|m_axi_mm_video_0_RRESP     |   in|    2|       m_axi|               mm_video|       pointer|
|m_axi_mm_video_0_BVALID    |   in|    1|       m_axi|               mm_video|       pointer|
|m_axi_mm_video_0_BREADY    |  out|    1|       m_axi|               mm_video|       pointer|
|m_axi_mm_video_0_BRESP     |   in|    2|       m_axi|               mm_video|       pointer|
|m_axi_mm_video_0_BID       |   in|    1|       m_axi|               mm_video|       pointer|
|m_axi_mm_video_0_BUSER     |   in|    1|       m_axi|               mm_video|       pointer|
|HwReg_frm_buffer           |   in|   32|     ap_none|       HwReg_frm_buffer|        scalar|
|HwReg_frm_buffer_ap_vld    |   in|    1|     ap_none|       HwReg_frm_buffer|        scalar|
|HwReg_frm_buffer2          |   in|   32|     ap_none|      HwReg_frm_buffer2|        scalar|
|HwReg_frm_buffer2_ap_vld   |   in|    1|     ap_none|      HwReg_frm_buffer2|        scalar|
|width_val1                 |   in|   12|     ap_none|             width_val1|        scalar|
|width_val1_ap_vld          |   in|    1|     ap_none|             width_val1|        scalar|
|height_val4                |   in|   12|     ap_none|            height_val4|        scalar|
|height_val4_ap_vld         |   in|    1|     ap_none|            height_val4|        scalar|
|stride_val5                |   in|   16|     ap_none|            stride_val5|        scalar|
|stride_val5_ap_vld         |   in|    1|     ap_none|            stride_val5|        scalar|
|video_format_val7          |   in|    6|     ap_none|      video_format_val7|        scalar|
|video_format_val7_ap_vld   |   in|    1|     ap_none|      video_format_val7|        scalar|
|WidthInBytes_val9          |   in|   15|     ap_none|      WidthInBytes_val9|        scalar|
|WidthInBytes_val9_ap_vld   |   in|    1|     ap_none|      WidthInBytes_val9|        scalar|
|colorFormat_val10          |   in|    3|     ap_none|      colorFormat_val10|        scalar|
|colorFormat_val10_ap_vld   |   in|    1|     ap_none|      colorFormat_val10|        scalar|
|ap_clk                     |   in|    1|  ap_ctrl_hs|    FrmbufRdHlsDataFlow|  return value|
|ap_rst                     |   in|    1|  ap_ctrl_hs|    FrmbufRdHlsDataFlow|  return value|
|ap_start                   |   in|    1|  ap_ctrl_hs|    FrmbufRdHlsDataFlow|  return value|
|ap_done                    |  out|    1|  ap_ctrl_hs|    FrmbufRdHlsDataFlow|  return value|
|ap_ready                   |  out|    1|  ap_ctrl_hs|    FrmbufRdHlsDataFlow|  return value|
|ap_idle                    |  out|    1|  ap_ctrl_hs|    FrmbufRdHlsDataFlow|  return value|
|ap_continue                |   in|    1|  ap_ctrl_hs|    FrmbufRdHlsDataFlow|  return value|
+---------------------------+-----+-----+------------+-----------------------+--------------+

