

================================================================
== Vitis HLS Report for 'MultiPixStream2AXIvideo'
================================================================
* Date:           Sat Sep  6 13:58:47 2025

* Version:        2025.1 (Build 6135595 on May 21 2025)
* Project:        prj
* Solution:       sol (Vivado IP Flow Target)
* Product family: zynquplus
* Target device:  xczu3eg-sfvc784-1-e


================================================================
== Performance Estimates
================================================================
+ Timing: 
    * Summary: 
    +--------+---------+----------+------------+
    |  Clock |  Target | Estimated| Uncertainty|
    +--------+---------+----------+------------+
    |ap_clk  |  5.00 ns|  2.926 ns|     1.35 ns|
    +--------+---------+----------+------------+

+ Latency: 
    * Summary: 
    +---------+---------+-----------+-----------+-----+---------+---------+
    |  Latency (cycles) |   Latency (absolute)  |    Interval   | Pipeline|
    |   min   |   max   |    min    |    max    | min |   max   |   Type  |
    +---------+---------+-----------+-----------+-----+---------+---------+
    |        9|  8305209|  45.000 ns|  41.526 ms|    9|  8305209|       no|
    +---------+---------+-----------+-----------+-----+---------+---------+

    + Detail: 
        * Instance: 
        +--------------------------------------------------------------+---------------------------------------------------+---------+---------+-----------+-----------+-----+------+------------------------------------------------+
        |                                                              |                                                   |  Latency (cycles) |   Latency (absolute)  |  Interval  |                    Pipeline                    |
        |                           Instance                           |                       Module                      |   min   |   max   |    min    |    max    | min |  max |                      Type                      |
        +--------------------------------------------------------------+---------------------------------------------------+---------+---------+-----------+-----------+-----+------+------------------------------------------------+
        |grp_MultiPixStream2AXIvideo_Pipeline_VITIS_LOOP_367_1_fu_128  |MultiPixStream2AXIvideo_Pipeline_VITIS_LOOP_367_1  |        6|        6|  30.000 ns|  30.000 ns|    4|     4|  loop auto-rewind stp (delay=0 clock cycles(s))|
        |grp_MultiPixStream2AXIvideo_Pipeline_VITIS_LOOP_376_3_fu_138  |MultiPixStream2AXIvideo_Pipeline_VITIS_LOOP_376_3  |        3|     3843|  15.000 ns|  19.215 us|    1|  3841|  loop auto-rewind stp (delay=0 clock cycles(s))|
        |grp_reg_unsigned_short_s_fu_193                               |reg_unsigned_short_s                               |        1|        1|   5.000 ns|   5.000 ns|    1|     1|                                             yes|
        |grp_reg_unsigned_short_s_fu_199                               |reg_unsigned_short_s                               |        1|        1|   5.000 ns|   5.000 ns|    1|     1|                                             yes|
        +--------------------------------------------------------------+---------------------------------------------------+---------+---------+-----------+-----------+-----+------+------------------------------------------------+

        * Loop: 
        +--------------------+---------+---------+----------+-----------+-----------+----------+----------+
        |                    |  Latency (cycles) | Iteration|  Initiation Interval  |   Trip   |          |
        |      Loop Name     |   min   |   max   |  Latency |  achieved |   target  |   Count  | Pipelined|
        +--------------------+---------+---------+----------+-----------+-----------+----------+----------+
        |- VITIS_LOOP_374_2  |        0|  8305200|  5 ~ 3845|          -|          -|  0 ~ 2160|        no|
        +--------------------+---------+---------+----------+-----------+-----------+----------+----------+



================================================================
== Utilization Estimates
================================================================
* Summary: 
+-----------------+---------+-----+--------+-------+-----+
|       Name      | BRAM_18K| DSP |   FF   |  LUT  | URAM|
+-----------------+---------+-----+--------+-------+-----+
|DSP              |        -|    -|       -|      -|    -|
|Expression       |        -|    -|       0|     95|    -|
|FIFO             |        -|    -|       -|      -|    -|
|Instance         |        0|    -|      64|    229|    -|
|Memory           |        -|    -|       -|      -|    -|
|Multiplexer      |        -|    -|       0|    121|    -|
|Register         |        -|    -|     106|      -|    -|
+-----------------+---------+-----+--------+-------+-----+
|Total            |        0|    0|     170|    445|    0|
+-----------------+---------+-----+--------+-------+-----+
|Available        |      432|  360|  141120|  70560|    0|
+-----------------+---------+-----+--------+-------+-----+
|Utilization (%)  |        0|    0|      ~0|     ~0|    0|
+-----------------+---------+-----+--------+-------+-----+

+ Detail: 
    * Instance: 
    +--------------------------------------------------------------+---------------------------------------------------+---------+----+----+-----+-----+
    |                           Instance                           |                       Module                      | BRAM_18K| DSP| FF | LUT | URAM|
    +--------------------------------------------------------------+---------------------------------------------------+---------+----+----+-----+-----+
    |grp_MultiPixStream2AXIvideo_Pipeline_VITIS_LOOP_367_1_fu_128  |MultiPixStream2AXIvideo_Pipeline_VITIS_LOOP_367_1  |        0|   0|  17|   69|    0|
    |grp_MultiPixStream2AXIvideo_Pipeline_VITIS_LOOP_376_3_fu_138  |MultiPixStream2AXIvideo_Pipeline_VITIS_LOOP_376_3  |        0|   0|  19|  156|    0|
    |grp_reg_unsigned_short_s_fu_193                               |reg_unsigned_short_s                               |        0|   0|  14|    2|    0|
    |grp_reg_unsigned_short_s_fu_199                               |reg_unsigned_short_s                               |        0|   0|  14|    2|    0|
    +--------------------------------------------------------------+---------------------------------------------------+---------+----+----+-----+-----+
    |Total                                                         |                                                   |        0|   0|  64|  229|    0|
    +--------------------------------------------------------------+---------------------------------------------------+---------+----+----+-----+-----+

    * DSP: 
    N/A

    * Memory: 
    N/A

    * FIFO: 
    N/A

    * Expression: 
    +----------------------------------------------------------------------------------+----------+----+---+----+------------+------------+
    |                                   Variable Name                                  | Operation| DSP| FF| LUT| Bitwidth P0| Bitwidth P1|
    +----------------------------------------------------------------------------------+----------+----+---+----+------------+------------+
    |i_2_fu_238_p2                                                                     |         +|   0|  0|  19|          12|           1|
    |sub_fu_218_p2                                                                     |         +|   0|  0|  20|          13|           2|
    |sub_ln367_fu_181_p2                                                               |         -|   0|  0|  12|           4|           4|
    |and_ln374_fu_244_p2                                                               |       and|   0|  0|   2|           1|           1|
    |grp_MultiPixStream2AXIvideo_Pipeline_VITIS_LOOP_376_3_fu_138_m_axis_video_TREADY  |       and|   0|  0|   2|           1|           1|
    |icmp_ln374_1_fu_233_p2                                                            |      icmp|   0|  0|  19|          12|          12|
    |icmp_ln374_fu_224_p2                                                              |      icmp|   0|  0|  19|          12|           1|
    |ap_block_state1                                                                   |        or|   0|  0|   2|           1|           1|
    +----------------------------------------------------------------------------------+----------+----+---+----+------------+------------+
    |Total                                                                             |          |   0|  0|  95|          56|          23|
    +----------------------------------------------------------------------------------+----------+----+---+----+------------+------------+

    * Multiplexer: 
    +--------------------+----+-----------+-----+-----------+
    |        Name        | LUT| Input Size| Bits| Total Bits|
    +--------------------+----+-----------+-----+-----------+
    |ap_NS_fsm           |  31|          6|    1|          6|
    |ap_done             |   9|          2|    1|          2|
    |i_1_fu_82           |   9|          2|   12|         24|
    |m_axis_video_TDATA  |   9|          2|   24|         48|
    |m_axis_video_TDEST  |   9|          2|    1|          2|
    |m_axis_video_TID    |   9|          2|    1|          2|
    |m_axis_video_TKEEP  |   9|          2|    3|          6|
    |m_axis_video_TLAST  |   9|          2|    1|          2|
    |m_axis_video_TSTRB  |   9|          2|    3|          6|
    |m_axis_video_TUSER  |   9|          2|    1|          2|
    |sof_reg_116         |   9|          2|    1|          2|
    +--------------------+----+-----------+-----+-----------+
    |Total               | 121|         26|   49|        102|
    +--------------------+----+-----------+-----+-----------+

    * Register: 
    +---------------------------------------------------------------------------+----+----+-----+-----------+
    |                                    Name                                   | FF | LUT| Bits| Const Bits|
    +---------------------------------------------------------------------------+----+----+-----+-----------+
    |and_ln374_reg_326                                                          |   1|   0|    1|          0|
    |ap_CS_fsm                                                                  |   5|   0|    5|          0|
    |ap_done_reg                                                                |   1|   0|    1|          0|
    |cols_reg_299                                                               |  12|   0|   12|          0|
    |grp_MultiPixStream2AXIvideo_Pipeline_VITIS_LOOP_367_1_fu_128_ap_start_reg  |   1|   0|    1|          0|
    |grp_MultiPixStream2AXIvideo_Pipeline_VITIS_LOOP_376_3_fu_138_ap_start_reg  |   1|   0|    1|          0|
    |grp_reg_unsigned_short_s_fu_193_ap_start_reg                               |   1|   0|    1|          0|
    |grp_reg_unsigned_short_s_fu_199_ap_start_reg                               |   1|   0|    1|          0|
    |i_1_fu_82                                                                  |  12|   0|   12|          0|
    |icmp_ln374_reg_318                                                         |   1|   0|    1|          0|
    |kMap_1_loc_fu_90                                                           |   2|   0|    2|          0|
    |kMap_2_loc_fu_94                                                           |   2|   0|    2|          0|
    |kMap_loc_fu_86                                                             |   2|   0|    2|          0|
    |m_axis_video_TDATA_reg                                                     |  24|   0|   24|          0|
    |m_axis_video_TDEST_reg                                                     |   1|   0|    1|          0|
    |m_axis_video_TID_reg                                                       |   1|   0|    1|          0|
    |m_axis_video_TKEEP_reg                                                     |   3|   0|    3|          0|
    |m_axis_video_TLAST_reg                                                     |   1|   0|    1|          0|
    |m_axis_video_TSTRB_reg                                                     |   3|   0|    3|          0|
    |m_axis_video_TUSER_reg                                                     |   1|   0|    1|          0|
    |rows_reg_294                                                               |  12|   0|   12|          0|
    |sof_reg_116                                                                |   1|   0|    1|          0|
    |sub_ln367_reg_279                                                          |   4|   0|    4|          0|
    |sub_reg_313                                                                |  13|   0|   13|          0|
    +---------------------------------------------------------------------------+----+----+-----+-----------+
    |Total                                                                      | 106|   0|  106|          0|
    +---------------------------------------------------------------------------+----+----+-----+-----------+



================================================================
== Interface
================================================================
* Summary: 
+---------------------+-----+-----+------------+-------------------------+--------------+
|      RTL Ports      | Dir | Bits|  Protocol  |      Source Object      |    C Type    |
+---------------------+-----+-----+------------+-------------------------+--------------+
|ap_clk               |   in|    1|  ap_ctrl_hs|  MultiPixStream2AXIvideo|  return value|
|ap_rst               |   in|    1|  ap_ctrl_hs|  MultiPixStream2AXIvideo|  return value|
|ap_start             |   in|    1|  ap_ctrl_hs|  MultiPixStream2AXIvideo|  return value|
|ap_done              |  out|    1|  ap_ctrl_hs|  MultiPixStream2AXIvideo|  return value|
|ap_continue          |   in|    1|  ap_ctrl_hs|  MultiPixStream2AXIvideo|  return value|
|ap_idle              |  out|    1|  ap_ctrl_hs|  MultiPixStream2AXIvideo|  return value|
|ap_ready             |  out|    1|  ap_ctrl_hs|  MultiPixStream2AXIvideo|  return value|
|img_dout             |   in|   24|     ap_fifo|                      img|       pointer|
|img_empty_n          |   in|    1|     ap_fifo|                      img|       pointer|
|img_read             |  out|    1|     ap_fifo|                      img|       pointer|
|img_num_data_valid   |   in|    3|     ap_fifo|                      img|       pointer|
|img_fifo_cap         |   in|    3|     ap_fifo|                      img|       pointer|
|m_axis_video_TDATA   |  out|   24|        axis|    m_axis_video_V_data_V|       pointer|
|m_axis_video_TVALID  |  out|    1|        axis|    m_axis_video_V_dest_V|       pointer|
|m_axis_video_TREADY  |   in|    1|        axis|    m_axis_video_V_dest_V|       pointer|
|m_axis_video_TDEST   |  out|    1|        axis|    m_axis_video_V_dest_V|       pointer|
|m_axis_video_TKEEP   |  out|    3|        axis|    m_axis_video_V_keep_V|       pointer|
|m_axis_video_TSTRB   |  out|    3|        axis|    m_axis_video_V_strb_V|       pointer|
|m_axis_video_TUSER   |  out|    1|        axis|    m_axis_video_V_user_V|       pointer|
|m_axis_video_TLAST   |  out|    1|        axis|    m_axis_video_V_last_V|       pointer|
|m_axis_video_TID     |  out|    1|        axis|      m_axis_video_V_id_V|       pointer|
|Height_val           |   in|   12|   ap_stable|               Height_val|        scalar|
|WidthOut_val         |   in|   12|   ap_stable|             WidthOut_val|        scalar|
|colorFormat_val      |   in|    3|   ap_stable|          colorFormat_val|        scalar|
+---------------------+-----+-----+------------+-------------------------+--------------+

